  Determining projects to restore...
  All projects are up-to-date for restore.
  Trackstorm.Core -> C:\Users\j_gen\OneDrive\Documents\Game_Projects\Trackstorm\code\Core\bin\Debug\net10.0\Trackstorm.Core.dll
  Epic.OnlineServices -> C:\Users\j_gen\OneDrive\Documents\Game_Projects\Trackstorm\third_party\eos\bin\Debug\net10.0\Epic.OnlineServices.dll
  Trackstorm.Client -> C:\Users\j_gen\OneDrive\Documents\Game_Projects\Trackstorm\.godot\mono\temp\bin\Debug\Trackstorm.Client.dll

Build succeeded.
    0 Warning(s)
    0 Error(s)

Time Elapsed 00:00:03.03
Godot Engine v4.7.2.stable.mono.official.ed1daf0bf - https://godotengine.org

Transport peer 1: Connecting; None; 
Transport peer 1: Connecting; None; 
Transport peer 1: Connected; None; 
Transport peer 1: Connected; None; 
HOSTED_PRACTICE frames=2400 travel=555.97m speed=11.78..15.19m/s HP=1000.00
PRACTICE_PAIR gap=7.96..12.56m followerSpeed=9.88..17.47m/s HP=1000.00
ERROR: System.InvalidOperationException: second car follows closely at matching speed without overtaking or touching
   at Trackstorm.Client.Verification.HostedPracticeChecks.Require(Boolean condition, String message) in C:\Users\j_gen\OneDrive\Documents\Game_Projects\Trackstorm\code\Client\Verification\HostedPracticeChecks.cs:line 117
   at Trackstorm.Client.Verification.HostedPracticeChecks.Run() in C:\Users\j_gen\OneDrive\Documents\Game_Projects\Trackstorm\code\Client\Verification\HostedPracticeChecks.cs:line 72
   at: void Trackstorm.Client.Verification.HostedPracticeChecks+<Run>d__6.MoveNext() (res://code/Client/Verification/HostedPracticeChecks.cs:72)
   C# backtrace (most recent call first):
       [0] void Godot.GD.PushError(string) (/root/godot/modules/mono/glue/GodotSharp/GodotSharp/Core/GD.cs:366)
       [1] void Trackstorm.Client.Verification.HostedPracticeChecks+<Run>d__6.MoveNext() (C:\Users\j_gen\OneDrive\Documents\Game_Projects\Trackstorm\code\Client\Verification\HostedPracticeChecks.cs:72)
       [2] void System.Threading.ExecutionContext.RunInternal(System.Threading.ExecutionContext, System.Threading.ContextCallback, object)
       [3] void System.Threading.Tasks.AwaitTaskContinuation.RunCallback(System.Threading.ContextCallback, object, System.Threading.Tasks.Task&)
       [4] void System.Threading.Tasks.Task.RunContinuations(object)
       [5] void System.Runtime.CompilerServices.AsyncTaskMethodBuilder.SetResult()
       [6] void Trackstorm.Client.Verification.HostedPracticeChecks+<Frames>d__7.MoveNext() (C:\Users\j_gen\OneDrive\Documents\Game_Projects\Trackstorm\code\Client\Verification\HostedPracticeChecks.cs:111)
       [7] void System.Threading.ExecutionContext.RunInternal(System.Threading.ExecutionContext, System.Threading.ContextCallback, object)
       [8] void System.Runtime.CompilerServices.AsyncTaskMethodBuilder`1+AsyncStateMachineBox`1.MoveNext()
       [9] void Godot.SignalAwaiter.SignalCallback(nint, Godot.NativeInterop.godot_variant**, int, Godot.NativeInterop.godot_bool*) (/root/godot/modules/mono/glue/GodotSharp/GodotSharp/Core/SignalAwaiter.cs:65)
WARNING: 71 ObjectDB instances were leaked at exit (run with `--verbose` for details).
   at: cleanup (core/object/object.cpp:2536)
ERROR: 1 resources still in use at exit (run with --verbose for details).
   at: clear (core/io/resource.cpp:822)
