  Determining projects to restore...
  All projects are up-to-date for restore.
  Trackstorm.Core -> C:\Users\j_gen\OneDrive\Documents\Game_Projects\Trackstorm\code\Core\bin\Debug\net10.0\Trackstorm.Core.dll
  Epic.OnlineServices -> C:\Users\j_gen\OneDrive\Documents\Game_Projects\Trackstorm\third_party\eos\bin\Debug\net10.0\Epic.OnlineServices.dll
  Trackstorm.Client -> C:\Users\j_gen\OneDrive\Documents\Game_Projects\Trackstorm\.godot\mono\temp\bin\Debug\Trackstorm.Client.dll

Build succeeded.
    0 Warning(s)
    0 Error(s)

Time Elapsed 00:00:02.47
Godot Engine v4.7.2.stable.mono.official.ed1daf0bf - https://godotengine.org

Two production UDP peers connected
All five body sections overlap across 101 extension poses; minimum 0.050m
Compact missile remains inside original horizontal envelope
Production grant
Early tap rejected locally
Early tap rejected by authority
Owner and remote finish deployment
No queued shot
Native airborne Car retains ready mounted assembly (fixture launch)
Native Car lands after fixture launch
Landing preserves mounted capability on both peers
Ready mechanism remains coherent after driving
Ready press accepted
Exactly one pickup round consumed
No replacement shot
New pickup during stow retained
Both peers retain returning Missile mount
Empty mount never reloads
Rack reaches full closed boundary before new deployment
New pickup capability preserved
Next weapon appears on both peers after complete stow
Repeated Missile grant before Missile
Repeated Missile ready on both peers and authority
Repeated Missile launch accepted
Missile pickup accepted during empty return
Missile pickup cannot refill or replace the returning empty mount
Full closure precedes Missile deployment on both peers
Repeated Missile grant before Nitro
Repeated Missile ready on both peers and authority
Repeated Missile launch accepted
Nitro pickup accepted during empty return
Nitro pickup cannot refill or replace the returning empty mount
Full closure precedes Nitro deployment on both peers
Increased red confetti remains bounded at 56 live particles per default Missile
Each flight owner carries three continuous flame surfaces
Local density zero removes trails from all live projectiles
Local reset restores all four production effect layers
Sixteen production flight effects respect bounded particle allocation
All sixteen VFX owners are freed
Impact/expiry removes every projectile VFX owner
Missile presentation integration passed: 40 assertions.
WARNING: 40 ObjectDB instances were leaked at exit (run with `--verbose` for details).
   at: cleanup (core/object/object.cpp:2536)
ERROR: 2 resources still in use at exit (run with --verbose for details).
   at: clear (core/io/resource.cpp:822)
