  Determining projects to restore...
  All projects are up-to-date for restore.
  Trackstorm.Core -> C:\Users\j_gen\OneDrive\Documents\Game_Projects\Trackstorm\code\Core\bin\Debug\net10.0\Trackstorm.Core.dll
  Epic.OnlineServices -> C:\Users\j_gen\OneDrive\Documents\Game_Projects\Trackstorm\third_party\eos\bin\Debug\net10.0\Epic.OnlineServices.dll
  Trackstorm.Client -> C:\Users\j_gen\OneDrive\Documents\Game_Projects\Trackstorm\.godot\mono\temp\bin\Debug\Trackstorm.Client.dll

Build succeeded.
    0 Warning(s)
    0 Error(s)

Time Elapsed 00:00:02.76
Godot Engine v4.7.2.stable.mono.official.ed1daf0bf - https://godotengine.org

Transport peer 1: Connecting; None; 
Transport peer 1: Connecting; None; 
Transport peer 1: Connected; None; 
Transport peer 1: Connected; None; 
HOSTED_PRACTICE frames=2400 travel=556.01m speed=11.78..15.19m/s HP=1000.00
PRACTICE_PAIR gap=8.44..11.28m followerSpeed=11.20..15.99m/s HP=1000.00
Transport peer 1: Connecting; None; 
Transport peer 2: Connecting; None; 
Transport peer 2: Connected; None; 
Transport peer 1: Connected; None; 
Hosted practice passed: steady laps, remote presentation, late join, return and repeat start.
