Godot Engine v4.7.2.stable.mono.official.ed1daf0bf - https://godotengine.org

ROCK network-RockCluster-3-0.0: contacts=255 repeat=74 final=0 depth=0.0002 overlapFrames=0 angular=0.149 contactMeanMs=4.523 p95Ms=7.506
ROCK network-RockCluster-3-1.2: contacts=251 repeat=69 final=0 depth=0.0002 overlapFrames=0 angular=0.255 contactMeanMs=3.967 p95Ms=5.104
ROCK network-RockCluster-3-2.4: contacts=248 repeat=71 final=0 depth=0.0002 overlapFrames=0 angular=0.304 contactMeanMs=4.230 p95Ms=6.744
ROCK network-RockCluster-12-0.0: contacts=284 repeat=73 final=0 depth=0.0002 overlapFrames=0 angular=0.440 contactMeanMs=4.288 p95Ms=7.821
ROCK network-RockCluster-12-1.2: contacts=275 repeat=70 final=0 depth=0.0002 overlapFrames=0 angular=0.364 contactMeanMs=4.241 p95Ms=5.347
ROCK network-RockCluster-12-2.4: contacts=274 repeat=70 final=0 depth=0.0002 overlapFrames=0 angular=0.322 contactMeanMs=4.221 p95Ms=7.019
ROCK network-RockCluster-35-0.0: contacts=293 repeat=73 final=0 depth=0.0002 overlapFrames=0 angular=1.162 contactMeanMs=4.246 p95Ms=7.195
ROCK network-RockCluster-35-1.2: contacts=282 repeat=71 final=0 depth=0.0002 overlapFrames=0 angular=0.982 contactMeanMs=4.017 p95Ms=5.058
ROCK network-RockCluster-35-2.4: contacts=283 repeat=72 final=0 depth=0.0002 overlapFrames=0 angular=1.201 contactMeanMs=3.890 p95Ms=4.931
ROCK network-RockLedge-3-0.0: contacts=246 repeat=72 final=0 depth=0.0002 overlapFrames=0 angular=0.398 contactMeanMs=3.918 p95Ms=4.990
ROCK network-RockLedge-3-1.2: contacts=260 repeat=67 final=0 depth=0.0002 overlapFrames=0 angular=0.261 contactMeanMs=4.067 p95Ms=5.191
ROCK network-RockLedge-3-2.4: contacts=250 repeat=72 final=0 depth=0.0002 overlapFrames=0 angular=0.343 contactMeanMs=5.247 p95Ms=8.351
ROCK network-RockLedge-12-0.0: contacts=273 repeat=72 final=0 depth=0.0002 overlapFrames=0 angular=0.612 contactMeanMs=3.955 p95Ms=5.484
ROCK network-RockLedge-12-1.2: contacts=276 repeat=65 final=0 depth=0.0002 overlapFrames=0 angular=0.487 contactMeanMs=4.076 p95Ms=5.329
ROCK network-RockLedge-12-2.4: contacts=276 repeat=72 final=0 depth=0.0002 overlapFrames=0 angular=0.405 contactMeanMs=5.063 p95Ms=7.476
ROCK network-RockLedge-35-0.0: contacts=287 repeat=72 final=0 depth=0.0002 overlapFrames=0 angular=1.199 contactMeanMs=3.800 p95Ms=4.814
ROCK network-RockLedge-35-1.2: contacts=275 repeat=62 final=0 depth=0.0002 overlapFrames=0 angular=1.202 contactMeanMs=3.989 p95Ms=5.004
ROCK network-RockLedge-35-2.4: contacts=291 repeat=72 final=0 depth=0.0001 overlapFrames=0 angular=1.055 contactMeanMs=4.614 p95Ms=5.707
ROCK network-BoulderTall-3-0.0: contacts=246 repeat=72 final=0 depth=0.0001 overlapFrames=0 angular=0.208 contactMeanMs=4.034 p95Ms=4.898
ROCK network-BoulderTall-3-1.2: contacts=249 repeat=72 final=0 depth=0.0002 overlapFrames=0 angular=0.193 contactMeanMs=4.040 p95Ms=4.872
ROCK network-BoulderTall-3-2.4: contacts=242 repeat=70 final=0 depth=0.0002 overlapFrames=0 angular=0.327 contactMeanMs=4.053 p95Ms=5.260
ROCK network-BoulderTall-12-0.0: contacts=277 repeat=72 final=0 depth=0.0001 overlapFrames=0 angular=0.300 contactMeanMs=3.919 p95Ms=4.618
ROCK network-BoulderTall-12-1.2: contacts=280 repeat=72 final=0 depth=0.0002 overlapFrames=0 angular=0.276 contactMeanMs=3.943 p95Ms=5.067
ROCK network-BoulderTall-12-2.4: contacts=272 repeat=70 final=0 depth=0.0002 overlapFrames=0 angular=0.498 contactMeanMs=3.986 p95Ms=5.105
ROCK network-BoulderTall-35-0.0: contacts=287 repeat=72 final=0 depth=0.0001 overlapFrames=0 angular=0.721 contactMeanMs=4.626 p95Ms=6.442
ROCK network-BoulderTall-35-1.2: contacts=288 repeat=72 final=0 depth=0.0002 overlapFrames=0 angular=0.728 contactMeanMs=4.022 p95Ms=4.845
ROCK network-BoulderTall-35-2.4: contacts=281 repeat=71 final=0 depth=0.0002 overlapFrames=0 angular=1.205 contactMeanMs=4.033 p95Ms=5.118
ROCK network-RockSlab-3-0.0: contacts=244 repeat=72 final=0 depth=0.0001 overlapFrames=0 angular=0.236 contactMeanMs=3.953 p95Ms=5.014
ROCK network-RockSlab-3-1.2: contacts=249 repeat=72 final=0 depth=0.0002 overlapFrames=0 angular=0.288 contactMeanMs=4.007 p95Ms=5.276
ROCK network-RockSlab-3-2.4: contacts=238 repeat=68 final=0 depth=0.0002 overlapFrames=0 angular=0.309 contactMeanMs=3.798 p95Ms=4.620
ROCK network-RockSlab-12-0.0: contacts=274 repeat=72 final=0 depth=0.0002 overlapFrames=0 angular=0.397 contactMeanMs=3.893 p95Ms=4.620
ROCK network-RockSlab-12-1.2: contacts=277 repeat=72 final=0 depth=0.0002 overlapFrames=0 angular=0.410 contactMeanMs=3.968 p95Ms=4.745
ROCK network-RockSlab-12-2.4: contacts=268 repeat=70 final=0 depth=0.0002 overlapFrames=0 angular=0.450 contactMeanMs=3.894 p95Ms=4.928
ROCK network-RockSlab-35-0.0: contacts=285 repeat=72 final=0 depth=0.0002 overlapFrames=0 angular=1.108 contactMeanMs=3.838 p95Ms=4.586
ROCK network-RockSlab-35-1.2: contacts=292 repeat=72 final=0 depth=0.0002 overlapFrames=0 angular=1.082 contactMeanMs=3.884 p95Ms=4.657
ROCK network-RockSlab-35-2.4: contacts=282 repeat=72 final=0 depth=0.0002 overlapFrames=0 angular=1.176 contactMeanMs=3.932 p95Ms=4.869
ROCK network-BoulderLow-3-0.0: contacts=248 repeat=75 final=0 depth=0.0002 overlapFrames=0 angular=0.455 contactMeanMs=4.112 p95Ms=4.848
ROCK network-BoulderLow-3-1.2: contacts=260 repeat=77 final=0 depth=0.0005 overlapFrames=0 angular=0.167 contactMeanMs=3.966 p95Ms=4.772
ROCK network-BoulderLow-3-2.4: contacts=242 repeat=72 final=0 depth=0.0002 overlapFrames=0 angular=0.235 contactMeanMs=3.962 p95Ms=5.073
ROCK network-BoulderLow-12-0.0: contacts=283 repeat=75 final=0 depth=0.0002 overlapFrames=0 angular=0.224 contactMeanMs=4.076 p95Ms=5.185
ROCK network-BoulderLow-12-1.2: contacts=289 repeat=76 final=0 depth=0.0004 overlapFrames=0 angular=0.423 contactMeanMs=3.795 p95Ms=4.782
ROCK network-BoulderLow-12-2.4: contacts=275 repeat=72 final=0 depth=0.0002 overlapFrames=0 angular=0.253 contactMeanMs=4.047 p95Ms=6.935
ROCK network-BoulderLow-35-0.0: contacts=300 repeat=75 final=0 depth=0.0002 overlapFrames=0 angular=1.151 contactMeanMs=4.071 p95Ms=4.803
ROCK network-BoulderLow-35-1.2: contacts=305 repeat=76 final=0 depth=0.0005 overlapFrames=0 angular=0.286 contactMeanMs=3.830 p95Ms=4.442
ROCK network-BoulderLow-35-2.4: contacts=288 repeat=71 final=0 depth=0.0005 overlapFrames=0 angular=1.109 contactMeanMs=4.027 p95Ms=6.477
ROCK practice-RockCluster-3-0.0: contacts=291 repeat=77 final=0 depth=0.0056 overlapFrames=0 angular=0.278 contactMeanMs=0.394 p95Ms=0.394
ROCK practice-RockCluster-3-1.2: contacts=264 repeat=70 final=0 depth=0.0046 overlapFrames=0 angular=0.225 contactMeanMs=0.259 p95Ms=0.376
ROCK practice-RockCluster-3-2.4: contacts=259 repeat=71 final=0 depth=0.0058 overlapFrames=0 angular=0.273 contactMeanMs=0.252 p95Ms=0.337
ROCK practice-RockCluster-12-0.0: contacts=334 repeat=81 final=0 depth=0.0130 overlapFrames=0 angular=0.503 contactMeanMs=0.329 p95Ms=0.439
ROCK practice-RockCluster-12-1.2: contacts=291 repeat=70 final=0 depth=0.0048 overlapFrames=0 angular=0.387 contactMeanMs=0.263 p95Ms=0.413
ROCK practice-RockCluster-12-2.4: contacts=287 repeat=70 final=0 depth=0.0233 overlapFrames=1 angular=0.723 contactMeanMs=0.329 p95Ms=0.405
ROCK practice-RockCluster-35-0.0: contacts=323 repeat=72 final=0 depth=0.0066 overlapFrames=0 angular=1.152 contactMeanMs=0.320 p95Ms=0.383
ROCK practice-RockCluster-35-1.2: contacts=298 repeat=70 final=0 depth=0.0098 overlapFrames=0 angular=1.197 contactMeanMs=0.345 p95Ms=0.388
ROCK practice-RockCluster-35-2.4: contacts=295 repeat=70 final=0 depth=0.0375 overlapFrames=1 angular=1.751 contactMeanMs=0.260 p95Ms=0.391
ROCK practice-RockLedge-3-0.0: contacts=261 repeat=70 final=0 depth=0.0087 overlapFrames=0 angular=0.398 contactMeanMs=0.351 p95Ms=0.403
ROCK practice-RockLedge-3-1.2: contacts=277 repeat=70 final=0 depth=0.0076 overlapFrames=0 angular=0.209 contactMeanMs=0.393 p95Ms=0.381
ROCK practice-RockLedge-3-2.4: contacts=267 repeat=70 final=0 depth=0.0063 overlapFrames=0 angular=0.262 contactMeanMs=0.304 p95Ms=0.462
ROCK practice-RockLedge-12-0.0: contacts=292 repeat=70 final=0 depth=0.0266 overlapFrames=1 angular=0.630 contactMeanMs=0.318 p95Ms=0.337
ROCK practice-RockLedge-12-1.2: contacts=301 repeat=70 final=0 depth=0.0072 overlapFrames=0 angular=0.345 contactMeanMs=0.319 p95Ms=0.334
ROCK practice-RockLedge-12-2.4: contacts=294 repeat=70 final=0 depth=0.0155 overlapFrames=0 angular=0.419 contactMeanMs=0.317 p95Ms=0.443
ROCK practice-RockLedge-35-0.0: contacts=311 repeat=71 final=0 depth=0.0441 overlapFrames=2 angular=1.199 contactMeanMs=0.320 p95Ms=0.346
ROCK practice-RockLedge-35-1.2: contacts=305 repeat=70 final=0 depth=0.0616 overlapFrames=2 angular=1.109 contactMeanMs=0.347 p95Ms=0.454
ROCK practice-RockLedge-35-2.4: contacts=306 repeat=70 final=0 depth=0.0566 overlapFrames=1 angular=1.205 contactMeanMs=0.371 p95Ms=0.448
ROCK practice-BoulderTall-3-0.0: contacts=257 repeat=70 final=0 depth=0.0202 overlapFrames=1 angular=0.261 contactMeanMs=0.259 p95Ms=0.383
ROCK practice-BoulderTall-3-1.2: contacts=260 repeat=70 final=0 depth=0.0159 overlapFrames=0 angular=0.179 contactMeanMs=0.323 p95Ms=0.390
ROCK practice-BoulderTall-3-2.4: contacts=259 repeat=70 final=0 depth=0.0151 overlapFrames=0 angular=0.341 contactMeanMs=0.345 p95Ms=0.409
ROCK practice-BoulderTall-12-0.0: contacts=289 repeat=70 final=0 depth=0.0187 overlapFrames=0 angular=0.370 contactMeanMs=0.253 p95Ms=0.388
ROCK practice-BoulderTall-12-1.2: contacts=290 repeat=70 final=0 depth=0.0246 overlapFrames=1 angular=0.304 contactMeanMs=0.334 p95Ms=0.393
ROCK practice-BoulderTall-12-2.4: contacts=291 repeat=70 final=0 depth=0.0249 overlapFrames=1 angular=0.496 contactMeanMs=0.336 p95Ms=0.418
ROCK practice-BoulderTall-35-0.0: contacts=304 repeat=70 final=0 depth=0.0512 overlapFrames=1 angular=1.057 contactMeanMs=0.401 p95Ms=0.386
ROCK practice-BoulderTall-35-1.2: contacts=303 repeat=70 final=0 depth=0.0674 overlapFrames=1 angular=0.978 contactMeanMs=0.250 p95Ms=0.367
ROCK practice-BoulderTall-35-2.4: contacts=306 repeat=70 final=0 depth=0.0108 overlapFrames=0 angular=1.206 contactMeanMs=0.351 p95Ms=0.474
ROCK practice-RockSlab-3-0.0: contacts=253 repeat=70 final=0 depth=0.0048 overlapFrames=0 angular=0.244 contactMeanMs=0.259 p95Ms=0.364
ROCK practice-RockSlab-3-1.2: contacts=257 repeat=70 final=0 depth=0.0029 overlapFrames=0 angular=0.295 contactMeanMs=0.317 p95Ms=0.469
ROCK practice-RockSlab-3-2.4: contacts=272 repeat=72 final=0 depth=0.0077 overlapFrames=0 angular=0.326 contactMeanMs=0.502 p95Ms=0.493
ROCK practice-RockSlab-12-0.0: contacts=285 repeat=70 final=0 depth=0.0085 overlapFrames=0 angular=0.399 contactMeanMs=0.446 p95Ms=0.384
ROCK practice-RockSlab-12-1.2: contacts=288 repeat=70 final=0 depth=0.0074 overlapFrames=0 angular=0.438 contactMeanMs=0.412 p95Ms=0.446
ROCK practice-RockSlab-12-2.4: contacts=303 repeat=73 final=0 depth=0.0264 overlapFrames=1 angular=0.485 contactMeanMs=0.334 p95Ms=0.500
ROCK practice-RockSlab-35-0.0: contacts=301 repeat=70 final=0 depth=0.0121 overlapFrames=0 angular=1.149 contactMeanMs=0.344 p95Ms=0.445
ROCK practice-RockSlab-35-1.2: contacts=302 repeat=70 final=0 depth=0.0097 overlapFrames=0 angular=1.176 contactMeanMs=0.290 p95Ms=0.418
ROCK practice-RockSlab-35-2.4: contacts=323 repeat=73 final=0 depth=0.0296 overlapFrames=1 angular=1.198 contactMeanMs=0.371 p95Ms=0.518
ROCK practice-BoulderLow-3-0.0: contacts=291 repeat=79 final=0 depth=0.0036 overlapFrames=0 angular=0.292 contactMeanMs=0.356 p95Ms=0.441
ROCK practice-BoulderLow-3-1.2: contacts=301 repeat=79 final=0 depth=0.0029 overlapFrames=0 angular=0.305 contactMeanMs=0.327 p95Ms=0.438
ROCK practice-BoulderLow-3-2.4: contacts=270 repeat=73 final=0 depth=0.0126 overlapFrames=0 angular=0.254 contactMeanMs=0.318 p95Ms=0.340
ROCK practice-BoulderLow-12-0.0: contacts=326 repeat=80 final=0 depth=0.0051 overlapFrames=0 angular=0.312 contactMeanMs=0.350 p95Ms=0.449
ROCK practice-BoulderLow-12-1.2: contacts=337 repeat=80 final=0 depth=0.0049 overlapFrames=0 angular=0.413 contactMeanMs=0.346 p95Ms=0.471
ROCK practice-BoulderLow-12-2.4: contacts=302 repeat=73 final=0 depth=0.0068 overlapFrames=0 angular=0.476 contactMeanMs=0.319 p95Ms=0.353
ROCK practice-BoulderLow-35-0.0: contacts=352 repeat=82 final=0 depth=0.0050 overlapFrames=0 angular=1.198 contactMeanMs=0.380 p95Ms=0.477
ROCK practice-BoulderLow-35-1.2: contacts=360 repeat=84 final=0 depth=0.0137 overlapFrames=0 angular=1.021 contactMeanMs=0.423 p95Ms=0.524
ROCK practice-BoulderLow-35-2.4: contacts=346 repeat=81 final=0 depth=0.0585 overlapFrames=2 angular=0.934 contactMeanMs=0.266 p95Ms=0.406
Rock collision checks: failures=0
