Godot Engine v4.7.2.stable.mono.official.ed1daf0bf - https://godotengine.org
OpenGL API 3.3.0 NVIDIA 582.66 - Compatibility - Using Device: NVIDIA - NVIDIA GeForce GTX 1070

FAIL: actual production rock/plant coverage
destructible native network=False stage=1 speed=22 size=1 angle=0.00 tuning=False: up=0.879 angular=0.601 contactCount=1 end=<-1.1782181, 1.1434052, -64.135994> root=EnvironmentRockState { Stage = 4, Damage = 0, ImpactReadyTick = 106, Offset = <-0.7630409, 0, -2.9292624>, Velocity = <0, 0, 0> } pieces=5 finalDepth=6 plant=True
destructible native network=False stage=2 speed=12 size=1 angle=0.00 tuning=False: up=0.184 angular=0.098 contactCount=0 end=<0.54966146, 1.1434299, -99.66116> root=EnvironmentRockState { Stage = 4, Damage = 0, ImpactReadyTick = 80, Offset = <-0.52157104, 0, -3.083576>, Velocity = <0, 0, 0> } pieces=5 finalDepth=6 plant=True
destructible native network=False stage=3 speed=12 size=1 angle=0.00 tuning=False: up=0.447 angular=0.142 contactCount=0 end=<0.8251199, 1.1435707, -99.09317> root=EnvironmentRockState { Stage = 6, Damage = 0, ImpactReadyTick = 0, Offset = <0.0003834507, 0, -2.9835768>, Velocity = <0, 0, 0> } pieces=2 finalDepth=6 plant=True
destructible native network=False stage=3 speed=22 size=1 angle=0.00 tuning=False: up=0.244 angular=0.086 contactCount=0 end=<0.345227, 1.1440735, -124.754745> root=EnvironmentRockState { Stage = 6, Damage = 0, ImpactReadyTick = 0, Offset = <-8.3073246E-05, 0, -2.383577>, Velocity = <0, 0, 0> } pieces=2 finalDepth=6 plant=True
destructible native network=False stage=3 speed=35 size=1 angle=0.00 tuning=False: up=0.332 angular=0.068 contactCount=0 end=<0.79613477, 1.144717, -148.69948> root=EnvironmentRockState { Stage = 6, Damage = 0, ImpactReadyTick = 0, Offset = <-2.7219216E-05, 0, -1.8835765>, Velocity = <0, 0, 0> } pieces=2 finalDepth=6 plant=True
destructible native network=True stage=1 speed=22 size=1 angle=0.00 tuning=False: up=0.734 angular=0.353 contactCount=3 end=<1.1959807, 1.1432709, -64.31559> root=EnvironmentRockState { Stage = 5, Damage = 0, ImpactReadyTick = 116, Offset = <-0.7320938, 0, -3.1749017>, Velocity = <0, 0, 0> } pieces=5 finalDepth=6 plant=True
destructible native network=True stage=2 speed=12 size=1 angle=0.00 tuning=False: up=0.169 angular=0.099 contactCount=0 end=<0.55144197, 1.1433992, -99.66598> root=EnvironmentRockState { Stage = 4, Damage = 0, ImpactReadyTick = 80, Offset = <-0.5215611, 0, -3.083576>, Velocity = <0, 0, 0> } pieces=5 finalDepth=6 plant=True
destructible native network=True stage=3 speed=12 size=1 angle=0.00 tuning=False: up=0.442 angular=0.145 contactCount=0 end=<0.82296896, 1.1435405, -99.095825> root=EnvironmentRockState { Stage = 6, Damage = 0, ImpactReadyTick = 0, Offset = <0.0003845663, 0, -2.9835768>, Velocity = <0, 0, 0> } pieces=2 finalDepth=6 plant=True
destructible native network=True stage=3 speed=22 size=1 angle=0.00 tuning=False: up=0.242 angular=0.087 contactCount=0 end=<0.3440469, 1.1440629, -124.75543> root=EnvironmentRockState { Stage = 6, Damage = 0, ImpactReadyTick = 0, Offset = <-8.309544E-05, 0, -2.383577>, Velocity = <0, 0, 0> } pieces=2 finalDepth=6 plant=True
destructible native network=True stage=3 speed=35 size=1 angle=0.00 tuning=False: up=0.330 angular=0.068 contactCount=0 end=<0.796129, 1.1447155, -148.70016> root=EnvironmentRockState { Stage = 6, Damage = 0, ImpactReadyTick = 0, Offset = <-2.7715885E-05, 0, -1.8835765>, Velocity = <0, 0, 0> } pieces=2 finalDepth=6 plant=True
destructible native network=True stage=1 speed=2 size=0.5 angle=0.00 tuning=True: up=0.000 angular=0.004 contactCount=0 end=<6.995668E-10, 1.1448882, -3.5481737> root=EnvironmentRockState { Stage = 1, Damage = 0, ImpactReadyTick = 0, Offset = <0, 0, 0>, Velocity = <0, 0, 0> } pieces=2 finalDepth=4 plant=True
destructible native network=True stage=1 speed=2 size=0.5 angle=0.79 tuning=True: up=0.000 angular=0.004 contactCount=0 end=<-2.5089285, 1.144888, -2.5089283> root=EnvironmentRockState { Stage = 1, Damage = 0, ImpactReadyTick = 0, Offset = <0, 0, 0>, Velocity = <0, 0, 0> } pieces=2 finalDepth=4 plant=False
destructible native network=True stage=1 speed=9 size=0.5 angle=0.00 tuning=True: up=0.026 angular=0.136 contactCount=0 end=<-0.00040697228, 1.1446961, -32.065014> root=EnvironmentRockState { Stage = 4, Damage = 0, ImpactReadyTick = 64, Offset = <-0.36316964, 0, -2.258965>, Velocity = <0, 0, 0> } pieces=5 finalDepth=4 plant=True
destructible native network=True stage=1 speed=9 size=0.5 angle=0.79 tuning=True: up=0.000 angular=0.009 contactCount=0 end=<-22.673914, 1.1448946, -22.673916> root=EnvironmentRockState { Stage = 4, Damage = 0, ImpactReadyTick = 64, Offset = <-2.0753999, 0, -1.7122483>, Velocity = <0, 0, 0> } pieces=5 finalDepth=4 plant=False
destructible native network=True stage=1 speed=22 size=0.5 angle=0.00 tuning=True: up=0.007 angular=0.056 contactCount=0 end=<3.060984E-11, 1.144864, -84.62218> root=EnvironmentRockState { Stage = 3, Damage = 0, ImpactReadyTick = 31, Offset = <-0.3631523, 0, -2.783577>, Velocity = <0, 0, 0> } pieces=5 finalDepth=4 plant=True
destructible native network=True stage=1 speed=22 size=0.5 angle=0.79 tuning=True: up=0.000 angular=0.014 contactCount=0 end=<-59.876453, 1.1448953, -59.87603> root=EnvironmentRockState { Stage = 3, Damage = 0, ImpactReadyTick = 31, Offset = <-2.402149, 0, -2.0389965>, Velocity = <0, 0, 0> } pieces=5 finalDepth=4 plant=False
destructible native network=True stage=1 speed=2 size=1 angle=0.00 tuning=True: up=0.000 angular=0.033 contactCount=140 end=<-0.0927366, 1.247478, 1.7887136> root=EnvironmentRockState { Stage = 1, Damage = 0, ImpactReadyTick = 0, Offset = <0, 0, 0>, Velocity = <0, 0, 0> } pieces=2 finalDepth=6 plant=True
destructible native network=True stage=1 speed=2 size=1 angle=0.79 tuning=True: up=0.461 angular=0.046 contactCount=133 end=<0.22525099, 1.4319434, 0.27962297> root=EnvironmentRockState { Stage = 1, Damage = 0, ImpactReadyTick = 0, Offset = <0, 0, 0>, Velocity = <0, 0, 0> } pieces=2 finalDepth=6 plant=False
destructible native network=True stage=1 speed=9 size=1 angle=0.00 tuning=True: up=0.000 angular=0.156 contactCount=336 end=<-0.26692355, 1.2939566, 1.8150643> root=EnvironmentRockState { Stage = 1, Damage = 156.71297, ImpactReadyTick = 38, Offset = <0, 0, 0>, Velocity = <0, 0, 0> } pieces=2 finalDepth=6 plant=True
destructible native network=True stage=1 speed=9 size=1 angle=0.79 tuning=True: up=0.443 angular=0.196 contactCount=150 end=<-9.036473, 1.1789703, -9.074287> root=EnvironmentRockState { Stage = 1, Damage = 156.71292, ImpactReadyTick = 38, Offset = <0, 0, 0>, Velocity = <0, 0, 0> } pieces=2 finalDepth=6 plant=False
ERROR: System.InvalidOperationException: Handle is not initialized.
   at System.Runtime.InteropServices.GCHandle.FromIntPtr(IntPtr value)
   at Godot.Bridge.ScriptManagerBridge.SwapGCHandleForType(IntPtr oldGCHandlePtr, IntPtr* outNewGCHandlePtr, godot_bool createWeak) in /root/godot/modules/mono/glue/GodotSharp/GodotSharp/Core/Bridge/ScriptManagerBridge.cs:line 1284
   at: void Godot.NativeInterop.ExceptionUtils.LogException(System.Exception) (/root/godot/modules/mono/glue/GodotSharp/GodotSharp/Core/NativeInterop/ExceptionUtils.cs:113)
   C# backtrace (most recent call first):
       [0] void Godot.GD.PushError(string) (/root/godot/modules/mono/glue/GodotSharp/GodotSharp/Core/GD.cs:366)
       [1] void Godot.NativeInterop.ExceptionUtils.LogException(System.Exception) (/root/godot/modules/mono/glue/GodotSharp/GodotSharp/Core/NativeInterop/ExceptionUtils.cs:113)
       [2] Godot.NativeInterop.godot_bool Godot.Bridge.ScriptManagerBridge.SwapGCHandleForType(nint, System.IntPtr*, Godot.NativeInterop.godot_bool) (/root/godot/modules/mono/glue/GodotSharp/GodotSharp/Core/Bridge/ScriptManagerBridge.cs:1284)
       [3] void Godot.NativeInterop.NativeFuncs.godotsharp_method_bind_ptrcall(nint, nint, System.Void**, System.Void*) (/root/godot/modules/mono/glue/GodotSharp/GodotSharp/Godot.SourceGenerators.Internal/Godot.SourceGenerators.Internal.UnmanagedCallbacksGenerator/Godot.NativeInterop.NativeFuncs.generated.cs:380)
       [4] Godot.GodotObject Godot.NativeCalls.godot_icall_3_1268(nint, nint, string, string, int) (/root/godot/modules/mono/glue/GodotSharp/GodotSharp/Generated/NativeCalls.cs:11611)
       [5] Godot.Resource Godot.ResourceLoader.Load(string, string, Godot.ResourceLoader+CacheMode) (/root/godot/modules/mono/glue/GodotSharp/GodotSharp/Generated/GodotObjects/ResourceLoader.cs:120)
       [6] T Godot.ResourceLoader.Load<T>(string, string, Godot.ResourceLoader+CacheMode) (/root/godot/modules/mono/glue/GodotSharp/GodotSharp/Core/Extensions/ResourceLoaderExtensions.cs:27)
       [7] T Trackstorm.Client.Networking.MatchResourceLoader.LoadResource<T>(string) (C:\Users\orsin\OneDrive\Desktop\ThanTrick\Trackstorm\code\Client\Networking\MatchResourceLoader.cs:61)
       [8] void Trackstorm.Client.Vehicles.BoostExhaust._Ready() (C:\Users\orsin\OneDrive\Desktop\ThanTrick\Trackstorm\code\Client\Vehicles\BoostExhaust.cs:63)
       [9] bool Godot.Node.InvokeGodotClassMethod(Godot.NativeInterop.godot_string_name&, Godot.NativeInterop.NativeVariantPtrArgs, Godot.NativeInterop.godot_variant&) (/root/godot/modules/mono/glue/GodotSharp/GodotSharp/Generated/GodotObjects/Node.cs:2660)
       [10] bool Godot.Node3D.InvokeGodotClassMethod(Godot.NativeInterop.godot_string_name&, Godot.NativeInterop.NativeVariantPtrArgs, Godot.NativeInterop.godot_variant&) (/root/godot/modules/mono/glue/GodotSharp/GodotSharp/Generated/GodotObjects/Node3D.cs:1127)
       [11] bool Trackstorm.Client.Vehicles.BoostExhaust.InvokeGodotClassMethod(Godot.NativeInterop.godot_string_name&, Godot.NativeInterop.NativeVariantPtrArgs, Godot.NativeInterop.godot_variant&) (C:\Users\orsin\OneDrive\Desktop\ThanTrick\Trackstorm\.godot\mono\temp\obj\Debug\Godot.SourceGenerators\Godot.SourceGenerators.ScriptMethodsGenerator\Trackstorm.Client.Vehicles.BoostExhaust_ScriptMethods.generated.cs:100)
       [12] Godot.NativeInterop.godot_bool Godot.Bridge.CSharpInstanceBridge.Call(nint, Godot.NativeInterop.godot_string_name*, Godot.NativeInterop.godot_variant**, int, Godot.NativeInterop.godot_variant_call_error*, Godot.NativeInterop.godot_variant*) (/root/godot/modules/mono/glue/GodotSharp/GodotSharp/Core/Bridge/CSharpInstanceBridge.cs:24)
       [13] void Godot.NativeInterop.NativeFuncs.godotsharp_method_bind_ptrcall(nint, nint, System.Void**, System.Void*) (/root/godot/modules/mono/glue/GodotSharp/GodotSharp/Godot.SourceGenerators.Internal/Godot.SourceGenerators.Internal.UnmanagedCallbacksGenerator/Godot.NativeInterop.NativeFuncs.generated.cs:380)
       [14] void Godot.NativeCalls.godot_icall_3_912(nint, nint, nint, Godot.NativeInterop.godot_bool, int) (/root/godot/modules/mono/glue/GodotSharp/GodotSharp/Generated/NativeCalls.cs:8061)
       [15] void Godot.Node.AddChild(Godot.Node, bool, Godot.Node+InternalMode) (/root/godot/modules/mono/glue/GodotSharp/GodotSharp/Generated/GodotObjects/Node.cs:848)
       [16] void Trackstorm.Client.Vehicles.CarRackPresentation._Ready() (C:\Users\orsin\OneDrive\Desktop\ThanTrick\Trackstorm\code\Client\Vehicles\CarRackPresentation.cs:39)
       [17] bool Godot.Node.InvokeGodotClassMethod(Godot.NativeInterop.godot_string_name&, Godot.NativeInterop.NativeVariantPtrArgs, Godot.NativeInterop.godot_variant&) (/root/godot/modules/mono/glue/GodotSharp/GodotSharp/Generated/GodotObjects/Node.cs:2660)
       [18] bool Trackstorm.Client.Vehicles.CarRackPresentation.InvokeGodotClassMethod(Godot.NativeInterop.godot_string_name&, Godot.NativeInterop.NativeVariantPtrArgs, Godot.NativeInterop.godot_variant&) (C:\Users\orsin\OneDrive\Desktop\ThanTrick\Trackstorm\.godot\mono\temp\obj\Debug\Godot.SourceGenerators\Godot.SourceGenerators.ScriptMethodsGenerator\Trackstorm.Client.Vehicles.CarRackPresentation_ScriptMethods.generated.cs:80)
       [19] Godot.NativeInterop.godot_bool Godot.Bridge.CSharpInstanceBridge.Call(nint, Godot.NativeInterop.godot_string_name*, Godot.NativeInterop.godot_variant**, int, Godot.NativeInterop.godot_variant_call_error*, Godot.NativeInterop.godot_variant*) (/root/godot/modules/mono/glue/GodotSharp/GodotSharp/Core/Bridge/CSharpInstanceBridge.cs:24)
       [20] void Godot.NativeInterop.NativeFuncs.godotsharp_method_bind_ptrcall(nint, nint, System.Void**, System.Void*) (/root/godot/modules/mono/glue/GodotSharp/GodotSharp/Godot.SourceGenerators.Internal/Godot.SourceGenerators.Internal.UnmanagedCallbacksGenerator/Godot.NativeInterop.NativeFuncs.generated.cs:380)
       [21] void Godot.NativeCalls.godot_icall_3_912(nint, nint, nint, Godot.NativeInterop.godot_bool, int) (/root/godot/modules/mono/glue/GodotSharp/GodotSharp/Generated/NativeCalls.cs:8061)
       [22] void Godot.Node.AddChild(Godot.Node, bool, Godot.Node+InternalMode) (/root/godot/modules/mono/glue/GodotSharp/GodotSharp/Generated/GodotObjects/Node.cs:848)
       [23] void Trackstorm.Client.Networking.NetworkVehicleBody._Ready() (C:\Users\orsin\OneDrive\Desktop\ThanTrick\Trackstorm\code\Client\Networking\NetworkVehicleBody.cs:58)
       [24] bool Godot.Node.InvokeGodotClassMethod(Godot.NativeInterop.godot_string_name&, Godot.NativeInterop.NativeVariantPtrArgs, Godot.NativeInterop.godot_variant&) (/root/godot/modules/mono/glue/GodotSharp/GodotSharp/Generated/GodotObjects/Node.cs:2660)
       [25] bool Godot.Node3D.InvokeGodotClassMethod(Godot.NativeInterop.godot_string_name&, Godot.NativeInterop.NativeVariantPtrArgs, Godot.NativeInterop.godot_variant&) (/root/godot/modules/mono/glue/GodotSharp/GodotSharp/Generated/GodotObjects/Node3D.cs:1127)
       [26] bool Godot.CollisionObject3D.InvokeGodotClassMethod(Godot.NativeInterop.godot_string_name&, Godot.NativeInterop.NativeVariantPtrArgs, Godot.NativeInterop.godot_variant&) (/root/godot/modules/mono/glue/GodotSharp/GodotSharp/Generated/GodotObjects/CollisionObject3D.cs:607)
       [27] bool Godot.PhysicsBody3D.InvokeGodotClassMethod(Godot.NativeInterop.godot_string_name&, Godot.NativeInterop.NativeVariantPtrArgs, Godot.NativeInterop.godot_variant&) (/root/godot/modules/mono/glue/GodotSharp/GodotSharp/Generated/GodotObjects/PhysicsBody3D.cs:239)
       [28] bool Godot.StaticBody3D.InvokeGodotClassMethod(Godot.NativeInterop.godot_string_name&, Godot.NativeInterop.NativeVariantPtrArgs, Godot.NativeInterop.godot_variant&) (/root/godot/modules/mono/glue/GodotSharp/GodotSharp/Generated/GodotObjects/StaticBody3D.cs:153)
       [29] bool Trackstorm.Client.Networking.NetworkVehicleBody.InvokeGodotClassMethod(Godot.NativeInterop.godot_string_name&, Godot.NativeInterop.NativeVariantPtrArgs, Godot.NativeInterop.godot_variant&) (C:\Users\orsin\OneDrive\Desktop\ThanTrick\Trackstorm\.godot\mono\temp\obj\Debug\Godot.SourceGenerators\Godot.SourceGenerators.ScriptMethodsGenerator\Trackstorm.Client.Networking.NetworkVehicleBody_ScriptMethods.generated.cs:60)
       [30] Godot.NativeInterop.godot_bool Godot.Bridge.CSharpInstanceBridge.Call(nint, Godot.NativeInterop.godot_string_name*, Godot.NativeInterop.godot_variant**, int, Godot.NativeInterop.godot_variant_call_error*, Godot.NativeInterop.godot_variant*) (/root/godot/modules/mono/glue/GodotSharp/GodotSharp/Core/Bridge/CSharpInstanceBridge.cs:24)
       [31] void Godot.NativeInterop.NativeFuncs.godotsharp_method_bind_ptrcall(nint, nint, System.Void**, System.Void*) (/root/godot/modules/mono/glue/GodotSharp/GodotSharp/Godot.SourceGenerators.Internal/Godot.SourceGenerators.Internal.UnmanagedCallbacksGenerator/Godot.NativeInterop.NativeFuncs.generated.cs:380)
       [32] void Godot.NativeCalls.godot_icall_3_912(nint, nint, nint, Godot.NativeInterop.godot_bool, int) (/root/godot/modules/mono/glue/GodotSharp/GodotSharp/Generated/NativeCalls.cs:8061)
       [33] void Godot.Node.AddChild(Godot.Node, bool, Godot.Node+InternalMode) (/root/godot/modules/mono/glue/GodotSharp/GodotSharp/Generated/GodotObjects/Node.cs:848)
       [34] void Trackstorm.Client.Verification.DestructibleEnvironmentChecks+<Scenario>d__4.MoveNext() (C:\Users\orsin\OneDrive\Desktop\ThanTrick\Trackstorm\code\Client\Verification\DestructibleEnvironmentChecks.cs:93)
       [35] void System.Runtime.CompilerServices.AsyncMethodBuilderCore.Start<TStateMachine>(TStateMachine&)
       [36] System.Threading.Tasks.Task Trackstorm.Client.Verification.DestructibleEnvironmentChecks.Scenario(bool, byte, float, float, float, bool)
       [37] void Trackstorm.Client.Verification.DestructibleEnvironmentChecks+<Run>d__3.MoveNext() (C:\Users\orsin\OneDrive\Desktop\ThanTrick\Trackstorm\code\Client\Verification\DestructibleEnvironmentChecks.cs:53)
       [38] void System.Threading.ExecutionContext.RunInternal(System.Threading.ExecutionContext, System.Threading.ContextCallback, object)
       [39] void System.Runtime.CompilerServices.AsyncTaskMethodBuilder`1+AsyncStateMachineBox`1.MoveNext()
       [40] void System.Threading.Tasks.AwaitTaskContinuation.RunCallback(System.Threading.ContextCallback, object, System.Threading.Tasks.Task&)
       [41] void System.Threading.Tasks.Task.RunContinuations(object)
       [42] bool System.Threading.Tasks.Task`1.TrySetResult(TResult)
       [43] void System.Runtime.CompilerServices.AsyncTaskMethodBuilder`1.SetExistingTaskResult(System.Threading.Tasks.Task`1[TResult], TResult)
       [44] void Trackstorm.Client.Verification.DestructibleEnvironmentChecks+<Scenario>d__4.MoveNext() (C:\Users\orsin\OneDrive\Desktop\ThanTrick\Trackstorm\code\Client\Verification\DestructibleEnvironmentChecks.cs:155)
       [45] void System.Threading.ExecutionContext.RunInternal(System.Threading.ExecutionContext, System.Threading.ContextCallback, object)
       [46] void System.Runtime.CompilerServices.AsyncTaskMethodBuilder`1+AsyncStateMachineBox`1.MoveNext()
       [47] void Godot.SignalAwaiter.SignalCallback(nint, Godot.NativeInterop.godot_variant**, int, Godot.NativeInterop.godot_bool*) (/root/godot/modules/mono/glue/GodotSharp/GodotSharp/Core/SignalAwaiter.cs:65)
ERROR: System.InvalidOperationException: Handle is not initialized.
   at System.Runtime.InteropServices.GCHandle.FromIntPtr(IntPtr value)
   at Godot.Bridge.ScriptManagerBridge.SwapGCHandleForType(IntPtr oldGCHandlePtr, IntPtr* outNewGCHandlePtr, godot_bool createWeak) in /root/godot/modules/mono/glue/GodotSharp/GodotSharp/Core/Bridge/ScriptManagerBridge.cs:line 1284
   at: void Godot.NativeInterop.ExceptionUtils.LogException(System.Exception) (/root/godot/modules/mono/glue/GodotSharp/GodotSharp/Core/NativeInterop/ExceptionUtils.cs:113)
   C# backtrace (most recent call first):
       [0] void Godot.GD.PushError(string) (/root/godot/modules/mono/glue/GodotSharp/GodotSharp/Core/GD.cs:366)
       [1] void Godot.NativeInterop.ExceptionUtils.LogException(System.Exception) (/root/godot/modules/mono/glue/GodotSharp/GodotSharp/Core/NativeInterop/ExceptionUtils.cs:113)
       [2] Godot.NativeInterop.godot_bool Godot.Bridge.ScriptManagerBridge.SwapGCHandleForType(nint, System.IntPtr*, Godot.NativeInterop.godot_bool) (/root/godot/modules/mono/glue/GodotSharp/GodotSharp/Core/Bridge/ScriptManagerBridge.cs:1284)
       [3] void Godot.NativeInterop.NativeFuncs.godotsharp_method_bind_ptrcall(nint, nint, System.Void**, System.Void*) (/root/godot/modules/mono/glue/GodotSharp/GodotSharp/Godot.SourceGenerators.Internal/Godot.SourceGenerators.Internal.UnmanagedCallbacksGenerator/Godot.NativeInterop.NativeFuncs.generated.cs:380)
       [4] Godot.GodotObject Godot.NativeCalls.godot_icall_1_363(nint, nint, int) (/root/godot/modules/mono/glue/GodotSharp/GodotSharp/Generated/NativeCalls.cs:3348)
       [5] Godot.Node Godot.PackedScene.Instantiate(Godot.PackedScene+GenEditState) (/root/godot/modules/mono/glue/GodotSharp/GodotSharp/Generated/GodotObjects/PackedScene.cs:132)
       [6] T Godot.PackedScene.Instantiate<T>(Godot.PackedScene+GenEditState) (/root/godot/modules/mono/glue/GodotSharp/GodotSharp/Core/Extensions/PackedSceneExtensions.cs:20)
       [7] void Trackstorm.Client.Vehicles.BoostExhaust._Ready() (C:\Users\orsin\OneDrive\Desktop\ThanTrick\Trackstorm\code\Client\Vehicles\BoostExhaust.cs:63)
       [8] bool Godot.Node.InvokeGodotClassMethod(Godot.NativeInterop.godot_string_name&, Godot.NativeInterop.NativeVariantPtrArgs, Godot.NativeInterop.godot_variant&) (/root/godot/modules/mono/glue/GodotSharp/GodotSharp/Generated/GodotObjects/Node.cs:2660)
       [9] bool Godot.Node3D.InvokeGodotClassMethod(Godot.NativeInterop.godot_string_name&, Godot.NativeInterop.NativeVariantPtrArgs, Godot.NativeInterop.godot_variant&) (/root/godot/modules/mono/glue/GodotSharp/GodotSharp/Generated/GodotObjects/Node3D.cs:1127)
       [10] bool Trackstorm.Client.Vehicles.BoostExhaust.InvokeGodotClassMethod(Godot.NativeInterop.godot_string_name&, Godot.NativeInterop.NativeVariantPtrArgs, Godot.NativeInterop.godot_variant&) (C:\Users\orsin\OneDrive\Desktop\ThanTrick\Trackstorm\.godot\mono\temp\obj\Debug\Godot.SourceGenerators\Godot.SourceGenerators.ScriptMethodsGenerator\Trackstorm.Client.Vehicles.BoostExhaust_ScriptMethods.generated.cs:100)
       [11] Godot.NativeInterop.godot_bool Godot.Bridge.CSharpInstanceBridge.Call(nint, Godot.NativeInterop.godot_string_name*, Godot.NativeInterop.godot_variant**, int, Godot.NativeInterop.godot_variant_call_error*, Godot.NativeInterop.godot_variant*) (/root/godot/modules/mono/glue/GodotSharp/GodotSharp/Core/Bridge/CSharpInstanceBridge.cs:24)
       [12] void Godot.NativeInterop.NativeFuncs.godotsharp_method_bind_ptrcall(nint, nint, System.Void**, System.Void*) (/root/godot/modules/mono/glue/GodotSharp/GodotSharp/Godot.SourceGenerators.Internal/Godot.SourceGenerators.Internal.UnmanagedCallbacksGenerator/Godot.NativeInterop.NativeFuncs.generated.cs:380)
       [13] void Godot.NativeCalls.godot_icall_3_912(nint, nint, nint, Godot.NativeInterop.godot_bool, int) (/root/godot/modules/mono/glue/GodotSharp/GodotSharp/Generated/NativeCalls.cs:8061)
       [14] void Godot.Node.AddChild(Godot.Node, bool, Godot.Node+InternalMode) (/root/godot/modules/mono/glue/GodotSharp/GodotSharp/Generated/GodotObjects/Node.cs:848)
       [15] void Trackstorm.Client.Vehicles.CarRackPresentation._Ready() (C:\Users\orsin\OneDrive\Desktop\ThanTrick\Trackstorm\code\Client\Vehicles\CarRackPresentation.cs:39)
       [16] bool Godot.Node.InvokeGodotClassMethod(Godot.NativeInterop.godot_string_name&, Godot.NativeInterop.NativeVariantPtrArgs, Godot.NativeInterop.godot_variant&) (/root/godot/modules/mono/glue/GodotSharp/GodotSharp/Generated/GodotObjects/Node.cs:2660)
       [17] bool Trackstorm.Client.Vehicles.CarRackPresentation.InvokeGodotClassMethod(Godot.NativeInterop.godot_string_name&, Godot.NativeInterop.NativeVariantPtrArgs, Godot.NativeInterop.godot_variant&) (C:\Users\orsin\OneDrive\Desktop\ThanTrick\Trackstorm\.godot\mono\temp\obj\Debug\Godot.SourceGenerators\Godot.SourceGenerators.ScriptMethodsGenerator\Trackstorm.Client.Vehicles.CarRackPresentation_ScriptMethods.generated.cs:80)
       [18] Godot.NativeInterop.godot_bool Godot.Bridge.CSharpInstanceBridge.Call(nint, Godot.NativeInterop.godot_string_name*, Godot.NativeInterop.godot_variant**, int, Godot.NativeInterop.godot_variant_call_error*, Godot.NativeInterop.godot_variant*) (/root/godot/modules/mono/glue/GodotSharp/GodotSharp/Core/Bridge/CSharpInstanceBridge.cs:24)
       [19] void Godot.NativeInterop.NativeFuncs.godotsharp_method_bind_ptrcall(nint, nint, System.Void**, System.Void*) (/root/godot/modules/mono/glue/GodotSharp/GodotSharp/Godot.SourceGenerators.Internal/Godot.SourceGenerators.Internal.UnmanagedCallbacksGenerator/Godot.NativeInterop.NativeFuncs.generated.cs:380)
       [20] void Godot.NativeCalls.godot_icall_3_912(nint, nint, nint, Godot.NativeInterop.godot_bool, int) (/root/godot/modules/mono/glue/GodotSharp/GodotSharp/Generated/NativeCalls.cs:8061)
       [21] void Godot.Node.AddChild(Godot.Node, bool, Godot.Node+InternalMode) (/root/godot/modules/mono/glue/GodotSharp/GodotSharp/Generated/GodotObjects/Node.cs:848)
       [22] void Trackstorm.Client.Networking.NetworkVehicleBody._Ready() (C:\Users\orsin\OneDrive\Desktop\ThanTrick\Trackstorm\code\Client\Networking\NetworkVehicleBody.cs:58)
       [23] bool Godot.Node.InvokeGodotClassMethod(Godot.NativeInterop.godot_string_name&, Godot.NativeInterop.NativeVariantPtrArgs, Godot.NativeInterop.godot_variant&) (/root/godot/modules/mono/glue/GodotSharp/GodotSharp/Generated/GodotObjects/Node.cs:2660)
       [24] bool Godot.Node3D.InvokeGodotClassMethod(Godot.NativeInterop.godot_string_name&, Godot.NativeInterop.NativeVariantPtrArgs, Godot.NativeInterop.godot_variant&) (/root/godot/modules/mono/glue/GodotSharp/GodotSharp/Generated/GodotObjects/Node3D.cs:1127)
       [25] bool Godot.CollisionObject3D.InvokeGodotClassMethod(Godot.NativeInterop.godot_string_name&, Godot.NativeInterop.NativeVariantPtrArgs, Godot.NativeInterop.godot_variant&) (/root/godot/modules/mono/glue/GodotSharp/GodotSharp/Generated/GodotObjects/CollisionObject3D.cs:607)
       [26] bool Godot.PhysicsBody3D.InvokeGodotClassMethod(Godot.NativeInterop.godot_string_name&, Godot.NativeInterop.NativeVariantPtrArgs, Godot.NativeInterop.godot_variant&) (/root/godot/modules/mono/glue/GodotSharp/GodotSharp/Generated/GodotObjects/PhysicsBody3D.cs:239)
       [27] bool Godot.StaticBody3D.InvokeGodotClassMethod(Godot.NativeInterop.godot_string_name&, Godot.NativeInterop.NativeVariantPtrArgs, Godot.NativeInterop.godot_variant&) (/root/godot/modules/mono/glue/GodotSharp/GodotSharp/Generated/GodotObjects/StaticBody3D.cs:153)
       [28] bool Trackstorm.Client.Networking.NetworkVehicleBody.InvokeGodotClassMethod(Godot.NativeInterop.godot_string_name&, Godot.NativeInterop.NativeVariantPtrArgs, Godot.NativeInterop.godot_variant&) (C:\Users\orsin\OneDrive\Desktop\ThanTrick\Trackstorm\.godot\mono\temp\obj\Debug\Godot.SourceGenerators\Godot.SourceGenerators.ScriptMethodsGenerator\Trackstorm.Client.Networking.NetworkVehicleBody_ScriptMethods.generated.cs:60)
       [29] Godot.NativeInterop.godot_bool Godot.Bridge.CSharpInstanceBridge.Call(nint, Godot.NativeInterop.godot_string_name*, Godot.NativeInterop.godot_variant**, int, Godot.NativeInterop.godot_variant_call_error*, Godot.NativeInterop.godot_variant*) (/root/godot/modules/mono/glue/GodotSharp/GodotSharp/Core/Bridge/CSharpInstanceBridge.cs:24)
       [30] void Godot.NativeInterop.NativeFuncs.godotsharp_method_bind_ptrcall(nint, nint, System.Void**, System.Void*) (/root/godot/modules/mono/glue/GodotSharp/GodotSharp/Godot.SourceGenerators.Internal/Godot.SourceGenerators.Internal.UnmanagedCallbacksGenerator/Godot.NativeInterop.NativeFuncs.generated.cs:380)
       [31] void Godot.NativeCalls.godot_icall_3_912(nint, nint, nint, Godot.NativeInterop.godot_bool, int) (/root/godot/modules/mono/glue/GodotSharp/GodotSharp/Generated/NativeCalls.cs:8061)
       [32] void Godot.Node.AddChild(Godot.Node, bool, Godot.Node+InternalMode) (/root/godot/modules/mono/glue/GodotSharp/GodotSharp/Generated/GodotObjects/Node.cs:848)
       [33] void Trackstorm.Client.Verification.DestructibleEnvironmentChecks+<Scenario>d__4.MoveNext() (C:\Users\orsin\OneDrive\Desktop\ThanTrick\Trackstorm\code\Client\Verification\DestructibleEnvironmentChecks.cs:93)
       [34] void System.Runtime.CompilerServices.AsyncMethodBuilderCore.Start<TStateMachine>(TStateMachine&)
       [35] System.Threading.Tasks.Task Trackstorm.Client.Verification.DestructibleEnvironmentChecks.Scenario(bool, byte, float, float, float, bool)
       [36] void Trackstorm.Client.Verification.DestructibleEnvironmentChecks+<Run>d__3.MoveNext() (C:\Users\orsin\OneDrive\Desktop\ThanTrick\Trackstorm\code\Client\Verification\DestructibleEnvironmentChecks.cs:53)
       [37] void System.Threading.ExecutionContext.RunInternal(System.Threading.ExecutionContext, System.Threading.ContextCallback, object)
       [38] void System.Runtime.CompilerServices.AsyncTaskMethodBuilder`1+AsyncStateMachineBox`1.MoveNext()
       [39] void System.Threading.Tasks.AwaitTaskContinuation.RunCallback(System.Threading.ContextCallback, object, System.Threading.Tasks.Task&)
       [40] void System.Threading.Tasks.Task.RunContinuations(object)
       [41] bool System.Threading.Tasks.Task`1.TrySetResult(TResult)
       [42] void System.Runtime.CompilerServices.AsyncTaskMethodBuilder`1.SetExistingTaskResult(System.Threading.Tasks.Task`1[TResult], TResult)
       [43] void Trackstorm.Client.Verification.DestructibleEnvironmentChecks+<Scenario>d__4.MoveNext() (C:\Users\orsin\OneDrive\Desktop\ThanTrick\Trackstorm\code\Client\Verification\DestructibleEnvironmentChecks.cs:155)
       [44] void System.Threading.ExecutionContext.RunInternal(System.Threading.ExecutionContext, System.Threading.ContextCallback, object)
       [45] void System.Runtime.CompilerServices.AsyncTaskMethodBuilder`1+AsyncStateMachineBox`1.MoveNext()
       [46] void Godot.SignalAwaiter.SignalCallback(nint, Godot.NativeInterop.godot_variant**, int, Godot.NativeInterop.godot_bool*) (/root/godot/modules/mono/glue/GodotSharp/GodotSharp/Core/SignalAwaiter.cs:65)
destructible native network=True stage=1 speed=22 size=1 angle=0.00 tuning=True: up=0.354 angular=0.793 contactCount=4 end=<-8.263011, 1.1442859, -66.83044> root=EnvironmentRockState { Stage = 5, Damage = 0, ImpactReadyTick = 71, Offset = <-1.2086891, 0, -3.174916>, Velocity = <0, 0, 0> } pieces=5 finalDepth=6 plant=True
destructible native network=True stage=1 speed=22 size=1 angle=0.79 tuning=True: up=0.521 angular=0.470 contactCount=2 end=<-41.51225, 1.1436149, -41.771675> root=EnvironmentRockState { Stage = 5, Damage = 0, ImpactReadyTick = 101, Offset = <-3.1934807, 0, -2.5016026>, Velocity = <0, 0, 0> } pieces=5 finalDepth=6 plant=False
destructible native network=True stage=1 speed=2 size=2 angle=0.00 tuning=True: up=0.000 angular=0.071 contactCount=212 end=<0.0046400907, 1.2157534, 3.6350927> root=EnvironmentRockState { Stage = 1, Damage = 0, ImpactReadyTick = 0, Offset = <0, 0, 0>, Velocity = <0, 0, 0> } pieces=2 finalDepth=8 plant=True
destructible native network=True stage=1 speed=2 size=2 angle=0.79 tuning=True: up=0.000 angular=0.032 contactCount=132 end=<2.725184, 1.2308792, 2.754472> root=EnvironmentRockState { Stage = 1, Damage = 0, ImpactReadyTick = 0, Offset = <0, 0, 0>, Velocity = <0, 0, 0> } pieces=2 finalDepth=8 plant=False
destructible native network=True stage=1 speed=9 size=2 angle=0.00 tuning=True: up=0.000 angular=0.125 contactCount=388 end=<-0.044338964, 1.2786523, 3.5183964> root=EnvironmentRockState { Stage = 1, Damage = 156.91902, ImpactReadyTick = 40, Offset = <0, 0, 0>, Velocity = <0, 0, 0> } pieces=2 finalDepth=8 plant=True
destructible native network=True stage=1 speed=9 size=2 angle=0.79 tuning=True: up=0.000 angular=0.137 contactCount=279 end=<2.5679884, 1.295941, 2.6937423> root=EnvironmentRockState { Stage = 1, Damage = 156.42305, ImpactReadyTick = 38, Offset = <0, 0, 0>, Velocity = <0, 0, 0> } pieces=2 finalDepth=8 plant=False
destructible native network=True stage=1 speed=22 size=2 angle=0.00 tuning=True: up=0.458 angular=0.723 contactCount=2 end=<-3.0345607, 1.1438606, -57.129486> root=EnvironmentRockState { Stage = 6, Damage = 0, ImpactReadyTick = 116, Offset = <-1.6258886, 0, -4.872396>, Velocity = <0, 0, 0> } pieces=5 finalDepth=8 plant=True
destructible native network=True stage=1 speed=22 size=2 angle=0.79 tuning=True: up=0.172 angular=0.241 contactCount=2 end=<-40.02447, 1.1440095, -41.201622> root=EnvironmentRockState { Stage = 6, Damage = 0, ImpactReadyTick = 111, Offset = <-4.912501, 0, -3.5525794>, Velocity = <0, 0, 0> } pieces=5 finalDepth=8 plant=False
Environment recovery verified: Stage 2 damage 17, final rock and persistent cleared plants.
Environment recovery verified: Stage 2 damage 17, final rock and persistent cleared plants.
Environment UDP convergence: three native worlds, late join, 30ms delay/5ms jitter/2% loss, all 147 rocks and 2447 plants, 600-tick sustained cleared state.
Destructible environment checks: failures=1
