00:04.422  blend            | Read blend: "C:\Users\orsin\OneDrive\Desktop\ThanTrick\Trackstorm\assets\vehicles\source\TrackstormCar.blend"
INFO Draco is available, use library at C:\Program Files\Blender Foundation\Blender 5.2\5.2\scripts\addons_core\io_scene_gltf2\bf_intern_draco_bridge.dll
INFO MeshOptimizer is available, use library at C:\Program Files\Blender Foundation\Blender 5.2\5.2\scripts\addons_core\io_scene_gltf2\bf_intern_meshopt_bridge.dll
22:10:03 | INFO: Starting glTF 2.0 export
22:10:03 | INFO: Extracting primitive: Brake_L_Mesh.002
22:10:03 | INFO: Primitives created: 1
22:10:03 | INFO: Extracting primitive: Brake_R_Mesh.002
22:10:03 | INFO: Primitives created: 1
22:10:03 | INFO: Extracting primitive: Windshield_Mesh.001
22:10:03 | INFO: Primitives created: 1
22:10:03 | INFO: Extracting primitive: Windshield_Mesh.002
22:10:03 | INFO: Primitives created: 1
22:10:03 | INFO: Extracting primitive: Windshield_Mesh.003
22:10:03 | INFO: Primitives created: 1
22:10:03 | INFO: Extracting primitive: Windshield_Mesh.008
22:10:03 | INFO: Primitives created: 1
22:10:03 | INFO: Extracting primitive: FrameRail_Mesh.001
22:10:03 | INFO: Primitives created: 1
22:10:03 | INFO: Extracting primitive: Roof_Mesh.001
22:10:03 | INFO: Primitives created: 1
22:10:03 | INFO: Extracting primitive: DoorHandle_Mesh.001
22:10:03 | INFO: Primitives created: 1
22:10:03 | INFO: Extracting primitive: FrameCrossmember_Mesh.001
22:10:04 | INFO: Primitives created: 1
22:10:04 | INFO: Extracting primitive: StencilCore_Mesh.003
22:10:04 | INFO: Primitives created: 1
22:10:04 | INFO: Extracting primitive: StencilCore_Mesh.004
22:10:04 | INFO: Primitives created: 1
22:10:04 | INFO: Extracting primitive: FrontIndicator_Mesh.001
22:10:04 | INFO: Primitives created: 1
22:10:04 | INFO: Extracting primitive: FrontIndicator_Mesh.004
22:10:04 | INFO: Primitives created: 1
22:10:04 | INFO: Extracting primitive: Headlight_L_Mesh.002
22:10:04 | INFO: Primitives created: 1
22:10:04 | INFO: Extracting primitive: Headlight_R_Mesh.002
22:10:04 | INFO: Primitives created: 1
22:10:04 | INFO: Extracting primitive: StencilCore_Mesh.001
22:10:04 | INFO: Primitives created: 1
22:10:04 | INFO: Extracting primitive: Identification_Mesh.002
22:10:04 | INFO: Primitives created: 1
22:10:04 | INFO: Extracting primitive: RearIndicator_1_Mesh.002
22:10:04 | INFO: Primitives created: 1
22:10:04 | INFO: Extracting primitive: RearIndicator_-1_Mesh.002
22:10:04 | INFO: Primitives created: 1
22:10:04 | INFO: Extracting primitive: Reverse_L_Mesh.002
22:10:04 | INFO: Primitives created: 1
22:10:04 | INFO: Extracting primitive: Reverse_R_Mesh.002
22:10:04 | INFO: Primitives created: 1
22:10:04 | INFO: Extracting primitive: RoofAuxLight_0_Mesh.002
22:10:04 | INFO: Primitives created: 1
22:10:04 | INFO: Extracting primitive: RoofAuxLight_1_Mesh.002
22:10:04 | INFO: Primitives created: 1
22:10:04 | INFO: Extracting primitive: RoofAuxLight_2_Mesh.002
22:10:04 | INFO: Primitives created: 1
22:10:04 | INFO: Extracting primitive: RoofAuxLight_3_Mesh.002
22:10:04 | INFO: Primitives created: 1
22:10:04 | INFO: Extracting primitive: StencilCore_Mesh.002
22:10:04 | INFO: Primitives created: 1
22:10:04 | INFO: Extracting primitive: Cylinder.439
22:10:04 | INFO: Primitives created: 1
22:10:04 | INFO: Extracting primitive: Cylinder.446
22:10:04 | INFO: Primitives created: 1
22:10:04 | INFO: Extracting primitive: Cylinder.453
22:10:04 | INFO: Primitives created: 1
22:10:04 | INFO: Extracting primitive: Cylinder.460
22:10:04 | INFO: Primitives created: 1
22:10:04 | INFO: Extracting primitive: Cylinder.437
22:10:04 | INFO: Primitives created: 1
22:10:04 | INFO: Extracting primitive: Cylinder.444
22:10:04 | INFO: Primitives created: 1
22:10:04 | INFO: Extracting primitive: Cylinder.451
22:10:04 | INFO: Primitives created: 1
22:10:04 | INFO: Extracting primitive: Cylinder.458
22:10:04 | INFO: Primitives created: 1
22:10:04 | INFO: Extracting primitive: Cylinder.434
22:10:04 | INFO: Primitives created: 1
22:10:04 | INFO: Extracting primitive: Cylinder.435
22:10:04 | INFO: Primitives created: 1
22:10:04 | INFO: Extracting primitive: Cylinder.436
22:10:04 | INFO: Primitives created: 1
22:10:04 | INFO: Extracting primitive: SpringWire.008
22:10:04 | INFO: Primitives created: 1
22:10:04 | INFO: Extracting primitive: Cylinder.438
22:10:04 | INFO: Primitives created: 1
22:10:04 | INFO: Extracting primitive: SpringWire.009
22:10:04 | INFO: Primitives created: 1
22:10:04 | INFO: Extracting primitive: Cylinder.441
22:10:04 | INFO: Primitives created: 1
22:10:04 | INFO: Extracting primitive: Cylinder.442
22:10:04 | INFO: Primitives created: 1
22:10:04 | INFO: Extracting primitive: Cylinder.443
22:10:04 | INFO: Primitives created: 1
22:10:04 | INFO: Extracting primitive: SpringWire.010
22:10:04 | INFO: Primitives created: 1
22:10:04 | INFO: Extracting primitive: Cylinder.445
22:10:04 | INFO: Primitives created: 1
22:10:04 | INFO: Extracting primitive: SpringWire.011
22:10:04 | INFO: Primitives created: 1
22:10:04 | INFO: Extracting primitive: Cylinder.448
22:10:04 | INFO: Primitives created: 1
22:10:04 | INFO: Extracting primitive: Cylinder.449
22:10:04 | INFO: Primitives created: 1
22:10:04 | INFO: Extracting primitive: Cylinder.450
22:10:04 | INFO: Primitives created: 1
22:10:04 | INFO: Extracting primitive: SpringWire.012
22:10:04 | INFO: Primitives created: 1
22:10:04 | INFO: Extracting primitive: Cylinder.452
22:10:04 | INFO: Primitives created: 1
22:10:04 | INFO: Extracting primitive: SpringWire.013
22:10:04 | INFO: Primitives created: 1
22:10:04 | INFO: Extracting primitive: Cylinder.455
22:10:04 | INFO: Primitives created: 1
22:10:04 | INFO: Extracting primitive: Cylinder.456
22:10:04 | INFO: Primitives created: 1
22:10:04 | INFO: Extracting primitive: Cylinder.457
22:10:04 | INFO: Primitives created: 1
22:10:04 | INFO: Extracting primitive: SpringWire.014
22:10:04 | INFO: Primitives created: 1
22:10:04 | INFO: Extracting primitive: Cylinder.459
22:10:04 | INFO: Primitives created: 1
22:10:04 | INFO: Extracting primitive: SpringWire.015
22:10:04 | INFO: Primitives created: 1
22:10:04 | INFO: Extracting primitive: TailRunning_L_Mesh.002
22:10:04 | INFO: Primitives created: 1
22:10:04 | INFO: Extracting primitive: TailRunning_R_Mesh.002
22:10:04 | INFO: Primitives created: 1
22:10:04 | INFO: Extracting primitive: Cylinder.172
22:10:04 | INFO: Primitives created: 1
22:10:04 | INFO: Extracting primitive: Cylinder.173
22:10:04 | INFO: Primitives created: 1
22:10:04 | INFO: Extracting primitive: Cylinder.174
22:10:04 | INFO: Primitives created: 1
22:10:04 | INFO: Extracting primitive: Cylinder.175
22:10:04 | INFO: Primitives created: 1
22:10:04 | INFO: Extracting primitive: Cylinder.176
22:10:04 | INFO: Primitives created: 1
22:10:04 | INFO: Extracting primitive: Cylinder.177
22:10:04 | INFO: Primitives created: 1
22:10:04 | INFO: Extracting primitive: StencilCore_Mesh.006
22:10:04 | INFO: Primitives created: 1
22:10:04 | INFO: Extracting primitive: TrunkHingePin_Mesh.001
22:10:04 | INFO: Primitives created: 1
22:10:04 | INFO: Extracting primitive: TrunkHingePin_Mesh.002
22:10:04 | INFO: Primitives created: 1
22:10:04 | INFO: Extracting primitive: TrunkLid_L_Mesh.002
22:10:04 | INFO: Primitives created: 1
22:10:04 | INFO: Extracting primitive: TrunkPerimeter.001
22:10:04 | INFO: Primitives created: 1
22:10:04 | INFO: Extracting primitive: TrunkReinforcement_Mesh.001
22:10:04 | INFO: Primitives created: 1
22:10:04 | INFO: Extracting primitive: TrunkReinforcement_Mesh.002
22:10:04 | INFO: Primitives created: 1
22:10:04 | INFO: Extracting primitive: Cylinder.186
22:10:04 | INFO: Primitives created: 1
22:10:04 | INFO: Extracting primitive: Cylinder.187
22:10:04 | INFO: Primitives created: 1
22:10:04 | INFO: Extracting primitive: Cylinder.188
22:10:04 | INFO: Primitives created: 1
22:10:04 | INFO: Extracting primitive: Cylinder.189
22:10:04 | INFO: Primitives created: 1
22:10:04 | INFO: Extracting primitive: Cylinder.190
22:10:04 | INFO: Primitives created: 1
22:10:04 | INFO: Extracting primitive: Cylinder.191
22:10:04 | INFO: Primitives created: 1
22:10:04 | INFO: Extracting primitive: StencilCore_Mesh.012
22:10:04 | INFO: Primitives created: 1
22:10:04 | INFO: Extracting primitive: TrunkHingePin_Mesh.003
22:10:04 | INFO: Primitives created: 1
22:10:04 | INFO: Extracting primitive: TrunkHingePin_Mesh.008
22:10:04 | INFO: Primitives created: 1
22:10:04 | INFO: Extracting primitive: TrunkLid_R_Mesh.002
22:10:04 | INFO: Primitives created: 1
22:10:04 | INFO: Extracting primitive: TrunkPerimeter.004
22:10:04 | INFO: Primitives created: 1
22:10:04 | INFO: Extracting primitive: TrunkReinforcement_Mesh.003
22:10:04 | INFO: Primitives created: 1
22:10:04 | INFO: Extracting primitive: TrunkReinforcement_Mesh.008
22:10:04 | INFO: Primitives created: 1
22:10:04 | INFO: Extracting primitive: LiftPiston_1_Mesh.002
22:10:04 | INFO: Primitives created: 1
22:10:04 | INFO: Extracting primitive: LiftPiston_-1_Mesh.002
22:10:04 | INFO: Primitives created: 1
22:10:04 | INFO: Extracting primitive: Cylinder.194
22:10:04 | INFO: Primitives created: 1
22:10:04 | INFO: Extracting primitive: Cylinder.192
22:10:04 | INFO: Primitives created: 1
22:10:04 | INFO: Extracting primitive: Cylinder.195
22:10:04 | INFO: Primitives created: 1
22:10:04 | INFO: Extracting primitive: Cylinder.193
22:10:04 | INFO: Primitives created: 1
22:10:04 | INFO: Extracting primitive: RackBraceA_Mesh.002
22:10:04 | INFO: Primitives created: 1
22:10:04 | INFO: Extracting primitive: RackBraceB_Mesh.002
22:10:04 | INFO: Primitives created: 1
22:10:04 | INFO: Extracting primitive: RackCrossmember_Mesh.001
22:10:04 | INFO: Primitives created: 1
22:10:04 | INFO: Extracting primitive: RackCrossmember_Mesh.002
22:10:04 | INFO: Primitives created: 1
22:10:04 | INFO: Extracting primitive: RackCrossmember_Mesh.006
22:10:04 | INFO: Primitives created: 1
22:10:04 | INFO: Extracting primitive: RackRail_Mesh.001
22:10:04 | INFO: Primitives created: 1
22:10:04 | INFO: Extracting primitive: RackRail_Mesh.004
22:10:04 | INFO: Primitives created: 1
22:10:04 | INFO: Extracting primitive: WeaponSocketPlate_Mesh.001
22:10:04 | INFO: Primitives created: 1
22:10:04 | INFO: Extracting primitive: WeaponSocketPlate_Mesh.002
22:10:04 | INFO: Primitives created: 1
22:10:04 | INFO: Extracting primitive: WeaponSocketPlate_Mesh.003
22:10:04 | INFO: Primitives created: 1
22:10:04 | INFO: Extracting primitive: WeaponSocketPlate_Mesh.008
22:10:04 | INFO: Primitives created: 1
22:10:04 | INFO: Extracting primitive: Cylinder.440
22:10:04 | INFO: Primitives created: 1
22:10:04 | INFO: Extracting primitive: Cube.081
22:10:04 | INFO: Primitives created: 1
22:10:04 | INFO: Extracting primitive: WheelRim_FL_Mesh.001
22:10:04 | INFO: Primitives created: 1
22:10:04 | INFO: Extracting primitive: BeadBolt_Mesh.001
22:10:04 | INFO: Primitives created: 1
22:10:04 | INFO: Extracting primitive: ContinuousOffRoad_FL
22:10:04 | INFO: Primitives created: 1
22:10:04 | INFO: Extracting primitive: Beadlock_FL_Mesh.001
22:10:04 | INFO: Primitives created: 1
22:10:04 | INFO: Extracting primitive: Cylinder.447
22:10:04 | INFO: Primitives created: 1
22:10:04 | INFO: Extracting primitive: Cube.082
22:10:04 | INFO: Primitives created: 1
22:10:04 | INFO: Extracting primitive: WheelRim_FR_Mesh.001
22:10:04 | INFO: Primitives created: 1
22:10:04 | INFO: Extracting primitive: BeadBolt_Mesh.002
22:10:04 | INFO: Primitives created: 1
22:10:05 | INFO: Extracting primitive: ContinuousOffRoad_FR
22:10:05 | INFO: Primitives created: 1
22:10:05 | INFO: Extracting primitive: Beadlock_FR_Mesh.001
22:10:05 | INFO: Primitives created: 1
22:10:05 | INFO: Extracting primitive: Cylinder.454
22:10:05 | INFO: Primitives created: 1
22:10:05 | INFO: Extracting primitive: Cube.083
22:10:05 | INFO: Primitives created: 1
22:10:05 | INFO: Extracting primitive: WheelRim_RL_Mesh.001
22:10:05 | INFO: Primitives created: 1
22:10:05 | INFO: Extracting primitive: BeadBolt_Mesh.003
22:10:05 | INFO: Primitives created: 1
22:10:05 | INFO: Extracting primitive: ContinuousOffRoad_RL
22:10:05 | INFO: Primitives created: 1
22:10:05 | INFO: Extracting primitive: Beadlock_RL_Mesh.001
22:10:05 | INFO: Primitives created: 1
22:10:05 | INFO: Extracting primitive: Cylinder.461
22:10:05 | INFO: Primitives created: 1
22:10:05 | INFO: Extracting primitive: Cube.084
22:10:05 | INFO: Primitives created: 1
22:10:05 | INFO: Extracting primitive: WheelRim_RR_Mesh.001
22:10:05 | INFO: Primitives created: 1
22:10:05 | INFO: Extracting primitive: BeadBolt_Mesh.004
22:10:05 | INFO: Primitives created: 1
22:10:05 | INFO: Extracting primitive: ContinuousOffRoad_RR
22:10:05 | INFO: Primitives created: 1
22:10:05 | INFO: Extracting primitive: Beadlock_RR_Mesh.001
22:10:05 | INFO: Primitives created: 1
22:10:06 | INFO: Finished glTF 2.0 export in 2.6603455543518066 s

TS259_GAME_EXPORT 128
Blender 5.2.2 LTS (hash d13f752e3b9c built 2026-09-15 01:37:04)

Blender quit
