  Determining projects to restore...
  Restored C:\Users\j_gen\OneDrive\Documents\Game_Projects\Trackstorm\Trackstorm.Client.csproj (in 211 ms).
  2 of 3 projects are up-to-date for restore.
  Trackstorm.Core -> C:\Users\j_gen\OneDrive\Documents\Game_Projects\Trackstorm\code\Core\bin\Debug\net10.0\Trackstorm.Core.dll
  Epic.OnlineServices -> C:\Users\j_gen\OneDrive\Documents\Game_Projects\Trackstorm\third_party\eos\bin\Debug\net10.0\Epic.OnlineServices.dll
  Trackstorm.Client -> C:\Users\j_gen\OneDrive\Documents\Game_Projects\Trackstorm\.godot\mono\temp\bin\Debug\Trackstorm.Client.dll

Build succeeded.
    0 Warning(s)
    0 Error(s)

Time Elapsed 00:00:02.22
Godot Engine v4.7.2.stable.mono.official.ed1daf0bf - https://godotengine.org

Two impaired UDP peers: native shallow scraping remains non-damaging and continues along the wall.
ERROR: System.InvalidOperationException: head-on contact must retain vehicle attribution
   at Trackstorm.Client.Verification.EnvironmentCollisionNetworkChecks.Require(Boolean condition, String message) in C:\Users\j_gen\OneDrive\Documents\Game_Projects\Trackstorm\code\Client\Verification\EnvironmentCollisionNetworkChecks.cs:line 145
   at Trackstorm.Client.Verification.EnvironmentCollisionNetworkChecks._PhysicsProcess(Double delta) in C:\Users\j_gen\OneDrive\Documents\Game_Projects\Trackstorm\code\Client\Verification\EnvironmentCollisionNetworkChecks.cs:line 93
   at: void Trackstorm.Client.Verification.EnvironmentCollisionNetworkChecks._PhysicsProcess(double) (res://code/Client/Verification/EnvironmentCollisionNetworkChecks.cs:93)
   C# backtrace (most recent call first):
       [0] void Godot.GD.PushError(string) (/root/godot/modules/mono/glue/GodotSharp/GodotSharp/Core/GD.cs:366)
       [1] void Trackstorm.Client.Verification.EnvironmentCollisionNetworkChecks._PhysicsProcess(double) (C:\Users\j_gen\OneDrive\Documents\Game_Projects\Trackstorm\code\Client\Verification\EnvironmentCollisionNetworkChecks.cs:93)
       [2] bool Godot.Node.InvokeGodotClassMethod(Godot.NativeInterop.godot_string_name&, Godot.NativeInterop.NativeVariantPtrArgs, Godot.NativeInterop.godot_variant&) (/root/godot/modules/mono/glue/GodotSharp/GodotSharp/Generated/GodotObjects/Node.cs:2648)
       [3] bool Trackstorm.Client.Verification.EnvironmentCollisionNetworkChecks.InvokeGodotClassMethod(Godot.NativeInterop.godot_string_name&, Godot.NativeInterop.NativeVariantPtrArgs, Godot.NativeInterop.godot_variant&) (C:\Users\j_gen\OneDrive\Documents\Game_Projects\Trackstorm\.godot\mono\temp\obj\Debug\Godot.SourceGenerators\Godot.SourceGenerators.ScriptMethodsGenerator\Trackstorm.Client.Verification.EnvironmentCollisionNetworkChecks_ScriptMethods.generated.cs:100)
       [4] Godot.NativeInterop.godot_bool Godot.Bridge.CSharpInstanceBridge.Call(nint, Godot.NativeInterop.godot_string_name*, Godot.NativeInterop.godot_variant**, int, Godot.NativeInterop.godot_variant_call_error*, Godot.NativeInterop.godot_variant*) (/root/godot/modules/mono/glue/GodotSharp/GodotSharp/Core/Bridge/CSharpInstanceBridge.cs:24)
WARNING: 40 ObjectDB instances were leaked at exit (run with `--verbose` for details).
   at: cleanup (core/object/object.cpp:2536)
ERROR: 2 resources still in use at exit (run with --verbose for details).
   at: clear (core/io/resource.cpp:822)
