Godot Engine v4.7.2.stable.mono.official.ed1daf0bf - https://godotengine.org
OpenGL API 3.3.0 NVIDIA 610.78 - Compatibility - Using Device: NVIDIA - NVIDIA GeForce RTX 4070 Laptop GPU

Three UDP peers initialized
Host tuning applied
Accepted square appears via remote aim requests
Near-aim eligible rival receives disconnected brackets
AIM_FORWARD clear=True ready=True yaw=0 pitch=-0.022943277
Side/elevated mouse aim reaches authority
Deployed rack remains fixed on all peers
Observer receives accepted articulated aim
Rear aim accepted
Downward articulation cannot enter owner envelope
Native stick fine/full turn separation: fine=0.114, full=2.200 rad
Neutral stick does not automatically follow targets or recenter armed aim
Adjacent target retains compact accepted square
Side-by-side car uses compact square with surrounding corners faded
Alongside square remains onscreen with a physically clear accepted direction
Live elevated rival produces upward accepted aim
Repeated fast crossings of two nearby targets never steer neutral camera
Vehicle drives while aiming
Menu suppression clears marker immediately
Item switch selects shared Missile foundation
Native NOS granted
Native high-speed weapon granted
NOS request accepted
Real sustained NOS accelerates the native vehicle
Direct-fire aim resumes at high speed after selecting away from NOS
Removal retires authoritative aim and local marker
New life retires previous aiming capability
Fresh weapon restores aiming before lethal damage
Lethal damage and timed respawn fixture tuning accepted
Other vehicle receives a real missile
Real host missile use accepted
Actual missile explosion kills the aiming vehicle
Death carries authoritative missile attribution
Actual death clears accepted aim and square
Ordinary timed respawn creates a fresh living vehicle
Respawn cannot retain a dead weapon's marker
Weapon aiming integration passed: 35 checks; three native UDP peers.
