Godot Engine v4.7.2.stable.mono.official.ed1daf0bf - https://godotengine.org
OpenGL API 3.3.0 NVIDIA 610.78 - Compatibility - Using Device: NVIDIA - NVIDIA GeForce RTX 4070 Laptop GPU

Three UDP peers initialized
Host tuning applied
Accepted square appears via remote aim requests
Near-aim eligible rival receives disconnected brackets
AIM_FORWARD clear=False ready=False yaw=0 pitch=-0.11474785
Side mouse aim reaches authority with the original camera orbit limits
Deployed rack remains fixed on all peers
Observer receives accepted articulated aim
Rear aim accepted
Downward articulation cannot enter owner envelope
Native stick fine/full turn separation: fine=0.114, full=2.200 rad
Neutral stick restores the original chase view with a weapon selected
Adjacent target retains compact accepted square
Side-by-side car uses compact square with surrounding corners faded
ERROR: System.InvalidOperationException: Alongside square remains onscreen with a physically clear accepted direction
   at Trackstorm.Client.Verification.WeaponAimChecks.Require(Boolean condition, String message) in C:\Users\j_gen\Documents\Game Projects\Trackstorm\code\Client\Verification\WeaponAimChecks.cs:line 286
   at Trackstorm.Client.Verification.WeaponAimChecks.Run() in C:\Users\j_gen\Documents\Game Projects\Trackstorm\code\Client\Verification\WeaponAimChecks.cs:line 130
   at: void Trackstorm.Client.Verification.WeaponAimChecks+<Run>d__15.MoveNext() (res://code/Client/Verification/WeaponAimChecks.cs:130)
   C# backtrace (most recent call first):
       [0] void Godot.GD.PushError(string) (/root/godot/modules/mono/glue/GodotSharp/GodotSharp/Core/GD.cs:366)
       [1] void Trackstorm.Client.Verification.WeaponAimChecks+<Run>d__15.MoveNext() (C:\Users\j_gen\Documents\Game Projects\Trackstorm\code\Client\Verification\WeaponAimChecks.cs:130)
       [2] void System.Threading.ExecutionContext.RunInternal(System.Threading.ExecutionContext, System.Threading.ContextCallback, object)
       [3] void System.Runtime.CompilerServices.AsyncTaskMethodBuilder`1+AsyncStateMachineBox`1.MoveNext()
       [4] void System.Threading.Tasks.AwaitTaskContinuation.RunCallback(System.Threading.ContextCallback, object, System.Threading.Tasks.Task&)
       [5] void System.Threading.Tasks.Task.RunContinuations(object)
       [6] void System.Runtime.CompilerServices.AsyncTaskMethodBuilder`1.SetExistingTaskResult(System.Threading.Tasks.Task`1[TResult], TResult)
       [7] void Trackstorm.Client.Verification.WeaponAimChecks+<Capture>d__22.MoveNext() (C:\Users\j_gen\Documents\Game Projects\Trackstorm\code\Client\Verification\WeaponAimChecks.cs:283)
       [8] void System.Threading.ExecutionContext.RunInternal(System.Threading.ExecutionContext, System.Threading.ContextCallback, object)
       [9] void System.Runtime.CompilerServices.AsyncTaskMethodBuilder`1+AsyncStateMachineBox`1.MoveNext()
       [10] void Godot.SignalAwaiter.SignalCallback(nint, Godot.NativeInterop.godot_variant**, int, Godot.NativeInterop.godot_bool*) (/root/godot/modules/mono/glue/GodotSharp/GodotSharp/Core/SignalAwaiter.cs:65)
