Godot Engine v4.7.2.stable.mono.official.ed1daf0bf - https://godotengine.org

Three UDP peers initialized
Host tuning applied
Accepted square appears via remote aim requests
Near-aim eligible rival receives disconnected brackets
AIM_FORWARD clear=True ready=True yaw=0 pitch=-0.038098305
Side mouse aim reaches authority with the original camera orbit limits
Deployed rack remains fixed on all peers
Observer receives accepted articulated aim
Rear aim accepted
Downward articulation cannot enter owner envelope
Native stick fine/full turn separation: fine=0.122, full=2.200 rad
Neutral stick restores the original chase view with a weapon selected
Adjacent target retains compact accepted square
Side-by-side car uses compact square with surrounding corners faded
Alongside square remains onscreen on a chassis-safe accepted ray
A camera ray blocked by the owner cannot mark the weapon ready
Elevated rivals retain the square without overriding normal camera pitch limits
Repeated fast crossings never steer the camera while RMB holds the view
ERROR: System.InvalidOperationException: Vehicle drives while aiming
   at Trackstorm.Client.Verification.WeaponAimChecks.Require(Boolean condition, String message) in C:\Users\j_gen\Documents\Game Projects\Trackstorm\code\Client\Verification\WeaponAimChecks.cs:line 289
   at Trackstorm.Client.Verification.WeaponAimChecks.Run() in C:\Users\j_gen\Documents\Game Projects\Trackstorm\code\Client\Verification\WeaponAimChecks.cs:line 165
   at: void Trackstorm.Client.Verification.WeaponAimChecks+<Run>d__15.MoveNext() (res://code/Client/Verification/WeaponAimChecks.cs:165)
   C# backtrace (most recent call first):
       [0] void Godot.GD.PushError(string) (/root/godot/modules/mono/glue/GodotSharp/GodotSharp/Core/GD.cs:366)
       [1] void Trackstorm.Client.Verification.WeaponAimChecks+<Run>d__15.MoveNext() (C:\Users\j_gen\Documents\Game Projects\Trackstorm\code\Client\Verification\WeaponAimChecks.cs:165)
       [2] void System.Threading.ExecutionContext.RunInternal(System.Threading.ExecutionContext, System.Threading.ContextCallback, object)
       [3] void System.Threading.Tasks.AwaitTaskContinuation.RunCallback(System.Threading.ContextCallback, object, System.Threading.Tasks.Task&)
       [4] void System.Threading.Tasks.Task.RunContinuations(object)
       [5] void System.Runtime.CompilerServices.AsyncTaskMethodBuilder.SetResult()
       [6] void Trackstorm.Client.Verification.WeaponAimChecks+<Frames>d__18.MoveNext() (C:\Users\j_gen\Documents\Game Projects\Trackstorm\code\Client\Verification\WeaponAimChecks.cs:243)
       [7] void System.Threading.ExecutionContext.RunInternal(System.Threading.ExecutionContext, System.Threading.ContextCallback, object)
       [8] void System.Runtime.CompilerServices.AsyncTaskMethodBuilder`1+AsyncStateMachineBox`1.MoveNext()
       [9] void Godot.SignalAwaiter.SignalCallback(nint, Godot.NativeInterop.godot_variant**, int, Godot.NativeInterop.godot_bool*) (/root/godot/modules/mono/glue/GodotSharp/GodotSharp/Core/SignalAwaiter.cs:65)
WARNING: 73 ObjectDB instances were leaked at exit (run with `--verbose` for details).
   at: cleanup (core/object/object.cpp:2536)
ERROR: 7 resources still in use at exit (run with --verbose for details).
   at: clear (core/io/resource.cpp:822)
