Godot Engine v4.7.2.stable.mono.official.ed1daf0bf - https://godotengine.org

Three UDP peers initialized
Host tuning applied
Centered camera cursor appears alongside remote accepted aim
Center-ray car intersection replaces square with disconnected brackets
Camera intent stays at viewport center while car brackets are shown
A near-axis miss returns to the small square without a target lock
Small square is centered when aiming beside a rival
Intervening native cover prevents car brackets
Covered car leaves the small square at camera center
Removing cover restores brackets on the directly intersected car
AIM_FORWARD clear=True ready=True yaw=-8.206497E-06 pitch=-0.022578401
Square remains centered immediately after mouse yaw and upward tilt under network impairment
Looking away from a car removes its brackets immediately
Cursor follows the new viewport center after resizing
Side mouse aim reaches authority with the original camera orbit limits
Deployed rack remains fixed on all peers
Observer receives accepted articulated aim
Rear aim accepted
Downward tilt and weapon self-clearance limits cannot displace the camera cursor
Downward articulation cannot enter owner envelope
Fine controller camera rotation retains a centered cursor
Native stick fine/full turn separation: fine=0.116, full=2.126 rad
Ordinary camera recentering retains a centered cursor
Neutral stick restores the original chase view with a weapon selected
ERROR: System.InvalidOperationException: Directly intersected close car receives brackets instead of a distance-based square fallback
   at Trackstorm.Client.Verification.WeaponAimChecks.Require(Boolean condition, String message) in C:\Users\j_gen\Documents\Game Projects\Trackstorm\code\Client\Verification\WeaponAimChecks.cs:line 342
   at Trackstorm.Client.Verification.WeaponAimChecks.Run() in C:\Users\j_gen\Documents\Game Projects\Trackstorm\code\Client\Verification\WeaponAimChecks.cs:line 148
   at: void Trackstorm.Client.Verification.WeaponAimChecks+<Run>d__15.MoveNext() (res://code/Client/Verification/WeaponAimChecks.cs:148)
   C# backtrace (most recent call first):
       [0] void Godot.GD.PushError(string) (/root/godot/modules/mono/glue/GodotSharp/GodotSharp/Core/GD.cs:366)
       [1] void Trackstorm.Client.Verification.WeaponAimChecks+<Run>d__15.MoveNext() (C:\Users\j_gen\Documents\Game Projects\Trackstorm\code\Client\Verification\WeaponAimChecks.cs:148)
       [2] void System.Threading.ExecutionContext.RunInternal(System.Threading.ExecutionContext, System.Threading.ContextCallback, object)
       [3] void System.Runtime.CompilerServices.AsyncTaskMethodBuilder`1+AsyncStateMachineBox`1.MoveNext()
       [4] void System.Threading.Tasks.AwaitTaskContinuation.RunCallback(System.Threading.ContextCallback, object, System.Threading.Tasks.Task&)
       [5] void System.Threading.Tasks.Task.RunContinuations(object)
       [6] void System.Runtime.CompilerServices.AsyncTaskMethodBuilder`1.SetExistingTaskResult(System.Threading.Tasks.Task`1[TResult], TResult)
       [7] void Trackstorm.Client.Verification.WeaponAimChecks+<Frames>d__21.MoveNext() (C:\Users\j_gen\Documents\Game Projects\Trackstorm\code\Client\Verification\WeaponAimChecks.cs:296)
       [8] void System.Threading.ExecutionContext.RunInternal(System.Threading.ExecutionContext, System.Threading.ContextCallback, object)
       [9] void System.Runtime.CompilerServices.AsyncTaskMethodBuilder`1+AsyncStateMachineBox`1.MoveNext()
       [10] void Godot.SignalAwaiter.SignalCallback(nint, Godot.NativeInterop.godot_variant**, int, Godot.NativeInterop.godot_bool*) (/root/godot/modules/mono/glue/GodotSharp/GodotSharp/Core/SignalAwaiter.cs:65)
Exception: C:\Users\j_gen\Documents\Game Projects\Trackstorm\check-weapon-aim.ps1:18
Line |
  18 |  …  passed:')) { throw "Weapon aiming checks failed: $outputDirectory" }
     |                  ~~~~~~~~~~~~~~~~~~~~~~~~~~~~~~~~~~~~~~~~~~~~~~~~~~~~~
     | Weapon aiming checks failed: C:\Users\j_gen\Documents\Game
     | Projects\Trackstorm\.godot\aim-checks\5b058dfed4654aaaa5e3f18f1791d30c


