Godot Engine v4.7.2.stable.mono.official.ed1daf0bf - https://godotengine.org

Transport peer 1: Connecting; None; 
Transport peer 2: Connecting; None; 
Transport peer 3: Connecting; None; 
Transport peer 4: Connecting; None; 
Transport peer 5: Connecting; None; 
Transport peer 6: Connecting; None; 
Transport peer 7: Connecting; None; 
Transport peer 1: Connecting; None; 
Transport peer 1: Connected; None; 
Transport peer 1: Connecting; None; 
Transport peer 1: Connected; None; 
Transport peer 1: Connecting; None; 
Transport peer 1: Connected; None; 
Transport peer 1: Connecting; None; 
Transport peer 1: Connected; None; 
Transport peer 1: Connecting; None; 
Transport peer 1: Connected; None; 
Transport peer 1: Connecting; None; 
Transport peer 1: Connected; None; 
Transport peer 1: Connecting; None; 
Transport peer 1: Connected; None; 
Transport peer 1: Connected; None; 
Transport peer 2: Connected; None; 
Transport peer 3: Connected; None; 
Transport peer 4: Connected; None; 
Transport peer 5: Connected; None; 
Transport peer 6: Connected; None; 
Transport peer 7: Connected; None; 
Lobby stage 0: Eight production UIs joined; names and IDs match; unready start rejected.
Lobby stage 1: Targeted ready replicated to all eight peers.
Lobby stage 2: Targeted unready replicated to all peers.
Lobby stage 3: Non-host start intent submitted over the real transport.
Lobby stage 4: Host rejected non-host start; one host UI start command issued.
Remote tag native boundaries passed: full/damaged/healed/zero/respawn, Unicode, rotations, depth testing and stable node identity (synthetic snapshots).
Lobby stage 5: All eight peers entered Podium with retained Finished results; host explicitly returned.
Lobby stage 6: Return preserved identities and cleared readiness on every peer.
Lobby stage 7: Ready client left the lobby.
Transport peer 7: Disconnected; RemoteRequest; Transport stopped
Lobby stage 8: Disconnect removal replicated to all remaining peers; rejoining.
Transport peer 8: Connecting; None; 
Transport peer 1: Connecting; None; 
Transport peer 1: Connected; None; 
Transport peer 8: Connected; None; 
Lobby stage 9: Replacement joined with fresh identity; readying second match.
Lobby stage 10: Second host start issued on the retained session connection.
Lobby stage 11: Second Finished handoff succeeded; client departed during results.
Lobby stage 12: Arena departure retained the vehicle; host ended the match.
Transport peer 8: Disconnected; RemoteRequest; Transport stopped
Lobby stage 13: Return released the eighth reservation; readying seven players for active admission.
Lobby stage 14: Seven-player match started before fresh client joins.
Lobby stage 15: Fresh eighth client joining after authoritative gameplay is active.
Transport peer 9: Connecting; None; 
Transport peer 1: Connecting; None; 
Transport peer 1: Connected; None; 
Transport peer 9: Connected; None; 
Transport peer 1: Disconnected; Shutdown; Transport stopped
Transport peer 9: Disconnected; RemoteRequest; Transport stopped
Transport peer 10: Connecting; None; 
Transport peer 1: Connecting; None; 
Transport peer 1: Connected; None; 
Transport peer 10: Connected; None; 
Lobby stage 16: Fresh client bootstrapped into active native gameplay exactly once; testing retained-slot capacity.
Lobby stage 17: Attempted fresh admission with seven connected plus one retained participant.
Transport peer 10: Disconnected; RemoteRequest; Transport stopped
Transport peer 11: Connecting; None; 
Transport peer 1: Connecting; None; 
Transport peer 1: Connected; None; 
Transport peer 11: Connected; None; 
Lobby stage 18: Authoritative retained-slot rejection preserved all eight vehicles; host closed the session.
Transport peer 1: Disconnected; RemoteRequest; Transport stopped
Transport peer 1: Disconnected; RemoteRequest; Transport stopped
Transport peer 1: Disconnected; RemoteRequest; Transport stopped
Transport peer 1: Disconnected; RemoteRequest; Transport stopped
Transport peer 1: Disconnected; RemoteRequest; Transport stopped
Transport peer 1: Disconnected; RemoteRequest; Transport stopped
Lobby integration passed: Eight production UIs joined; names and IDs match; unready start rejected.
Targeted ready replicated to all eight peers.
Targeted unready replicated to all peers.
Non-host start intent submitted over the real transport.
Host rejected non-host start; one host UI start command issued.
All eight peers entered Podium with retained Finished results; host explicitly returned.
Return preserved identities and cleared readiness on every peer.
Ready client left the lobby.
Disconnect removal replicated to all remaining peers; rejoining.
Replacement joined with fresh identity; readying second match.
Second host start issued on the retained session connection.
Second Finished handoff succeeded; client departed during results.
Arena departure retained the vehicle; host ended the match.
Return released the eighth reservation; readying seven players for active admission.
Seven-player match started before fresh client joins.
Fresh eighth client joining after authoritative gameplay is active.
Interrupted the fresh client after roster assignment and before checkpoint activation.
Interrupted bootstrap released its slot without a vehicle or score row; retrying fresh admission.
Fresh client bootstrapped into active native gameplay exactly once; testing retained-slot capacity.
Attempted fresh admission with seven connected plus one retained participant.
Authoritative retained-slot rejection preserved all eight vehicles; host closed the session.
Host loss returned all clients to Host/Join and removed every arena.
Lobby verification artifacts: C:\Users\orsin\OneDrive\Desktop\ThanTrick\Trackstorm\.godot\lobby-checks\01080d41c3a34dbaa6cde68bfbfc9670
