Godot Engine v4.7.2.stable.mono.official.ed1daf0bf - https://godotengine.org

{"Host":true,"Map":"res://scenes/maps/oval_foundation.tscn","LargestRoster":8,"LocalVehicle":1,"Tick":1443,"Snapshots":0,"ImmediateFrames":0,"DriftFrames":0,"HandbrakeFrames":79,"ErrorP99":0,"ErrorMaximum":0,"InterpolationDelay":0,"LargeCorrections":0,"CorrectionDetails":[],"LastAcknowledged":0,"Position":[51.597717,0.8999996,56.051697],"HP":1000,"Grounded":true,"PropTick":null,"PropTravel":0,"PropReplicaError":0,"PropPositions":null}
Live camera playtest passed: mouse orbit/smooth return, two-axis controller orbit/noisy-neutral return, displayed vehicle pose.
Network vehicle integration passed.

Godot Engine v4.7.2.stable.mono.official.ed1daf0bf - https://godotengine.org

{"Host":false,"Map":"res://scenes/maps/oval_foundation.tscn","LargestRoster":8,"LocalVehicle":4,"Tick":1038,"Snapshots":345,"ImmediateFrames":848,"DriftFrames":0,"HandbrakeFrames":74,"ErrorP99":1.1174947,"ErrorMaximum":6.225548,"InterpolationDelay":0,"LargeCorrections":2,"CorrectionDetails":[{"Seconds":0.5833333333333335,"Error":1.0673702,"Tick":142,"Ack":22,"Pending":13,"HP":1000,"Position":"\u003C-7.8035626, 0.8999973, 85.98313\u003E","Speed":1.7182846},{"Seconds":2.1333333333333306,"Error":6.225548,"Tick":176,"Ack":123,"Pending":5,"HP":1000,"Position":"\u003C-5.58743, 0.8999524, 85.139694\u003E","Speed":6.3446875},{"Seconds":2.966666666666661,"Error":1.1174947,"Tick":203,"Ack":164,"Pending":14,"HP":1000,"Position":"\u003C-3.4995809, 0.8999816, 83.95151\u003E","Speed":4.052779},{"Seconds":3.9166666666666576,"Error":1.728174,"Tick":253,"Ack":231,"Pending":4,"HP":1000,"Position":"\u003C1.5018858, 0.8999698, 80.0906\u003E","Speed":10.851124},{"Seconds":4.333333333333323,"Error":1.2556723,"Tick":284,"Ack":255,"Pending":5,"HP":1000,"Position":"\u003C6.290771, 0.899983, 76.25364\u003E","Speed":11.707044},{"Seconds":5.016666666666654,"Error":5.0132236,"Tick":317,"Ack":296,"Pending":5,"HP":1000,"Position":"\u003C11.036849, 0.89999735, 72.45707\u003E","Speed":9.996172}],"LastAcknowledged":955,"Position":[27.351816,0.9000006,59.405388],"HP":1000,"Grounded":true,"PropTick":null,"PropTravel":0,"PropReplicaError":0,"PropPositions":null}
Live camera playtest passed: mouse orbit/smooth return, two-axis controller orbit/noisy-neutral return, displayed vehicle pose.
Network vehicle integration passed.

Godot Engine v4.7.2.stable.mono.official.ed1daf0bf - https://godotengine.org

{"Host":false,"Map":"res://scenes/maps/oval_foundation.tscn","LargestRoster":8,"LocalVehicle":3,"Tick":1020,"Snapshots":339,"ImmediateFrames":836,"DriftFrames":0,"HandbrakeFrames":74,"ErrorP99":1.5301378,"ErrorMaximum":3.747062,"InterpolationDelay":167.7317999999976,"LargeCorrections":1,"CorrectionDetails":[{"Seconds":0.6500000000000004,"Error":1.5301378,"Tick":119,"Ack":34,"Pending":5,"HP":1000,"Position":"\u003C-7.940399, 0.8999998, 95.99819\u003E","Speed":0.9065156},{"Seconds":2.1333333333333306,"Error":3.747062,"Tick":165,"Ack":107,"Pending":21,"HP":1000,"Position":"\u003C-4.907943, 0.89996225, 95.048996\u003E","Speed":6.90977},{"Seconds":2.1333333333333306,"Error":1.5692376,"Tick":150,"Ack":125,"Pending":3,"HP":1000,"Position":"\u003C-6.398205, 0.8999648, 95.54055\u003E","Speed":5.029866},{"Seconds":4.216666666666657,"Error":1.0699154,"Tick":252,"Ack":250,"Pending":3,"HP":1000,"Position":"\u003C-0.5742512, 0.8999679, 91.838005\u003E","Speed":8.633682},{"Seconds":4.783333333333322,"Error":2.2758155,"Tick":293,"Ack":282,"Pending":5,"HP":1000,"Position":"\u003C5.4833236, 0.89996743, 87.01642\u003E","Speed":12.901887},{"Seconds":5.316666666666653,"Error":2.943937,"Tick":317,"Ack":314,"Pending":5,"HP":1000,"Position":"\u003C9.640616, 0.8999868, 83.68262\u003E","Speed":12.902606}],"LastAcknowledged":955,"Position":[24.16776,0.9000001,72.05822],"HP":1000,"Grounded":true,"PropTick":null,"PropTravel":0,"PropReplicaError":0,"PropPositions":null}
Live camera playtest passed: mouse orbit/smooth return, two-axis controller orbit/noisy-neutral return, displayed vehicle pose.
Network vehicle integration passed.

Godot Engine v4.7.2.stable.mono.official.ed1daf0bf - https://godotengine.org

{"Host":false,"Map":"res://scenes/maps/oval_foundation.tscn","LargestRoster":8,"LocalVehicle":6,"Tick":1058,"Snapshots":350,"ImmediateFrames":851,"DriftFrames":0,"HandbrakeFrames":80,"ErrorP99":2.143766,"ErrorMaximum":5.095395,"InterpolationDelay":194.87700000000055,"LargeCorrections":2,"CorrectionDetails":[{"Seconds":0.8333333333333343,"Error":2.5888,"Tick":165,"Ack":44,"Pending":6,"HP":1000,"Position":"\u003C-15.903615, 0.89999926, 85.995514\u003E","Speed":1.1733631},{"Seconds":2.3166666666666633,"Error":5.095395,"Tick":229,"Ack":99,"Pending":40,"HP":1000,"Position":"\u003C-10.43984, 0.8999788, 84.18268\u003E","Speed":7.286713},{"Seconds":2.33333333333333,"Error":3.868681,"Tick":199,"Ack":133,"Pending":7,"HP":1000,"Position":"\u003C-13.991608, 0.8999615, 85.38274\u003E","Speed":5.1362934},{"Seconds":3.6333333333333253,"Error":1.0194577,"Tick":252,"Ack":215,"Pending":3,"HP":1000,"Position":"\u003C-10.94242, 0.8999872, 83.37949\u003E","Speed":6.126512},{"Seconds":4.0666666666666575,"Error":1.6628866,"Tick":284,"Ack":239,"Pending":5,"HP":1000,"Position":"\u003C-7.459122, 0.899968, 80.61628\u003E","Speed":10.415443},{"Seconds":4.3666666666666565,"Error":1.6585708,"Tick":306,"Ack":259,"Pending":3,"HP":1000,"Position":"\u003C-4.0599475, 0.89996654, 77.886955\u003E","Speed":12.868929},{"Seconds":4.683333333333322,"Error":2.143766,"Tick":317,"Ack":276,"Pending":5,"HP":1000,"Position":"\u003C-2.2547638, 0.89997625, 76.43995\u003E","Speed":12.6484785},{"Seconds":5.083333333333321,"Error":1.4169819,"Tick":342,"Ack":302,"Pending":3,"HP":1000,"Position":"\u003C1.6247035, 0.89999455, 73.334496\u003E","Speed":11.729763},{"Seconds":5.349999999999986,"Error":1.8555502,"Tick":369,"Ack":318,"Pending":3,"HP":1000,"Position":"\u003C5.3404927, 0.8999991, 70.36158\u003E","Speed":10.406751},{"Seconds":5.983333333333317,"Error":2.7517548,"Tick":406,"Ack":355,"Pending":4,"HP":1000,"Position":"\u003C10.555856, 0.89999646, 66.18921\u003E","Speed":9.94602},{"Seconds":6.383333333333316,"Error":1.0026047,"Tick":432,"Ack":380,"Pending":3,"HP":1000,"Position":"\u003C13.814716, 0.89999133, 63.58212\u003E","Speed":7.62612}],"LastAcknowledged":950,"Position":[15.774663,0.89999926,62.014168],"HP":1000,"Grounded":true,"PropTick":null,"PropTravel":0,"PropReplicaError":0,"PropPositions":null}

ERROR: System.InvalidOperationException: Live camera: RMB orbit follows the displayed pose.
   at Trackstorm.Client.Verification.CameraPlaytest.<Run>g__Require|0_4(Boolean condition, String message) in C:\Users\orsin\OneDrive\Desktop\ThanTrick\Trackstorm\code\Client\Verification\CameraPlaytest.cs:line 47
   at Trackstorm.Client.Verification.CameraPlaytest.Run(Node owner, VehicleChaseCamera camera, PlayerInput input, Func`1 pose, String output, Action respawn) in C:\Users\orsin\OneDrive\Desktop\ThanTrick\Trackstorm\code\Client\Verification\CameraPlaytest.cs:line 64
   at Trackstorm.Client.Verification.NetworkVehicleChecks.Complete() in C:\Users\orsin\OneDrive\Desktop\ThanTrick\Trackstorm\code\Client\Verification\NetworkVehicleChecks.cs:line 201
   at: void Trackstorm.Client.Verification.NetworkVehicleChecks+<Complete>d__22.MoveNext() (res://code/Client/Verification/NetworkVehicleChecks.cs:201)
   C# backtrace (most recent call first):
       [0] void Godot.GD.PushError(string) (/root/godot/modules/mono/glue/GodotSharp/GodotSharp/Core/GD.cs:366)
       [1] void Trackstorm.Client.Verification.NetworkVehicleChecks+<Complete>d__22.MoveNext() (C:\Users\orsin\OneDrive\Desktop\ThanTrick\Trackstorm\code\Client\Verification\NetworkVehicleChecks.cs:201)
       [2] void System.Threading.ExecutionContext.RunInternal(System.Threading.ExecutionContext, System.Threading.ContextCallback, object)
       [3] void System.Runtime.CompilerServices.AsyncTaskMethodBuilder`1+AsyncStateMachineBox`1.MoveNext(System.Threading.Thread)
       [4] void System.Threading.Tasks.AwaitTaskContinuation.RunCallback(System.Threading.ContextCallback, object, System.Threading.Tasks.Task&)
       [5] void System.Threading.Tasks.Task.RunContinuations(object)
       [6] void System.Threading.Tasks.Task.FinishSlow(bool)
       [7] bool System.Threading.Tasks.Task.TrySetException(object)
       [8] void System.Runtime.CompilerServices.AsyncTaskMethodBuilder`1.SetException(System.Exception, System.Threading.Tasks.Task`1[TResult]&)
       [9] void Trackstorm.Client.Verification.CameraPlaytest+<Run>d__0.MoveNext() (C:\Users\orsin\OneDrive\Desktop\ThanTrick\Trackstorm\code\Client\Verification\CameraPlaytest.cs:64)
       [10] void System.Threading.ExecutionContext.RunInternal(System.Threading.ExecutionContext, System.Threading.ContextCallback, object)
       [11] void System.Runtime.CompilerServices.AsyncTaskMethodBuilder`1+AsyncStateMachineBox`1.MoveNext(System.Threading.Thread)
       [12] void System.Threading.Tasks.AwaitTaskContinuation.RunCallback(System.Threading.ContextCallback, object, System.Threading.Tasks.Task&)
       [13] void System.Threading.Tasks.Task.RunContinuations(object)
       [14] bool System.Threading.Tasks.Task`1.TrySetResult(TResult)
       [15] void System.Runtime.CompilerServices.AsyncTaskMethodBuilder`1.SetExistingTaskResult(System.Threading.Tasks.Task`1[TResult], TResult)
       [16] void Trackstorm.Client.Verification.CameraPlaytest+<>c__DisplayClass0_0+<<Run>g__Wait|1>d.MoveNext() (C:\Users\orsin\OneDrive\Desktop\ThanTrick\Trackstorm\code\Client\Verification\CameraPlaytest.cs:27)
       [17] void System.Threading.ExecutionContext.RunInternal(System.Threading.ExecutionContext, System.Threading.ContextCallback, object)
       [18] void System.Runtime.CompilerServices.AsyncTaskMethodBuilder`1+AsyncStateMachineBox`1.MoveNext(System.Threading.Thread)
       [19] void Godot.SignalAwaiter.SignalCallback(nint, Godot.NativeInterop.godot_variant**, int, Godot.NativeInterop.godot_bool*) (/root/godot/modules/mono/glue/GodotSharp/GodotSharp/Core/SignalAwaiter.cs:65)

