Godot Engine v4.7.2.stable.mono.official.ed1daf0bf - https://godotengine.org

{"Host":true,"Map":"res://scenes/maps/oval_foundation.tscn","LargestRoster":8,"LocalVehicle":1,"Tick":1446,"Snapshots":0,"ImmediateFrames":0,"DriftFrames":0,"HandbrakeFrames":79,"ErrorP99":0,"ErrorMaximum":0,"InterpolationDelay":0,"LargeCorrections":0,"CorrectionDetails":[],"LastAcknowledged":0,"Position":[52.099514,0.900002,55.705605],"HP":1000,"Grounded":true,"PropTick":null,"PropTravel":0,"PropReplicaError":0,"PropPositions":null}
Live camera playtest passed: mouse orbit/smooth return, two-axis controller orbit/noisy-neutral return, displayed vehicle pose.
Network vehicle integration passed.

Godot Engine v4.7.2.stable.mono.official.ed1daf0bf - https://godotengine.org

{"Host":false,"Map":"res://scenes/maps/oval_foundation.tscn","LargestRoster":8,"LocalVehicle":4,"Tick":885,"Snapshots":295,"ImmediateFrames":872,"DriftFrames":5,"HandbrakeFrames":85,"ErrorP99":2.1470892,"ErrorMaximum":4.769812,"InterpolationDelay":250.57540000001003,"LargeCorrections":2,"CorrectionDetails":[{"Seconds":1.0666666666666678,"Error":2.1470892,"Tick":132,"Ack":28,"Pending":36,"HP":1000,"Position":"\u003C-6.5448966, 0.89997065, 85.67001\u003E","Speed":4.8714194},{"Seconds":1.0666666666666678,"Error":1.448456,"Tick":102,"Ack":61,"Pending":3,"HP":1000,"Position":"\u003C-7.9554877, 0.900001, 85.99904\u003E","Speed":0.7738865},{"Seconds":2.1333333333333306,"Error":4.769812,"Tick":160,"Ack":97,"Pending":31,"HP":1000,"Position":"\u003C-4.253728, 0.8999702, 85.49624\u003E","Speed":6.9694433},{"Seconds":2.1333333333333306,"Error":2.363906,"Tick":135,"Ack":125,"Pending":3,"HP":1000,"Position":"\u003C-6.5790615, 0.89998704, 85.92153\u003E","Speed":3.6885412},{"Seconds":3.9166666666666576,"Error":2.0202806,"Tick":196,"Ack":231,"Pending":4,"HP":1000,"Position":"\u003C-4.151412, 0.8999828, 85.338905\u003E","Speed":4.524612},{"Seconds":4.383333333333323,"Error":1.7395182,"Tick":220,"Ack":259,"Pending":4,"HP":1000,"Position":"\u003C-1.9589834, 0.8999585, 84.16564\u003E","Speed":7.8301625},{"Seconds":4.966666666666654,"Error":1.6872044,"Tick":252,"Ack":295,"Pending":3,"HP":1000,"Position":"\u003C2.3171976, 0.8999573, 81.03478\u003E","Speed":11.3666},{"Seconds":5.3833333333333195,"Error":3.4205484,"Tick":260,"Ack":318,"Pending":5,"HP":1000,"Position":"\u003C3.527396, 0.89996564, 80.06823\u003E","Speed":11.726914},{"Seconds":5.633333333333319,"Error":1.57524,"Tick":271,"Ack":334,"Pending":4,"HP":1000,"Position":"\u003C5.2775145, 0.8999761, 78.65708\u003E","Speed":12.468027},{"Seconds":6.133333333333317,"Error":2.1187508,"Tick":297,"Ack":362,"Pending":6,"HP":1000,"Position":"\u003C9.488741, 0.8999883, 75.27227\u003E","Speed":11.853535},{"Seconds":6.566666666666649,"Error":1.1407174,"Tick":310,"Ack":390,"Pending":4,"HP":1000,"Position":"\u003C11.2705, 0.89998794, 73.84585\u003E","Speed":9.403245},{"Seconds":7.066666666666647,"Error":1.3148856,"Tick":324,"Ack":421,"Pending":3,"HP":1000,"Position":"\u003C12.726373, 0.8999617, 72.681175\u003E","Speed":6.766016}],"LastAcknowledged":955,"Position":[14.396444,0.90000033,71.34522],"HP":1000,"Grounded":true,"PropTick":null,"PropTravel":0,"PropReplicaError":0,"PropPositions":null}

ERROR: System.InvalidOperationException: Live camera: RMB orbit follows the displayed pose (offset=0, up=(0.0001306119, 1, -0.0001044814), camera=(-0.39883715, -0.8961013, 0)).
   at Trackstorm.Client.Verification.CameraPlaytest.<Run>g__Require|0_4(Boolean condition, String message) in C:\Users\orsin\OneDrive\Desktop\ThanTrick\Trackstorm\code\Client\Verification\CameraPlaytest.cs:line 47
   at Trackstorm.Client.Verification.CameraPlaytest.Run(Node owner, VehicleChaseCamera camera, PlayerInput input, Func`1 pose, String output, Action respawn) in C:\Users\orsin\OneDrive\Desktop\ThanTrick\Trackstorm\code\Client\Verification\CameraPlaytest.cs:line 64
   at Trackstorm.Client.Verification.NetworkVehicleChecks.Complete() in C:\Users\orsin\OneDrive\Desktop\ThanTrick\Trackstorm\code\Client\Verification\NetworkVehicleChecks.cs:line 201
   at: void Trackstorm.Client.Verification.NetworkVehicleChecks+<Complete>d__22.MoveNext() (res://code/Client/Verification/NetworkVehicleChecks.cs:201)
   C# backtrace (most recent call first):
       [0] void Godot.GD.PushError(string) (/root/godot/modules/mono/glue/GodotSharp/GodotSharp/Core/GD.cs:366)
       [1] void Trackstorm.Client.Verification.NetworkVehicleChecks+<Complete>d__22.MoveNext() (C:\Users\orsin\OneDrive\Desktop\ThanTrick\Trackstorm\code\Client\Verification\NetworkVehicleChecks.cs:201)
       [2] void System.Threading.ExecutionContext.RunInternal(System.Threading.ExecutionContext, System.Threading.ContextCallback, object)
       [3] void System.Runtime.CompilerServices.AsyncTaskMethodBuilder`1+AsyncStateMachineBox`1.MoveNext(System.Threading.Thread)
       [4] void System.Threading.Tasks.AwaitTaskContinuation.RunCallback(System.Threading.ContextCallback, object, System.Threading.Tasks.Task&)
       [5] void System.Threading.Tasks.Task.RunContinuations(object)
       [6] void System.Threading.Tasks.Task.FinishSlow(bool)
       [7] bool System.Threading.Tasks.Task.TrySetException(object)
       [8] void System.Runtime.CompilerServices.AsyncTaskMethodBuilder`1.SetException(System.Exception, System.Threading.Tasks.Task`1[TResult]&)
       [9] void Trackstorm.Client.Verification.CameraPlaytest+<Run>d__0.MoveNext() (C:\Users\orsin\OneDrive\Desktop\ThanTrick\Trackstorm\code\Client\Verification\CameraPlaytest.cs:64)
       [10] void System.Threading.ExecutionContext.RunInternal(System.Threading.ExecutionContext, System.Threading.ContextCallback, object)
       [11] void System.Runtime.CompilerServices.AsyncTaskMethodBuilder`1+AsyncStateMachineBox`1.MoveNext(System.Threading.Thread)
       [12] void System.Threading.Tasks.AwaitTaskContinuation.RunCallback(System.Threading.ContextCallback, object, System.Threading.Tasks.Task&)
       [13] void System.Threading.Tasks.Task.RunContinuations(object)
       [14] bool System.Threading.Tasks.Task`1.TrySetResult(TResult)
       [15] void System.Runtime.CompilerServices.AsyncTaskMethodBuilder`1.SetExistingTaskResult(System.Threading.Tasks.Task`1[TResult], TResult)
       [16] void Trackstorm.Client.Verification.CameraPlaytest+<>c__DisplayClass0_0+<<Run>g__Wait|1>d.MoveNext() (C:\Users\orsin\OneDrive\Desktop\ThanTrick\Trackstorm\code\Client\Verification\CameraPlaytest.cs:27)
       [17] void System.Threading.ExecutionContext.RunInternal(System.Threading.ExecutionContext, System.Threading.ContextCallback, object)
       [18] void System.Runtime.CompilerServices.AsyncTaskMethodBuilder`1+AsyncStateMachineBox`1.MoveNext(System.Threading.Thread)
       [19] void Godot.SignalAwaiter.SignalCallback(nint, Godot.NativeInterop.godot_variant**, int, Godot.NativeInterop.godot_bool*) (/root/godot/modules/mono/glue/GodotSharp/GodotSharp/Core/SignalAwaiter.cs:65)
