Godot Engine v4.7.2.stable.mono.official.ed1daf0bf - https://godotengine.org

{"Host":true,"Map":"res://scenes/maps/oval_foundation.tscn","LargestRoster":2,"LocalVehicle":1,"Tick":1579,"Snapshots":0,"ImmediateFrames":0,"DriftFrames":0,"HandbrakeFrames":79,"ErrorP99":0,"ErrorMaximum":0,"InterpolationDelay":0,"LargeCorrections":0,"CorrectionDetails":[],"LastAcknowledged":0,"Position":[51.9119,0.9000016,55.8347],"HP":1000,"Grounded":true,"PropTick":null,"PropTravel":0,"PropReplicaError":0,"PropPositions":null}
Live camera playtest passed: mouse orbit/smooth return, two-axis controller orbit/noisy-neutral return, displayed vehicle pose.
Network vehicle integration passed.

Godot Engine v4.7.2.stable.mono.official.ed1daf0bf - https://godotengine.org
OpenGL API 3.3.0 NVIDIA 582.66 - Compatibility - Using Device: NVIDIA - NVIDIA GeForce GTX 1070

{"Host":false,"Map":"res://scenes/maps/oval_foundation.tscn","LargestRoster":2,"LocalVehicle":2,"Tick":1092,"Snapshots":318,"ImmediateFrames":686,"DriftFrames":0,"HandbrakeFrames":79,"ErrorP99":0.5106371,"ErrorMaximum":4.9438653,"InterpolationDelay":81.80339196967832,"LargeCorrections":1,"CorrectionDetails":[{"Seconds":0.733333333333334,"Error":2.0075967,"Tick":194,"Ack":39,"Pending":5,"HP":1000,"Position":"\u003C0.04455674, 0.9001935, 85.99897\u003E","Speed":0.77472395},{"Seconds":1.2333333333333338,"Error":1.5672923,"Tick":204,"Ack":71,"Pending":3,"HP":1000,"Position":"\u003C0.29487386, 0.90005434, 85.96479\u003E","Speed":2.1405573},{"Seconds":4.083333333333324,"Error":4.9438653,"Tick":377,"Ack":240,"Pending":5,"HP":1000,"Position":"\u003C16.842682, 0.8999843, 73.95898\u003E","Speed":9.620057}],"LastAcknowledged":958,"Position":[40.26142,0.90000075,55.226013],"HP":1000,"Grounded":true,"PropTick":null,"PropTravel":0,"PropReplicaError":0,"PropPositions":null}

ERROR: System.InvalidOperationException: Live camera: Release returns smoothly, without snapping.
   at Trackstorm.Client.Verification.CameraPlaytest.<Run>g__Require|0_4(Boolean condition, String message) in C:\Users\orsin\OneDrive\Desktop\ThanTrick\Trackstorm\code\Client\Verification\CameraPlaytest.cs:line 50
   at Trackstorm.Client.Verification.CameraPlaytest.Run(Node owner, VehicleChaseCamera camera, PlayerInput input, Func`1 pose, String output, Action respawn) in C:\Users\orsin\OneDrive\Desktop\ThanTrick\Trackstorm\code\Client\Verification\CameraPlaytest.cs:line 71
   at Trackstorm.Client.Verification.NetworkVehicleChecks.Complete() in C:\Users\orsin\OneDrive\Desktop\ThanTrick\Trackstorm\code\Client\Verification\NetworkVehicleChecks.cs:line 201
   at: void Trackstorm.Client.Verification.NetworkVehicleChecks+<Complete>d__22.MoveNext() (res://code/Client/Verification/NetworkVehicleChecks.cs:201)
   C# backtrace (most recent call first):
       [0] void Godot.GD.PushError(string) (/root/godot/modules/mono/glue/GodotSharp/GodotSharp/Core/GD.cs:366)
       [1] void Trackstorm.Client.Verification.NetworkVehicleChecks+<Complete>d__22.MoveNext() (C:\Users\orsin\OneDrive\Desktop\ThanTrick\Trackstorm\code\Client\Verification\NetworkVehicleChecks.cs:201)
       [2] void System.Threading.ExecutionContext.RunInternal(System.Threading.ExecutionContext, System.Threading.ContextCallback, object)
       [3] void System.Runtime.CompilerServices.AsyncTaskMethodBuilder`1+AsyncStateMachineBox`1.MoveNext(System.Threading.Thread)
       [4] void System.Threading.Tasks.AwaitTaskContinuation.RunCallback(System.Threading.ContextCallback, object, System.Threading.Tasks.Task&)
       [5] void System.Threading.Tasks.Task.RunContinuations(object)
       [6] void System.Threading.Tasks.Task.FinishSlow(bool)
       [7] bool System.Threading.Tasks.Task.TrySetException(object)
       [8] void System.Runtime.CompilerServices.AsyncTaskMethodBuilder`1.SetException(System.Exception, System.Threading.Tasks.Task`1[TResult]&)
       [9] void Trackstorm.Client.Verification.CameraPlaytest+<Run>d__0.MoveNext() (C:\Users\orsin\OneDrive\Desktop\ThanTrick\Trackstorm\code\Client\Verification\CameraPlaytest.cs:71)
       [10] void System.Threading.ExecutionContext.RunInternal(System.Threading.ExecutionContext, System.Threading.ContextCallback, object)
       [11] void System.Runtime.CompilerServices.AsyncTaskMethodBuilder`1+AsyncStateMachineBox`1.MoveNext(System.Threading.Thread)
       [12] void System.Threading.Tasks.AwaitTaskContinuation.RunCallback(System.Threading.ContextCallback, object, System.Threading.Tasks.Task&)
       [13] void System.Threading.Tasks.Task.RunContinuations(object)
       [14] bool System.Threading.Tasks.Task`1.TrySetResult(TResult)
       [15] void System.Runtime.CompilerServices.AsyncTaskMethodBuilder`1.SetExistingTaskResult(System.Threading.Tasks.Task`1[TResult], TResult)
       [16] void Trackstorm.Client.Verification.CameraPlaytest+<>c__DisplayClass0_0+<<Run>g__Wait|1>d.MoveNext() (C:\Users\orsin\OneDrive\Desktop\ThanTrick\Trackstorm\code\Client\Verification\CameraPlaytest.cs:30)
       [17] void System.Threading.ExecutionContext.RunInternal(System.Threading.ExecutionContext, System.Threading.ContextCallback, object)
       [18] void System.Runtime.CompilerServices.AsyncTaskMethodBuilder`1+AsyncStateMachineBox`1.MoveNext(System.Threading.Thread)
       [19] void Godot.SignalAwaiter.SignalCallback(nint, Godot.NativeInterop.godot_variant**, int, Godot.NativeInterop.godot_bool*) (/root/godot/modules/mono/glue/GodotSharp/GodotSharp/Core/SignalAwaiter.cs:65)

