Godot Engine v4.7.2.stable.mono.official.ed1daf0bf - https://godotengine.org

NETWORK_CONNECTION {"RemotePeerId":1,"State":1,"Reason":0,"Detail":""}
NETWORK_CONNECTION {"RemotePeerId":2,"State":1,"Reason":0,"Detail":""}
NETWORK_CONNECTION {"RemotePeerId":3,"State":1,"Reason":0,"Detail":""}
NETWORK_CONNECTION {"RemotePeerId":1,"State":2,"Reason":0,"Detail":""}
NETWORK_CONNECTION {"RemotePeerId":2,"State":2,"Reason":0,"Detail":""}
NETWORK_CONNECTION {"RemotePeerId":3,"State":2,"Reason":0,"Detail":""}
NETWORK_CONNECTION {"RemotePeerId":3,"State":0,"Reason":2,"Detail":"Transport stopped"}
NETWORK_CONNECTION {"RemotePeerId":2,"State":0,"Reason":2,"Detail":"Transport stopped"}
NETWORK_CONNECTION {"RemotePeerId":1,"State":0,"Reason":2,"Detail":"Transport stopped"}
Network vehicle metrics: host=True, entry=False, maximum=0, startup=0, steady=0, snaps=0; full report: C:\Users\orsin\OneDrive\Desktop\ThanTrick\Trackstorm\.godot\ts-280\twitch\baseline-accepted\.godot\network-vehicle-checks\9f1abf0368254d46b5d8ef7fe62a2313\player-0.json
Live camera playtest passed: mouse orbit/smooth return, two-axis controller orbit/noisy-neutral return, displayed vehicle pose.
Network vehicle integration passed.
REPLICATION_TRAFFIC {"seconds":33.5601787,"note":"Native-send application payloads including connection/chunk envelopes; excludes UDP/GNS overhead/retransmissions. Full harness lifecycle, not a steady-state window.","sent":[{"peer":1,"protocol":"TC","delivery":"Reliable","bytes":5439,"messages":3,"peak":1813},{"peer":1,"protocol":"TD","delivery":"Unreliable","bytes":965227,"messages":139,"peak":7165},{"peer":1,"protocol":"TI","delivery":"Reliable","bytes":6095,"messages":3,"peak":2156},{"peer":1,"protocol":"TM","delivery":"Reliable","bytes":3130,"messages":10,"peak":403},{"peer":1,"protocol":"TS","delivery":"Reliable","bytes":2446,"messages":4,"peak":933},{"peer":1,"protocol":"TS","delivery":"Unreliable","bytes":504084,"messages":449,"peak":1177},{"peer":2,"protocol":"TC","delivery":"Reliable","bytes":3626,"messages":2,"peak":1813},{"peer":2,"protocol":"TD","delivery":"Unreliable","bytes":965227,"messages":139,"peak":7165},{"peer":2,"protocol":"TI","delivery":"Reliable","bytes":4269,"messages":2,"peak":2156},{"peer":2,"protocol":"TM","delivery":"Reliable","bytes":2827,"messages":9,"peak":403},{"peer":2,"protocol":"TS","delivery":"Reliable","bytes":1843,"messages":3,"peak":933},{"peer":2,"protocol":"TS","delivery":"Unreliable","bytes":504084,"messages":449,"peak":1177},{"peer":3,"protocol":"TC","delivery":"Reliable","bytes":1813,"messages":1,"peak":1813},{"peer":3,"protocol":"TD","delivery":"Unreliable","bytes":958854,"messages":138,"peak":7165},{"peer":3,"protocol":"TI","delivery":"Reliable","bytes":2156,"messages":1,"peak":2156},{"peer":3,"protocol":"TM","delivery":"Reliable","bytes":2524,"messages":8,"peak":403},{"peer":3,"protocol":"TS","delivery":"Reliable","bytes":953,"messages":2,"peak":933},{"peer":3,"protocol":"TS","delivery":"Unreliable","bytes":500524,"messages":445,"peak":1177}]}

Godot Engine v4.7.2.stable.mono.official.ed1daf0bf - https://godotengine.org

NETWORK_CONNECTION {"RemotePeerId":1,"State":1,"Reason":0,"Detail":""}
NETWORK_CONNECTION {"RemotePeerId":1,"State":2,"Reason":0,"Detail":""}
Network vehicle metrics: host=False, entry=False, maximum=0.12268906, startup=0.12268906086683273, steady=0.028636803850531578, snaps=0; full report: C:\Users\orsin\OneDrive\Desktop\ThanTrick\Trackstorm\.godot\ts-280\twitch\baseline-accepted\.godot\network-vehicle-checks\9f1abf0368254d46b5d8ef7fe62a2313\player-1.json
Live camera playtest passed: mouse orbit/smooth return, two-axis controller orbit/noisy-neutral return, displayed vehicle pose.
Network vehicle integration passed.
REPLICATION_TRAFFIC {"seconds":26.2489989,"note":"Native-send application payloads including connection/chunk envelopes; excludes UDP/GNS overhead/retransmissions. Full harness lifecycle, not a steady-state window.","sent":[{"peer":1,"protocol":"TS","delivery":"Unreliable","bytes":139128,"messages":961,"peak":145}]}

Godot Engine v4.7.2.stable.mono.official.ed1daf0bf - https://godotengine.org

NETWORK_CONNECTION {"RemotePeerId":1,"State":1,"Reason":0,"Detail":""}
NETWORK_CONNECTION {"RemotePeerId":1,"State":2,"Reason":0,"Detail":""}
Network vehicle metrics: host=False, entry=False, maximum=0.10518527, startup=0.10518527030944824, steady=0.025783682242035866, snaps=0; full report: C:\Users\orsin\OneDrive\Desktop\ThanTrick\Trackstorm\.godot\ts-280\twitch\baseline-accepted\.godot\network-vehicle-checks\9f1abf0368254d46b5d8ef7fe62a2313\player-2.json
Live camera playtest passed: mouse orbit/smooth return, two-axis controller orbit/noisy-neutral return, displayed vehicle pose.
Network vehicle integration passed.
REPLICATION_TRAFFIC {"seconds":26.1052879,"note":"Native-send application payloads including connection/chunk envelopes; excludes UDP/GNS overhead/retransmissions. Full harness lifecycle, not a steady-state window.","sent":[{"peer":1,"protocol":"TS","delivery":"Unreliable","bytes":139180,"messages":962,"peak":145}]}

Godot Engine v4.7.2.stable.mono.official.ed1daf0bf - https://godotengine.org

NETWORK_CONNECTION {"RemotePeerId":1,"State":1,"Reason":0,"Detail":""}
NETWORK_CONNECTION {"RemotePeerId":1,"State":2,"Reason":0,"Detail":""}
Network vehicle metrics: host=False, entry=False, maximum=0.12009585, startup=0.12009584903717041, steady=0.029614003375172615, snaps=0; full report: C:\Users\orsin\OneDrive\Desktop\ThanTrick\Trackstorm\.godot\ts-280\twitch\baseline-accepted\.godot\network-vehicle-checks\9f1abf0368254d46b5d8ef7fe62a2313\player-3.json
Live camera playtest passed: mouse orbit/smooth return, two-axis controller orbit/noisy-neutral return, displayed vehicle pose.
Network vehicle integration passed.
REPLICATION_TRAFFIC {"seconds":26.2920074,"note":"Native-send application payloads including connection/chunk envelopes; excludes UDP/GNS overhead/retransmissions. Full harness lifecycle, not a steady-state window.","sent":[{"peer":1,"protocol":"TS","delivery":"Unreliable","bytes":139159,"messages":961,"peak":145}]}

Network vehicle verification artifacts: C:\Users\orsin\OneDrive\Desktop\ThanTrick\Trackstorm\.godot\ts-280\twitch\baseline-accepted\.godot\network-vehicle-checks\9f1abf0368254d46b5d8ef7fe62a2313
