Godot Engine v4.7.2.stable.mono.official.ed1daf0bf - https://godotengine.org

ROCK network-RockCluster-3-0.0: contacts=254 repeat=74 final=0 depth=0.0002 overlapFrames=0 angular=0.267 contactMeanMs=4.059 p95Ms=6.518
ROCK network-RockCluster-3-1.2: contacts=251 repeat=69 final=0 depth=0.0002 overlapFrames=0 angular=0.255 contactMeanMs=4.042 p95Ms=4.672
ROCK network-RockCluster-3-2.4: contacts=248 repeat=71 final=0 depth=0.0002 overlapFrames=0 angular=0.294 contactMeanMs=3.949 p95Ms=4.971
ROCK network-RockCluster-12-0.0: contacts=284 repeat=73 final=0 depth=0.0002 overlapFrames=0 angular=0.165 contactMeanMs=4.206 p95Ms=7.339
ROCK network-RockCluster-12-1.2: contacts=274 repeat=69 final=0 depth=0.0002 overlapFrames=0 angular=0.364 contactMeanMs=4.000 p95Ms=5.098
ROCK network-RockCluster-12-2.4: contacts=274 repeat=69 final=0 depth=0.0002 overlapFrames=0 angular=0.322 contactMeanMs=3.863 p95Ms=6.300
ROCK network-RockCluster-35-0.0: contacts=293 repeat=73 final=0 depth=0.0002 overlapFrames=0 angular=1.162 contactMeanMs=3.922 p95Ms=4.729
ROCK network-RockCluster-35-1.2: contacts=282 repeat=71 final=0 depth=0.0002 overlapFrames=0 angular=0.982 contactMeanMs=3.627 p95Ms=4.099
ROCK network-RockCluster-35-2.4: contacts=285 repeat=72 final=0 depth=0.0002 overlapFrames=0 angular=1.201 contactMeanMs=3.917 p95Ms=5.132
ROCK network-RockLedge-3-0.0: contacts=246 repeat=72 final=0 depth=0.0002 overlapFrames=0 angular=0.398 contactMeanMs=3.489 p95Ms=4.122
ROCK network-RockLedge-3-1.2: contacts=258 repeat=65 final=0 depth=0.0001 overlapFrames=0 angular=0.262 contactMeanMs=3.751 p95Ms=4.215
ROCK network-RockLedge-3-2.4: contacts=250 repeat=72 final=0 depth=0.0002 overlapFrames=0 angular=0.255 contactMeanMs=4.876 p95Ms=7.267
ROCK network-RockLedge-12-0.0: contacts=273 repeat=72 final=0 depth=0.0002 overlapFrames=0 angular=0.612 contactMeanMs=3.944 p95Ms=5.473
ROCK network-RockLedge-12-1.2: contacts=279 repeat=68 final=0 depth=0.0002 overlapFrames=0 angular=0.487 contactMeanMs=5.180 p95Ms=8.470
ROCK network-RockLedge-12-2.4: contacts=276 repeat=72 final=0 depth=0.0002 overlapFrames=0 angular=0.405 contactMeanMs=5.212 p95Ms=7.208
ROCK network-RockLedge-35-0.0: contacts=287 repeat=72 final=0 depth=0.0002 overlapFrames=0 angular=1.199 contactMeanMs=3.659 p95Ms=4.267
ROCK network-RockLedge-35-1.2: contacts=275 repeat=62 final=0 depth=0.0002 overlapFrames=0 angular=1.202 contactMeanMs=3.723 p95Ms=4.452
ROCK network-RockLedge-35-2.4: contacts=291 repeat=72 final=0 depth=0.0002 overlapFrames=0 angular=1.055 contactMeanMs=3.809 p95Ms=4.372
ROCK network-BoulderTall-3-0.0: contacts=246 repeat=72 final=0 depth=0.0001 overlapFrames=0 angular=0.208 contactMeanMs=3.760 p95Ms=4.395
ROCK network-BoulderTall-3-1.2: contacts=249 repeat=72 final=0 depth=0.0002 overlapFrames=0 angular=0.193 contactMeanMs=3.783 p95Ms=4.268
ROCK network-BoulderTall-3-2.4: contacts=242 repeat=71 final=0 depth=0.0002 overlapFrames=0 angular=0.327 contactMeanMs=3.699 p95Ms=4.451
ROCK network-BoulderTall-12-0.0: contacts=277 repeat=72 final=0 depth=0.0001 overlapFrames=0 angular=0.300 contactMeanMs=3.719 p95Ms=4.185
ROCK network-BoulderTall-12-1.2: contacts=273 repeat=72 final=0 depth=0.0002 overlapFrames=0 angular=0.517 contactMeanMs=4.105 p95Ms=5.038
ROCK network-BoulderTall-12-2.4: contacts=270 repeat=68 final=0 depth=0.0002 overlapFrames=0 angular=0.480 contactMeanMs=4.149 p95Ms=5.631
ROCK network-BoulderTall-35-0.0: contacts=287 repeat=72 final=0 depth=0.0002 overlapFrames=0 angular=0.721 contactMeanMs=4.024 p95Ms=4.707
ROCK network-BoulderTall-35-1.2: contacts=288 repeat=72 final=0 depth=0.0002 overlapFrames=0 angular=0.728 contactMeanMs=3.803 p95Ms=4.420
ROCK network-BoulderTall-35-2.4: contacts=281 repeat=71 final=0 depth=0.0002 overlapFrames=0 angular=1.205 contactMeanMs=3.815 p95Ms=4.212
ROCK network-RockSlab-3-0.0: contacts=244 repeat=72 final=0 depth=0.0001 overlapFrames=0 angular=0.236 contactMeanMs=3.710 p95Ms=4.218
ROCK network-RockSlab-3-1.2: contacts=249 repeat=72 final=0 depth=0.0002 overlapFrames=0 angular=0.288 contactMeanMs=3.608 p95Ms=4.156
ROCK network-RockSlab-3-2.4: contacts=238 repeat=68 final=0 depth=0.0002 overlapFrames=0 angular=0.309 contactMeanMs=3.618 p95Ms=4.164
ROCK network-RockSlab-12-0.0: contacts=274 repeat=72 final=0 depth=0.0002 overlapFrames=0 angular=0.397 contactMeanMs=3.628 p95Ms=4.352
ROCK network-RockSlab-12-1.2: contacts=277 repeat=72 final=0 depth=0.0002 overlapFrames=0 angular=0.410 contactMeanMs=3.602 p95Ms=4.217
ROCK network-RockSlab-12-2.4: contacts=268 repeat=70 final=0 depth=0.0002 overlapFrames=0 angular=0.450 contactMeanMs=3.655 p95Ms=4.248
ROCK network-RockSlab-35-0.0: contacts=285 repeat=72 final=0 depth=0.0002 overlapFrames=0 angular=1.108 contactMeanMs=3.663 p95Ms=4.233
ROCK network-RockSlab-35-1.2: contacts=292 repeat=72 final=0 depth=0.0002 overlapFrames=0 angular=1.082 contactMeanMs=3.760 p95Ms=4.180
ROCK network-RockSlab-35-2.4: contacts=282 repeat=72 final=0 depth=0.0002 overlapFrames=0 angular=1.176 contactMeanMs=3.551 p95Ms=4.157
ROCK network-BoulderLow-3-0.0: contacts=247 repeat=75 final=0 depth=0.0002 overlapFrames=0 angular=0.455 contactMeanMs=3.782 p95Ms=4.654
ROCK network-BoulderLow-3-1.2: contacts=259 repeat=76 final=0 depth=0.0004 overlapFrames=0 angular=0.167 contactMeanMs=3.781 p95Ms=4.409
ROCK network-BoulderLow-3-2.4: contacts=242 repeat=72 final=0 depth=0.0002 overlapFrames=0 angular=0.231 contactMeanMs=3.732 p95Ms=4.412
ROCK network-BoulderLow-12-0.0: contacts=285 repeat=76 final=0 depth=0.0002 overlapFrames=0 angular=0.224 contactMeanMs=3.747 p95Ms=4.317
ROCK network-BoulderLow-12-1.2: contacts=290 repeat=76 final=0 depth=0.0004 overlapFrames=0 angular=0.423 contactMeanMs=3.658 p95Ms=4.270
ROCK network-BoulderLow-12-2.4: contacts=276 repeat=72 final=0 depth=0.0002 overlapFrames=0 angular=0.253 contactMeanMs=4.203 p95Ms=6.276
ROCK network-BoulderLow-35-0.0: contacts=300 repeat=75 final=0 depth=0.0002 overlapFrames=0 angular=1.151 contactMeanMs=3.786 p95Ms=4.370
ROCK network-BoulderLow-35-1.2: contacts=306 repeat=76 final=0 depth=0.0004 overlapFrames=0 angular=0.286 contactMeanMs=3.867 p95Ms=4.894
ROCK network-BoulderLow-35-2.4: contacts=283 repeat=72 final=0 depth=0.0002 overlapFrames=0 angular=0.779 contactMeanMs=3.742 p95Ms=4.482
ROCK practice-RockCluster-3-0.0: contacts=291 repeat=77 final=0 depth=0.0056 overlapFrames=0 angular=0.278 contactMeanMs=0.263 p95Ms=0.330
ROCK practice-RockCluster-3-1.2: contacts=264 repeat=70 final=0 depth=0.0046 overlapFrames=0 angular=0.225 contactMeanMs=0.326 p95Ms=0.346
ROCK practice-RockCluster-3-2.4: contacts=259 repeat=71 final=0 depth=0.0058 overlapFrames=0 angular=0.273 contactMeanMs=0.315 p95Ms=0.331
ROCK practice-RockCluster-12-0.0: contacts=334 repeat=81 final=0 depth=0.0130 overlapFrames=0 angular=0.503 contactMeanMs=0.304 p95Ms=0.314
ROCK practice-RockCluster-12-1.2: contacts=291 repeat=70 final=0 depth=0.0048 overlapFrames=0 angular=0.387 contactMeanMs=0.259 p95Ms=0.359
ROCK practice-RockCluster-12-2.4: contacts=287 repeat=70 final=0 depth=0.0233 overlapFrames=1 angular=0.723 contactMeanMs=0.321 p95Ms=0.313
ROCK practice-RockCluster-35-0.0: contacts=323 repeat=72 final=0 depth=0.0066 overlapFrames=0 angular=1.152 contactMeanMs=0.312 p95Ms=0.328
ROCK practice-RockCluster-35-1.2: contacts=298 repeat=70 final=0 depth=0.0098 overlapFrames=0 angular=1.197 contactMeanMs=0.400 p95Ms=0.331
ROCK practice-RockCluster-35-2.4: contacts=295 repeat=70 final=0 depth=0.0375 overlapFrames=1 angular=1.751 contactMeanMs=0.263 p95Ms=0.334
ROCK practice-RockLedge-3-0.0: contacts=261 repeat=70 final=0 depth=0.0087 overlapFrames=0 angular=0.398 contactMeanMs=0.268 p95Ms=0.354
ROCK practice-RockLedge-3-1.2: contacts=277 repeat=70 final=0 depth=0.0076 overlapFrames=0 angular=0.209 contactMeanMs=0.326 p95Ms=0.324
ROCK practice-RockLedge-3-2.4: contacts=267 repeat=70 final=0 depth=0.0063 overlapFrames=0 angular=0.262 contactMeanMs=0.371 p95Ms=0.437
ROCK practice-RockLedge-12-0.0: contacts=292 repeat=70 final=0 depth=0.0266 overlapFrames=1 angular=0.630 contactMeanMs=0.399 p95Ms=0.475
ROCK practice-RockLedge-12-1.2: contacts=301 repeat=70 final=0 depth=0.0072 overlapFrames=0 angular=0.345 contactMeanMs=0.267 p95Ms=0.357
ROCK practice-RockLedge-12-2.4: contacts=294 repeat=70 final=0 depth=0.0155 overlapFrames=0 angular=0.419 contactMeanMs=0.392 p95Ms=0.456
ROCK practice-RockLedge-35-0.0: contacts=311 repeat=71 final=0 depth=0.0441 overlapFrames=2 angular=1.199 contactMeanMs=0.253 p95Ms=0.327
ROCK practice-RockLedge-35-1.2: contacts=305 repeat=70 final=0 depth=0.0616 overlapFrames=2 angular=1.109 contactMeanMs=0.645 p95Ms=1.507
ROCK practice-RockLedge-35-2.4: contacts=306 repeat=70 final=0 depth=0.0566 overlapFrames=1 angular=1.205 contactMeanMs=0.394 p95Ms=0.913
ROCK practice-BoulderTall-3-0.0: contacts=257 repeat=70 final=0 depth=0.0202 overlapFrames=1 angular=0.261 contactMeanMs=0.337 p95Ms=0.364
ROCK practice-BoulderTall-3-1.2: contacts=260 repeat=70 final=0 depth=0.0159 overlapFrames=0 angular=0.179 contactMeanMs=0.324 p95Ms=0.376
ROCK practice-BoulderTall-3-2.4: contacts=259 repeat=70 final=0 depth=0.0151 overlapFrames=0 angular=0.341 contactMeanMs=0.334 p95Ms=0.331
ROCK practice-BoulderTall-12-0.0: contacts=289 repeat=70 final=0 depth=0.0187 overlapFrames=0 angular=0.370 contactMeanMs=0.316 p95Ms=0.318
ROCK practice-BoulderTall-12-1.2: contacts=290 repeat=70 final=0 depth=0.0246 overlapFrames=1 angular=0.304 contactMeanMs=0.241 p95Ms=0.296
ROCK practice-BoulderTall-12-2.4: contacts=291 repeat=70 final=0 depth=0.0249 overlapFrames=1 angular=0.496 contactMeanMs=0.330 p95Ms=0.350
ROCK practice-BoulderTall-35-0.0: contacts=304 repeat=70 final=0 depth=0.0512 overlapFrames=1 angular=1.057 contactMeanMs=0.308 p95Ms=0.296
ROCK practice-BoulderTall-35-1.2: contacts=303 repeat=70 final=0 depth=0.0674 overlapFrames=1 angular=0.978 contactMeanMs=0.316 p95Ms=0.324
ROCK practice-BoulderTall-35-2.4: contacts=306 repeat=70 final=0 depth=0.0108 overlapFrames=0 angular=1.206 contactMeanMs=0.271 p95Ms=0.343
ROCK practice-RockSlab-3-0.0: contacts=253 repeat=70 final=0 depth=0.0048 overlapFrames=0 angular=0.244 contactMeanMs=0.319 p95Ms=0.337
ROCK practice-RockSlab-3-1.2: contacts=257 repeat=70 final=0 depth=0.0029 overlapFrames=0 angular=0.295 contactMeanMs=0.346 p95Ms=0.353
ROCK practice-RockSlab-3-2.4: contacts=272 repeat=72 final=0 depth=0.0077 overlapFrames=0 angular=0.326 contactMeanMs=0.338 p95Ms=0.361
ROCK practice-RockSlab-12-0.0: contacts=285 repeat=70 final=0 depth=0.0085 overlapFrames=0 angular=0.399 contactMeanMs=0.325 p95Ms=0.347
ROCK practice-RockSlab-12-1.2: contacts=288 repeat=70 final=0 depth=0.0074 overlapFrames=0 angular=0.438 contactMeanMs=0.278 p95Ms=0.373
ROCK practice-RockSlab-12-2.4: contacts=303 repeat=73 final=0 depth=0.0264 overlapFrames=1 angular=0.485 contactMeanMs=0.277 p95Ms=0.335
ROCK practice-RockSlab-35-0.0: contacts=301 repeat=70 final=0 depth=0.0121 overlapFrames=0 angular=1.149 contactMeanMs=0.321 p95Ms=0.328
ROCK practice-RockSlab-35-1.2: contacts=302 repeat=70 final=0 depth=0.0097 overlapFrames=0 angular=1.176 contactMeanMs=0.403 p95Ms=0.355
ROCK practice-RockSlab-35-2.4: contacts=323 repeat=73 final=0 depth=0.0296 overlapFrames=1 angular=1.198 contactMeanMs=0.466 p95Ms=0.499
ROCK practice-BoulderLow-3-0.0: contacts=291 repeat=79 final=0 depth=0.0036 overlapFrames=0 angular=0.292 contactMeanMs=0.358 p95Ms=0.389
ROCK practice-BoulderLow-3-1.2: contacts=301 repeat=79 final=0 depth=0.0029 overlapFrames=0 angular=0.305 contactMeanMs=0.253 p95Ms=0.327
ROCK practice-BoulderLow-3-2.4: contacts=270 repeat=73 final=0 depth=0.0126 overlapFrames=0 angular=0.254 contactMeanMs=0.363 p95Ms=0.444
ROCK practice-BoulderLow-12-0.0: contacts=326 repeat=80 final=0 depth=0.0051 overlapFrames=0 angular=0.312 contactMeanMs=0.295 p95Ms=0.393
ROCK practice-BoulderLow-12-1.2: contacts=337 repeat=80 final=0 depth=0.0049 overlapFrames=0 angular=0.413 contactMeanMs=0.272 p95Ms=0.394
ROCK practice-BoulderLow-12-2.4: contacts=302 repeat=73 final=0 depth=0.0068 overlapFrames=0 angular=0.476 contactMeanMs=0.311 p95Ms=0.329
ROCK practice-BoulderLow-35-0.0: contacts=352 repeat=82 final=0 depth=0.0050 overlapFrames=0 angular=1.198 contactMeanMs=0.270 p95Ms=0.347
ROCK practice-BoulderLow-35-1.2: contacts=360 repeat=84 final=0 depth=0.0137 overlapFrames=0 angular=1.021 contactMeanMs=0.310 p95Ms=0.347
ROCK practice-BoulderLow-35-2.4: contacts=346 repeat=81 final=0 depth=0.0585 overlapFrames=2 angular=0.934 contactMeanMs=0.300 p95Ms=0.304
Rock collision checks: failures=0
