Godot Engine v4.7.2.stable.mono.official.ed1daf0bf - https://godotengine.org

Repeated vehicle contact: frames=513, travelError=0.004115, speedChange=0.076719
Repeated vehicle contact checks passed.
Godot Engine v4.7.2.stable.mono.official.ed1daf0bf - https://godotengine.org

ROCK network-RockCluster-3-0.0: contacts=602 repeat=360 final=0 depth=0.0002 overlapFrames=0 angular=0.083 contactMeanMs=4.223 p95Ms=6.875
ROCK network-RockLedge-3-0.0: contacts=619 repeat=360 final=0 depth=0.0002 overlapFrames=0 angular=0.079 contactMeanMs=4.358 p95Ms=6.743
ROCK network-BoulderTall-3-0.0: contacts=607 repeat=360 final=0 depth=0.0002 overlapFrames=0 angular=0.083 contactMeanMs=3.704 p95Ms=4.880
ROCK network-RockSlab-3-0.0: contacts=607 repeat=360 final=0 depth=0.0001 overlapFrames=0 angular=0.084 contactMeanMs=3.676 p95Ms=5.005
ROCK network-BoulderLow-3-0.0: contacts=613 repeat=360 final=0 depth=0.0001 overlapFrames=0 angular=0.080 contactMeanMs=6.212 p95Ms=7.679
ROCK practice-RockCluster-3-0.0: contacts=604 repeat=360 final=0 depth=0.0011 overlapFrames=0 angular=0.087 contactMeanMs=3.516 p95Ms=4.049
ROCK practice-RockLedge-3-0.0: contacts=618 repeat=360 final=0 depth=0.0003 overlapFrames=0 angular=0.095 contactMeanMs=3.313 p95Ms=3.832
ROCK practice-BoulderTall-3-0.0: contacts=609 repeat=360 final=0 depth=0.0008 overlapFrames=0 angular=0.090 contactMeanMs=3.491 p95Ms=3.966
ROCK practice-RockSlab-3-0.0: contacts=609 repeat=360 final=0 depth=0.0004 overlapFrames=0 angular=0.100 contactMeanMs=3.257 p95Ms=3.798
ROCK practice-BoulderLow-3-0.0: contacts=616 repeat=360 final=0 depth=0.0003 overlapFrames=0 angular=0.086 contactMeanMs=3.441 p95Ms=3.916
Rock collision checks: failures=0
Godot Engine v4.7.2.stable.mono.official.ed1daf0bf - https://godotengine.org

ROCK network-RockCluster-3-0.0: contacts=422 repeat=180 final=0 depth=0.0002 overlapFrames=0 angular=0.083 contactMeanMs=4.153 p95Ms=6.758
ROCK network-RockLedge-3-0.0: contacts=439 repeat=180 final=0 depth=0.0002 overlapFrames=0 angular=0.079 contactMeanMs=3.754 p95Ms=5.815
ROCK network-BoulderTall-3-0.0: contacts=427 repeat=180 final=0 depth=0.0002 overlapFrames=0 angular=0.083 contactMeanMs=3.625 p95Ms=5.921
ROCK network-RockSlab-3-0.0: contacts=427 repeat=180 final=0 depth=0.0001 overlapFrames=0 angular=0.084 contactMeanMs=3.886 p95Ms=6.245
ROCK network-BoulderLow-3-0.0: contacts=433 repeat=180 final=0 depth=0.0002 overlapFrames=0 angular=0.080 contactMeanMs=5.761 p95Ms=7.514
ROCK practice-RockCluster-3-0.0: contacts=424 repeat=180 final=0 depth=0.0011 overlapFrames=0 angular=0.087 contactMeanMs=3.481 p95Ms=3.989
ROCK practice-RockLedge-3-0.0: contacts=438 repeat=180 final=0 depth=0.0003 overlapFrames=0 angular=0.095 contactMeanMs=3.281 p95Ms=3.695
ROCK practice-BoulderTall-3-0.0: contacts=429 repeat=180 final=0 depth=0.0008 overlapFrames=0 angular=0.090 contactMeanMs=3.436 p95Ms=3.860
ROCK practice-RockSlab-3-0.0: contacts=430 repeat=180 final=0 depth=0.0004 overlapFrames=0 angular=0.100 contactMeanMs=3.337 p95Ms=3.830
ROCK practice-BoulderLow-3-0.0: contacts=436 repeat=180 final=0 depth=0.0003 overlapFrames=0 angular=0.086 contactMeanMs=3.429 p95Ms=3.866
Rock collision checks: failures=0
Godot Engine v4.7.2.stable.mono.official.ed1daf0bf - https://godotengine.org

ROCK network-RockCluster-3-0.0: contacts=121 repeat=0 final=0 depth=0.0001 overlapFrames=0 angular=0.057 contactMeanMs=5.376 p95Ms=6.522
ROCK network-RockLedge-3-0.0: contacts=136 repeat=0 final=0 depth=0.0002 overlapFrames=0 angular=0.057 contactMeanMs=3.802 p95Ms=4.752
ROCK network-BoulderTall-3-0.0: contacts=112 repeat=0 final=0 depth=0.0002 overlapFrames=0 angular=0.057 contactMeanMs=5.290 p95Ms=6.682
ROCK network-RockSlab-3-0.0: contacts=101 repeat=0 final=0 depth=0.0002 overlapFrames=0 angular=0.057 contactMeanMs=4.345 p95Ms=7.874
ROCK network-BoulderLow-3-0.0: contacts=77 repeat=0 final=0 depth=0.0002 overlapFrames=0 angular=0.057 contactMeanMs=6.821 p95Ms=7.869
ROCK practice-RockCluster-3-0.0: contacts=123 repeat=0 final=0 depth=0.0024 overlapFrames=0 angular=0.057 contactMeanMs=3.529 p95Ms=3.803
ROCK practice-RockLedge-3-0.0: contacts=137 repeat=0 final=0 depth=0.0002 overlapFrames=0 angular=0.057 contactMeanMs=3.296 p95Ms=4.044
ROCK practice-BoulderTall-3-0.0: contacts=115 repeat=0 final=0 depth=0.0021 overlapFrames=0 angular=0.057 contactMeanMs=3.376 p95Ms=3.876
ROCK practice-RockSlab-3-0.0: contacts=104 repeat=0 final=0 depth=0.0034 overlapFrames=0 angular=0.057 contactMeanMs=3.216 p95Ms=3.661
ROCK practice-BoulderLow-3-0.0: contacts=80 repeat=0 final=0 depth=0.0004 overlapFrames=0 angular=0.057 contactMeanMs=3.502 p95Ms=3.797
Rock collision checks: failures=0
Godot Engine v4.7.2.stable.mono.official.ed1daf0bf - https://godotengine.org

FAIL: network-RockCluster-3-0.0 contact step budget: 8.709ms
ROCK network-RockCluster-3-0.0: contacts=127 repeat=0 final=0 depth=0.0002 overlapFrames=0 angular=3.729 contactMeanMs=8.709 p95Ms=11.504
ROCK network-RockLedge-3-0.0: contacts=209 repeat=16 final=30 depth=0.0002 overlapFrames=0 angular=3.329 contactMeanMs=3.896 p95Ms=6.699
ROCK network-BoulderTall-3-0.0: contacts=256 repeat=18 final=30 depth=0.0002 overlapFrames=0 angular=3.077 contactMeanMs=5.957 p95Ms=8.121
ROCK network-RockSlab-3-0.0: contacts=2 repeat=0 final=0 depth=0.0000 overlapFrames=0 angular=1.524 contactMeanMs=6.753 p95Ms=6.681
ROCK network-BoulderLow-3-0.0: contacts=58 repeat=0 final=0 depth=0.0001 overlapFrames=0 angular=1.968 contactMeanMs=4.725 p95Ms=5.880
ROCK practice-RockCluster-3-0.0: contacts=126 repeat=0 final=0 depth=0.0238 overlapFrames=1 angular=3.837 contactMeanMs=4.251 p95Ms=6.596
ROCK practice-RockLedge-3-0.0: contacts=144 repeat=84 final=0 depth=0.0046 overlapFrames=0 angular=3.358 contactMeanMs=3.417 p95Ms=3.755
ROCK practice-BoulderTall-3-0.0: contacts=235 repeat=30 final=30 depth=0.0140 overlapFrames=0 angular=2.627 contactMeanMs=3.488 p95Ms=3.951
ROCK practice-RockSlab-3-0.0: contacts=2 repeat=0 final=0 depth=0.0002 overlapFrames=0 angular=1.467 contactMeanMs=3.125 p95Ms=3.106
ROCK practice-BoulderLow-3-0.0: contacts=335 repeat=126 final=0 depth=0.0301 overlapFrames=1 angular=2.082 contactMeanMs=3.413 p95Ms=3.944
Rock collision checks: failures=1
