Godot Engine v4.7.2.stable.mono.official.ed1daf0bf - https://godotengine.org

Repeated vehicle contact: frames=513, travelError=0.004115, speedChange=0.076719
Repeated vehicle contact checks passed.
Godot Engine v4.7.2.stable.mono.official.ed1daf0bf - https://godotengine.org

ROCK network-RockCluster-3-0.0: contacts=602 repeat=360 final=0 depth=0.0002 overlapFrames=0 angular=0.083 contactMeanMs=1.337 p95Ms=3.474
ROCK network-RockLedge-3-0.0: contacts=619 repeat=360 final=0 depth=0.0002 overlapFrames=0 angular=0.079 contactMeanMs=1.554 p95Ms=3.822
ROCK network-BoulderTall-3-0.0: contacts=607 repeat=360 final=0 depth=0.0002 overlapFrames=0 angular=0.083 contactMeanMs=1.100 p95Ms=1.958
ROCK network-RockSlab-3-0.0: contacts=607 repeat=360 final=0 depth=0.0001 overlapFrames=0 angular=0.084 contactMeanMs=1.163 p95Ms=2.616
ROCK network-BoulderLow-3-0.0: contacts=613 repeat=360 final=0 depth=0.0001 overlapFrames=0 angular=0.080 contactMeanMs=3.703 p95Ms=5.005
ROCK practice-RockCluster-3-0.0: contacts=604 repeat=360 final=0 depth=0.0011 overlapFrames=0 angular=0.087 contactMeanMs=0.917 p95Ms=1.120
ROCK practice-RockLedge-3-0.0: contacts=618 repeat=360 final=0 depth=0.0003 overlapFrames=0 angular=0.095 contactMeanMs=0.869 p95Ms=1.125
ROCK practice-BoulderTall-3-0.0: contacts=609 repeat=360 final=0 depth=0.0008 overlapFrames=0 angular=0.090 contactMeanMs=0.868 p95Ms=1.087
ROCK practice-RockSlab-3-0.0: contacts=609 repeat=360 final=0 depth=0.0004 overlapFrames=0 angular=0.100 contactMeanMs=0.942 p95Ms=1.096
ROCK practice-BoulderLow-3-0.0: contacts=616 repeat=360 final=0 depth=0.0003 overlapFrames=0 angular=0.086 contactMeanMs=0.897 p95Ms=1.097
Rock collision checks: failures=0
Godot Engine v4.7.2.stable.mono.official.ed1daf0bf - https://godotengine.org

ROCK network-RockCluster-3-0.0: contacts=422 repeat=180 final=0 depth=0.0002 overlapFrames=0 angular=0.083 contactMeanMs=1.453 p95Ms=4.241
ROCK network-RockLedge-3-0.0: contacts=439 repeat=180 final=0 depth=0.0002 overlapFrames=0 angular=0.079 contactMeanMs=1.361 p95Ms=3.652
ROCK network-BoulderTall-3-0.0: contacts=427 repeat=180 final=0 depth=0.0002 overlapFrames=0 angular=0.083 contactMeanMs=1.243 p95Ms=2.827
ROCK network-RockSlab-3-0.0: contacts=427 repeat=180 final=0 depth=0.0001 overlapFrames=0 angular=0.084 contactMeanMs=1.256 p95Ms=3.619
ROCK network-BoulderLow-3-0.0: contacts=433 repeat=180 final=0 depth=0.0002 overlapFrames=0 angular=0.080 contactMeanMs=3.314 p95Ms=4.798
ROCK practice-RockCluster-3-0.0: contacts=424 repeat=180 final=0 depth=0.0011 overlapFrames=0 angular=0.087 contactMeanMs=0.906 p95Ms=1.079
ROCK practice-RockLedge-3-0.0: contacts=438 repeat=180 final=0 depth=0.0003 overlapFrames=0 angular=0.095 contactMeanMs=0.927 p95Ms=1.130
ROCK practice-BoulderTall-3-0.0: contacts=429 repeat=180 final=0 depth=0.0008 overlapFrames=0 angular=0.090 contactMeanMs=0.964 p95Ms=1.145
ROCK practice-RockSlab-3-0.0: contacts=430 repeat=180 final=0 depth=0.0004 overlapFrames=0 angular=0.100 contactMeanMs=0.943 p95Ms=1.146
ROCK practice-BoulderLow-3-0.0: contacts=436 repeat=180 final=0 depth=0.0003 overlapFrames=0 angular=0.086 contactMeanMs=0.883 p95Ms=1.131
Rock collision checks: failures=0
Godot Engine v4.7.2.stable.mono.official.ed1daf0bf - https://godotengine.org

ROCK network-RockCluster-3-0.0: contacts=121 repeat=0 final=0 depth=0.0001 overlapFrames=0 angular=0.057 contactMeanMs=2.660 p95Ms=3.423
ROCK network-RockLedge-3-0.0: contacts=136 repeat=0 final=0 depth=0.0002 overlapFrames=0 angular=0.057 contactMeanMs=1.087 p95Ms=1.618
ROCK network-BoulderTall-3-0.0: contacts=112 repeat=0 final=0 depth=0.0002 overlapFrames=0 angular=0.057 contactMeanMs=2.915 p95Ms=5.020
ROCK network-RockSlab-3-0.0: contacts=101 repeat=0 final=0 depth=0.0002 overlapFrames=0 angular=0.057 contactMeanMs=1.278 p95Ms=2.434
ROCK network-BoulderLow-3-0.0: contacts=77 repeat=0 final=0 depth=0.0002 overlapFrames=0 angular=0.057 contactMeanMs=4.471 p95Ms=5.044
ROCK practice-RockCluster-3-0.0: contacts=123 repeat=0 final=0 depth=0.0024 overlapFrames=0 angular=0.057 contactMeanMs=0.925 p95Ms=1.222
ROCK practice-RockLedge-3-0.0: contacts=137 repeat=0 final=0 depth=0.0002 overlapFrames=0 angular=0.057 contactMeanMs=0.815 p95Ms=1.027
ROCK practice-BoulderTall-3-0.0: contacts=115 repeat=0 final=0 depth=0.0021 overlapFrames=0 angular=0.057 contactMeanMs=0.905 p95Ms=1.153
ROCK practice-RockSlab-3-0.0: contacts=104 repeat=0 final=0 depth=0.0034 overlapFrames=0 angular=0.057 contactMeanMs=1.014 p95Ms=1.124
ROCK practice-BoulderLow-3-0.0: contacts=80 repeat=0 final=0 depth=0.0004 overlapFrames=0 angular=0.057 contactMeanMs=1.112 p95Ms=1.437
Rock collision checks: failures=0
Godot Engine v4.7.2.stable.mono.official.ed1daf0bf - https://godotengine.org

ROCK network-RockCluster-3-0.0: contacts=128 repeat=0 final=0 depth=0.0002 overlapFrames=0 angular=3.729 contactMeanMs=5.964 p95Ms=8.487
ROCK network-RockLedge-3-0.0: contacts=201 repeat=17 final=30 depth=0.0001 overlapFrames=0 angular=3.329 contactMeanMs=1.166 p95Ms=2.447
ROCK network-BoulderTall-3-0.0: contacts=256 repeat=18 final=30 depth=0.0002 overlapFrames=0 angular=3.077 contactMeanMs=3.244 p95Ms=5.036
ROCK network-RockSlab-3-0.0: contacts=2 repeat=0 final=0 depth=0.0000 overlapFrames=0 angular=1.524 contactMeanMs=3.938 p95Ms=3.675
ROCK network-BoulderLow-3-0.0: contacts=58 repeat=0 final=0 depth=0.0001 overlapFrames=0 angular=1.968 contactMeanMs=2.667 p95Ms=4.312
ROCK practice-RockCluster-3-0.0: contacts=127 repeat=0 final=0 depth=0.0238 overlapFrames=1 angular=3.837 contactMeanMs=1.423 p95Ms=2.450
ROCK practice-RockLedge-3-0.0: contacts=144 repeat=84 final=0 depth=0.0046 overlapFrames=0 angular=3.358 contactMeanMs=0.878 p95Ms=1.082
ROCK practice-BoulderTall-3-0.0: contacts=235 repeat=30 final=30 depth=0.0140 overlapFrames=0 angular=2.627 contactMeanMs=0.949 p95Ms=1.133
ROCK practice-RockSlab-3-0.0: contacts=2 repeat=0 final=0 depth=0.0002 overlapFrames=0 angular=1.467 contactMeanMs=0.939 p95Ms=0.847
ROCK practice-BoulderLow-3-0.0: contacts=335 repeat=126 final=0 depth=0.0301 overlapFrames=1 angular=2.082 contactMeanMs=0.921 p95Ms=1.103
Rock collision checks: failures=0
Godot Engine v4.7.2.stable.mono.official.ed1daf0bf - https://godotengine.org

ROCK network-RockCluster-3-0.0: contacts=153 repeat=0 final=0 depth=0.0002 overlapFrames=0 angular=0.057 contactMeanMs=2.545 p95Ms=3.200
ROCK network-RockLedge-3-0.0: contacts=198 repeat=0 final=0 depth=0.0020 overlapFrames=0 angular=0.057 contactMeanMs=2.585 p95Ms=3.804
ROCK network-BoulderTall-3-0.0: contacts=137 repeat=0 final=0 depth=0.0002 overlapFrames=0 angular=0.057 contactMeanMs=1.431 p95Ms=3.901
ROCK network-RockSlab-3-0.0: contacts=121 repeat=0 final=0 depth=0.0002 overlapFrames=0 angular=0.057 contactMeanMs=1.128 p95Ms=1.809
ROCK network-BoulderLow-3-0.0: contacts=89 repeat=0 final=0 depth=0.0002 overlapFrames=0 angular=0.057 contactMeanMs=4.497 p95Ms=5.653
ROCK practice-RockCluster-3-0.0: contacts=154 repeat=0 final=0 depth=0.0004 overlapFrames=0 angular=0.057 contactMeanMs=0.941 p95Ms=1.204
ROCK practice-RockLedge-3-0.0: contacts=201 repeat=0 final=0 depth=0.0054 overlapFrames=0 angular=0.057 contactMeanMs=1.274 p95Ms=1.153
ROCK practice-BoulderTall-3-0.0: contacts=140 repeat=0 final=0 depth=0.0014 overlapFrames=0 angular=0.057 contactMeanMs=1.026 p95Ms=1.208
ROCK practice-RockSlab-3-0.0: contacts=123 repeat=0 final=0 depth=0.0019 overlapFrames=0 angular=0.057 contactMeanMs=0.879 p95Ms=1.087
ROCK practice-BoulderLow-3-0.0: contacts=93 repeat=0 final=0 depth=0.0006 overlapFrames=0 angular=0.057 contactMeanMs=0.872 p95Ms=1.028
Rock collision checks: failures=0
Godot Engine v4.7.2.stable.mono.official.ed1daf0bf - https://godotengine.org

ROCK network-RockCluster-3-0.0: contacts=198 repeat=0 final=0 depth=0.0000 overlapFrames=0 angular=0.057 contactMeanMs=2.505 p95Ms=3.168
ROCK network-RockLedge-3-0.0: contacts=198 repeat=0 final=0 depth=0.0001 overlapFrames=0 angular=0.057 contactMeanMs=3.438 p95Ms=4.942
ROCK network-BoulderTall-3-0.0: contacts=197 repeat=0 final=0 depth=0.0005 overlapFrames=0 angular=0.057 contactMeanMs=1.386 p95Ms=3.141
ROCK network-RockSlab-3-0.0: contacts=198 repeat=0 final=0 depth=0.0002 overlapFrames=0 angular=0.057 contactMeanMs=2.787 p95Ms=4.306
ROCK network-BoulderLow-3-0.0: contacts=200 repeat=0 final=0 depth=0.0000 overlapFrames=0 angular=0.057 contactMeanMs=4.240 p95Ms=4.991
ROCK practice-RockCluster-3-0.0: contacts=200 repeat=0 final=0 depth=0.0015 overlapFrames=0 angular=0.057 contactMeanMs=0.864 p95Ms=1.055
ROCK practice-RockLedge-3-0.0: contacts=200 repeat=0 final=0 depth=0.0019 overlapFrames=0 angular=0.057 contactMeanMs=0.847 p95Ms=1.004
ROCK practice-BoulderTall-3-0.0: contacts=201 repeat=0 final=0 depth=0.0025 overlapFrames=0 angular=0.057 contactMeanMs=1.031 p95Ms=1.150
ROCK practice-RockSlab-3-0.0: contacts=200 repeat=0 final=0 depth=0.0022 overlapFrames=0 angular=0.057 contactMeanMs=0.885 p95Ms=1.117
ROCK practice-BoulderLow-3-0.0: contacts=204 repeat=0 final=0 depth=0.0004 overlapFrames=0 angular=0.057 contactMeanMs=0.869 p95Ms=1.062
Rock collision checks: failures=0
