Godot Engine v4.7.2.stable.mono.official.ed1daf0bf - https://godotengine.org

ROCK network-RockCluster-3-0.0: contacts=258 repeat=70 final=0 depth=0.0001 overlapFrames=0 angular=0.145 contactMeanMs=1.945 p95Ms=4.612
ROCK network-RockCluster-3-1.2: contacts=256 repeat=71 final=0 depth=0.0001 overlapFrames=0 angular=0.209 contactMeanMs=1.508 p95Ms=4.207
ROCK network-RockCluster-3-2.4: contacts=252 repeat=72 final=0 depth=0.0002 overlapFrames=0 angular=0.220 contactMeanMs=1.058 p95Ms=1.511
ROCK network-RockCluster-12-0.0: contacts=289 repeat=70 final=0 depth=0.0002 overlapFrames=0 angular=0.145 contactMeanMs=2.308 p95Ms=4.899
ROCK network-RockCluster-12-1.2: contacts=278 repeat=70 final=0 depth=0.0001 overlapFrames=0 angular=0.364 contactMeanMs=1.211 p95Ms=2.676
ROCK network-RockCluster-12-2.4: contacts=281 repeat=72 final=0 depth=0.0001 overlapFrames=0 angular=0.334 contactMeanMs=1.015 p95Ms=1.411
ROCK network-RockCluster-35-0.0: contacts=304 repeat=70 final=0 depth=0.0002 overlapFrames=0 angular=0.167 contactMeanMs=1.747 p95Ms=4.502
ROCK network-RockCluster-35-1.2: contacts=284 repeat=70 final=0 depth=0.0001 overlapFrames=0 angular=0.982 contactMeanMs=1.094 p95Ms=2.097
ROCK network-RockCluster-35-2.4: contacts=290 repeat=72 final=0 depth=0.0002 overlapFrames=0 angular=0.874 contactMeanMs=1.010 p95Ms=1.445
ROCK network-RockLedge-3-0.0: contacts=250 repeat=72 final=0 depth=0.0002 overlapFrames=0 angular=0.398 contactMeanMs=0.965 p95Ms=1.378
ROCK network-RockLedge-3-1.2: contacts=265 repeat=70 final=0 depth=0.0001 overlapFrames=0 angular=0.207 contactMeanMs=1.466 p95Ms=4.434
ROCK network-RockLedge-3-2.4: contacts=260 repeat=72 final=0 depth=0.0001 overlapFrames=0 angular=0.340 contactMeanMs=2.819 p95Ms=5.815
ROCK network-RockLedge-12-0.0: contacts=278 repeat=72 final=0 depth=0.0002 overlapFrames=0 angular=0.612 contactMeanMs=1.372 p95Ms=3.894
ROCK network-RockLedge-12-1.2: contacts=287 repeat=70 final=0 depth=0.0001 overlapFrames=0 angular=0.392 contactMeanMs=1.549 p95Ms=4.334
ROCK network-RockLedge-12-2.4: contacts=285 repeat=72 final=0 depth=0.0001 overlapFrames=0 angular=0.405 contactMeanMs=2.306 p95Ms=5.546
ROCK network-RockLedge-35-0.0: contacts=291 repeat=72 final=0 depth=0.0002 overlapFrames=0 angular=1.199 contactMeanMs=1.480 p95Ms=4.112
ROCK network-RockLedge-35-1.2: contacts=290 repeat=70 final=0 depth=0.0001 overlapFrames=0 angular=1.075 contactMeanMs=1.618 p95Ms=4.515
ROCK network-RockLedge-35-2.4: contacts=289 repeat=68 final=0 depth=0.0002 overlapFrames=0 angular=1.055 contactMeanMs=1.170 p95Ms=1.608
ROCK network-BoulderTall-3-0.0: contacts=251 repeat=72 final=0 depth=0.0001 overlapFrames=0 angular=0.208 contactMeanMs=1.774 p95Ms=4.543
ROCK network-BoulderTall-3-1.2: contacts=255 repeat=72 final=0 depth=0.0001 overlapFrames=0 angular=0.191 contactMeanMs=1.196 p95Ms=2.850
ROCK network-BoulderTall-3-2.4: contacts=248 repeat=70 final=0 depth=0.0002 overlapFrames=0 angular=0.413 contactMeanMs=2.131 p95Ms=4.668
ROCK network-BoulderTall-12-0.0: contacts=281 repeat=72 final=0 depth=0.0001 overlapFrames=0 angular=0.300 contactMeanMs=1.646 p95Ms=4.431
ROCK network-BoulderTall-12-1.2: contacts=284 repeat=72 final=0 depth=0.0001 overlapFrames=0 angular=0.288 contactMeanMs=1.745 p95Ms=4.433
ROCK network-BoulderTall-12-2.4: contacts=275 repeat=70 final=0 depth=0.0002 overlapFrames=0 angular=0.609 contactMeanMs=2.088 p95Ms=4.642
ROCK network-BoulderTall-35-0.0: contacts=294 repeat=72 final=0 depth=0.0001 overlapFrames=0 angular=0.721 contactMeanMs=1.872 p95Ms=4.441
ROCK network-BoulderTall-35-1.2: contacts=294 repeat=72 final=0 depth=0.0002 overlapFrames=0 angular=0.728 contactMeanMs=1.642 p95Ms=4.174
ROCK network-BoulderTall-35-2.4: contacts=286 repeat=70 final=0 depth=0.0002 overlapFrames=0 angular=1.204 contactMeanMs=1.566 p95Ms=4.361
ROCK network-RockSlab-3-0.0: contacts=247 repeat=72 final=0 depth=0.0002 overlapFrames=0 angular=0.236 contactMeanMs=0.998 p95Ms=1.416
ROCK network-RockSlab-3-1.2: contacts=254 repeat=72 final=0 depth=0.0001 overlapFrames=0 angular=0.288 contactMeanMs=1.055 p95Ms=1.611
ROCK network-RockSlab-3-2.4: contacts=246 repeat=68 final=0 depth=0.0001 overlapFrames=0 angular=0.309 contactMeanMs=1.666 p95Ms=4.396
ROCK network-RockSlab-12-0.0: contacts=277 repeat=72 final=0 depth=0.0001 overlapFrames=0 angular=0.397 contactMeanMs=0.993 p95Ms=1.425
ROCK network-RockSlab-12-1.2: contacts=282 repeat=72 final=0 depth=0.0001 overlapFrames=0 angular=0.414 contactMeanMs=1.088 p95Ms=1.503
ROCK network-RockSlab-12-2.4: contacts=273 repeat=67 final=0 depth=0.0001 overlapFrames=0 angular=0.446 contactMeanMs=1.720 p95Ms=4.475
ROCK network-RockSlab-35-0.0: contacts=292 repeat=72 final=0 depth=0.0002 overlapFrames=0 angular=1.108 contactMeanMs=2.892 p95Ms=4.249
ROCK network-RockSlab-35-1.2: contacts=296 repeat=72 final=0 depth=0.0001 overlapFrames=0 angular=1.082 contactMeanMs=1.021 p95Ms=1.445
ROCK network-RockSlab-35-2.4: contacts=281 repeat=67 final=0 depth=0.0002 overlapFrames=0 angular=1.176 contactMeanMs=1.525 p95Ms=4.220
ROCK network-BoulderLow-3-0.0: contacts=254 repeat=69 final=0 depth=0.0002 overlapFrames=0 angular=0.240 contactMeanMs=2.494 p95Ms=6.322
ROCK network-BoulderLow-3-1.2: contacts=267 repeat=71 final=0 depth=0.0006 overlapFrames=0 angular=0.169 contactMeanMs=2.376 p95Ms=4.506
ROCK network-BoulderLow-3-2.4: contacts=247 repeat=70 final=0 depth=0.0002 overlapFrames=0 angular=0.145 contactMeanMs=1.904 p95Ms=4.546
ROCK network-BoulderLow-12-0.0: contacts=285 repeat=69 final=0 depth=0.0002 overlapFrames=0 angular=0.224 contactMeanMs=2.182 p95Ms=4.932
ROCK network-BoulderLow-12-1.2: contacts=299 repeat=71 final=0 depth=0.0005 overlapFrames=0 angular=0.231 contactMeanMs=2.015 p95Ms=4.546
ROCK network-BoulderLow-12-2.4: contacts=279 repeat=70 final=0 depth=0.0001 overlapFrames=0 angular=0.145 contactMeanMs=1.935 p95Ms=4.527
ROCK network-BoulderLow-35-0.0: contacts=301 repeat=68 final=0 depth=0.0001 overlapFrames=0 angular=0.461 contactMeanMs=2.986 p95Ms=6.308
ROCK network-BoulderLow-35-1.2: contacts=313 repeat=71 final=0 depth=0.0006 overlapFrames=0 angular=0.601 contactMeanMs=2.032 p95Ms=4.267
ROCK network-BoulderLow-35-2.4: contacts=296 repeat=70 final=0 depth=0.0001 overlapFrames=0 angular=0.366 contactMeanMs=1.724 p95Ms=4.432
ROCK practice-RockCluster-3-0.0: contacts=282 repeat=74 final=0 depth=0.0044 overlapFrames=0 angular=0.140 contactMeanMs=0.957 p95Ms=1.112
ROCK practice-RockCluster-3-1.2: contacts=261 repeat=72 final=0 depth=0.0008 overlapFrames=0 angular=0.229 contactMeanMs=0.846 p95Ms=1.073
ROCK practice-RockCluster-3-2.4: contacts=260 repeat=72 final=0 depth=0.0052 overlapFrames=0 angular=0.226 contactMeanMs=0.959 p95Ms=1.148
ROCK practice-RockCluster-12-0.0: contacts=315 repeat=75 final=0 depth=0.0130 overlapFrames=0 angular=0.147 contactMeanMs=1.056 p95Ms=1.245
ROCK practice-RockCluster-12-1.2: contacts=285 repeat=72 final=0 depth=0.0031 overlapFrames=0 angular=0.395 contactMeanMs=0.899 p95Ms=1.089
ROCK practice-RockCluster-12-2.4: contacts=291 repeat=72 final=0 depth=0.0233 overlapFrames=1 angular=0.348 contactMeanMs=1.020 p95Ms=1.224
ROCK practice-RockCluster-35-0.0: contacts=322 repeat=73 final=0 depth=0.0055 overlapFrames=0 angular=0.151 contactMeanMs=1.068 p95Ms=1.645
ROCK practice-RockCluster-35-1.2: contacts=302 repeat=72 final=0 depth=0.0098 overlapFrames=0 angular=1.201 contactMeanMs=0.935 p95Ms=1.054
ROCK practice-RockCluster-35-2.4: contacts=305 repeat=72 final=0 depth=0.0375 overlapFrames=1 angular=0.969 contactMeanMs=0.938 p95Ms=1.067
ROCK practice-RockLedge-3-0.0: contacts=264 repeat=72 final=0 depth=0.0087 overlapFrames=0 angular=0.403 contactMeanMs=0.927 p95Ms=1.069
ROCK practice-RockLedge-3-1.2: contacts=278 repeat=72 final=0 depth=0.0099 overlapFrames=0 angular=0.223 contactMeanMs=0.893 p95Ms=1.194
ROCK practice-RockLedge-3-2.4: contacts=269 repeat=72 final=0 depth=0.0063 overlapFrames=0 angular=0.354 contactMeanMs=2.173 p95Ms=2.626
ROCK practice-RockLedge-12-0.0: contacts=294 repeat=72 final=0 depth=0.0266 overlapFrames=1 angular=0.625 contactMeanMs=0.933 p95Ms=1.065
ROCK practice-RockLedge-12-1.2: contacts=301 repeat=72 final=0 depth=0.0093 overlapFrames=0 angular=0.416 contactMeanMs=0.989 p95Ms=1.151
ROCK practice-RockLedge-12-2.4: contacts=298 repeat=72 final=0 depth=0.0155 overlapFrames=0 angular=0.416 contactMeanMs=2.138 p95Ms=2.624
ROCK practice-RockLedge-35-0.0: contacts=311 repeat=72 final=0 depth=0.0441 overlapFrames=2 angular=1.199 contactMeanMs=0.878 p95Ms=1.117
ROCK practice-RockLedge-35-1.2: contacts=306 repeat=72 final=0 depth=0.0616 overlapFrames=2 angular=1.203 contactMeanMs=0.995 p95Ms=1.194
ROCK practice-RockLedge-35-2.4: contacts=308 repeat=72 final=0 depth=0.0566 overlapFrames=1 angular=1.205 contactMeanMs=2.126 p95Ms=2.494
ROCK practice-BoulderTall-3-0.0: contacts=261 repeat=72 final=0 depth=0.0198 overlapFrames=0 angular=0.217 contactMeanMs=0.922 p95Ms=1.218
ROCK practice-BoulderTall-3-1.2: contacts=265 repeat=72 final=0 depth=0.0159 overlapFrames=0 angular=0.197 contactMeanMs=0.945 p95Ms=1.071
ROCK practice-BoulderTall-3-2.4: contacts=262 repeat=72 final=0 depth=0.0151 overlapFrames=0 angular=0.419 contactMeanMs=0.962 p95Ms=1.178
ROCK practice-BoulderTall-12-0.0: contacts=292 repeat=72 final=0 depth=0.0187 overlapFrames=0 angular=0.316 contactMeanMs=0.948 p95Ms=1.115
ROCK practice-BoulderTall-12-1.2: contacts=295 repeat=72 final=0 depth=0.0246 overlapFrames=1 angular=0.303 contactMeanMs=0.967 p95Ms=1.148
ROCK practice-BoulderTall-12-2.4: contacts=293 repeat=72 final=0 depth=0.0249 overlapFrames=1 angular=0.620 contactMeanMs=0.954 p95Ms=1.119
ROCK practice-BoulderTall-35-0.0: contacts=306 repeat=72 final=0 depth=0.0512 overlapFrames=1 angular=0.873 contactMeanMs=0.969 p95Ms=1.175
ROCK practice-BoulderTall-35-1.2: contacts=307 repeat=72 final=0 depth=0.0674 overlapFrames=1 angular=0.896 contactMeanMs=1.015 p95Ms=1.110
ROCK practice-BoulderTall-35-2.4: contacts=309 repeat=72 final=0 depth=0.0108 overlapFrames=0 angular=1.205 contactMeanMs=1.010 p95Ms=1.077
ROCK practice-RockSlab-3-0.0: contacts=256 repeat=72 final=0 depth=0.0044 overlapFrames=0 angular=0.239 contactMeanMs=0.939 p95Ms=1.147
ROCK practice-RockSlab-3-1.2: contacts=261 repeat=72 final=0 depth=0.0048 overlapFrames=0 angular=0.289 contactMeanMs=0.869 p95Ms=1.081
ROCK practice-RockSlab-3-2.4: contacts=259 repeat=72 final=0 depth=0.0055 overlapFrames=0 angular=0.320 contactMeanMs=0.998 p95Ms=1.269
ROCK practice-RockSlab-12-0.0: contacts=290 repeat=72 final=0 depth=0.0085 overlapFrames=0 angular=0.396 contactMeanMs=1.059 p95Ms=1.346
ROCK practice-RockSlab-12-1.2: contacts=292 repeat=72 final=0 depth=0.0074 overlapFrames=0 angular=0.434 contactMeanMs=0.890 p95Ms=1.132
ROCK practice-RockSlab-12-2.4: contacts=295 repeat=73 final=0 depth=0.0261 overlapFrames=1 angular=0.476 contactMeanMs=0.869 p95Ms=1.096
ROCK practice-RockSlab-35-0.0: contacts=304 repeat=72 final=0 depth=0.0121 overlapFrames=0 angular=1.147 contactMeanMs=0.937 p95Ms=1.104
ROCK practice-RockSlab-35-1.2: contacts=305 repeat=72 final=0 depth=0.0097 overlapFrames=0 angular=1.176 contactMeanMs=0.942 p95Ms=1.145
ROCK practice-RockSlab-35-2.4: contacts=317 repeat=73 final=0 depth=0.0296 overlapFrames=1 angular=1.198 contactMeanMs=0.864 p95Ms=1.104
ROCK practice-BoulderLow-3-0.0: contacts=280 repeat=76 final=0 depth=0.0036 overlapFrames=0 angular=0.319 contactMeanMs=0.951 p95Ms=1.130
ROCK practice-BoulderLow-3-1.2: contacts=288 repeat=75 final=0 depth=0.0030 overlapFrames=0 angular=0.170 contactMeanMs=0.874 p95Ms=1.092
ROCK practice-BoulderLow-3-2.4: contacts=262 repeat=73 final=0 depth=0.0126 overlapFrames=0 angular=0.152 contactMeanMs=0.971 p95Ms=1.181
ROCK practice-BoulderLow-12-0.0: contacts=316 repeat=76 final=0 depth=0.0041 overlapFrames=0 angular=0.407 contactMeanMs=0.941 p95Ms=1.077
ROCK practice-BoulderLow-12-1.2: contacts=326 repeat=77 final=0 depth=0.0049 overlapFrames=0 angular=0.239 contactMeanMs=0.918 p95Ms=1.062
ROCK practice-BoulderLow-12-2.4: contacts=295 repeat=73 final=0 depth=0.0095 overlapFrames=0 angular=0.142 contactMeanMs=0.935 p95Ms=1.134
ROCK practice-BoulderLow-35-0.0: contacts=338 repeat=79 final=0 depth=0.0050 overlapFrames=0 angular=1.101 contactMeanMs=0.955 p95Ms=1.153
ROCK practice-BoulderLow-35-1.2: contacts=353 repeat=81 final=0 depth=0.0137 overlapFrames=0 angular=0.703 contactMeanMs=0.939 p95Ms=1.129
ROCK practice-BoulderLow-35-2.4: contacts=332 repeat=79 final=0 depth=0.0585 overlapFrames=2 angular=0.890 contactMeanMs=0.859 p95Ms=1.064
Rock collision checks: failures=0
