Godot Engine v4.7.2.stable.mono.official.ed1daf0bf - https://godotengine.org

NETWORK_CONNECTION {"RemotePeerId":1,"State":1,"Reason":0,"Detail":""}
NETWORK_CONNECTION {"RemotePeerId":2,"State":1,"Reason":0,"Detail":""}
NETWORK_CONNECTION {"RemotePeerId":3,"State":1,"Reason":0,"Detail":""}
NETWORK_CONNECTION {"RemotePeerId":1,"State":2,"Reason":0,"Detail":""}
NETWORK_CONNECTION {"RemotePeerId":2,"State":2,"Reason":0,"Detail":""}
NETWORK_CONNECTION {"RemotePeerId":3,"State":2,"Reason":0,"Detail":""}
NETWORK_CONNECTION {"RemotePeerId":3,"State":0,"Reason":2,"Detail":"Transport stopped"}
NETWORK_CONNECTION {"RemotePeerId":1,"State":0,"Reason":1,"Detail":"Local disconnect"}
NETWORK_CONNECTION {"RemotePeerId":2,"State":0,"Reason":2,"Detail":"Transport stopped"}
Network vehicle metrics: host=True, entry=False, maximum=0, startup=0, steady=0, snaps=0; full report: C:\Users\orsin\OneDrive\Desktop\ThanTrick\Trackstorm\.godot\network-vehicle-checks\39525e8a9a4a4a298820dd009ffacbc7\player-0.json
Live camera playtest passed: mouse orbit/smooth return, two-axis controller orbit/noisy-neutral return, displayed vehicle pose.
Network vehicle integration passed.
REPLICATION_TRAFFIC {"seconds":32.852365,"note":"Native-send application payloads including connection/chunk envelopes; excludes UDP/GNS overhead/retransmissions. Full harness lifecycle, not a steady-state window.","sent":[{"peer":1,"protocol":"TC","delivery":"Reliable","bytes":3626,"messages":2,"peak":1813},{"peer":1,"protocol":"TD","delivery":"Unreliable","bytes":829236,"messages":120,"peak":7165},{"peer":1,"protocol":"TI","delivery":"Reliable","bytes":4285,"messages":2,"peak":2164},{"peer":1,"protocol":"TM","delivery":"Reliable","bytes":3230,"messages":10,"peak":403},{"peer":1,"protocol":"TS","delivery":"Reliable","bytes":1843,"messages":3,"peak":933},{"peer":1,"protocol":"TS","delivery":"Unreliable","bytes":501762,"messages":446,"peak":1177},{"peer":2,"protocol":"TC","delivery":"Reliable","bytes":5439,"messages":3,"peak":1813},{"peer":2,"protocol":"TD","delivery":"Unreliable","bytes":829236,"messages":120,"peak":7165},{"peer":2,"protocol":"TI","delivery":"Reliable","bytes":6119,"messages":3,"peak":2164},{"peer":2,"protocol":"TM","delivery":"Reliable","bytes":3533,"messages":11,"peak":403},{"peer":2,"protocol":"TS","delivery":"Reliable","bytes":2446,"messages":4,"peak":933},{"peer":2,"protocol":"TS","delivery":"Unreliable","bytes":505064,"messages":451,"peak":1177},{"peer":3,"protocol":"TC","delivery":"Reliable","bytes":1813,"messages":1,"peak":1813},{"peer":3,"protocol":"TD","delivery":"Unreliable","bytes":829236,"messages":120,"peak":7165},{"peer":3,"protocol":"TI","delivery":"Reliable","bytes":2164,"messages":1,"peak":2164},{"peer":3,"protocol":"TM","delivery":"Reliable","bytes":2927,"messages":9,"peak":403},{"peer":3,"protocol":"TS","delivery":"Reliable","bytes":953,"messages":2,"peak":933},{"peer":3,"protocol":"TS","delivery":"Unreliable","bytes":501762,"messages":446,"peak":1177}]}

Godot Engine v4.7.2.stable.mono.official.ed1daf0bf - https://godotengine.org

NETWORK_CONNECTION {"RemotePeerId":1,"State":1,"Reason":0,"Detail":""}
NETWORK_CONNECTION {"RemotePeerId":1,"State":2,"Reason":0,"Detail":""}
Network vehicle metrics: host=False, entry=False, maximum=0.15702182, startup=0.11944419145584106, steady=0.15702182054519653, snaps=0; full report: C:\Users\orsin\OneDrive\Desktop\ThanTrick\Trackstorm\.godot\network-vehicle-checks\39525e8a9a4a4a298820dd009ffacbc7\player-1.json
Live camera playtest passed: mouse orbit/smooth return, two-axis controller orbit/noisy-neutral return, displayed vehicle pose.
Network vehicle integration passed.
REPLICATION_TRAFFIC {"seconds":25.0270215,"note":"Native-send application payloads including connection/chunk envelopes; excludes UDP/GNS overhead/retransmissions. Full harness lifecycle, not a steady-state window.","sent":[{"peer":1,"protocol":"TS","delivery":"Unreliable","bytes":139056,"messages":962,"peak":145}]}

Godot Engine v4.7.2.stable.mono.official.ed1daf0bf - https://godotengine.org

NETWORK_CONNECTION {"RemotePeerId":1,"State":1,"Reason":0,"Detail":""}
NETWORK_CONNECTION {"RemotePeerId":1,"State":2,"Reason":0,"Detail":""}
Network vehicle metrics: host=False, entry=False, maximum=0.17335162, startup=0.17335161566734314, steady=0.08178359270095825, snaps=0; full report: C:\Users\orsin\OneDrive\Desktop\ThanTrick\Trackstorm\.godot\network-vehicle-checks\39525e8a9a4a4a298820dd009ffacbc7\player-2.json
Live camera playtest passed: mouse orbit/smooth return, two-axis controller orbit/noisy-neutral return, displayed vehicle pose.
Network vehicle integration passed.
REPLICATION_TRAFFIC {"seconds":24.8419311,"note":"Native-send application payloads including connection/chunk envelopes; excludes UDP/GNS overhead/retransmissions. Full harness lifecycle, not a steady-state window.","sent":[{"peer":1,"protocol":"TS","delivery":"Unreliable","bytes":139263,"messages":963,"peak":145}]}

Godot Engine v4.7.2.stable.mono.official.ed1daf0bf - https://godotengine.org

NETWORK_CONNECTION {"RemotePeerId":1,"State":1,"Reason":0,"Detail":""}
NETWORK_CONNECTION {"RemotePeerId":1,"State":2,"Reason":0,"Detail":""}
Network vehicle metrics: host=False, entry=False, maximum=0.20676078, startup=0.20676077902317047, steady=0.0873892605304718, snaps=0; full report: C:\Users\orsin\OneDrive\Desktop\ThanTrick\Trackstorm\.godot\network-vehicle-checks\39525e8a9a4a4a298820dd009ffacbc7\player-3.json
Live camera playtest passed: mouse orbit/smooth return, two-axis controller orbit/noisy-neutral return, displayed vehicle pose.
Network vehicle integration passed.
REPLICATION_TRAFFIC {"seconds":24.7498785,"note":"Native-send application payloads including connection/chunk envelopes; excludes UDP/GNS overhead/retransmissions. Full harness lifecycle, not a steady-state window.","sent":[{"peer":1,"protocol":"TS","delivery":"Unreliable","bytes":139118,"messages":962,"peak":145}]}

Network vehicle verification artifacts: C:\Users\orsin\OneDrive\Desktop\ThanTrick\Trackstorm\.godot\network-vehicle-checks\39525e8a9a4a4a298820dd009ffacbc7
