Godot Engine v4.7.2.stable.mono.official.ed1daf0bf - https://godotengine.org

Repeated vehicle contact: frames=513, travelError=0.004115, speedChange=0.076719
Repeated vehicle contact checks passed.
Godot Engine v4.7.2.stable.mono.official.ed1daf0bf - https://godotengine.org

ROCK network-RockCluster-3-0.0: contacts=602 repeat=360 final=0 depth=0.0002 overlapFrames=0 angular=0.083 contactMeanMs=4.339 p95Ms=7.299
ROCK network-RockLedge-3-0.0: contacts=619 repeat=360 final=0 depth=0.0002 overlapFrames=0 angular=0.079 contactMeanMs=3.812 p95Ms=5.625
ROCK network-BoulderTall-3-0.0: contacts=607 repeat=360 final=0 depth=0.0002 overlapFrames=0 angular=0.083 contactMeanMs=4.314 p95Ms=6.735
ROCK network-RockSlab-3-0.0: contacts=607 repeat=360 final=0 depth=0.0001 overlapFrames=0 angular=0.084 contactMeanMs=4.389 p95Ms=6.702
ROCK network-BoulderLow-3-0.0: contacts=613 repeat=360 final=0 depth=0.0001 overlapFrames=0 angular=0.080 contactMeanMs=6.911 p95Ms=10.335
ROCK practice-RockCluster-3-0.0: contacts=604 repeat=360 final=0 depth=0.0011 overlapFrames=0 angular=0.087 contactMeanMs=3.530 p95Ms=4.025
ROCK practice-RockLedge-3-0.0: contacts=618 repeat=360 final=0 depth=0.0003 overlapFrames=0 angular=0.095 contactMeanMs=3.506 p95Ms=4.589
ROCK practice-BoulderTall-3-0.0: contacts=609 repeat=360 final=0 depth=0.0008 overlapFrames=0 angular=0.090 contactMeanMs=3.470 p95Ms=3.880
ROCK practice-RockSlab-3-0.0: contacts=609 repeat=360 final=0 depth=0.0004 overlapFrames=0 angular=0.100 contactMeanMs=3.348 p95Ms=3.871
ROCK practice-BoulderLow-3-0.0: contacts=616 repeat=360 final=0 depth=0.0003 overlapFrames=0 angular=0.086 contactMeanMs=3.447 p95Ms=3.928
Rock collision checks: failures=0
Godot Engine v4.7.2.stable.mono.official.ed1daf0bf - https://godotengine.org

ROCK network-RockCluster-3-0.0: contacts=422 repeat=180 final=0 depth=0.0002 overlapFrames=0 angular=0.083 contactMeanMs=4.203 p95Ms=6.891
ROCK network-RockLedge-3-0.0: contacts=439 repeat=180 final=0 depth=0.0002 overlapFrames=0 angular=0.079 contactMeanMs=4.155 p95Ms=6.491
ROCK network-BoulderTall-3-0.0: contacts=427 repeat=180 final=0 depth=0.0002 overlapFrames=0 angular=0.083 contactMeanMs=4.051 p95Ms=7.202
ROCK network-RockSlab-3-0.0: contacts=427 repeat=180 final=0 depth=0.0001 overlapFrames=0 angular=0.084 contactMeanMs=4.554 p95Ms=7.519
ROCK network-BoulderLow-3-0.0: contacts=433 repeat=180 final=0 depth=0.0002 overlapFrames=0 angular=0.080 contactMeanMs=5.779 p95Ms=7.627
ROCK practice-RockCluster-3-0.0: contacts=424 repeat=180 final=0 depth=0.0011 overlapFrames=0 angular=0.087 contactMeanMs=3.492 p95Ms=3.908
ROCK practice-RockLedge-3-0.0: contacts=438 repeat=180 final=0 depth=0.0003 overlapFrames=0 angular=0.095 contactMeanMs=3.328 p95Ms=3.832
ROCK practice-BoulderTall-3-0.0: contacts=429 repeat=180 final=0 depth=0.0008 overlapFrames=0 angular=0.090 contactMeanMs=3.443 p95Ms=3.860
ROCK practice-RockSlab-3-0.0: contacts=430 repeat=180 final=0 depth=0.0004 overlapFrames=0 angular=0.100 contactMeanMs=3.304 p95Ms=3.855
ROCK practice-BoulderLow-3-0.0: contacts=436 repeat=180 final=0 depth=0.0003 overlapFrames=0 angular=0.086 contactMeanMs=3.388 p95Ms=3.890
Rock collision checks: failures=0
Godot Engine v4.7.2.stable.mono.official.ed1daf0bf - https://godotengine.org

ROCK network-RockCluster-3-0.0: contacts=121 repeat=0 final=0 depth=0.0001 overlapFrames=0 angular=0.057 contactMeanMs=5.096 p95Ms=5.853
ROCK network-RockLedge-3-0.0: contacts=136 repeat=0 final=0 depth=0.0002 overlapFrames=0 angular=0.057 contactMeanMs=3.621 p95Ms=4.808
ROCK network-BoulderTall-3-0.0: contacts=112 repeat=0 final=0 depth=0.0002 overlapFrames=0 angular=0.057 contactMeanMs=5.517 p95Ms=7.008
ROCK network-RockSlab-3-0.0: contacts=101 repeat=0 final=0 depth=0.0002 overlapFrames=0 angular=0.057 contactMeanMs=3.670 p95Ms=4.670
ROCK network-BoulderLow-3-0.0: contacts=77 repeat=0 final=0 depth=0.0002 overlapFrames=0 angular=0.057 contactMeanMs=6.975 p95Ms=7.412
ROCK practice-RockCluster-3-0.0: contacts=123 repeat=0 final=0 depth=0.0024 overlapFrames=0 angular=0.057 contactMeanMs=3.565 p95Ms=4.010
ROCK practice-RockLedge-3-0.0: contacts=137 repeat=0 final=0 depth=0.0002 overlapFrames=0 angular=0.057 contactMeanMs=3.243 p95Ms=3.644
ROCK practice-BoulderTall-3-0.0: contacts=115 repeat=0 final=0 depth=0.0021 overlapFrames=0 angular=0.057 contactMeanMs=3.398 p95Ms=3.870
ROCK practice-RockSlab-3-0.0: contacts=104 repeat=0 final=0 depth=0.0034 overlapFrames=0 angular=0.057 contactMeanMs=3.266 p95Ms=3.688
ROCK practice-BoulderLow-3-0.0: contacts=80 repeat=0 final=0 depth=0.0004 overlapFrames=0 angular=0.057 contactMeanMs=3.533 p95Ms=3.884
Rock collision checks: failures=0
Godot Engine v4.7.2.stable.mono.official.ed1daf0bf - https://godotengine.org

FAIL: network-RockCluster-3-0.0 contact step budget: 8.776ms
ROCK network-RockCluster-3-0.0: contacts=127 repeat=0 final=0 depth=0.0002 overlapFrames=0 angular=3.729 contactMeanMs=8.776 p95Ms=11.443
ROCK network-RockLedge-3-0.0: contacts=209 repeat=16 final=30 depth=0.0002 overlapFrames=0 angular=3.329 contactMeanMs=4.095 p95Ms=6.988
ROCK network-BoulderTall-3-0.0: contacts=256 repeat=18 final=30 depth=0.0002 overlapFrames=0 angular=3.077 contactMeanMs=6.489 p95Ms=10.456
FAIL: network-RockSlab-3-0.0 contact step budget: 8.054ms
ROCK network-RockSlab-3-0.0: contacts=2 repeat=0 final=0 depth=0.0000 overlapFrames=0 angular=1.524 contactMeanMs=8.054 p95Ms=7.122
ROCK network-BoulderLow-3-0.0: contacts=58 repeat=0 final=0 depth=0.0001 overlapFrames=0 angular=1.968 contactMeanMs=4.462 p95Ms=6.072
ROCK practice-RockCluster-3-0.0: contacts=126 repeat=0 final=0 depth=0.0238 overlapFrames=1 angular=3.837 contactMeanMs=4.687 p95Ms=7.343
ROCK practice-RockLedge-3-0.0: contacts=144 repeat=84 final=0 depth=0.0046 overlapFrames=0 angular=3.358 contactMeanMs=3.416 p95Ms=3.716
ROCK practice-BoulderTall-3-0.0: contacts=235 repeat=30 final=30 depth=0.0140 overlapFrames=0 angular=2.627 contactMeanMs=3.412 p95Ms=3.898
ROCK practice-RockSlab-3-0.0: contacts=2 repeat=0 final=0 depth=0.0002 overlapFrames=0 angular=1.467 contactMeanMs=3.394 p95Ms=3.122
ROCK practice-BoulderLow-3-0.0: contacts=335 repeat=126 final=0 depth=0.0301 overlapFrames=1 angular=2.082 contactMeanMs=3.483 p95Ms=3.951
Rock collision checks: failures=2
