Godot Engine v4.7.2.stable.mono.official.ed1daf0bf - https://godotengine.org

NETWORK_CONNECTION {"RemotePeerId":1,"State":1,"Reason":0,"Detail":""}
NETWORK_CONNECTION {"RemotePeerId":2,"State":1,"Reason":0,"Detail":""}
NETWORK_CONNECTION {"RemotePeerId":3,"State":1,"Reason":0,"Detail":""}
NETWORK_CONNECTION {"RemotePeerId":1,"State":2,"Reason":0,"Detail":""}
NETWORK_CONNECTION {"RemotePeerId":2,"State":2,"Reason":0,"Detail":""}
NETWORK_CONNECTION {"RemotePeerId":3,"State":2,"Reason":0,"Detail":""}
NETWORK_CONNECTION {"RemotePeerId":1,"State":0,"Reason":2,"Detail":"Transport stopped"}
NETWORK_CONNECTION {"RemotePeerId":2,"State":0,"Reason":2,"Detail":"Transport stopped"}
Network vehicle metrics: host=True, entry=False, maximum=0, startup=0, steady=0, snaps=0; full report: C:\Users\orsin\OneDrive\Desktop\ThanTrick\Trackstorm\.godot\network-vehicle-checks\070257308e7a40baaa00baafb188512c\player-0.json
Live camera playtest passed: mouse orbit/smooth return, two-axis controller orbit/noisy-neutral return, displayed vehicle pose.
Network vehicle integration passed.
REPLICATION_TRAFFIC {"seconds":34.5670907,"note":"Native-send application payloads including connection/chunk envelopes; excludes UDP/GNS overhead/retransmissions. Full harness lifecycle, not a steady-state window.","sent":[{"peer":1,"protocol":"TC","delivery":"Reliable","bytes":1813,"messages":1,"peak":1813},{"peer":1,"protocol":"TD","delivery":"Unreliable","bytes":819010,"messages":118,"peak":7165},{"peer":1,"protocol":"TI","delivery":"Reliable","bytes":2164,"messages":1,"peak":2164},{"peer":1,"protocol":"TM","delivery":"Reliable","bytes":2524,"messages":8,"peak":403},{"peer":1,"protocol":"TS","delivery":"Reliable","bytes":953,"messages":2,"peak":933},{"peer":1,"protocol":"TS","delivery":"Unreliable","bytes":381525,"messages":344,"peak":1177},{"peer":2,"protocol":"TC","delivery":"Reliable","bytes":3626,"messages":2,"peak":1813},{"peer":2,"protocol":"TD","delivery":"Unreliable","bytes":850875,"messages":123,"peak":7165},{"peer":2,"protocol":"TI","delivery":"Reliable","bytes":4285,"messages":2,"peak":2164},{"peer":2,"protocol":"TM","delivery":"Reliable","bytes":2827,"messages":9,"peak":403},{"peer":2,"protocol":"TS","delivery":"Reliable","bytes":1843,"messages":3,"peak":933},{"peer":2,"protocol":"TS","delivery":"Unreliable","bytes":473195,"messages":447,"peak":1177},{"peer":3,"protocol":"TC","delivery":"Reliable","bytes":5439,"messages":3,"peak":1813},{"peer":3,"protocol":"TD","delivery":"Unreliable","bytes":863621,"messages":125,"peak":7165},{"peer":3,"protocol":"TI","delivery":"Reliable","bytes":6119,"messages":3,"peak":2164},{"peer":3,"protocol":"TM","delivery":"Reliable","bytes":3130,"messages":10,"peak":403},{"peer":3,"protocol":"TS","delivery":"Reliable","bytes":2446,"messages":4,"peak":933},{"peer":3,"protocol":"TS","delivery":"Unreliable","bytes":493697,"messages":481,"peak":1177}]}

Godot Engine v4.7.2.stable.mono.official.ed1daf0bf - https://godotengine.org

NETWORK_CONNECTION {"RemotePeerId":1,"State":1,"Reason":0,"Detail":""}
NETWORK_CONNECTION {"RemotePeerId":1,"State":2,"Reason":0,"Detail":""}
Network vehicle metrics: host=False, entry=False, maximum=0.2002838, startup=0.11839663982391357, steady=0.20028379559516907, snaps=0; full report: C:\Users\orsin\OneDrive\Desktop\ThanTrick\Trackstorm\.godot\network-vehicle-checks\070257308e7a40baaa00baafb188512c\player-1.json
Live camera playtest passed: mouse orbit/smooth return, two-axis controller orbit/noisy-neutral return, displayed vehicle pose.
Network vehicle integration passed.
REPLICATION_TRAFFIC {"seconds":26.8991867,"note":"Native-send application payloads including connection/chunk envelopes; excludes UDP/GNS overhead/retransmissions. Full harness lifecycle, not a steady-state window.","sent":[{"peer":1,"protocol":"TS","delivery":"Unreliable","bytes":139180,"messages":962,"peak":145}]}

Godot Engine v4.7.2.stable.mono.official.ed1daf0bf - https://godotengine.org

NETWORK_CONNECTION {"RemotePeerId":1,"State":1,"Reason":0,"Detail":""}
NETWORK_CONNECTION {"RemotePeerId":1,"State":2,"Reason":0,"Detail":""}
Network vehicle metrics: host=False, entry=False, maximum=0.08378604, startup=0.08056533336639404, steady=0.08378604054450989, snaps=0; full report: C:\Users\orsin\OneDrive\Desktop\ThanTrick\Trackstorm\.godot\network-vehicle-checks\070257308e7a40baaa00baafb188512c\player-2.json
Live camera playtest passed: mouse orbit/smooth return, two-axis controller orbit/noisy-neutral return, displayed vehicle pose.
Network vehicle integration passed.
REPLICATION_TRAFFIC {"seconds":26.8346726,"note":"Native-send application payloads including connection/chunk envelopes; excludes UDP/GNS overhead/retransmissions. Full harness lifecycle, not a steady-state window.","sent":[{"peer":1,"protocol":"TS","delivery":"Unreliable","bytes":140278,"messages":970,"peak":145}]}

Godot Engine v4.7.2.stable.mono.official.ed1daf0bf - https://godotengine.org

NETWORK_CONNECTION {"RemotePeerId":1,"State":1,"Reason":0,"Detail":""}
NETWORK_CONNECTION {"RemotePeerId":1,"State":2,"Reason":0,"Detail":""}
Network vehicle metrics: host=False, entry=False, maximum=0.5875837, startup=0.1107633113861084, steady=0.5875837206840515, snaps=0; full report: C:\Users\orsin\OneDrive\Desktop\ThanTrick\Trackstorm\.godot\network-vehicle-checks\070257308e7a40baaa00baafb188512c\player-3.json
REPLICATION_TRAFFIC {"seconds":21.7764467,"note":"Native-send application payloads including connection/chunk envelopes; excludes UDP/GNS overhead/retransmissions. Full harness lifecycle, not a steady-state window.","sent":[{"peer":1,"protocol":"TS","delivery":"Unreliable","bytes":139056,"messages":962,"peak":145}]}

ERROR: System.InvalidOperationException: Network vehicle runtime acceptance checks failed; inspect the recorded metrics.
   at Trackstorm.Client.Verification.NetworkVehicleChecks.Finish() in C:\Users\orsin\OneDrive\Desktop\ThanTrick\Trackstorm\code\Client\Verification\NetworkVehicleChecks.cs:line 441
   at Trackstorm.Client.Verification.NetworkVehicleChecks._PhysicsProcess(Double delta) in C:\Users\orsin\OneDrive\Desktop\ThanTrick\Trackstorm\code\Client\Verification\NetworkVehicleChecks.cs:line 257
   at: void Trackstorm.Client.Verification.NetworkVehicleChecks._PhysicsProcess(double) (res://code/Client/Verification/NetworkVehicleChecks.cs:257)
   C# backtrace (most recent call first):
       [0] void Godot.GD.PushError(string) (/root/godot/modules/mono/glue/GodotSharp/GodotSharp/Core/GD.cs:366)
       [1] void Trackstorm.Client.Verification.NetworkVehicleChecks._PhysicsProcess(double) (C:\Users\orsin\OneDrive\Desktop\ThanTrick\Trackstorm\code\Client\Verification\NetworkVehicleChecks.cs:257)
       [2] bool Godot.Node.InvokeGodotClassMethod(Godot.NativeInterop.godot_string_name&, Godot.NativeInterop.NativeVariantPtrArgs, Godot.NativeInterop.godot_variant&) (/root/godot/modules/mono/glue/GodotSharp/GodotSharp/Generated/GodotObjects/Node.cs:2648)
       [3] bool Trackstorm.Client.Verification.NetworkVehicleChecks.InvokeGodotClassMethod(Godot.NativeInterop.godot_string_name&, Godot.NativeInterop.NativeVariantPtrArgs, Godot.NativeInterop.godot_variant&) (C:\Users\orsin\OneDrive\Desktop\ThanTrick\Trackstorm\.godot\mono\temp\obj\Debug\Godot.SourceGenerators\Godot.SourceGenerators.ScriptMethodsGenerator\Trackstorm.Client.Verification.NetworkVehicleChecks_ScriptMethods.generated.cs:110)
       [4] Godot.NativeInterop.godot_bool Godot.Bridge.CSharpInstanceBridge.Call(nint, Godot.NativeInterop.godot_string_name*, Godot.NativeInterop.godot_variant**, int, Godot.NativeInterop.godot_variant_call_error*, Godot.NativeInterop.godot_variant*) (/root/godot/modules/mono/glue/GodotSharp/GodotSharp/Core/Bridge/CSharpInstanceBridge.cs:24)
