Godot Engine v4.7.2.stable.mono.official.ed1daf0bf - https://godotengine.org

ROCK_PROBE 0.063000
ROCK_PROBE 0.035900
ROCK_PROBE 0.037600
ROCK_PROBE 0.033000
ROCK_PROBE 0.042700
ROCK_PROBE 0.035800
ROCK_PROBE 0.035500
ROCK_PROBE 0.041600
ROCK_PROBE 0.038300
ROCK_PROBE 0.037900
ROCK_PROBE 0.037300
ROCK_PROBE 0.038000
ROCK_PROBE 0.037900
ROCK_PROBE 0.039900
ROCK_PROBE 0.044000
ROCK_PROBE 0.040600
ROCK_PROBE 0.040000
ROCK_PROBE 0.040000
ROCK_PROBE 0.059300
ROCK_PROBE 0.042500
ROCK_PROBE 0.041900
ROCK_PROBE 0.047100
ROCK_PROBE 0.040600
ROCK_PROBE 0.040700
ROCK_PROBE 0.038100
ROCK_PROBE 0.039300
ROCK_PROBE 0.038000
ROCK_PROBE 0.037400
ROCK_PROBE 0.067000
ROCK_PROBE 0.040100
ROCK_PROBE 0.037700
ROCK_PROBE 0.041700
ROCK_PROBE 0.043700
ROCK_PROBE 0.041500
ROCK_PROBE 0.065800
ROCK_PROBE 0.038300
ROCK_PROBE 0.047100
ROCK_PROBE 0.039400
ROCK_PROBE 0.039400
ROCK_PROBE 0.038500
ROCK_PROBE 0.037000
ROCK_PROBE 0.039700
ROCK_PROBE 0.037200
ROCK_PROBE 0.033900
ROCK_PROBE 0.036000
ROCK_PROBE 0.034800
ROCK_PROBE 0.048400
ROCK_PROBE 0.036400
ROCK_PROBE 0.038800
ROCK_PROBE 0.041300
ROCK_PROBE 0.035700
ROCK_PROBE 0.032900
ROCK_PROBE 0.035600
ROCK_PROBE 0.031800
ROCK_PROBE 0.032400
ROCK_PROBE 0.032700
ROCK_PROBE 0.032800
ROCK_PROBE 0.030900
ROCK_PROBE 0.025800
ROCK_PROBE 0.027600
ROCK_PROBE 0.030900
ROCK_PROBE 0.033500
ROCK_PROBE 0.028300
ROCK_PROBE 0.026400
ROCK_PROBE 0.026400
ROCK_PROBE 0.027700
ROCK_PROBE 0.070500
ROCK_PROBE 0.029700
ROCK_PROBE 0.022800
ROCK_PROBE 0.022200
ROCK_PROBE 0.020600
ROCK_PROBE 0.019300
ROCK_PROBE 0.014600
ROCK_PROBE 0.014900
ROCK_PROBE 0.019300
ROCK_PROBE 0.014100
ROCK_PROBE 0.011100
ROCK_PROBE 0.010700
ROCK_PROBE 0.013100
ROCK_PROBE 0.013300
ROCK_PROBE 0.012600
ROCK_PROBE 0.012900
ROCK_PROBE 0.015900
ROCK_PROBE 0.013600
ROCK_PROBE 0.009700
ROCK_PROBE 0.013900
ROCK_PROBE 0.008600
ROCK_PROBE 0.008400
ROCK_PROBE 0.007900
ROCK_PROBE 0.009900
ROCK_PROBE 0.008100
ROCK_PROBE 0.007400
ROCK_PROBE 0.018900
ROCK_PROBE 0.008200
ROCK_PROBE 0.008300
ROCK_PROBE 0.007500
ROCK_PROBE 0.011200
ROCK_PROBE 0.009400
ROCK_PROBE 0.007500
ROCK_PROBE 0.007300
ROCK_PROBE 0.007700
ROCK_PROBE 0.007900
ROCK_PROBE 0.007500
ROCK_PROBE 0.008000
ROCK_PROBE 0.011000
ROCK_PROBE 0.008300
ROCK_PROBE 0.007800
ROCK_PROBE 0.008200
ROCK_PROBE 0.007400
ROCK_PROBE 0.007800
ROCK_PROBE 0.007600
ROCK_PROBE 0.007500
ROCK_PROBE 0.012400
ROCK_PROBE 0.011500
ROCK_PROBE 0.008100
ROCK_PROBE 0.007400
ROCK_PROBE 0.024700
ROCK_PROBE 0.007800
ROCK_PROBE 0.009300
ROCK_PROBE 0.010100
ROCK_PROBE 0.008800
ROCK_PROBE 0.008400
ROCK_PROBE 0.009000
ROCK_PROBE 0.011700
ROCK_PROBE 0.008100
ROCK_PROBE 0.008100
ROCK_PROBE 0.007400
ROCK_PROBE 0.007800
ROCK_PROBE 0.012900
ROCK_PROBE 0.009200
ROCK_PROBE 0.008500
ROCK_PROBE 0.008300
ROCK_PROBE 0.007600
ROCK_PROBE 0.007900
ROCK_PROBE 0.007600
ROCK_PROBE 0.013600
ROCK_PROBE 0.009200
ROCK_PROBE 0.007600
ROCK_PROBE 0.008100
ROCK_PROBE 0.008400
ROCK_PROBE 0.007400
ROCK_PROBE 0.007900
ROCK_PROBE 0.007300
ROCK_PROBE 0.016300
ROCK_PROBE 0.009600
ROCK_PROBE 0.009800
ROCK_PROBE 0.009000
ROCK_PROBE 0.014000
ROCK_PROBE 0.008200
ROCK_PROBE 0.007200
ROCK_PROBE 0.007000
ROCK_PROBE 0.018400
ROCK_PROBE 0.010500
ROCK_PROBE 0.010700
ROCK_PROBE 0.009800
ROCK_PROBE 0.008800
ROCK_PROBE 0.010800
ROCK_PROBE 0.009000
ROCK_PROBE 0.007900
ROCK_PROBE 0.008200
ROCK_PROBE 0.007400
ROCK_PROBE 0.007300
ROCK_PROBE 0.007300
ROCK_PROBE 0.008100
ROCK_PROBE 0.010500
ROCK_PROBE 0.012500
ROCK_PROBE 0.008800
ROCK_PROBE 0.009600
ROCK_PROBE 0.008400
ROCK_PROBE 0.011800
ROCK_PROBE 0.007800
ROCK_PROBE 0.011900
ROCK_PROBE 0.009600
ROCK_PROBE 0.008500
ROCK_PROBE 0.021400
ROCK_PROBE 0.010800
ROCK_PROBE 0.010300
ROCK_PROBE 0.008000
ROCK_PROBE 0.030400
ROCK_PROBE 0.008600
ROCK_PROBE 0.008200
ROCK_PROBE 0.007900
ROCK_PROBE 0.016300
ROCK_PROBE 0.008600
ROCK_PROBE 0.009200
ROCK_PROBE 0.009200
ROCK_PROBE 0.008400
ROCK_PROBE 0.007900
ROCK_PROBE 0.007900
ROCK_PROBE 0.008100
ROCK_PROBE 0.007700
ROCK_PROBE 0.009100
ROCK_PROBE 0.009100
ROCK_PROBE 0.011900
ROCK_PROBE 0.009200
ROCK_PROBE 0.008500
ROCK_PROBE 0.010100
ROCK_PROBE 0.011000
ROCK_PROBE 0.010900
ROCK_PROBE 0.017700
ROCK_PROBE 0.014500
ROCK_PROBE 0.021700
ROCK_PROBE 0.020200
ROCK_PROBE 0.035000
ROCK_PROBE 0.021200
ROCK_PROBE 0.024800
ROCK_PROBE 0.028300
ROCK_PROBE 0.036700
ROCK_PROBE 0.027400
ROCK_PROBE 0.031700
ROCK_PROBE 0.459800
ROCK_PROBE 0.045000
ROCK_PROBE 0.046200
ROCK_PROBE 0.039900
ROCK_PROBE 0.072700
ROCK_PROBE 0.038600
ROCK_PROBE 0.044600
ROCK_PROBE 0.040000
ROCK_PROBE 0.039100
ROCK_PROBE 0.049500
ROCK_PROBE 0.058700
ROCK_PROBE 0.068500
ROCK_PROBE 0.065500
ROCK_PROBE 0.078300
ROCK_PROBE 0.065800
ROCK_PROBE 0.058600
ROCK_PROBE 0.085000
ROCK_PROBE 0.054000
ROCK_PROBE 0.049100
ROCK_PROBE 0.043300
ROCK_PROBE 0.040200
ROCK_PROBE 0.025100
ROCK_PROBE 0.008600
ROCK_PROBE 0.020400
ROCK_PROBE 0.009600
ROCK_PROBE 0.009300
ROCK_PROBE 0.008100
ROCK_PROBE 0.007300
ROCK_PROBE 0.007500
ROCK_PROBE 0.007100
ROCK_PROBE 0.010600
ROCK_PROBE 0.009200
ROCK_PROBE 0.007300
ROCK_PROBE 0.006400
ROCK_PROBE 0.006600
ROCK_PROBE 0.007200
ROCK_PROBE 0.006400
ROCK_PROBE 0.006200
ROCK_PROBE 0.010800
ROCK_PROBE 0.006900
ROCK_PROBE 0.006200
ROCK_PROBE 0.005600
ROCK_PROBE 0.005500
ROCK_PROBE 0.005500
ROCK_PROBE 0.006000
ROCK_PROBE 0.005500
ROCK_PROBE 0.006000
ROCK_PROBE 0.008000
ROCK_PROBE 0.006200
ROCK_PROBE 0.005400
ROCK_PROBE 0.005900
ROCK_PROBE 0.005800
ROCK_PROBE 0.005600
ROCK_PROBE 0.005600
ROCK_PROBE 0.005300
ROCK_PROBE 0.005100
ROCK_PROBE 0.005300
ROCK_PROBE 0.005400
ROCK_PROBE 0.010200
ROCK_PROBE 0.007100
ROCK_PROBE 0.006400
ROCK_PROBE 0.012300
ROCK_PROBE 0.006400
ROCK_PROBE 0.006000
ROCK_PROBE 0.005800
ROCK_PROBE 0.005700
ROCK_PROBE 0.006600
ROCK_PROBE 0.008300
ROCK_PROBE 0.007800
ROCK_PROBE 0.006600
ROCK_PROBE 0.007900
ROCK_PROBE 0.007600
ROCK_PROBE 0.007200
ROCK_PROBE 0.007800
ROCK_PROBE 0.008400
ROCK_PROBE 0.016700
ROCK_PROBE 0.014200
ROCK_PROBE 0.018000
ROCK_PROBE 0.028800
ROCK_PROBE 0.030100
ROCK_PROBE 0.034400
ROCK_PROBE 0.033300
ROCK_PROBE 0.037400
ROCK_PROBE 0.034500
ROCK_PROBE 0.034400
ROCK_PROBE 0.037100
ROCK_PROBE 0.044500
ROCK_PROBE 0.041300
ROCK_PROBE 0.040200
ROCK_PROBE 0.038500
ROCK_PROBE 0.035800
ROCK_PROBE 0.031000
ROCK_PROBE 0.050600
ROCK_PROBE 0.053300
ROCK_PROBE 0.059700
ROCK_PROBE 0.054400
ROCK_PROBE 0.064700
ROCK_PROBE 0.072700
ROCK_PROBE 0.111000
ROCK_PROBE 0.086100
ROCK_PROBE 0.130800
ROCK_PROBE 0.093200
ROCK_PROBE 0.102800
ROCK_PROBE 0.107300
ROCK_PROBE 0.105900
ROCK_PROBE 0.098700
ROCK_PROBE 0.090500
ROCK_PROBE 0.082600
ROCK_PROBE 0.097500
ROCK_PROBE 0.074600
ROCK_PROBE 0.068400
ROCK_PROBE 0.070600
ROCK_PROBE 0.072900
ROCK_PROBE 0.075200
ROCK_PROBE 0.080700
ROCK_PROBE 0.082000
ROCK_PROBE 0.082200
ROCK_PROBE 0.084800
ROCK_PROBE 0.081700
ROCK_PROBE 0.091000
ROCK_PROBE 0.081600
ROCK_PROBE 0.076800
ROCK_PROBE 0.082900
ROCK_PROBE 0.079700
ROCK_PROBE 0.077100
ROCK_PROBE 0.072900
ROCK_PROBE 0.075000
ROCK_PROBE 0.073600
ROCK_PROBE 0.072700
ROCK_PROBE 0.083900
ROCK_PROBE 0.077600
ROCK_PROBE 0.077400
ROCK_PROBE 0.077200
ROCK_PROBE 0.074300
ROCK_PROBE 0.081900
ROCK_PROBE 0.085900
ROCK_PROBE 0.187900
ROCK_PROBE 0.089200
ROCK_PROBE 0.084800
ROCK_PROBE 0.079300
ROCK_PROBE 0.071300
ROCK_PROBE 0.077700
ROCK_PROBE 0.071300
ROCK_PROBE 0.074300
ROCK_PROBE 0.073800
ROCK_PROBE 0.076700
ROCK_PROBE 0.148200
ROCK_PROBE 0.072800
ROCK_PROBE 0.071500
ROCK_PROBE 0.072900
ROCK_PROBE 0.078400
ROCK_PROBE 3.059500
ROCK_PROBE 2.858300
ROCK_PROBE 4.510100
ROCK_PROBE 2.662200
ROCK_PROBE 3.422100
ROCK_PROBE 3.357600
ROCK_PROBE 3.318300
ROCK_PROBE 2.483800
ROCK_PROBE 4.163800
ROCK_PROBE 3.024100
ROCK_PROBE 3.130700
ROCK_PROBE 3.284800
ROCK_PROBE 3.281700
ROCK_PROBE 2.484700
ROCK_PROBE 3.069200
ROCK_PROBE 2.775300
ROCK_PROBE 2.473500
ROCK_PROBE 2.488700
ROCK_PROBE 5.281300
ROCK_PROBE 2.452500
ROCK_PROBE 2.837800
ROCK_PROBE 2.621700
ROCK_PROBE 3.598200
ROCK_PROBE 2.757600
ROCK_PROBE 2.460900
ROCK_PROBE 2.459400
ROCK_PROBE 2.726700
ROCK_PROBE 2.819900
ROCK_PROBE 2.855200
ROCK_PROBE 2.492200
ROCK_PROBE 4.860300
ROCK_PROBE 3.365400
ROCK_PROBE 2.639200
ROCK_PROBE 2.990800
ROCK_PROBE 2.959400
ROCK_PROBE 2.452600
ROCK_PROBE 2.652400
ROCK_PROBE 2.438800
ROCK_PROBE 2.449000
ROCK_PROBE 3.027700
ROCK_PROBE 3.057200
ROCK_PROBE 2.872200
ROCK_PROBE 2.847200
ROCK_PROBE 2.707500
ROCK_PROBE 3.058400
ROCK_PROBE 2.900600
ROCK_PROBE 2.828200
ROCK_PROBE 3.737200
ROCK_PROBE 2.764200
ROCK_PROBE 2.598100
ROCK_PROBE 3.542900
ROCK_PROBE 2.441100
ROCK_PROBE 3.333900
ROCK_PROBE 3.211300
ROCK_PROBE 3.302300
ROCK_PROBE 3.561900
ROCK_PROBE 3.065300
ROCK_PROBE 3.103900
ROCK_PROBE 2.846100
ROCK_PROBE 3.059200
ROCK_PROBE 5.201600
ROCK_PROBE 2.506200
ROCK_PROBE 4.576700
ROCK_PROBE 2.853400
ROCK_PROBE 2.662800
ROCK_PROBE 3.766900
ROCK_PROBE 2.735700
ROCK_PROBE 3.097700
ROCK_PROBE 2.682400
ROCK_PROBE 3.368300
ROCK_PROBE 4.044600
ROCK_PROBE 2.505800
ROCK_PROBE 2.842700
ROCK_PROBE 2.444500
ROCK_PROBE 3.005200
ROCK_PROBE 2.857100
ROCK_PROBE 2.457100
ROCK_PROBE 2.447400
ROCK_PROBE 2.956600
ROCK_PROBE 3.094300
ROCK_PROBE 2.826100
ROCK_PROBE 3.099200
ROCK_PROBE 2.953400
ROCK_PROBE 2.448000
ROCK_PROBE 2.975600
ROCK_PROBE 2.432900
ROCK_PROBE 2.482900
ROCK_PROBE 0.035300
ROCK_PROBE 0.040300
ROCK_PROBE 0.043500
ROCK_PROBE 0.034100
ROCK_PROBE 0.031800
ROCK_PROBE 0.031300
ROCK_PROBE 0.033100
ROCK_PROBE 0.030600
ROCK_PROBE 0.041200
ROCK_PROBE 0.031200
ROCK_PROBE 0.015000
ROCK_PROBE 0.014100
ROCK_PROBE 0.013400
ROCK_PROBE 0.014300
ROCK_PROBE 0.014100
ROCK_PROBE 0.013300
ROCK_PROBE 0.011200
ROCK_PROBE 0.017200
ROCK_PROBE 0.013600
ROCK_PROBE 0.011200
ROCK_PROBE 0.011100
ROCK_PROBE 0.010600
ROCK_PROBE 0.017800
ROCK_PROBE 0.061300
ROCK_PROBE 0.032600
ROCK_PROBE 0.024800
ROCK_PROBE 0.023300
ROCK_PROBE 0.044000
ROCK_PROBE 0.025100
ROCK_PROBE 0.031000
ROCK_PROBE 0.029400
ROCK_PROBE 0.037300
ROCK_PROBE 0.032700
ROCK_PROBE 0.037500
ROCK_PROBE 0.038000
ROCK_PROBE 0.041000
ROCK_PROBE 0.040300
ROCK_PROBE 0.041200
ROCK_PROBE 0.040600
ROCK_PROBE 0.041200
ROCK_PROBE 0.041200
ROCK_PROBE 0.043500
ROCK_PROBE 0.046900
ROCK_PROBE 0.047600
ROCK_PROBE 0.050000
ROCK_PROBE 0.049900
ROCK_PROBE 0.064400
ROCK_PROBE 0.052800
ROCK_PROBE 0.053100
ROCK_PROBE 0.059900
ROCK_PROBE 0.054200
ROCK_PROBE 0.053300
ROCK_PROBE 0.061200
ROCK_PROBE 0.063800
ROCK_PROBE 0.061400
ROCK_PROBE 0.060100
ROCK_PROBE 0.058800
ROCK_PROBE 0.064200
ROCK_PROBE 0.066000
ROCK_PROBE 0.074500
ROCK_PROBE 0.064600
ROCK_PROBE 0.066100
ROCK_PROBE 0.064200
ROCK_PROBE 0.062000
ROCK_PROBE 0.064900
ROCK_PROBE 0.060700
ROCK_PROBE 0.066100
ROCK_PROBE 0.061100
ROCK_PROBE 0.069100
ROCK_PROBE 0.065200
ROCK_PROBE 0.078700
ROCK_PROBE 0.072800
ROCK_PROBE 0.079800
ROCK_PROBE 0.073300
ROCK_PROBE 0.069300
ROCK_PROBE 0.077900
ROCK_PROBE 0.073500
ROCK_PROBE 0.068600
ROCK_PROBE 0.070100
ROCK_PROBE 0.071400
ROCK_PROBE 0.070100
ROCK_PROBE 0.067300
ROCK_PROBE 0.083800
ROCK_PROBE 0.066100
ROCK_PROBE 0.068400
ROCK_PROBE 0.067700
ROCK_PROBE 0.068600
ROCK_PROBE 0.066200
ROCK_PROBE 0.069700
ROCK_PROBE 0.065900
ROCK_PROBE 0.066600
ROCK_PROBE 0.083800
ROCK_PROBE 0.071700
ROCK_PROBE 0.069900
ROCK_PROBE 0.075200
ROCK_PROBE 0.083800
ROCK_PROBE 0.080200
ROCK_PROBE 0.075200
ROCK_PROBE 0.077600
ROCK_PROBE 0.102700
ROCK_PROBE 0.082000
ROCK_PROBE 0.171900
ROCK_PROBE 0.082500
ROCK_PROBE 0.081800
ROCK_PROBE 0.302400
ROCK_PROBE 0.087500
ROCK_PROBE 0.083300
ROCK_PROBE 0.082800
ROCK_PROBE 0.083600
ROCK_PROBE 0.082400
ROCK_PROBE 0.366600
ROCK_PROBE 0.082400
ROCK_PROBE 0.081100
ROCK_PROBE 0.081700
ROCK_PROBE 0.079100
ROCK_PROBE 0.081000
ROCK_PROBE 0.086200
ROCK_PROBE 0.093600
ROCK_PROBE 0.095200
ROCK_PROBE 0.094500
ROCK_PROBE 0.089500
ROCK_PROBE 0.090500
ROCK_PROBE 0.091900
ROCK_PROBE 0.117200
ROCK_PROBE 0.094300
ROCK_PROBE 0.096800
ROCK_PROBE 0.094100
ROCK_PROBE 0.094200
ROCK_PROBE 0.095000
ROCK_PROBE 0.092100
ROCK_PROBE 0.095600
ROCK_PROBE 0.102100
ROCK_PROBE 0.098400
ROCK_PROBE 0.100600
ROCK_PROBE 0.101100
ROCK_PROBE 0.107200
ROCK_PROBE 0.108300
ROCK_PROBE 0.105700
ROCK_PROBE 0.105200
ROCK_PROBE 0.103000
ROCK_PROBE 0.102200
ROCK_PROBE 0.111000
ROCK_PROBE 0.110100
ROCK_PROBE 0.107800
ROCK_PROBE 0.110100
ROCK_PROBE 0.112200
ROCK_PROBE 0.118500
ROCK_PROBE 0.114400
ROCK_PROBE 0.112400
ROCK_PROBE 0.111400
ROCK_PROBE 0.110000
ROCK_PROBE 0.108900
ROCK_PROBE 0.128500
ROCK_PROBE 0.109700
ROCK_PROBE 0.111500
ROCK_PROBE 0.108800
ROCK_PROBE 0.111800
ROCK_PROBE 0.112700
ROCK_PROBE 0.115400
ROCK_PROBE 0.112800
ROCK_PROBE 0.147200
ROCK_PROBE 0.107300
ROCK_PROBE 0.107900
ROCK_PROBE 0.107400
ROCK_PROBE 0.100900
ROCK_PROBE 0.097800
ROCK_PROBE 0.098900
ROCK_PROBE 0.090700
ROCK_PROBE 0.088400
ROCK_PROBE 0.089200
ROCK_PROBE 0.086000
ROCK_PROBE 0.079900
ROCK_PROBE 0.075000
ROCK_PROBE 0.070700
ROCK_PROBE 0.075700
ROCK_PROBE 0.084100
ROCK_PROBE 0.077700
ROCK_PROBE 0.076800
ROCK_PROBE 0.075500
ROCK_PROBE 0.076300
ROCK_PROBE 0.075000
ROCK_PROBE 0.072600
ROCK_PROBE 0.063800
ROCK_PROBE 0.063300
ROCK_PROBE 0.064100
ROCK_PROBE 0.066100
ROCK_PROBE 0.065600
ROCK_PROBE 0.084500
ROCK_PROBE 0.068300
ROCK_PROBE 0.067800
ROCK_PROBE 0.069100
ROCK_PROBE 0.067300
ROCK_PROBE 0.068100
ROCK_PROBE 0.071400
ROCK_PROBE 0.066500
ROCK_PROBE 0.072100
ROCK_PROBE 0.072100
ROCK_PROBE 0.074900
ROCK_PROBE 0.075700
ROCK_PROBE 0.075500
ROCK_PROBE 0.074200
ROCK_PROBE 0.075400
ROCK_PROBE 0.078200
ROCK_PROBE 0.078700
ROCK_PROBE 0.081200
ROCK_PROBE 0.081500
ROCK_PROBE 0.080700
ROCK_PROBE 0.077200
ROCK_PROBE 0.078300
ROCK_PROBE 0.076400
ROCK_PROBE 0.084600
ROCK_PROBE 0.080000
FAIL: network-bank-side-3-1.57 sustained contact budget mean=9.385ms p95=13.229ms
WORLD network-bank-side-3-1.57: contacts=81 final=0 depth=0.0002 deepFrames=0 step=0.5906 lateStep=0.5828 up=4.525 angular=1.102 meanMs=9.385 p95Ms=13.229
World collision checks: failures=1
