Godot Engine v4.7.2.stable.mono.official.ed1daf0bf - https://godotengine.org

NETWORK_CONNECTION {"RemotePeerId":1,"State":1,"Reason":0,"Detail":""}
NETWORK_CONNECTION {"RemotePeerId":2,"State":1,"Reason":0,"Detail":""}
NETWORK_CONNECTION {"RemotePeerId":3,"State":1,"Reason":0,"Detail":""}
NETWORK_CONNECTION {"RemotePeerId":1,"State":2,"Reason":0,"Detail":""}
NETWORK_CONNECTION {"RemotePeerId":2,"State":2,"Reason":0,"Detail":""}
NETWORK_CONNECTION {"RemotePeerId":3,"State":2,"Reason":0,"Detail":""}
NETWORK_CONNECTION {"RemotePeerId":2,"State":0,"Reason":2,"Detail":"Transport stopped"}
NETWORK_CONNECTION {"RemotePeerId":3,"State":0,"Reason":2,"Detail":"Transport stopped"}
NETWORK_CONNECTION {"RemotePeerId":1,"State":0,"Reason":2,"Detail":"Transport stopped"}
Network vehicle metrics: host=True, entry=False, maximum=0, startup=0, steady=0, snaps=0; full report: C:\Users\orsin\OneDrive\Desktop\ThanTrick\Trackstorm\.godot\network-vehicle-checks\9efc3ff482b74932845995d1e206f3a1\player-0.json
Live camera playtest passed: mouse orbit/smooth return, two-axis controller orbit/noisy-neutral return, displayed vehicle pose.
Network vehicle integration passed.
REPLICATION_TRAFFIC {"seconds":32.9149661,"note":"Native-send application payloads including connection/chunk envelopes; excludes UDP/GNS overhead/retransmissions. Full harness lifecycle, not a steady-state window.","sent":[{"peer":1,"protocol":"TC","delivery":"Reliable","bytes":5439,"messages":3,"peak":1813},{"peer":1,"protocol":"TD","delivery":"Unreliable","bytes":885836,"messages":128,"peak":7165},{"peer":1,"protocol":"TI","delivery":"Reliable","bytes":6119,"messages":3,"peak":2164},{"peer":1,"protocol":"TM","delivery":"Reliable","bytes":3130,"messages":10,"peak":403},{"peer":1,"protocol":"TS","delivery":"Reliable","bytes":2446,"messages":4,"peak":933},{"peer":1,"protocol":"TS","delivery":"Unreliable","bytes":506449,"messages":452,"peak":1177},{"peer":2,"protocol":"TC","delivery":"Reliable","bytes":1813,"messages":1,"peak":1813},{"peer":2,"protocol":"TD","delivery":"Unreliable","bytes":879463,"messages":127,"peak":7165},{"peer":2,"protocol":"TI","delivery":"Reliable","bytes":2164,"messages":1,"peak":2164},{"peer":2,"protocol":"TM","delivery":"Reliable","bytes":2524,"messages":8,"peak":403},{"peer":2,"protocol":"TS","delivery":"Reliable","bytes":953,"messages":2,"peak":933},{"peer":2,"protocol":"TS","delivery":"Unreliable","bytes":503750,"messages":448,"peak":1177},{"peer":3,"protocol":"TC","delivery":"Reliable","bytes":3626,"messages":2,"peak":1813},{"peer":3,"protocol":"TD","delivery":"Unreliable","bytes":885836,"messages":128,"peak":7165},{"peer":3,"protocol":"TI","delivery":"Reliable","bytes":4285,"messages":2,"peak":2164},{"peer":3,"protocol":"TM","delivery":"Reliable","bytes":2827,"messages":9,"peak":403},{"peer":3,"protocol":"TS","delivery":"Reliable","bytes":1843,"messages":3,"peak":933},{"peer":3,"protocol":"TS","delivery":"Unreliable","bytes":504640,"messages":449,"peak":1177}]}

Godot Engine v4.7.2.stable.mono.official.ed1daf0bf - https://godotengine.org

NETWORK_CONNECTION {"RemotePeerId":1,"State":1,"Reason":0,"Detail":""}
NETWORK_CONNECTION {"RemotePeerId":1,"State":2,"Reason":0,"Detail":""}
Network vehicle metrics: host=False, entry=False, maximum=0.10778594, startup=0.10778594017028809, steady=0.06382358819246292, snaps=0; full report: C:\Users\orsin\OneDrive\Desktop\ThanTrick\Trackstorm\.godot\network-vehicle-checks\9efc3ff482b74932845995d1e206f3a1\player-1.json
Live camera playtest passed: mouse orbit/smooth return, two-axis controller orbit/noisy-neutral return, displayed vehicle pose.
Network vehicle integration passed.
REPLICATION_TRAFFIC {"seconds":24.8794379,"note":"Native-send application payloads including connection/chunk envelopes; excludes UDP/GNS overhead/retransmissions. Full harness lifecycle, not a steady-state window.","sent":[{"peer":1,"protocol":"TS","delivery":"Unreliable","bytes":139242,"messages":962,"peak":145}]}

Godot Engine v4.7.2.stable.mono.official.ed1daf0bf - https://godotengine.org

NETWORK_CONNECTION {"RemotePeerId":1,"State":1,"Reason":0,"Detail":""}
NETWORK_CONNECTION {"RemotePeerId":1,"State":2,"Reason":0,"Detail":""}
Network vehicle metrics: host=False, entry=False, maximum=0.12362182, startup=0.12362182140350342, steady=0.11005104333162308, snaps=0; full report: C:\Users\orsin\OneDrive\Desktop\ThanTrick\Trackstorm\.godot\network-vehicle-checks\9efc3ff482b74932845995d1e206f3a1\player-2.json
Live camera playtest passed: mouse orbit/smooth return, two-axis controller orbit/noisy-neutral return, displayed vehicle pose.
Network vehicle integration passed.
REPLICATION_TRAFFIC {"seconds":24.8775973,"note":"Native-send application payloads including connection/chunk envelopes; excludes UDP/GNS overhead/retransmissions. Full harness lifecycle, not a steady-state window.","sent":[{"peer":1,"protocol":"TS","delivery":"Unreliable","bytes":139159,"messages":961,"peak":145}]}

Godot Engine v4.7.2.stable.mono.official.ed1daf0bf - https://godotengine.org

NETWORK_CONNECTION {"RemotePeerId":1,"State":1,"Reason":0,"Detail":""}
NETWORK_CONNECTION {"RemotePeerId":1,"State":2,"Reason":0,"Detail":""}
Network vehicle metrics: host=False, entry=False, maximum=0.41858152, startup=0.11977612972259521, steady=0.4185815155506134, snaps=0; full report: C:\Users\orsin\OneDrive\Desktop\ThanTrick\Trackstorm\.godot\network-vehicle-checks\9efc3ff482b74932845995d1e206f3a1\player-3.json
Live camera playtest passed: mouse orbit/smooth return, two-axis controller orbit/noisy-neutral return, displayed vehicle pose.
Network vehicle integration passed.
REPLICATION_TRAFFIC {"seconds":25.0450655,"note":"Native-send application payloads including connection/chunk envelopes; excludes UDP/GNS overhead/retransmissions. Full harness lifecycle, not a steady-state window.","sent":[{"peer":1,"protocol":"TS","delivery":"Unreliable","bytes":139159,"messages":961,"peak":145}]}

Network vehicle verification artifacts: C:\Users\orsin\OneDrive\Desktop\ThanTrick\Trackstorm\.godot\network-vehicle-checks\9efc3ff482b74932845995d1e206f3a1
