Godot Engine v4.7.2.stable.mono.official.ed1daf0bf - https://godotengine.org

ROCK network-RockCluster-3-0.0: contacts=258 repeat=70 final=0 depth=0.0001 overlapFrames=0 angular=0.145 contactMeanMs=4.875 p95Ms=7.863
ROCK network-RockCluster-3-1.2: contacts=256 repeat=71 final=0 depth=0.0001 overlapFrames=0 angular=0.209 contactMeanMs=4.046 p95Ms=6.571
ROCK network-RockCluster-3-2.4: contacts=252 repeat=72 final=0 depth=0.0002 overlapFrames=0 angular=0.220 contactMeanMs=3.709 p95Ms=4.586
ROCK network-RockCluster-12-0.0: contacts=289 repeat=70 final=0 depth=0.0002 overlapFrames=0 angular=0.145 contactMeanMs=5.725 p95Ms=8.549
ROCK network-RockCluster-12-1.2: contacts=278 repeat=70 final=0 depth=0.0001 overlapFrames=0 angular=0.364 contactMeanMs=3.948 p95Ms=6.597
ROCK network-RockCluster-12-2.4: contacts=281 repeat=72 final=0 depth=0.0001 overlapFrames=0 angular=0.334 contactMeanMs=3.864 p95Ms=5.247
ROCK network-RockCluster-35-0.0: contacts=304 repeat=70 final=0 depth=0.0001 overlapFrames=0 angular=0.167 contactMeanMs=4.987 p95Ms=8.246
ROCK network-RockCluster-35-1.2: contacts=284 repeat=70 final=0 depth=0.0001 overlapFrames=0 angular=0.982 contactMeanMs=3.919 p95Ms=6.111
ROCK network-RockCluster-35-2.4: contacts=290 repeat=72 final=0 depth=0.0002 overlapFrames=0 angular=0.874 contactMeanMs=3.801 p95Ms=4.784
ROCK network-RockLedge-3-0.0: contacts=250 repeat=72 final=0 depth=0.0002 overlapFrames=0 angular=0.398 contactMeanMs=3.578 p95Ms=4.170
ROCK network-RockLedge-3-1.2: contacts=265 repeat=70 final=0 depth=0.0001 overlapFrames=0 angular=0.207 contactMeanMs=4.373 p95Ms=7.507
ROCK network-RockLedge-3-2.4: contacts=259 repeat=72 final=0 depth=0.0001 overlapFrames=0 angular=0.340 contactMeanMs=6.323 p95Ms=10.091
ROCK network-RockLedge-12-0.0: contacts=278 repeat=72 final=0 depth=0.0002 overlapFrames=0 angular=0.612 contactMeanMs=3.945 p95Ms=6.513
ROCK network-RockLedge-12-1.2: contacts=287 repeat=70 final=0 depth=0.0001 overlapFrames=0 angular=0.392 contactMeanMs=3.964 p95Ms=6.901
ROCK network-RockLedge-12-2.4: contacts=286 repeat=71 final=0 depth=0.0001 overlapFrames=0 angular=0.405 contactMeanMs=5.995 p95Ms=11.801
ROCK network-RockLedge-35-0.0: contacts=291 repeat=72 final=0 depth=0.0002 overlapFrames=0 angular=1.199 contactMeanMs=3.865 p95Ms=6.780
ROCK network-RockLedge-35-1.2: contacts=290 repeat=70 final=0 depth=0.0001 overlapFrames=0 angular=1.075 contactMeanMs=3.943 p95Ms=6.722
ROCK network-RockLedge-35-2.4: contacts=289 repeat=68 final=0 depth=0.0002 overlapFrames=0 angular=1.055 contactMeanMs=3.746 p95Ms=4.615
ROCK network-BoulderTall-3-0.0: contacts=251 repeat=72 final=0 depth=0.0001 overlapFrames=0 angular=0.208 contactMeanMs=5.506 p95Ms=9.681
ROCK network-BoulderTall-3-1.2: contacts=255 repeat=72 final=0 depth=0.0001 overlapFrames=0 angular=0.191 contactMeanMs=4.348 p95Ms=7.334
ROCK network-BoulderTall-3-2.4: contacts=248 repeat=70 final=0 depth=0.0002 overlapFrames=0 angular=0.413 contactMeanMs=4.487 p95Ms=7.244
ROCK network-BoulderTall-12-0.0: contacts=281 repeat=72 final=0 depth=0.0001 overlapFrames=0 angular=0.300 contactMeanMs=4.317 p95Ms=6.822
ROCK network-BoulderTall-12-1.2: contacts=284 repeat=72 final=0 depth=0.0001 overlapFrames=0 angular=0.288 contactMeanMs=4.035 p95Ms=6.819
ROCK network-BoulderTall-12-2.4: contacts=275 repeat=70 final=0 depth=0.0002 overlapFrames=0 angular=0.609 contactMeanMs=4.514 p95Ms=7.380
ROCK network-BoulderTall-35-0.0: contacts=294 repeat=72 final=0 depth=0.0001 overlapFrames=0 angular=0.721 contactMeanMs=4.466 p95Ms=7.159
ROCK network-BoulderTall-35-1.2: contacts=294 repeat=72 final=0 depth=0.0002 overlapFrames=0 angular=0.728 contactMeanMs=4.498 p95Ms=7.295
ROCK network-BoulderTall-35-2.4: contacts=285 repeat=70 final=0 depth=0.0002 overlapFrames=0 angular=1.204 contactMeanMs=4.250 p95Ms=7.099
ROCK network-RockSlab-3-0.0: contacts=247 repeat=72 final=0 depth=0.0002 overlapFrames=0 angular=0.236 contactMeanMs=3.746 p95Ms=4.742
ROCK network-RockSlab-3-1.2: contacts=254 repeat=72 final=0 depth=0.0001 overlapFrames=0 angular=0.288 contactMeanMs=4.176 p95Ms=6.293
ROCK network-RockSlab-3-2.4: contacts=246 repeat=68 final=0 depth=0.0001 overlapFrames=0 angular=0.309 contactMeanMs=4.227 p95Ms=6.982
ROCK network-RockSlab-12-0.0: contacts=277 repeat=72 final=0 depth=0.0001 overlapFrames=0 angular=0.397 contactMeanMs=3.792 p95Ms=4.484
ROCK network-RockSlab-12-1.2: contacts=282 repeat=72 final=0 depth=0.0001 overlapFrames=0 angular=0.414 contactMeanMs=3.707 p95Ms=4.379
ROCK network-RockSlab-12-2.4: contacts=273 repeat=67 final=0 depth=0.0001 overlapFrames=0 angular=0.446 contactMeanMs=4.125 p95Ms=6.999
ROCK network-RockSlab-35-0.0: contacts=292 repeat=72 final=0 depth=0.0002 overlapFrames=0 angular=1.108 contactMeanMs=5.428 p95Ms=6.779
ROCK network-RockSlab-35-1.2: contacts=296 repeat=72 final=0 depth=0.0001 overlapFrames=0 angular=1.082 contactMeanMs=3.803 p95Ms=4.686
ROCK network-RockSlab-35-2.4: contacts=281 repeat=67 final=0 depth=0.0002 overlapFrames=0 angular=1.176 contactMeanMs=4.000 p95Ms=7.083
ROCK network-BoulderLow-3-0.0: contacts=254 repeat=69 final=0 depth=0.0002 overlapFrames=0 angular=0.240 contactMeanMs=4.581 p95Ms=7.295
ROCK network-BoulderLow-3-1.2: contacts=268 repeat=71 final=0 depth=0.0006 overlapFrames=0 angular=0.169 contactMeanMs=4.719 p95Ms=7.087
ROCK network-BoulderLow-3-2.4: contacts=247 repeat=70 final=0 depth=0.0002 overlapFrames=0 angular=0.145 contactMeanMs=4.576 p95Ms=7.205
ROCK network-BoulderLow-12-0.0: contacts=285 repeat=69 final=0 depth=0.0002 overlapFrames=0 angular=0.224 contactMeanMs=4.670 p95Ms=7.297
ROCK network-BoulderLow-12-1.2: contacts=300 repeat=71 final=0 depth=0.0006 overlapFrames=0 angular=0.231 contactMeanMs=5.006 p95Ms=7.790
ROCK network-BoulderLow-12-2.4: contacts=279 repeat=70 final=0 depth=0.0002 overlapFrames=0 angular=0.145 contactMeanMs=4.782 p95Ms=8.363
ROCK network-BoulderLow-35-0.0: contacts=301 repeat=68 final=0 depth=0.0001 overlapFrames=0 angular=0.461 contactMeanMs=5.682 p95Ms=8.883
ROCK network-BoulderLow-35-1.2: contacts=314 repeat=71 final=0 depth=0.0005 overlapFrames=0 angular=0.601 contactMeanMs=4.340 p95Ms=6.881
ROCK network-BoulderLow-35-2.4: contacts=296 repeat=70 final=0 depth=0.0001 overlapFrames=0 angular=0.366 contactMeanMs=4.384 p95Ms=7.460
ROCK practice-RockCluster-3-0.0: contacts=282 repeat=74 final=0 depth=0.0044 overlapFrames=0 angular=0.140 contactMeanMs=3.585 p95Ms=4.034
ROCK practice-RockCluster-3-1.2: contacts=261 repeat=72 final=0 depth=0.0008 overlapFrames=0 angular=0.229 contactMeanMs=3.377 p95Ms=3.849
ROCK practice-RockCluster-3-2.4: contacts=260 repeat=72 final=0 depth=0.0052 overlapFrames=0 angular=0.226 contactMeanMs=3.390 p95Ms=3.784
ROCK practice-RockCluster-12-0.0: contacts=315 repeat=75 final=0 depth=0.0130 overlapFrames=0 angular=0.147 contactMeanMs=3.526 p95Ms=3.884
ROCK practice-RockCluster-12-1.2: contacts=285 repeat=72 final=0 depth=0.0031 overlapFrames=0 angular=0.395 contactMeanMs=3.296 p95Ms=3.793
ROCK practice-RockCluster-12-2.4: contacts=291 repeat=72 final=0 depth=0.0233 overlapFrames=1 angular=0.348 contactMeanMs=3.452 p95Ms=3.873
ROCK practice-RockCluster-35-0.0: contacts=322 repeat=73 final=0 depth=0.0055 overlapFrames=0 angular=0.151 contactMeanMs=3.507 p95Ms=3.881
ROCK practice-RockCluster-35-1.2: contacts=302 repeat=72 final=0 depth=0.0098 overlapFrames=0 angular=1.201 contactMeanMs=3.659 p95Ms=4.534
ROCK practice-RockCluster-35-2.4: contacts=305 repeat=72 final=0 depth=0.0375 overlapFrames=1 angular=0.969 contactMeanMs=3.519 p95Ms=3.944
ROCK practice-RockLedge-3-0.0: contacts=264 repeat=72 final=0 depth=0.0087 overlapFrames=0 angular=0.403 contactMeanMs=3.419 p95Ms=3.852
ROCK practice-RockLedge-3-1.2: contacts=278 repeat=72 final=0 depth=0.0099 overlapFrames=0 angular=0.223 contactMeanMs=3.333 p95Ms=3.831
ROCK practice-RockLedge-3-2.4: contacts=269 repeat=72 final=0 depth=0.0063 overlapFrames=0 angular=0.257 contactMeanMs=5.857 p95Ms=7.021
ROCK practice-RockLedge-12-0.0: contacts=294 repeat=72 final=0 depth=0.0266 overlapFrames=1 angular=0.625 contactMeanMs=3.352 p95Ms=3.717
ROCK practice-RockLedge-12-1.2: contacts=301 repeat=72 final=0 depth=0.0093 overlapFrames=0 angular=0.416 contactMeanMs=3.412 p95Ms=3.818
ROCK practice-RockLedge-12-2.4: contacts=298 repeat=72 final=0 depth=0.0155 overlapFrames=0 angular=0.416 contactMeanMs=5.849 p95Ms=7.080
ROCK practice-RockLedge-35-0.0: contacts=311 repeat=72 final=0 depth=0.0441 overlapFrames=2 angular=1.199 contactMeanMs=3.278 p95Ms=3.671
ROCK practice-RockLedge-35-1.2: contacts=306 repeat=72 final=0 depth=0.0616 overlapFrames=2 angular=1.203 contactMeanMs=3.396 p95Ms=3.748
ROCK practice-RockLedge-35-2.4: contacts=308 repeat=72 final=0 depth=0.0566 overlapFrames=1 angular=1.205 contactMeanMs=5.328 p95Ms=6.557
ROCK practice-BoulderTall-3-0.0: contacts=261 repeat=72 final=0 depth=0.0198 overlapFrames=0 angular=0.217 contactMeanMs=3.510 p95Ms=3.861
ROCK practice-BoulderTall-3-1.2: contacts=265 repeat=72 final=0 depth=0.0159 overlapFrames=0 angular=0.197 contactMeanMs=3.629 p95Ms=4.047
ROCK practice-BoulderTall-3-2.4: contacts=262 repeat=72 final=0 depth=0.0151 overlapFrames=0 angular=0.419 contactMeanMs=3.564 p95Ms=4.028
ROCK practice-BoulderTall-12-0.0: contacts=292 repeat=72 final=0 depth=0.0187 overlapFrames=0 angular=0.316 contactMeanMs=3.530 p95Ms=4.005
ROCK practice-BoulderTall-12-1.2: contacts=295 repeat=72 final=0 depth=0.0246 overlapFrames=1 angular=0.303 contactMeanMs=3.455 p95Ms=3.833
ROCK practice-BoulderTall-12-2.4: contacts=293 repeat=72 final=0 depth=0.0249 overlapFrames=1 angular=0.620 contactMeanMs=3.523 p95Ms=3.866
ROCK practice-BoulderTall-35-0.0: contacts=306 repeat=72 final=0 depth=0.0512 overlapFrames=1 angular=0.873 contactMeanMs=3.465 p95Ms=4.024
ROCK practice-BoulderTall-35-1.2: contacts=307 repeat=72 final=0 depth=0.0674 overlapFrames=1 angular=0.896 contactMeanMs=3.498 p95Ms=3.879
ROCK practice-BoulderTall-35-2.4: contacts=309 repeat=72 final=0 depth=0.0108 overlapFrames=0 angular=1.205 contactMeanMs=3.435 p95Ms=3.811
ROCK practice-RockSlab-3-0.0: contacts=256 repeat=72 final=0 depth=0.0044 overlapFrames=0 angular=0.239 contactMeanMs=3.378 p95Ms=3.764
ROCK practice-RockSlab-3-1.2: contacts=261 repeat=72 final=0 depth=0.0045 overlapFrames=0 angular=0.289 contactMeanMs=3.376 p95Ms=3.749
ROCK practice-RockSlab-3-2.4: contacts=259 repeat=72 final=0 depth=0.0055 overlapFrames=0 angular=0.320 contactMeanMs=3.311 p95Ms=3.733
ROCK practice-RockSlab-12-0.0: contacts=290 repeat=72 final=0 depth=0.0085 overlapFrames=0 angular=0.396 contactMeanMs=3.396 p95Ms=3.861
ROCK practice-RockSlab-12-1.2: contacts=292 repeat=72 final=0 depth=0.0074 overlapFrames=0 angular=0.434 contactMeanMs=3.315 p95Ms=3.794
ROCK practice-RockSlab-12-2.4: contacts=293 repeat=73 final=0 depth=0.0261 overlapFrames=1 angular=0.476 contactMeanMs=3.612 p95Ms=4.165
ROCK practice-RockSlab-35-0.0: contacts=305 repeat=72 final=0 depth=0.0121 overlapFrames=0 angular=1.147 contactMeanMs=3.892 p95Ms=4.155
ROCK practice-RockSlab-35-1.2: contacts=305 repeat=72 final=0 depth=0.0097 overlapFrames=0 angular=1.176 contactMeanMs=3.443 p95Ms=3.884
ROCK practice-RockSlab-35-2.4: contacts=317 repeat=73 final=0 depth=0.0296 overlapFrames=1 angular=1.198 contactMeanMs=3.386 p95Ms=3.722
ROCK practice-BoulderLow-3-0.0: contacts=280 repeat=76 final=0 depth=0.0036 overlapFrames=0 angular=0.319 contactMeanMs=3.531 p95Ms=3.852
ROCK practice-BoulderLow-3-1.2: contacts=288 repeat=75 final=0 depth=0.0030 overlapFrames=0 angular=0.170 contactMeanMs=3.332 p95Ms=3.801
ROCK practice-BoulderLow-3-2.4: contacts=262 repeat=73 final=0 depth=0.0126 overlapFrames=0 angular=0.152 contactMeanMs=3.337 p95Ms=3.738
ROCK practice-BoulderLow-12-0.0: contacts=316 repeat=76 final=0 depth=0.0041 overlapFrames=0 angular=0.407 contactMeanMs=3.422 p95Ms=3.879
ROCK practice-BoulderLow-12-1.2: contacts=326 repeat=77 final=0 depth=0.0049 overlapFrames=0 angular=0.239 contactMeanMs=3.347 p95Ms=3.833
ROCK practice-BoulderLow-12-2.4: contacts=295 repeat=73 final=0 depth=0.0095 overlapFrames=0 angular=0.142 contactMeanMs=3.347 p95Ms=3.756
ROCK practice-BoulderLow-35-0.0: contacts=338 repeat=79 final=0 depth=0.0050 overlapFrames=0 angular=1.101 contactMeanMs=3.546 p95Ms=3.934
ROCK practice-BoulderLow-35-1.2: contacts=353 repeat=81 final=0 depth=0.0137 overlapFrames=0 angular=0.703 contactMeanMs=3.379 p95Ms=3.835
ROCK practice-BoulderLow-35-2.4: contacts=332 repeat=79 final=0 depth=0.0585 overlapFrames=2 angular=0.890 contactMeanMs=3.399 p95Ms=3.831
Rock collision checks: failures=0
