Godot Engine v4.7.2.stable.mono.official.ed1daf0bf - https://godotengine.org

QUERY corpus: original=66.738ms bounded=17.476ms ratio=0.262
SCRAPE network-fall-3-0.00--1-0: contacts=291 falling=39 mean=1.408 p99=6.712 max=27.911 p95=2.282 step=0.161
SCRAPE network-fall-3-0.00-1-0: contacts=287 falling=36 mean=1.986 p99=4.990 max=6.036 p95=3.143 step=0.161
SCRAPE network-fall-3-0.45--1-0: contacts=282 falling=37 mean=1.464 p99=3.176 max=21.828 p95=2.490 step=0.161
SCRAPE network-fall-3-0.45-1-0: contacts=285 falling=35 mean=1.954 p99=7.593 max=20.910 p95=4.488 step=0.163
SCRAPE network-fall-3-1.20--1-0: contacts=259 falling=25 mean=1.979 p99=3.651 max=19.547 p95=3.038 step=0.159
SCRAPE network-fall-3-1.20-1-0: contacts=270 falling=31 mean=2.801 p99=6.359 max=9.911 p95=4.791 step=0.186
SCRAPE network-fall-12-0.00--1-0: contacts=294 falling=44 mean=1.400 p99=3.410 max=21.467 p95=2.199 step=0.215
SCRAPE network-fall-12-0.00-1-0: contacts=289 falling=43 mean=2.150 p99=7.746 max=24.673 p95=3.839 step=0.215
SCRAPE network-fall-12-0.45--1-0: contacts=217 falling=14 mean=1.593 p99=4.486 max=20.654 p95=3.228 step=0.215
SCRAPE network-fall-12-0.45-1-0: contacts=261 falling=38 mean=2.812 p99=7.330 max=23.025 p95=5.306 step=0.217
SCRAPE network-fall-12-1.20--1-0: contacts=108 falling=13 mean=2.018 p99=7.263 max=14.414 p95=4.993 step=0.218
SCRAPE network-fall-12-1.20-1-0: contacts=294 falling=50 mean=3.314 p99=9.229 max=19.535 p95=6.889 step=0.270
SCRAPE network-fall-25-0.00--1-0: contacts=300 falling=46 mean=1.368 p99=3.549 max=21.427 p95=2.337 step=0.427
SCRAPE network-fall-25-0.00-1-0: contacts=284 falling=42 mean=1.943 p99=3.731 max=18.901 p95=3.175 step=0.427
SCRAPE network-fall-25-0.45--1-0: contacts=188 falling=8 mean=2.093 p99=4.084 max=19.003 p95=3.448 step=0.427
SCRAPE network-fall-25-0.45-1-0: contacts=223 falling=3 mean=1.875 p99=6.881 max=20.756 p95=2.566 step=0.428
SCRAPE network-fall-25-1.20--1-0: contacts=57 falling=36 mean=3.749 p99=11.024 max=14.872 p95=7.559 step=0.428
SCRAPE network-fall-25-1.20-1-0: contacts=205 falling=23 mean=3.539 p99=8.887 max=23.681 p95=6.947 step=0.456
SCRAPE network-fall-3-0.00--1-1: contacts=291 falling=39 mean=1.199 p99=3.451 max=4.567 p95=2.149 step=0.161
SCRAPE network-fall-3-0.00-1-1: contacts=287 falling=36 mean=2.439 p99=6.865 max=22.525 p95=4.146 step=0.161
SCRAPE network-fall-3-0.45--1-1: contacts=282 falling=37 mean=1.605 p99=4.903 max=25.157 p95=2.677 step=0.161
SCRAPE network-fall-3-0.45-1-1: contacts=285 falling=35 mean=2.011 p99=7.444 max=19.131 p95=4.406 step=0.163
SCRAPE network-fall-3-1.20--1-1: contacts=259 falling=25 mean=2.059 p99=4.330 max=21.391 p95=3.075 step=0.159
SCRAPE network-fall-3-1.20-1-1: contacts=269 falling=31 mean=2.875 p99=6.596 max=22.430 p95=4.884 step=0.185
SCRAPE network-fall-12-0.00--1-1: contacts=294 falling=44 mean=1.252 p99=3.130 max=3.673 p95=2.111 step=0.215
SCRAPE network-fall-12-0.00-1-1: contacts=289 falling=43 mean=1.948 p99=7.644 max=21.301 p95=3.013 step=0.215
SCRAPE network-fall-12-0.45--1-1: contacts=217 falling=14 mean=1.511 p99=4.350 max=18.796 p95=2.906 step=0.215
SCRAPE network-fall-12-0.45-1-1: contacts=261 falling=38 mean=2.820 p99=8.051 max=26.567 p95=5.818 step=0.217
SCRAPE network-fall-12-1.20--1-1: contacts=108 falling=13 mean=1.887 p99=6.893 max=8.118 p95=4.487 step=0.218
SCRAPE network-fall-12-1.20-1-1: contacts=307 falling=29 mean=3.391 p99=7.545 max=20.497 p95=6.251 step=0.268
SCRAPE network-fall-25-0.00--1-1: contacts=300 falling=46 mean=1.209 p99=2.824 max=4.254 p95=2.338 step=0.427
SCRAPE network-fall-25-0.00-1-1: contacts=284 falling=42 mean=1.920 p99=4.144 max=19.326 p95=3.010 step=0.427
SCRAPE network-fall-25-0.45--1-1: contacts=188 falling=8 mean=2.230 p99=5.932 max=21.954 p95=3.640 step=0.427
SCRAPE network-fall-25-0.45-1-1: contacts=223 falling=3 mean=1.822 p99=5.874 max=20.002 p95=2.607 step=0.428
SCRAPE network-fall-25-1.20--1-1: contacts=68 falling=39 mean=3.586 p99=7.537 max=8.729 p95=6.283 step=0.428
SCRAPE network-fall-25-1.20-1-1: contacts=275 falling=22 mean=2.759 p99=6.554 max=19.346 p95=4.474 step=0.453
SCRAPE practice-fall-3-0.00--1-0: contacts=293 falling=27 mean=1.195 p99=2.016 max=18.003 p95=1.411 step=0.161
SCRAPE practice-fall-3-0.00-1-0: contacts=290 falling=27 mean=1.610 p99=2.156 max=17.554 p95=1.992 step=0.162
SCRAPE practice-fall-3-0.45--1-0: contacts=293 falling=30 mean=1.134 p99=2.539 max=2.777 p95=2.114 step=0.161
SCRAPE practice-fall-3-0.45-1-0: contacts=285 falling=56 mean=1.924 p99=4.163 max=17.738 p95=2.877 step=0.162
SCRAPE practice-fall-3-1.20--1-0: contacts=151 falling=25 mean=1.344 p99=2.344 max=17.484 p95=1.958 step=0.162
SCRAPE practice-fall-3-1.20-1-0: contacts=274 falling=36 mean=1.868 p99=3.187 max=18.079 p95=2.619 step=0.163
SCRAPE practice-fall-12-0.00--1-0: contacts=299 falling=49 mean=1.149 p99=1.863 max=17.186 p95=1.527 step=0.217
SCRAPE practice-fall-12-0.00-1-0: contacts=297 falling=47 mean=1.673 p99=2.503 max=19.669 p95=2.030 step=0.217
SCRAPE practice-fall-12-0.45--1-0: contacts=214 falling=7 mean=1.167 p99=2.598 max=3.022 p95=1.907 step=0.217
SCRAPE practice-fall-12-0.45-1-0: contacts=279 falling=104 mean=1.957 p99=3.737 max=5.104 p95=3.212 step=0.219
SCRAPE practice-fall-12-1.20--1-0: contacts=162 falling=44 mean=1.325 p99=3.076 max=3.506 p95=2.513 step=0.220
SCRAPE practice-fall-12-1.20-1-0: contacts=286 falling=61 mean=1.827 p99=2.980 max=3.274 p95=2.651 step=0.235
SCRAPE practice-fall-25-0.00--1-0: contacts=298 falling=70 mean=1.142 p99=2.306 max=16.166 p95=1.927 step=0.428
SCRAPE practice-fall-25-0.00-1-0: contacts=299 falling=51 mean=1.651 p99=2.599 max=22.501 p95=2.184 step=0.428
SCRAPE practice-fall-25-0.45--1-0: contacts=264 falling=34 mean=1.231 p99=2.722 max=3.006 p95=2.308 step=0.428
SCRAPE practice-fall-25-0.45-1-0: contacts=39 falling=3 mean=1.894 p99=3.267 max=3.559 p95=3.158 step=0.429
SCRAPE practice-fall-25-1.20--1-0: contacts=144 falling=38 mean=1.505 p99=3.314 max=4.046 p95=2.779 step=0.428
SCRAPE practice-fall-25-1.20-1-0: contacts=10 falling=7 mean=1.730 p99=2.875 max=3.102 p95=2.875 step=0.422
SCRAPE practice-fall-3-0.00--1-1: contacts=293 falling=27 mean=1.086 p99=1.651 max=1.954 p95=1.510 step=0.161
SCRAPE practice-fall-3-0.00-1-1: contacts=290 falling=27 mean=1.675 p99=2.339 max=17.920 p95=2.088 step=0.162
SCRAPE practice-fall-3-0.45--1-1: contacts=293 falling=30 mean=1.135 p99=2.385 max=2.819 p95=2.088 step=0.161
SCRAPE practice-fall-3-0.45-1-1: contacts=285 falling=56 mean=1.768 p99=3.125 max=3.342 p95=2.668 step=0.162
SCRAPE practice-fall-3-1.20--1-1: contacts=144 falling=26 mean=1.219 p99=2.094 max=2.660 p95=1.846 step=0.162
SCRAPE practice-fall-3-1.20-1-1: contacts=280 falling=45 mean=2.240 p99=3.576 max=3.978 p95=3.064 step=0.163
SCRAPE practice-fall-12-0.00--1-1: contacts=299 falling=49 mean=1.092 p99=1.821 max=16.579 p95=1.447 step=0.217
SCRAPE practice-fall-12-0.00-1-1: contacts=297 falling=47 mean=1.618 p99=2.373 max=2.970 p95=2.159 step=0.217
SCRAPE practice-fall-12-0.45--1-1: contacts=214 falling=7 mean=1.294 p99=2.510 max=20.676 p95=2.143 step=0.217
SCRAPE practice-fall-12-0.45-1-1: contacts=279 falling=104 mean=1.971 p99=3.255 max=17.292 p95=3.083 step=0.219
SCRAPE practice-fall-12-1.20--1-1: contacts=139 falling=39 mean=1.390 p99=2.837 max=3.211 p95=2.676 step=0.220
SCRAPE practice-fall-12-1.20-1-1: contacts=285 falling=71 mean=1.843 p99=2.855 max=17.487 p95=2.633 step=0.235
SCRAPE practice-fall-25-0.00--1-1: contacts=298 falling=70 mean=1.111 p99=2.313 max=2.736 p95=2.035 step=0.428
SCRAPE practice-fall-25-0.00-1-1: contacts=299 falling=51 mean=1.671 p99=2.800 max=19.266 p95=2.360 step=0.428
SCRAPE practice-fall-25-0.45--1-1: contacts=264 falling=34 mean=1.258 p99=2.591 max=17.314 p95=2.253 step=0.428
SCRAPE practice-fall-25-0.45-1-1: contacts=37 falling=3 mean=1.932 p99=3.503 max=3.893 p95=3.503 step=0.429
SCRAPE practice-fall-25-1.20--1-1: contacts=147 falling=47 mean=1.600 p99=3.534 max=16.613 p95=2.804 step=0.428
SCRAPE practice-fall-25-1.20-1-1: contacts=10 falling=7 mean=1.736 p99=2.746 max=2.907 p95=2.746 step=0.422
Tunnel scrape checks: failures=0
