Godot Engine v4.7.2.stable.mono.official.ed1daf0bf - https://godotengine.org

WORLD network-bank-face-3-0.00: contacts=297 final=30 depth=0.0001 deepFrames=0 step=0.1817 lateStep=0.0013 up=0.003 angular=0.133 meanMs=2.738 p95Ms=4.473
WORLD network-bank-face-3-0.45: contacts=341 final=30 depth=0.0002 deepFrames=0 step=0.1824 lateStep=0.0123 up=0.545 angular=0.797 meanMs=2.561 p95Ms=4.438
WORLD network-bank-face-3-1.57: contacts=187 final=0 depth=0.0001 deepFrames=0 step=0.1850 lateStep=0.0007 up=0.167 angular=0.551 meanMs=4.353 p95Ms=5.458
WORLD network-bank-face-12-0.00: contacts=332 final=30 depth=0.0001 deepFrames=0 step=0.2330 lateStep=0.0011 up=0.003 angular=0.133 meanMs=2.355 p95Ms=2.926
WORLD network-bank-face-12-0.45: contacts=345 final=30 depth=0.0003 deepFrames=0 step=0.1824 lateStep=0.0126 up=0.454 angular=0.798 meanMs=3.464 p95Ms=6.619
WORLD network-bank-face-12-1.57: contacts=26 final=0 depth=0.0001 deepFrames=0 step=0.4611 lateStep=0.4425 up=0.185 angular=0.484 meanMs=2.986 p95Ms=5.759
WORLD network-bank-face-35-0.00: contacts=352 final=30 depth=0.0001 deepFrames=0 step=0.5833 lateStep=0.0012 up=0.005 angular=0.254 meanMs=2.735 p95Ms=4.817
WORLD network-bank-face-35-0.45: contacts=305 final=20 depth=0.0002 deepFrames=0 step=0.3239 lateStep=0.0074 up=2.653 angular=1.641 meanMs=2.498 p95Ms=4.284
WORLD network-bank-face-35-1.57: contacts=27 final=0 depth=0.0002 deepFrames=0 step=0.4498 lateStep=0.4308 up=0.127 angular=0.833 meanMs=2.391 p95Ms=3.179
WORLD network-bank-neck-3-0.00: contacts=81 final=0 depth=0.0001 deepFrames=0 step=0.2240 lateStep=0.2172 up=6.810 angular=1.585 meanMs=4.147 p95Ms=5.739
WORLD network-bank-neck-3-0.45: contacts=1 final=0 depth=0.0000 deepFrames=0 step=0.5884 lateStep=0.5778 up=0.851 angular=1.013 meanMs=1.440 p95Ms=1.440
WORLD network-bank-neck-3-1.57: contacts=0 final=0 depth=0.0000 deepFrames=0 step=0.5421 lateStep=0.5421 up=5.008 angular=1.270 meanMs=0.000 p95Ms=0.000
WORLD network-bank-neck-12-0.00: contacts=55 final=30 depth=0.0000 deepFrames=0 step=0.3425 lateStep=0.1523 up=7.645 angular=1.248 meanMs=1.635 p95Ms=2.285
WORLD network-bank-neck-12-0.45: contacts=54 final=0 depth=0.0002 deepFrames=0 step=0.6134 lateStep=0.6049 up=2.059 angular=1.837 meanMs=0.900 p95Ms=1.473
WORLD network-bank-neck-12-1.57: contacts=148 final=0 depth=0.0002 deepFrames=0 step=0.3526 lateStep=0.3526 up=3.343 angular=1.392 meanMs=1.401 p95Ms=1.726
WORLD network-bank-neck-35-0.00: contacts=106 final=0 depth=0.0002 deepFrames=0 step=0.5833 lateStep=0.5256 up=19.314 angular=2.729 meanMs=1.576 p95Ms=2.419
WORLD network-bank-neck-35-0.45: contacts=10 final=0 depth=0.0002 deepFrames=0 step=0.5833 lateStep=0.2628 up=15.151 angular=2.356 meanMs=1.828 p95Ms=2.497
WORLD network-bank-neck-35-1.57: contacts=63 final=0 depth=0.0003 deepFrames=0 step=0.5833 lateStep=0.0648 up=5.327 angular=4.449 meanMs=0.965 p95Ms=1.413
WORLD network-bank-side-3-0.00: contacts=1 final=0 depth=0.0000 deepFrames=0 step=0.3944 lateStep=0.3186 up=8.329 angular=2.353 meanMs=1.096 p95Ms=1.096
WORLD network-bank-side-3-0.45: contacts=74 final=0 depth=0.0003 deepFrames=0 step=0.3479 lateStep=0.3378 up=8.393 angular=1.110 meanMs=2.224 p95Ms=2.665
FAIL: network-bank-side-3-1.57 sustained contact budget mean=8.337ms p95=11.665ms
WORLD network-bank-side-3-1.57: contacts=81 final=0 depth=0.0002 deepFrames=0 step=0.5906 lateStep=0.5828 up=4.525 angular=1.102 meanMs=8.337 p95Ms=11.665
WORLD network-bank-side-12-0.00: contacts=13 final=0 depth=0.0000 deepFrames=0 step=0.3753 lateStep=0.3431 up=8.857 angular=1.762 meanMs=8.205 p95Ms=10.786
WORLD network-bank-side-12-0.45: contacts=107 final=0 depth=0.0001 deepFrames=0 step=0.3421 lateStep=0.3421 up=8.554 angular=1.189 meanMs=2.611 p95Ms=3.142
WORLD network-bank-side-12-1.57: contacts=100 final=0 depth=0.0002 deepFrames=0 step=0.4178 lateStep=0.4178 up=4.225 angular=1.301 meanMs=1.160 p95Ms=1.965
WORLD network-bank-side-35-0.00: contacts=115 final=0 depth=0.0001 deepFrames=0 step=0.5833 lateStep=0.5073 up=19.372 angular=3.018 meanMs=1.641 p95Ms=2.199
WORLD network-bank-side-35-0.45: contacts=1 final=0 depth=0.0000 deepFrames=0 step=0.5833 lateStep=0.5161 up=16.758 angular=2.912 meanMs=0.690 p95Ms=0.690
WORLD network-bank-side-35-1.57: contacts=106 final=0 depth=0.0006 deepFrames=0 step=0.5833 lateStep=0.4216 up=6.702 angular=4.648 meanMs=2.323 p95Ms=3.240
WORLD network-pillar-3-0.00: contacts=301 final=30 depth=0.0001 deepFrames=0 step=0.1793 lateStep=0.0011 up=0.006 angular=0.234 meanMs=1.641 p95Ms=2.396
WORLD network-pillar-3-0.45: contacts=355 final=30 depth=0.0002 deepFrames=0 step=0.1822 lateStep=0.0022 up=0.006 angular=0.553 meanMs=1.563 p95Ms=3.190
WORLD network-pillar-3-1.57: contacts=109 final=0 depth=0.0002 deepFrames=0 step=0.5892 lateStep=0.5787 up=0.043 angular=0.448 meanMs=1.795 p95Ms=2.954
WORLD network-pillar-12-0.00: contacts=336 final=30 depth=0.0001 deepFrames=0 step=0.2310 lateStep=0.0011 up=0.006 angular=0.459 meanMs=1.713 p95Ms=2.318
WORLD network-pillar-12-0.45: contacts=353 final=30 depth=0.0002 deepFrames=0 step=0.1822 lateStep=0.0022 up=0.006 angular=0.624 meanMs=1.868 p95Ms=3.478
WORLD network-pillar-12-1.57: contacts=103 final=0 depth=0.0003 deepFrames=0 step=0.5926 lateStep=0.5823 up=0.043 angular=0.654 meanMs=1.987 p95Ms=2.497
WORLD network-pillar-35-0.00: contacts=355 final=30 depth=0.0001 deepFrames=0 step=0.5833 lateStep=0.0016 up=0.006 angular=1.158 meanMs=1.532 p95Ms=2.203
WORLD network-pillar-35-0.45: contacts=351 final=30 depth=0.0002 deepFrames=0 step=0.2939 lateStep=0.0021 up=0.052 angular=1.190 meanMs=1.585 p95Ms=3.174
WORLD network-pillar-35-1.57: contacts=116 final=0 depth=0.0001 deepFrames=0 step=0.5876 lateStep=0.5769 up=0.043 angular=1.200 meanMs=1.943 p95Ms=3.695
WORLD network-retaining-wing-3-0.00: contacts=40 final=0 depth=0.0005 deepFrames=0 step=0.5886 lateStep=0.5781 up=0.482 angular=1.205 meanMs=3.609 p95Ms=6.484
WORLD network-retaining-wing-3-0.45: contacts=7 final=0 depth=0.0001 deepFrames=0 step=0.5159 lateStep=0.5002 up=0.451 angular=1.235 meanMs=3.488 p95Ms=4.281
WORLD network-retaining-wing-3-1.57: contacts=4 final=0 depth=0.0021 deepFrames=0 step=0.6297 lateStep=0.3224 up=6.256 angular=2.362 meanMs=2.222 p95Ms=2.923
WORLD network-retaining-wing-12-0.00: contacts=109 final=0 depth=0.0011 deepFrames=0 step=0.6517 lateStep=0.6467 up=1.805 angular=1.595 meanMs=2.035 p95Ms=3.182
WORLD network-retaining-wing-12-0.45: contacts=91 final=0 depth=0.0001 deepFrames=0 step=0.6085 lateStep=0.6070 up=1.805 angular=2.066 meanMs=1.040 p95Ms=1.750
WORLD network-retaining-wing-12-1.57: contacts=254 final=30 depth=0.0025 deepFrames=0 step=0.6863 lateStep=0.0011 up=1.802 angular=2.199 meanMs=1.934 p95Ms=3.106
WORLD network-retaining-wing-35-0.00: contacts=78 final=0 depth=0.0002 deepFrames=0 step=0.6952 lateStep=0.6952 up=5.265 angular=1.574 meanMs=1.179 p95Ms=1.581
WORLD network-retaining-wing-35-0.45: contacts=85 final=0 depth=0.0002 deepFrames=0 step=0.7093 lateStep=0.7093 up=5.265 angular=1.267 meanMs=1.242 p95Ms=2.465
WORLD network-retaining-wing-35-1.57: contacts=3 final=0 depth=0.0000 deepFrames=0 step=0.9306 lateStep=0.2918 up=5.255 angular=2.089 meanMs=5.223 p95Ms=3.693
WORLD network-perimeter-3-0.00: contacts=221 final=0 depth=0.0002 deepFrames=0 step=0.1833 lateStep=0.0003 up=0.007 angular=0.495 meanMs=1.618 p95Ms=2.399
WORLD network-perimeter-3-0.45: contacts=284 final=0 depth=0.0002 deepFrames=0 step=0.1833 lateStep=0.0023 up=0.007 angular=0.165 meanMs=1.061 p95Ms=1.583
WORLD network-perimeter-3-1.57: contacts=40 final=0 depth=0.0001 deepFrames=0 step=0.6400 lateStep=0.6283 up=3.169 angular=0.719 meanMs=1.926 p95Ms=2.179
WORLD network-perimeter-12-0.00: contacts=254 final=0 depth=0.0002 deepFrames=0 step=0.2373 lateStep=0.0000 up=0.007 angular=0.495 meanMs=1.832 p95Ms=2.625
WORLD network-perimeter-12-0.45: contacts=284 final=0 depth=0.0002 deepFrames=0 step=0.1833 lateStep=0.0023 up=0.007 angular=0.165 meanMs=1.106 p95Ms=1.402
WORLD network-perimeter-12-1.57: contacts=7 final=0 depth=0.0003 deepFrames=0 step=0.6406 lateStep=0.6284 up=2.496 angular=1.101 meanMs=1.492 p95Ms=1.744
WORLD network-perimeter-35-0.00: contacts=274 final=0 depth=0.0002 deepFrames=0 step=0.5861 lateStep=0.0003 up=0.007 angular=0.773 meanMs=1.537 p95Ms=2.552
WORLD network-perimeter-35-0.45: contacts=284 final=0 depth=0.0002 deepFrames=0 step=0.2939 lateStep=0.0023 up=0.007 angular=0.214 meanMs=1.002 p95Ms=1.264
WORLD network-perimeter-35-1.57: contacts=7 final=0 depth=0.0003 deepFrames=0 step=0.6407 lateStep=0.6285 up=2.430 angular=1.200 meanMs=1.288 p95Ms=1.368
WORLD network-rock-3-0.00: contacts=197 final=0 depth=0.0002 deepFrames=0 step=0.1972 lateStep=0.0025 up=0.007 angular=0.532 meanMs=6.326 p95Ms=7.256
WORLD network-rock-3-0.45: contacts=275 final=0 depth=0.0001 deepFrames=0 step=0.1833 lateStep=0.0026 up=0.024 angular=0.266 meanMs=6.930 p95Ms=10.377
WORLD network-rock-3-1.57: contacts=4 final=0 depth=0.0002 deepFrames=0 step=0.5334 lateStep=0.5182 up=6.198 angular=1.508 meanMs=6.902 p95Ms=7.041
WORLD network-rock-12-0.00: contacts=233 final=0 depth=0.0002 deepFrames=0 step=0.2381 lateStep=0.0023 up=0.007 angular=0.627 meanMs=6.625 p95Ms=7.591
WORLD network-rock-12-0.45: contacts=271 final=0 depth=0.0002 deepFrames=0 step=0.1833 lateStep=0.0026 up=0.024 angular=0.332 meanMs=7.014 p95Ms=9.573
WORLD network-rock-12-1.57: contacts=1 final=0 depth=0.0001 deepFrames=0 step=0.5476 lateStep=0.5334 up=8.305 angular=1.588 meanMs=4.250 p95Ms=4.250
WORLD network-rock-35-0.00: contacts=255 final=0 depth=0.0001 deepFrames=0 step=0.5833 lateStep=0.0023 up=0.007 angular=1.205 meanMs=6.537 p95Ms=7.650
WORLD network-rock-35-0.45: contacts=268 final=0 depth=0.0002 deepFrames=0 step=0.2971 lateStep=0.0026 up=0.031 angular=0.968 meanMs=6.947 p95Ms=9.655
WORLD network-rock-35-1.57: contacts=1 final=0 depth=0.0000 deepFrames=0 step=0.5537 lateStep=0.5403 up=8.064 angular=1.738 meanMs=4.640 p95Ms=4.640
WORLD practice-bank-face-3-0.00: contacts=312 final=30 depth=0.0001 deepFrames=0 step=0.1835 lateStep=0.0002 up=0.005 angular=0.223 meanMs=1.510 p95Ms=1.817
WORLD practice-bank-face-3-0.45: contacts=379 final=30 depth=0.0073 deepFrames=0 step=0.1825 lateStep=0.0020 up=0.053 angular=0.760 meanMs=1.647 p95Ms=1.901
WORLD practice-bank-face-3-1.57: contacts=228 final=0 depth=0.0007 deepFrames=0 step=0.1921 lateStep=0.0013 up=0.203 angular=0.482 meanMs=2.483 p95Ms=2.907
WORLD practice-bank-face-12-0.00: contacts=346 final=30 depth=0.0001 deepFrames=0 step=0.2349 lateStep=0.0001 up=0.004 angular=0.215 meanMs=1.451 p95Ms=1.696
WORLD practice-bank-face-12-0.45: contacts=380 final=30 depth=0.0087 deepFrames=0 step=0.2000 lateStep=0.0020 up=0.051 angular=0.360 meanMs=1.891 p95Ms=2.538
WORLD practice-bank-face-12-1.57: contacts=223 final=0 depth=0.0003 deepFrames=0 step=0.2000 lateStep=0.0042 up=0.250 angular=0.674 meanMs=2.790 p95Ms=3.335
WORLD practice-bank-face-35-0.00: contacts=364 final=30 depth=0.0018 deepFrames=0 step=0.5833 lateStep=0.0005 up=1.387 angular=2.869 meanMs=1.833 p95Ms=2.164
WORLD practice-bank-face-35-0.45: contacts=382 final=30 depth=0.0101 deepFrames=0 step=0.5833 lateStep=0.0026 up=0.123 angular=0.792 meanMs=1.767 p95Ms=2.128
WORLD practice-bank-face-35-1.57: contacts=207 final=0 depth=0.0002 deepFrames=0 step=0.5833 lateStep=0.0090 up=0.512 angular=1.553 meanMs=3.105 p95Ms=3.541
WORLD practice-bank-neck-3-0.00: contacts=158 final=30 depth=0.0015 deepFrames=0 step=0.3385 lateStep=0.2194 up=6.848 angular=1.484 meanMs=1.683 p95Ms=2.829
WORLD practice-bank-neck-3-0.45: contacts=13 final=0 depth=0.0045 deepFrames=0 step=0.5964 lateStep=0.5865 up=1.061 angular=0.914 meanMs=0.756 p95Ms=0.853
WORLD practice-bank-neck-3-1.57: contacts=0 final=0 depth=0.0000 deepFrames=0 step=0.5411 lateStep=0.5411 up=4.990 angular=1.286 meanMs=0.000 p95Ms=0.000
WORLD practice-bank-neck-12-0.00: contacts=146 final=30 depth=0.0030 deepFrames=0 step=0.3533 lateStep=0.3263 up=7.653 angular=1.065 meanMs=1.088 p95Ms=1.204
WORLD practice-bank-neck-12-0.45: contacts=78 final=0 depth=0.0061 deepFrames=0 step=0.6204 lateStep=0.6134 up=2.030 angular=2.244 meanMs=0.720 p95Ms=0.987
WORLD practice-bank-neck-12-1.57: contacts=233 final=30 depth=0.0073 deepFrames=0 step=0.3580 lateStep=0.3580 up=1.099 angular=1.392 meanMs=1.064 p95Ms=1.478
WORLD practice-bank-neck-35-0.00: contacts=114 final=0 depth=0.0012 deepFrames=0 step=0.5833 lateStep=0.5249 up=19.339 angular=4.230 meanMs=1.057 p95Ms=1.213
WORLD practice-bank-neck-35-0.45: contacts=163 final=30 depth=0.0148 deepFrames=0 step=0.5833 lateStep=0.2118 up=10.187 angular=3.765 meanMs=2.528 p95Ms=2.999
WORLD practice-bank-neck-35-1.57: contacts=196 final=30 depth=0.0112 deepFrames=0 step=0.5833 lateStep=0.0459 up=5.458 angular=4.443 meanMs=0.951 p95Ms=1.440
WORLD practice-bank-side-3-0.00: contacts=2 final=0 depth=0.0087 deepFrames=0 step=0.4535 lateStep=0.3095 up=8.330 angular=4.716 meanMs=0.723 p95Ms=0.673
WORLD practice-bank-side-3-0.45: contacts=112 final=0 depth=0.0002 deepFrames=0 step=0.3489 lateStep=0.3375 up=8.423 angular=1.086 meanMs=1.704 p95Ms=2.169
WORLD practice-bank-side-3-1.57: contacts=91 final=0 depth=0.0017 deepFrames=0 step=0.5905 lateStep=0.5819 up=4.544 angular=1.077 meanMs=3.466 p95Ms=3.712
WORLD practice-bank-side-12-0.00: contacts=4 final=0 depth=0.0027 deepFrames=0 step=0.3835 lateStep=0.3512 up=8.859 angular=4.689 meanMs=1.097 p95Ms=0.507
WORLD practice-bank-side-12-0.45: contacts=147 final=0 depth=0.0001 deepFrames=0 step=0.3483 lateStep=0.3483 up=8.573 angular=1.177 meanMs=2.262 p95Ms=2.607
WORLD practice-bank-side-12-1.57: contacts=190 final=30 depth=0.0085 deepFrames=0 step=0.4177 lateStep=0.4177 up=1.653 angular=1.202 meanMs=1.154 p95Ms=1.325
WORLD practice-bank-side-35-0.00: contacts=120 final=0 depth=0.0015 deepFrames=0 step=0.5833 lateStep=0.5090 up=19.268 angular=4.407 meanMs=1.022 p95Ms=1.376
WORLD practice-bank-side-35-0.45: contacts=25 final=0 depth=0.0145 deepFrames=0 step=0.5833 lateStep=0.5178 up=16.620 angular=4.901 meanMs=0.700 p95Ms=0.880
WORLD practice-bank-side-35-1.57: contacts=172 final=0 depth=0.0004 deepFrames=0 step=0.5833 lateStep=0.4211 up=6.732 angular=4.644 meanMs=2.188 p95Ms=2.527
WORLD practice-pillar-3-0.00: contacts=306 final=30 depth=0.0004 deepFrames=0 step=0.1804 lateStep=0.0000 up=0.007 angular=0.378 meanMs=1.002 p95Ms=1.250
WORLD practice-pillar-3-0.45: contacts=365 final=30 depth=0.0166 deepFrames=0 step=0.1816 lateStep=0.0016 up=0.029 angular=0.674 meanMs=1.268 p95Ms=2.042
WORLD practice-pillar-3-1.57: contacts=181 final=0 depth=0.0005 deepFrames=0 step=0.5827 lateStep=0.5715 up=0.044 angular=0.154 meanMs=1.065 p95Ms=1.494
WORLD practice-pillar-12-0.00: contacts=339 final=30 depth=0.0004 deepFrames=0 step=0.2329 lateStep=0.0001 up=0.035 angular=0.362 meanMs=0.980 p95Ms=1.227
WORLD practice-pillar-12-0.45: contacts=367 final=30 depth=0.0137 deepFrames=0 step=0.2000 lateStep=0.0016 up=0.024 angular=0.479 meanMs=1.296 p95Ms=2.130
WORLD practice-pillar-12-1.57: contacts=176 final=0 depth=0.0009 deepFrames=0 step=0.5852 lateStep=0.5742 up=0.044 angular=0.337 meanMs=1.093 p95Ms=1.316
WORLD practice-pillar-35-0.00: contacts=359 final=30 depth=0.0004 deepFrames=0 step=0.5833 lateStep=0.0001 up=0.019 angular=0.566 meanMs=1.236 p95Ms=1.379
WORLD practice-pillar-35-0.45: contacts=367 final=30 depth=0.0134 deepFrames=0 step=0.5833 lateStep=0.0017 up=0.219 angular=1.193 meanMs=1.753 p95Ms=2.876
WORLD practice-pillar-35-1.57: contacts=140 final=0 depth=0.0009 deepFrames=0 step=0.5912 lateStep=0.5806 up=0.058 angular=1.365 meanMs=1.302 p95Ms=1.603
WORLD practice-retaining-wing-3-0.00: contacts=53 final=0 depth=0.0045 deepFrames=0 step=0.5845 lateStep=0.5735 up=0.551 angular=1.699 meanMs=1.279 p95Ms=2.013
WORLD practice-retaining-wing-3-0.45: contacts=185 final=30 depth=0.0047 deepFrames=0 step=0.4567 lateStep=0.4567 up=0.451 angular=1.200 meanMs=2.385 p95Ms=2.764
WORLD practice-retaining-wing-3-1.57: contacts=147 final=30 depth=0.0047 deepFrames=0 step=0.3285 lateStep=0.1372 up=6.201 angular=2.721 meanMs=1.331 p95Ms=2.060
WORLD practice-retaining-wing-12-0.00: contacts=116 final=0 depth=0.0010 deepFrames=0 step=0.6508 lateStep=0.6456 up=1.805 angular=1.517 meanMs=1.168 p95Ms=1.391
WORLD practice-retaining-wing-12-0.45: contacts=110 final=0 depth=0.0017 deepFrames=0 step=0.6189 lateStep=0.6169 up=1.805 angular=1.852 meanMs=0.576 p95Ms=0.868
WORLD practice-retaining-wing-12-1.57: contacts=262 final=30 depth=0.0092 deepFrames=0 step=0.3186 lateStep=0.0042 up=1.808 angular=1.436 meanMs=1.101 p95Ms=1.423
WORLD practice-retaining-wing-35-0.00: contacts=91 final=0 depth=0.0041 deepFrames=0 step=0.7037 lateStep=0.7037 up=5.265 angular=2.547 meanMs=1.051 p95Ms=1.296
WORLD practice-retaining-wing-35-0.45: contacts=119 final=0 depth=0.0048 deepFrames=0 step=0.7046 lateStep=0.7046 up=5.265 angular=1.310 meanMs=0.948 p95Ms=1.301
WORLD practice-retaining-wing-35-1.57: contacts=311 final=30 depth=0.0061 deepFrames=0 step=0.6318 lateStep=0.0003 up=5.272 angular=2.011 meanMs=1.056 p95Ms=1.329
WORLD practice-perimeter-3-0.00: contacts=227 final=0 depth=0.0008 deepFrames=0 step=0.1865 lateStep=0.0001 up=0.022 angular=0.506 meanMs=1.011 p95Ms=1.300
WORLD practice-perimeter-3-0.45: contacts=290 final=0 depth=0.0032 deepFrames=0 step=0.1834 lateStep=0.0017 up=0.031 angular=0.165 meanMs=0.802 p95Ms=0.997
WORLD practice-perimeter-3-1.57: contacts=142 final=7 depth=0.0015 deepFrames=0 step=0.6340 lateStep=0.6217 up=2.291 angular=0.229 meanMs=0.949 p95Ms=1.464
WORLD practice-perimeter-12-0.00: contacts=260 final=0 depth=0.0008 deepFrames=0 step=0.2394 lateStep=0.0001 up=0.033 angular=0.506 meanMs=1.026 p95Ms=1.263
WORLD practice-perimeter-12-0.45: contacts=290 final=0 depth=0.0032 deepFrames=0 step=0.2000 lateStep=0.0017 up=0.032 angular=0.171 meanMs=0.647 p95Ms=0.849
WORLD practice-perimeter-12-1.57: contacts=87 final=0 depth=0.0027 deepFrames=0 step=0.6381 lateStep=0.6263 up=2.957 angular=1.018 meanMs=0.823 p95Ms=1.153
WORLD practice-perimeter-35-0.00: contacts=277 final=0 depth=0.0008 deepFrames=0 step=0.5867 lateStep=0.0001 up=0.038 angular=0.633 meanMs=1.024 p95Ms=1.238
WORLD practice-perimeter-35-0.45: contacts=289 final=0 depth=0.0048 deepFrames=0 step=0.5833 lateStep=0.0017 up=0.155 angular=0.248 meanMs=0.628 p95Ms=0.853
WORLD practice-perimeter-35-1.57: contacts=52 final=0 depth=0.0147 deepFrames=0 step=0.6002 lateStep=0.5828 up=2.204 angular=1.626 meanMs=1.090 p95Ms=1.161
WORLD practice-rock-3-0.00: contacts=206 final=0 depth=0.0166 deepFrames=0 step=0.2000 lateStep=0.0007 up=0.547 angular=0.536 meanMs=3.277 p95Ms=3.796
WORLD practice-rock-3-0.45: contacts=287 final=0 depth=0.0170 deepFrames=0 step=0.1834 lateStep=0.0017 up=0.448 angular=0.447 meanMs=3.248 p95Ms=3.815
WORLD practice-rock-3-1.57: contacts=54 final=0 depth=0.0021 deepFrames=0 step=0.5159 lateStep=0.4997 up=0.914 angular=0.688 meanMs=3.157 p95Ms=3.863
WORLD practice-rock-12-0.00: contacts=248 final=0 depth=0.0172 deepFrames=0 step=0.2399 lateStep=0.0007 up=0.564 angular=0.646 meanMs=3.264 p95Ms=3.914
WORLD practice-rock-12-0.45: contacts=287 final=0 depth=0.0174 deepFrames=0 step=0.2000 lateStep=0.0018 up=0.452 angular=0.426 meanMs=3.324 p95Ms=3.860
WORLD practice-rock-12-1.57: contacts=53 final=0 depth=0.0065 deepFrames=0 step=0.5463 lateStep=0.5320 up=6.659 angular=1.585 meanMs=3.169 p95Ms=3.659
WORLD practice-rock-35-0.00: contacts=273 final=0 depth=0.0335 deepFrames=0 step=0.5833 lateStep=0.0006 up=1.637 angular=1.205 meanMs=3.209 p95Ms=3.698
WORLD practice-rock-35-0.45: contacts=287 final=0 depth=0.0368 deepFrames=0 step=0.5833 lateStep=0.0018 up=2.052 angular=1.239 meanMs=3.313 p95Ms=3.919
WORLD practice-rock-35-1.57: contacts=63 final=0 depth=0.0313 deepFrames=0 step=0.5833 lateStep=0.5235 up=2.177 angular=1.168 meanMs=3.410 p95Ms=4.649
WORLD network-bank-face-12-0.00-steering: contacts=210 final=0 depth=0.0004 deepFrames=0 step=0.2156 lateStep=0.0020 up=0.005 angular=1.975 meanMs=3.041 p95Ms=5.440
WORLD practice-bank-face-12-0.00-steering: contacts=251 final=0 depth=0.0041 deepFrames=0 step=0.2162 lateStep=0.0393 up=0.002 angular=2.043 meanMs=2.097 p95Ms=2.363
World collision checks: failures=1
