Godot Engine v4.7.2.stable.mono.official.ed1daf0bf - https://godotengine.org

native-short-gap: rotation=0.058 peak=0.508 releaseSpeed=0.0139 lateOrientationDrift=0.0133 landings=1 grounded=True airSeconds=0.000
native-short-gap: maxAir=0.0667s, commandedFrames=4
native-pitch: rotation=4.795 peak=2.520 releaseSpeed=2.5200 lateOrientationDrift=2.5200 landings=0 grounded=False airSeconds=4.017
native-yaw: rotation=4.114 peak=2.160 releaseSpeed=2.1600 lateOrientationDrift=2.1600 landings=0 grounded=False airSeconds=4.017
native-roll: rotation=6.157 peak=3.240 releaseSpeed=3.2400 lateOrientationDrift=3.0432 landings=0 grounded=False airSeconds=4.017
native-combined: rotation=7.804 peak=4.105 releaseSpeed=4.1046 lateOrientationDrift=2.1786 landings=0 grounded=False airSeconds=4.017
native-sustained: rotation=10.477 peak=3.240 releaseSpeed=3.2400 lateOrientationDrift=3.0432 landings=0 grounded=False airSeconds=5.350
native-crooked: rotation=7.546 peak=3.742 releaseSpeed=3.7417 lateOrientationDrift=2.5415 landings=0 grounded=False airSeconds=4.017
native-landing: rotation=0.000 peak=0.000 releaseSpeed=0.0000 lateOrientationDrift=0.0000 landings=1 grounded=True airSeconds=0.000
native-repeat: rotation=3.966 peak=2.157 releaseSpeed=0.0000 lateOrientationDrift=0.0000 landings=1 grounded=True airSeconds=0.000
native-repeat: 4 landing transitions
native-correction: rotation=0.988 peak=1.578 releaseSpeed=0.0002 lateOrientationDrift=0.0027 landings=1 grounded=True airSeconds=0.000
native-heading: rotation=1.183 peak=1.565 releaseSpeed=0.0001 lateOrientationDrift=0.0010 landings=1 grounded=True airSeconds=0.000
native-coast: rotation=6.318 peak=3.319 releaseSpeed=3.3190 lateOrientationDrift=2.9641 landings=0 grounded=False airSeconds=4.017
native-release-command: rotation=4.114 peak=2.160 releaseSpeed=2.1600 lateOrientationDrift=2.1600 landings=0 grounded=False airSeconds=4.017
native-device-key-pitch: rotation=4.795 peak=2.520 releaseSpeed=2.5200 lateOrientationDrift=2.5200 landings=0 grounded=False airSeconds=4.017
device-key-pitch: retained angular speed=2.520; attitude change=2.52000; continued travel=48.82m
native-device-key-yaw: rotation=4.114 peak=2.160 releaseSpeed=2.1600 lateOrientationDrift=2.1600 landings=0 grounded=False airSeconds=4.017
device-key-yaw: retained angular speed=2.160; attitude change=2.16000; continued travel=48.64m
native-device-key-roll: rotation=6.157 peak=3.240 releaseSpeed=3.2400 lateOrientationDrift=3.0432 landings=0 grounded=False airSeconds=4.017
device-key-roll: retained angular speed=3.240; attitude change=3.04319; continued travel=48.64m
native-device-pad-pitch: rotation=2.539 peak=1.334 releaseSpeed=1.3341 lateOrientationDrift=1.3341 landings=0 grounded=False airSeconds=4.017
device-pad-pitch: retained angular speed=1.334; attitude change=1.33410; continued travel=48.47m
native-device-pad-yaw: rotation=2.178 peak=1.144 releaseSpeed=1.1435 lateOrientationDrift=1.1435 landings=0 grounded=False airSeconds=4.017
device-pad-yaw: retained angular speed=1.144; attitude change=1.14351; continued travel=48.64m
native-device-pad-roll: rotation=3.260 peak=1.715 releaseSpeed=1.7153 lateOrientationDrift=1.7153 landings=0 grounded=False airSeconds=4.017
device-pad-roll: retained angular speed=1.715; attitude change=1.71527; continued travel=48.22m
network-short-gap: rotation=0.058 peak=0.508 releaseSpeed=0.0139 lateOrientationDrift=0.0133 landings=1 grounded=True airSeconds=0.000
network-short-gap: maxAir=0.0667s, commandedFrames=4
network-pitch: rotation=4.795 peak=2.520 releaseSpeed=2.5200 lateOrientationDrift=2.5200 landings=0 grounded=False airSeconds=4.017
network-yaw: rotation=4.114 peak=2.160 releaseSpeed=2.1600 lateOrientationDrift=2.1600 landings=0 grounded=False airSeconds=4.017
network-roll: rotation=6.157 peak=3.240 releaseSpeed=3.2400 lateOrientationDrift=3.0432 landings=0 grounded=False airSeconds=4.017
network-combined: rotation=7.804 peak=4.105 releaseSpeed=4.1046 lateOrientationDrift=2.1786 landings=0 grounded=False airSeconds=4.017
network-sustained: rotation=10.477 peak=3.240 releaseSpeed=3.2400 lateOrientationDrift=3.0432 landings=0 grounded=False airSeconds=5.350
network-crooked: rotation=7.546 peak=3.742 releaseSpeed=3.7417 lateOrientationDrift=2.5415 landings=0 grounded=False airSeconds=4.017
network-landing: rotation=0.000 peak=0.000 releaseSpeed=0.0000 lateOrientationDrift=0.0000 landings=1 grounded=True airSeconds=0.000
network-repeat: rotation=3.904 peak=2.157 releaseSpeed=0.0004 lateOrientationDrift=0.0000 landings=1 grounded=True airSeconds=0.000
network-repeat: 4 landing transitions
network-correction: rotation=0.988 peak=1.578 releaseSpeed=0.0007 lateOrientationDrift=0.0022 landings=1 grounded=True airSeconds=0.000
network-heading: rotation=1.183 peak=1.565 releaseSpeed=0.0001 lateOrientationDrift=0.0007 landings=1 grounded=True airSeconds=0.000
network-coast: rotation=6.318 peak=3.319 releaseSpeed=3.3190 lateOrientationDrift=2.9641 landings=0 grounded=False airSeconds=4.017
network-release-command: rotation=4.114 peak=2.160 releaseSpeed=2.1600 lateOrientationDrift=2.1600 landings=0 grounded=False airSeconds=4.017
network-device-key-pitch: rotation=4.795 peak=2.520 releaseSpeed=2.5200 lateOrientationDrift=2.5200 landings=0 grounded=False airSeconds=4.017
device-key-pitch: retained angular speed=2.520; attitude change=2.52000; continued travel=48.64m
network-device-key-yaw: rotation=4.114 peak=2.160 releaseSpeed=2.1600 lateOrientationDrift=2.1600 landings=0 grounded=False airSeconds=4.017
device-key-yaw: retained angular speed=2.160; attitude change=2.16000; continued travel=48.64m
network-device-key-roll: rotation=6.157 peak=3.240 releaseSpeed=3.2400 lateOrientationDrift=3.0432 landings=0 grounded=False airSeconds=4.017
device-key-roll: retained angular speed=3.240; attitude change=3.04319; continued travel=48.64m
network-device-pad-pitch: rotation=2.539 peak=1.334 releaseSpeed=1.3341 lateOrientationDrift=1.3341 landings=0 grounded=False airSeconds=4.017
device-pad-pitch: retained angular speed=1.334; attitude change=1.33410; continued travel=48.64m
network-device-pad-yaw: rotation=2.178 peak=1.144 releaseSpeed=1.1435 lateOrientationDrift=1.1435 landings=0 grounded=False airSeconds=4.017
device-pad-yaw: retained angular speed=1.144; attitude change=1.14351; continued travel=48.64m
network-device-pad-roll: rotation=3.260 peak=1.715 releaseSpeed=1.7153 lateOrientationDrift=1.7153 landings=0 grounded=False airSeconds=4.017
device-pad-roll: retained angular speed=1.715; attitude change=1.71527; continued travel=48.64m
Air control integration passed: 38 production-adapter scenarios.
