Godot Engine v4.7.2.stable.mono.official.ed1daf0bf - https://godotengine.org

Diagnostics: Direct-IP current Ping observed through neutral projection.
Remote tags passed over two-peer UDP: damaged snapshot, actual Wrench healing, collision death, timed respawn, matching host/client names and no local tags.
Category pickup history before reconnect: 1:3:Salvo:Weapon=-0.5/2,Consumable=0.75/0,Droppable=-0.25/1;3:3:MachineGun:Weapon=-0.5/2,Consumable=0.75/0,Droppable=-0.25/1
Item recovery seed: three distinct applied hits, 2.25 points, rate 0.375, target watermark 3.
Salvo recovery verified: exact three held shots, cooldown and two flying rounds at tick 8083; no historical events.
Shield recovery verified: 0 retained pools; 2 expired walls absent; exact HP, expiry, tipping, pose and damage watermark; no refill or timer restart.
Proxy Mine reconnect 1: complete state restored without impact replay.
Nitro reconnect 1: remaining 0, exact checkpoint state and returning player charge 37.5%.
Circus timer reconnect 1: 07:51, start 300, complete standings retained.
Environment recovery verified at tick 8100: original deadline 1091, expired=True, exact piece state and persistent cleared plants.
Machine gun recovery verified: 299/800 rounds, phase 0.25, no historical shot.
Category history verified after reconnect 1
Salvo recovery verified: exact three held shots, cooldown and two flying rounds at tick 8113; no historical events.
Shield recovery verified: 0 retained pools; 2 expired walls absent; exact HP, expiry, tipping, pose and damage watermark; no refill or timer restart.
Proxy Mine reconnect 2: complete state restored without impact replay.
Nitro reconnect 2: remaining 0, exact checkpoint state and returning player charge 37.5%.
Circus timer reconnect 2: 07:50, start 300, complete standings retained.
Environment recovery verified at tick 8160: original deadline 1091, expired=True, exact piece state and persistent cleared plants.
Machine gun recovery verified: 299/800 rounds, phase 0.25, no historical shot.
Category history verified after reconnect 2
Salvo recovery verified: exact three held shots, cooldown and two flying rounds at tick 8173; no historical events.
Shield recovery verified: 0 retained pools; 2 expired walls absent; exact HP, expiry, tipping, pose and damage watermark; no refill or timer restart.
Proxy Mine reconnect 3: complete state restored without impact replay.
Nitro reconnect 3: remaining 0, exact checkpoint state and returning player charge 37.5%.
Circus timer reconnect 3: 07:49, start 300, complete standings retained.
Environment recovery verified at tick 8220: original deadline 1091, expired=True, exact piece state and persistent cleared plants.
Machine gun recovery verified: 299/800 rounds, phase 0.25, no historical shot.
Category history verified after reconnect 3
REPLICATION_TRAFFIC {"seconds":142.7464838,"note":"Native-send application payloads including connection/chunk envelopes; excludes UDP/GNS overhead/retransmissions. Full harness lifecycle, not a steady-state window.","sent":[{"peer":1,"protocol":"TD","delivery":"Reliable","bytes":1828,"messages":1,"peak":1828},{"peer":1,"protocol":"TE","delivery":"Reliable","bytes":281,"messages":1,"peak":281},{"peer":1,"protocol":"TL","delivery":"Reliable","bytes":216,"messages":2,"peak":108},{"peer":1,"protocol":"TP","delivery":"Reliable","bytes":68,"messages":1,"peak":68},{"peer":2,"protocol":"TD","delivery":"Reliable","bytes":5531,"messages":4,"peak":1828},{"peer":2,"protocol":"TE","delivery":"Reliable","bytes":12521,"messages":12,"peak":4283},{"peer":2,"protocol":"TG","delivery":"Reliable","bytes":26896,"messages":18,"peak":10339},{"peer":2,"protocol":"TG","delivery":"Unreliable","bytes":153104,"messages":173,"peak":6616},{"peer":2,"protocol":"TL","delivery":"Reliable","bytes":432,"messages":4,"peak":108},{"peer":2,"protocol":"TP","delivery":"Reliable","bytes":544,"messages":8,"peak":68},{"peer":3,"protocol":"TD","delivery":"Reliable","bytes":1828,"messages":1,"peak":1828},{"peer":3,"protocol":"TE","delivery":"Reliable","bytes":291,"messages":1,"peak":291},{"peer":3,"protocol":"TG","delivery":"Reliable","bytes":2619,"messages":3,"peak":1824},{"peer":3,"protocol":"TG","delivery":"Unreliable","bytes":15960,"messages":39,"peak":6580},{"peer":3,"protocol":"TL","delivery":"Reliable","bytes":108,"messages":1,"peak":108},{"peer":3,"protocol":"TP","delivery":"Reliable","bytes":68,"messages":1,"peak":68},{"peer":3,"protocol":"TZ","delivery":"Reliable","bytes":15320,"messages":2,"peak":8263},{"peer":4,"protocol":"TD","delivery":"Reliable","bytes":1828,"messages":1,"peak":1828},{"peer":4,"protocol":"TE","delivery":"Reliable","bytes":292,"messages":1,"peak":292},{"peer":4,"protocol":"TG","delivery":"Reliable","bytes":2619,"messages":3,"peak":1824},{"peer":4,"protocol":"TG","delivery":"Unreliable","bytes":25610,"messages":79,"peak":6580},{"peer":4,"protocol":"TL","delivery":"Reliable","bytes":108,"messages":1,"peak":108},{"peer":4,"protocol":"TP","delivery":"Reliable","bytes":68,"messages":1,"peak":68},{"peer":4,"protocol":"TZ","delivery":"Reliable","bytes":15320,"messages":2,"peak":8263},{"peer":5,"protocol":"TD","delivery":"Reliable","bytes":1828,"messages":1,"peak":1828},{"peer":5,"protocol":"TE","delivery":"Reliable","bytes":292,"messages":1,"peak":292},{"peer":5,"protocol":"TG","delivery":"Reliable","bytes":2619,"messages":3,"peak":1824},{"peer":5,"protocol":"TG","delivery":"Unreliable","bytes":30570,"messages":100,"peak":6580},{"peer":5,"protocol":"TL","delivery":"Reliable","bytes":108,"messages":1,"peak":108},{"peer":5,"protocol":"TP","delivery":"Reliable","bytes":68,"messages":1,"peak":68},{"peer":5,"protocol":"TZ","delivery":"Reliable","bytes":15320,"messages":2,"peak":8262}]}
REPLICATION_TRAFFIC {"seconds":142.7544766,"note":"Native-send application payloads including connection/chunk envelopes; excludes UDP/GNS overhead/retransmissions. Full harness lifecycle, not a steady-state window.","sent":[{"peer":1,"protocol":"TL","delivery":"Reliable","bytes":297,"messages":2,"peak":150},{"peer":2,"protocol":"TD","delivery":"Reliable","bytes":59,"messages":1,"peak":59},{"peer":2,"protocol":"TG","delivery":"Reliable","bytes":138,"messages":3,"peak":60},{"peer":2,"protocol":"TG","delivery":"Unreliable","bytes":77725,"messages":491,"peak":172},{"peer":2,"protocol":"TL","delivery":"Reliable","bytes":297,"messages":2,"peak":150},{"peer":3,"protocol":"TG","delivery":"Reliable","bytes":39,"messages":1,"peak":39},{"peer":3,"protocol":"TG","delivery":"Unreliable","bytes":3170,"messages":26,"peak":172},{"peer":3,"protocol":"TL","delivery":"Reliable","bytes":151,"messages":1,"peak":151},{"peer":4,"protocol":"TG","delivery":"Reliable","bytes":39,"messages":1,"peak":39},{"peer":4,"protocol":"TG","delivery":"Unreliable","bytes":6918,"messages":55,"peak":172},{"peer":4,"protocol":"TL","delivery":"Reliable","bytes":151,"messages":1,"peak":151},{"peer":5,"protocol":"TG","delivery":"Reliable","bytes":39,"messages":1,"peak":39},{"peer":5,"protocol":"TG","delivery":"Unreliable","bytes":9422,"messages":71,"peak":172},{"peer":5,"protocol":"TL","delivery":"Reliable","bytes":151,"messages":1,"peak":151}]}
Reconnect integration passed: immediate lobby removal/fresh admission, three arena resyncs including 125 seconds offline, native body reuse, prediction/interpolation reset, held-item/spawn/match continuity, dimmed retained standings, final results and new-generation reset over real UDP. EOS identity and initial scores are test seams.
