Godot Engine v4.7.2.stable.mono.official.ed1daf0bf - https://godotengine.org

Network vehicle metrics: host=True, entry=False, maximum=0, startup=0, steady=0, snaps=0; full report: C:\Users\j_gen\OneDrive\Documents\Game_Projects\Trackstorm\.godot\network-vehicle-checks\897303b723c44136af34eff5e2b53c8b\player-0.json
Live camera playtest passed: mouse orbit/smooth return, two-axis controller orbit/noisy-neutral return, displayed vehicle pose.
Network vehicle integration passed.

Godot Engine v4.7.2.stable.mono.official.ed1daf0bf - https://godotengine.org

Network vehicle metrics: host=False, entry=False, maximum=0.17167951, startup=0.1716795116662979, steady=0.0037741928827017546, snaps=0; full report: C:\Users\j_gen\OneDrive\Documents\Game_Projects\Trackstorm\.godot\network-vehicle-checks\897303b723c44136af34eff5e2b53c8b\player-1.json
Live camera playtest passed: mouse orbit/smooth return, two-axis controller orbit/noisy-neutral return, displayed vehicle pose.
Network vehicle integration passed.

Godot Engine v4.7.2.stable.mono.official.ed1daf0bf - https://godotengine.org

Network vehicle metrics: host=False, entry=False, maximum=0.17932066, startup=0.17932066321372986, steady=0.06246376410126686, snaps=0; full report: C:\Users\j_gen\OneDrive\Documents\Game_Projects\Trackstorm\.godot\network-vehicle-checks\897303b723c44136af34eff5e2b53c8b\player-2.json
Live camera playtest passed: mouse orbit/smooth return, two-axis controller orbit/noisy-neutral return, displayed vehicle pose.
Network vehicle integration passed.

Godot Engine v4.7.2.stable.mono.official.ed1daf0bf - https://godotengine.org

Network vehicle metrics: host=False, entry=False, maximum=0.21809919, startup=0.2180991917848587, steady=0.12082260102033615, snaps=0; full report: C:\Users\j_gen\OneDrive\Documents\Game_Projects\Trackstorm\.godot\network-vehicle-checks\897303b723c44136af34eff5e2b53c8b\player-3.json
Live camera playtest passed: mouse orbit/smooth return, two-axis controller orbit/noisy-neutral return, displayed vehicle pose.
Network vehicle integration passed.

Godot Engine v4.7.2.stable.mono.official.ed1daf0bf - https://godotengine.org

Network vehicle metrics: host=False, entry=False, maximum=0.20412764, startup=0.20412763953208923, steady=0.010684649460017681, snaps=0; full report: C:\Users\j_gen\OneDrive\Documents\Game_Projects\Trackstorm\.godot\network-vehicle-checks\897303b723c44136af34eff5e2b53c8b\player-4.json
Live camera playtest passed: mouse orbit/smooth return, two-axis controller orbit/noisy-neutral return, displayed vehicle pose.
Network vehicle integration passed.

Godot Engine v4.7.2.stable.mono.official.ed1daf0bf - https://godotengine.org

Network vehicle metrics: host=False, entry=False, maximum=0.43463266, startup=0.15898485481739044, steady=0.43463265895843506, snaps=0; full report: C:\Users\j_gen\OneDrive\Documents\Game_Projects\Trackstorm\.godot\network-vehicle-checks\897303b723c44136af34eff5e2b53c8b\player-5.json
Live camera playtest passed: mouse orbit/smooth return, two-axis controller orbit/noisy-neutral return, displayed vehicle pose.
Network vehicle integration passed.

Godot Engine v4.7.2.stable.mono.official.ed1daf0bf - https://godotengine.org

Network vehicle metrics: host=False, entry=False, maximum=0.15012147, startup=0.15012146532535553, steady=0.011002964340150356, snaps=0; full report: C:\Users\j_gen\OneDrive\Documents\Game_Projects\Trackstorm\.godot\network-vehicle-checks\897303b723c44136af34eff5e2b53c8b\player-6.json
Live camera playtest passed: mouse orbit/smooth return, two-axis controller orbit/noisy-neutral return, displayed vehicle pose.
Network vehicle integration passed.

Godot Engine v4.7.2.stable.mono.official.ed1daf0bf - https://godotengine.org

Network vehicle metrics: host=False, entry=False, maximum=0.59690136, startup=0.15012146532535553, steady=0.5969013571739197, snaps=0; full report: C:\Users\j_gen\OneDrive\Documents\Game_Projects\Trackstorm\.godot\network-vehicle-checks\897303b723c44136af34eff5e2b53c8b\player-7.json
Live camera playtest passed: mouse orbit/smooth return, two-axis controller orbit/noisy-neutral return, displayed vehicle pose.
Network vehicle integration passed.

Network vehicle verification artifacts: C:\Users\j_gen\OneDrive\Documents\Game_Projects\Trackstorm\.godot\network-vehicle-checks\897303b723c44136af34eff5e2b53c8b
