  Determining projects to restore...
  All projects are up-to-date for restore.
  Trackstorm.Core -> C:\Users\j_gen\Documents\Game Projects\Trackstorm\code\Core\bin\Debug\net10.0\Trackstorm.Core.dll
  Epic.OnlineServices -> C:\Users\j_gen\Documents\Game Projects\Trackstorm\third_party\eos\bin\Debug\net10.0\Epic.OnlineServices.dll
  Trackstorm.Client -> C:\Users\j_gen\Documents\Game Projects\Trackstorm\.godot\mono\temp\bin\Debug\Trackstorm.Client.dll
  Trackstorm.Core.Tests -> C:\Users\j_gen\Documents\Game Projects\Trackstorm\code\Tests\bin\Debug\net10.0\Trackstorm.Core.Tests.dll
  Trackstorm.Transport.Tests -> C:\Users\j_gen\Documents\Game Projects\Trackstorm\code\TransportTests\bin\Debug\net10.0\Trackstorm.Transport.Tests.dll

Build succeeded.
    0 Warning(s)
    0 Error(s)

Time Elapsed 00:00:01.67
Godot Engine v4.7.2.stable.mono.official.ed1daf0bf - https://godotengine.org

Transport peer 1: Connecting; None;
Transport peer 1: Connecting; None;
Transport peer 1: Connected; None;
Transport peer 1: Connected; None;
Transport peer 1: Disconnected; RemoteRequest; Transport stopped
Developer Options integration passed: write; 1044 assertions.
Godot Engine v4.7.2.stable.mono.official.ed1daf0bf - https://godotengine.org

Developer Options integration passed: read; 9 assertions.
Developer Options verification artifacts: C:\Users\j_gen\Documents\Game Projects\Trackstorm\.godot\developer-options-checks\79a699edf148444da8835fa5768bbe96
