Godot Engine v4.7.2.stable.mono.official.ed1daf0bf - https://godotengine.org

Eight native peers assigned and initialized.
E and D-pad Right switch all eight players; immediate use selects Wrench in slot two.
All eight use Wrench at full HP, including repeated requests.
Every full-health use consumed once and replicated; preparing damaged Wrench use.
All eight damaged players use Wrench.
Damaged Wrench outcomes match on all eight peers.
Remote client requested missile scenario 0; host owns creation.
Remote client requested missile scenario 1; host owns creation.
Remote client requested missile scenario 2; host owns creation.
Remote client requested missile scenario 3; host owns creation.
Item integration passed: Eight native peers assigned and initialized.
E and D-pad Right switch all eight players; immediate use selects Wrench in slot two.
All eight use Wrench at full HP, including repeated requests.
Every full-health use consumed once and replicated; preparing damaged Wrench use.
All eight damaged players use Wrench.
Damaged Wrench outcomes match on all eight peers.
Remote client requested missile scenario 0; host owns creation.
Scenario 0: one remote launch/impact on every peer at <-40, 1.0186131, -2.6469328>; host-only damage/impulse.
Remote client requested missile scenario 1; host owns creation.
Scenario 1: one remote launch/impact on every peer at <8, 1.0234036, -5.400002>; host-only damage/impulse.
Remote client requested missile scenario 2; host owns creation.
Scenario 2: one remote launch/impact on every peer at <-17, 1.0186131, 2>; host-only damage/impulse.
Remote client requested missile scenario 3; host owns creation.
Scenario 3: one remote launch/impact on every peer at <-45, 1.0186131, -50>; host-only damage/impulse.
Vehicles, movable prop, static container and arena boundary all stop missiles. VFX consume replicated events only.
REPLICATION_TRAFFIC {"seconds":8.4913217,"note":"Native-send application payloads including connection/chunk envelopes; excludes UDP/GNS overhead/retransmissions. Full harness lifecycle, not a steady-state window.","sent":[{"peer":1,"protocol":"TC","delivery":"Reliable","bytes":2778,"messages":2,"peak":1389},{"peer":1,"protocol":"TI","delivery":"Reliable","bytes":139376,"messages":49,"peak":3199},{"peer":1,"protocol":"TM","delivery":"Reliable","bytes":18885,"messages":28,"peak":727},{"peer":1,"protocol":"TS","delivery":"Reliable","bytes":3333,"messages":3,"peak":1765},{"peer":1,"protocol":"TS","delivery":"Unreliable","bytes":283935,"messages":298,"peak":1927},{"peer":2,"protocol":"TC","delivery":"Reliable","bytes":2778,"messages":2,"peak":1389},{"peer":2,"protocol":"TI","delivery":"Reliable","bytes":139376,"messages":49,"peak":3199},{"peer":2,"protocol":"TM","delivery":"Reliable","bytes":18885,"messages":28,"peak":727},{"peer":2,"protocol":"TS","delivery":"Reliable","bytes":3333,"messages":3,"peak":1765},{"peer":2,"protocol":"TS","delivery":"Unreliable","bytes":283935,"messages":298,"peak":1927},{"peer":3,"protocol":"TC","delivery":"Reliable","bytes":2778,"messages":2,"peak":1389},{"peer":3,"protocol":"TI","delivery":"Reliable","bytes":139376,"messages":49,"peak":3199},{"peer":3,"protocol":"TM","delivery":"Reliable","bytes":18885,"messages":28,"peak":727},{"peer":3,"protocol":"TS","delivery":"Reliable","bytes":3333,"messages":3,"peak":1765},{"peer":3,"protocol":"TS","delivery":"Unreliable","bytes":283935,"messages":298,"peak":1927},{"peer":4,"protocol":"TC","delivery":"Reliable","bytes":2778,"messages":2,"peak":1389},{"peer":4,"protocol":"TI","delivery":"Reliable","bytes":139376,"messages":49,"peak":3199},{"peer":4,"protocol":"TM","delivery":"Reliable","bytes":18885,"messages":28,"peak":727},{"peer":4,"protocol":"TS","delivery":"Reliable","bytes":3333,"messages":3,"peak":1765},{"peer":4,"protocol":"TS","delivery":"Unreliable","bytes":283935,"messages":298,"peak":1927},{"peer":5,"protocol":"TC","delivery":"Reliable","bytes":2778,"messages":2,"peak":1389},{"peer":5,"protocol":"TI","delivery":"Reliable","bytes":139376,"messages":49,"peak":3199},{"peer":5,"protocol":"TM","delivery":"Reliable","bytes":18885,"messages":28,"peak":727},{"peer":5,"protocol":"TS","delivery":"Reliable","bytes":3333,"messages":3,"peak":1765},{"peer":5,"protocol":"TS","delivery":"Unreliable","bytes":283935,"messages":298,"peak":1927},{"peer":6,"protocol":"TC","delivery":"Reliable","bytes":2778,"messages":2,"peak":1389},{"peer":6,"protocol":"TI","delivery":"Reliable","bytes":139376,"messages":49,"peak":3199},{"peer":6,"protocol":"TM","delivery":"Reliable","bytes":18885,"messages":28,"peak":727},{"peer":6,"protocol":"TS","delivery":"Reliable","bytes":3333,"messages":3,"peak":1765},{"peer":6,"protocol":"TS","delivery":"Unreliable","bytes":283935,"messages":298,"peak":1927},{"peer":7,"protocol":"TC","delivery":"Reliable","bytes":1389,"messages":1,"peak":1389},{"peer":7,"protocol":"TI","delivery":"Reliable","bytes":137518,"messages":48,"peak":3199},{"peer":7,"protocol":"TM","delivery":"Reliable","bytes":18414,"messages":27,"peak":727},{"peer":7,"protocol":"TS","delivery":"Reliable","bytes":1785,"messages":2,"peak":1765},{"peer":7,"protocol":"TS","delivery":"Unreliable","bytes":221871,"messages":226,"peak":1927}]}
REPLICATION_TRAFFIC {"seconds":7.4515123,"note":"Native-send application payloads including connection/chunk envelopes; excludes UDP/GNS overhead/retransmissions. Full harness lifecycle, not a steady-state window.","sent":[{"peer":1,"protocol":"TI","delivery":"Reliable","bytes":353,"messages":11,"peak":33},{"peer":1,"protocol":"TS","delivery":"Unreliable","bytes":53816,"messages":446,"peak":121}]}
REPLICATION_TRAFFIC {"seconds":7.4377512,"note":"Native-send application payloads including connection/chunk envelopes; excludes UDP/GNS overhead/retransmissions. Full harness lifecycle, not a steady-state window.","sent":[{"peer":1,"protocol":"TI","delivery":"Reliable","bytes":221,"messages":7,"peak":33},{"peer":1,"protocol":"TS","delivery":"Unreliable","bytes":52848,"messages":438,"peak":121}]}
REPLICATION_TRAFFIC {"seconds":7.4305082,"note":"Native-send application payloads including connection/chunk envelopes; excludes UDP/GNS overhead/retransmissions. Full harness lifecycle, not a steady-state window.","sent":[{"peer":1,"protocol":"TI","delivery":"Reliable","bytes":221,"messages":7,"peak":33},{"peer":1,"protocol":"TS","delivery":"Unreliable","bytes":52848,"messages":438,"peak":121}]}
REPLICATION_TRAFFIC {"seconds":7.4236953,"note":"Native-send application payloads including connection/chunk envelopes; excludes UDP/GNS overhead/retransmissions. Full harness lifecycle, not a steady-state window.","sent":[{"peer":1,"protocol":"TI","delivery":"Reliable","bytes":221,"messages":7,"peak":33},{"peer":1,"protocol":"TS","delivery":"Unreliable","bytes":52848,"messages":438,"peak":121}]}
REPLICATION_TRAFFIC {"seconds":7.4173966,"note":"Native-send application payloads including connection/chunk envelopes; excludes UDP/GNS overhead/retransmissions. Full harness lifecycle, not a steady-state window.","sent":[{"peer":1,"protocol":"TI","delivery":"Reliable","bytes":221,"messages":7,"peak":33},{"peer":1,"protocol":"TS","delivery":"Unreliable","bytes":52848,"messages":438,"peak":121}]}
REPLICATION_TRAFFIC {"seconds":7.4105746,"note":"Native-send application payloads including connection/chunk envelopes; excludes UDP/GNS overhead/retransmissions. Full harness lifecycle, not a steady-state window.","sent":[{"peer":1,"protocol":"TI","delivery":"Reliable","bytes":221,"messages":7,"peak":33},{"peer":1,"protocol":"TS","delivery":"Unreliable","bytes":40627,"messages":337,"peak":121}]}
REPLICATION_TRAFFIC {"seconds":7.4030727,"note":"Native-send application payloads including connection/chunk envelopes; excludes UDP/GNS overhead/retransmissions. Full harness lifecycle, not a steady-state window.","sent":[{"peer":1,"protocol":"TI","delivery":"Reliable","bytes":221,"messages":7,"peak":33},{"peer":1,"protocol":"TS","delivery":"Unreliable","bytes":52848,"messages":438,"peak":121}]}
Item verification artifacts: C:\Users\j_gen\Documents\Game Projects\Trackstorm\.godot\item-checks\e270dcaad30043238e16aba0f578f619
