Godot Engine v4.7.2.stable.mono.official.ed1daf0bf - https://godotengine.org

Network vehicle metrics: host=True, entry=False, maximum=0, startup=0, steady=0, snaps=0; full report: C:\Users\j_gen\Documents\Game Projects\Trackstorm\.godot\network-vehicle-checks\89bcf861002d40fb93215f88c72d48cd\player-0.json
Live camera playtest passed: mouse orbit/smooth return, two-axis controller orbit/noisy-neutral return, displayed vehicle pose.
Network vehicle integration passed.
REPLICATION_TRAFFIC {"seconds":32.7267719,"note":"Native-send application payloads including connection/chunk envelopes; excludes UDP/GNS overhead/retransmissions. Full harness lifecycle, not a steady-state window.","sent":[{"peer":1,"protocol":"TC","delivery":"Reliable","bytes":4167,"messages":3,"peak":1389},{"peer":1,"protocol":"TD","delivery":"Unreliable","bytes":480662,"messages":90,"peak":5509},{"peer":1,"protocol":"TI","delivery":"Reliable","bytes":8908,"messages":3,"peak":3069},{"peer":1,"protocol":"TM","delivery":"Reliable","bytes":5321,"messages":10,"peak":544},{"peer":1,"protocol":"TS","delivery":"Reliable","bytes":5262,"messages":4,"peak":1847},{"peer":1,"protocol":"TS","delivery":"Unreliable","bytes":876664,"messages":432,"peak":2125},{"peer":2,"protocol":"TC","delivery":"Reliable","bytes":5556,"messages":4,"peak":1389},{"peer":2,"protocol":"TD","delivery":"Unreliable","bytes":480662,"messages":90,"peak":5509},{"peer":2,"protocol":"TI","delivery":"Reliable","bytes":8908,"messages":3,"peak":3069},{"peer":2,"protocol":"TM","delivery":"Reliable","bytes":5321,"messages":10,"peak":544},{"peer":2,"protocol":"TS","delivery":"Reliable","bytes":5262,"messages":4,"peak":1847},{"peer":2,"protocol":"TS","delivery":"Unreliable","bytes":876664,"messages":432,"peak":2125},{"peer":3,"protocol":"TC","delivery":"Reliable","bytes":4167,"messages":3,"peak":1389},{"peer":3,"protocol":"TD","delivery":"Unreliable","bytes":480662,"messages":90,"peak":5509},{"peer":3,"protocol":"TI","delivery":"Reliable","bytes":8908,"messages":3,"peak":3069},{"peer":3,"protocol":"TM","delivery":"Reliable","bytes":5321,"messages":10,"peak":544},{"peer":3,"protocol":"TS","delivery":"Reliable","bytes":5262,"messages":4,"peak":1847},{"peer":3,"protocol":"TS","delivery":"Unreliable","bytes":876664,"messages":432,"peak":2125},{"peer":4,"protocol":"TC","delivery":"Reliable","bytes":1389,"messages":1,"peak":1389},{"peer":4,"protocol":"TD","delivery":"Unreliable","bytes":475153,"messages":89,"peak":5509},{"peer":4,"protocol":"TI","delivery":"Reliable","bytes":2987,"messages":1,"peak":2987},{"peer":4,"protocol":"TM","delivery":"Reliable","bytes":4233,"messages":8,"peak":544},{"peer":4,"protocol":"TS","delivery":"Reliable","bytes":1785,"messages":2,"peak":1765},{"peer":4,"protocol":"TS","delivery":"Unreliable","bytes":875034,"messages":431,"peak":2125},{"peer":5,"protocol":"TC","delivery":"Reliable","bytes":6945,"messages":5,"peak":1389},{"peer":5,"protocol":"TD","delivery":"Unreliable","bytes":486171,"messages":91,"peak":5509},{"peer":5,"protocol":"TI","delivery":"Reliable","bytes":13344,"messages":5,"peak":3069},{"peer":5,"protocol":"TM","delivery":"Reliable","bytes":6409,"messages":12,"peak":544},{"peer":5,"protocol":"TS","delivery":"Reliable","bytes":7254,"messages":6,"peak":1847},{"peer":5,"protocol":"TS","delivery":"Unreliable","bytes":877521,"messages":433,"peak":2125},{"peer":6,"protocol":"TC","delivery":"Reliable","bytes":2778,"messages":2,"peak":1389},{"peer":6,"protocol":"TD","delivery":"Unreliable","bytes":475153,"messages":89,"peak":5509},{"peer":6,"protocol":"TI","delivery":"Reliable","bytes":6056,"messages":2,"peak":3069},{"peer":6,"protocol":"TM","delivery":"Reliable","bytes":4777,"messages":9,"peak":544},{"peer":6,"protocol":"TS","delivery":"Reliable","bytes":3632,"messages":3,"peak":1847},{"peer":6,"protocol":"TS","delivery":"Unreliable","bytes":875034,"messages":431,"peak":2125},{"peer":7,"protocol":"TC","delivery":"Reliable","bytes":6945,"messages":5,"peak":1389},{"peer":7,"protocol":"TD","delivery":"Unreliable","bytes":486171,"messages":91,"peak":5509},{"peer":7,"protocol":"TI","delivery":"Reliable","bytes":13344,"messages":5,"peak":3069},{"peer":7,"protocol":"TM","delivery":"Reliable","bytes":6409,"messages":12,"peak":544},{"peer":7,"protocol":"TS","delivery":"Reliable","bytes":7254,"messages":6,"peak":1847},{"peer":7,"protocol":"TS","delivery":"Unreliable","bytes":877521,"messages":433,"peak":2125}]}

Godot Engine v4.7.2.stable.mono.official.ed1daf0bf - https://godotengine.org

Network vehicle metrics: host=False, entry=False, maximum=0.18841526, startup=0.1884152591228485, steady=0.0861753299832344, snaps=0; full report: C:\Users\j_gen\Documents\Game Projects\Trackstorm\.godot\network-vehicle-checks\89bcf861002d40fb93215f88c72d48cd\player-1.json
Live camera playtest passed: mouse orbit/smooth return, two-axis controller orbit/noisy-neutral return, displayed vehicle pose.
Network vehicle integration passed.
REPLICATION_TRAFFIC {"seconds":24.0419172,"note":"Native-send application payloads including connection/chunk envelopes; excludes UDP/GNS overhead/retransmissions. Full harness lifecycle, not a steady-state window.","sent":[{"peer":1,"protocol":"TS","delivery":"Unreliable","bytes":116131,"messages":961,"peak":121}]}

Godot Engine v4.7.2.stable.mono.official.ed1daf0bf - https://godotengine.org

Network vehicle metrics: host=False, entry=False, maximum=0.20496127, startup=0.20496127009391785, steady=0.069461390376091, snaps=0; full report: C:\Users\j_gen\Documents\Game Projects\Trackstorm\.godot\network-vehicle-checks\89bcf861002d40fb93215f88c72d48cd\player-2.json
Live camera playtest passed: mouse orbit/smooth return, two-axis controller orbit/noisy-neutral return, displayed vehicle pose.
Network vehicle integration passed.
REPLICATION_TRAFFIC {"seconds":24.0842674,"note":"Native-send application payloads including connection/chunk envelopes; excludes UDP/GNS overhead/retransmissions. Full harness lifecycle, not a steady-state window.","sent":[{"peer":1,"protocol":"TS","delivery":"Unreliable","bytes":116131,"messages":961,"peak":121}]}

Godot Engine v4.7.2.stable.mono.official.ed1daf0bf - https://godotengine.org

Network vehicle metrics: host=False, entry=False, maximum=0.21671805, startup=0.12652578949928284, steady=0.21671804785728455, snaps=0; full report: C:\Users\j_gen\Documents\Game Projects\Trackstorm\.godot\network-vehicle-checks\89bcf861002d40fb93215f88c72d48cd\player-3.json
Live camera playtest passed: mouse orbit/smooth return, two-axis controller orbit/noisy-neutral return, displayed vehicle pose.
Network vehicle integration passed.
REPLICATION_TRAFFIC {"seconds":24.1021234,"note":"Native-send application payloads including connection/chunk envelopes; excludes UDP/GNS overhead/retransmissions. Full harness lifecycle, not a steady-state window.","sent":[{"peer":1,"protocol":"TS","delivery":"Unreliable","bytes":116131,"messages":961,"peak":121}]}

Godot Engine v4.7.2.stable.mono.official.ed1daf0bf - https://godotengine.org

Network vehicle metrics: host=False, entry=False, maximum=0.80292815, startup=0.11400552839040756, steady=0.8029281497001648, snaps=0; full report: C:\Users\j_gen\Documents\Game Projects\Trackstorm\.godot\network-vehicle-checks\89bcf861002d40fb93215f88c72d48cd\player-4.json
Live camera playtest passed: mouse orbit/smooth return, two-axis controller orbit/noisy-neutral return, displayed vehicle pose.
Network vehicle integration passed.
REPLICATION_TRAFFIC {"seconds":24.0640767,"note":"Native-send application payloads including connection/chunk envelopes; excludes UDP/GNS overhead/retransmissions. Full harness lifecycle, not a steady-state window.","sent":[{"peer":1,"protocol":"TS","delivery":"Unreliable","bytes":116131,"messages":961,"peak":121}]}

Godot Engine v4.7.2.stable.mono.official.ed1daf0bf - https://godotengine.org

Network vehicle metrics: host=False, entry=False, maximum=0.20496085, startup=0.20496085286140442, steady=0.15263798832893372, snaps=0; full report: C:\Users\j_gen\Documents\Game Projects\Trackstorm\.godot\network-vehicle-checks\89bcf861002d40fb93215f88c72d48cd\player-5.json
Live camera playtest passed: mouse orbit/smooth return, two-axis controller orbit/noisy-neutral return, displayed vehicle pose.
Network vehicle integration passed.
REPLICATION_TRAFFIC {"seconds":24.0933432,"note":"Native-send application payloads including connection/chunk envelopes; excludes UDP/GNS overhead/retransmissions. Full harness lifecycle, not a steady-state window.","sent":[{"peer":1,"protocol":"TS","delivery":"Unreliable","bytes":116131,"messages":961,"peak":121}]}

Godot Engine v4.7.2.stable.mono.official.ed1daf0bf - https://godotengine.org

Network vehicle metrics: host=False, entry=False, maximum=0.18480784, startup=0.1171855628490448, steady=0.18480783700942993, snaps=0; full report: C:\Users\j_gen\Documents\Game Projects\Trackstorm\.godot\network-vehicle-checks\89bcf861002d40fb93215f88c72d48cd\player-6.json
Live camera playtest passed: mouse orbit/smooth return, two-axis controller orbit/noisy-neutral return, displayed vehicle pose.
Network vehicle integration passed.
REPLICATION_TRAFFIC {"seconds":24.0071583,"note":"Native-send application payloads including connection/chunk envelopes; excludes UDP/GNS overhead/retransmissions. Full harness lifecycle, not a steady-state window.","sent":[{"peer":1,"protocol":"TS","delivery":"Unreliable","bytes":116131,"messages":961,"peak":121}]}

Godot Engine v4.7.2.stable.mono.official.ed1daf0bf - https://godotengine.org

Network vehicle metrics: host=False, entry=False, maximum=0.17794336, startup=0.1570041924715042, steady=0.1779433637857437, snaps=0; full report: C:\Users\j_gen\Documents\Game Projects\Trackstorm\.godot\network-vehicle-checks\89bcf861002d40fb93215f88c72d48cd\player-7.json
Live camera playtest passed: mouse orbit/smooth return, two-axis controller orbit/noisy-neutral return, displayed vehicle pose.
Network vehicle integration passed.
REPLICATION_TRAFFIC {"seconds":24.0150671,"note":"Native-send application payloads including connection/chunk envelopes; excludes UDP/GNS overhead/retransmissions. Full harness lifecycle, not a steady-state window.","sent":[{"peer":1,"protocol":"TS","delivery":"Unreliable","bytes":116131,"messages":961,"peak":121}]}

Network vehicle verification artifacts: C:\Users\j_gen\Documents\Game Projects\Trackstorm\.godot\network-vehicle-checks\89bcf861002d40fb93215f88c72d48cd
