  Trackstorm.Core -> C:\Users\j_gen\Documents\Game Projects\Trackstorm\code\Core\bin\Release\net10.0\Trackstorm.Core.dll
  Epic.OnlineServices -> C:\Users\j_gen\Documents\Game Projects\Trackstorm\third_party\eos\bin\Release\net10.0\Epic.OnlineServices.dll
  Trackstorm.Client -> C:\Users\j_gen\Documents\Game Projects\Trackstorm\.godot\mono\temp\bin\Release\Trackstorm.Client.dll
  Trackstorm.Transport.Tests -> C:\Users\j_gen\Documents\Game Projects\Trackstorm\code\TransportTests\bin\Release\net10.0\Trackstorm.Transport.Tests.dll
Test run for C:\Users\j_gen\Documents\Game Projects\Trackstorm\code\TransportTests\bin\Release\net10.0\Trackstorm.Transport.Tests.dll (.NETCoreApp,Version=v10.0)
A total of 1 test files matched the specified pattern.
NUnit Adapter 5.0.0.0: Test execution started
Running selected tests in C:\Users\j_gen\Documents\Game Projects\Trackstorm\code\TransportTests\bin\Release\net10.0\Trackstorm.Transport.Tests.dll
   NUnit3TestExecutor discovered 29 of 29 NUnit test cases using Current Discovery mode, Non-Explicit run
FAKE NATIVE, 10 simulated seconds, players=2, projectiles=False; host sent=209, received=600, mean packet=485.1B, peak=1170B, peak gateway poll=1.358ms; RTT/loss and SDK Tick NOT measured

FAKE NATIVE, 10 simulated seconds, players=8, projectiles=False; host sent=2877, received=4200, mean packet=902.5B, peak=1170B, peak gateway poll=2.118ms; RTT/loss and SDK Tick NOT measured

  Passed AccelerationAndBrakingHaveOppositeWeight [6 ms]
  Passed RenderRatesAndRotatedHeadingAgree [< 1 ms]
  Passed ResetClearsInertiaAndFeedback [6 ms]
  Passed ShakeIsBoundedAndDecays [1 ms]
  Passed ShakeTrajectoryIsBoundedAndRenderRateIndependent [1 ms]
  Passed TurningAndSlipAreBounded(-1) [< 1 ms]
  Passed TurningAndSlipAreBounded(1) [< 1 ms]
  Passed MeasuresVehicleTrafficThroughEosFraming(2,False,False) [226 ms]
  Passed MeasuresVehicleTrafficThroughEosFraming(8,False,False) [306 ms]
FAKE NATIVE, 10 simulated seconds, players=2, projectiles=False; host sent=409, received=600, mean packet=348.1B, peak=1170B, peak gateway poll=0.074ms; RTT/loss and SDK Tick NOT measured

FAKE NATIVE, 10 simulated seconds, players=8, projectiles=False; host sent=4277, received=4200, mean packet=674.2B, peak=1170B, peak gateway poll=2.090ms; RTT/loss and SDK Tick NOT measured

CODEC_ALLOCATION players=2, fullEncodeDecodeBytesPerPair=13896.72, motionEncodeDecodeBytesPerPair=1432; 1000 repetitions; excludes publication construction/native marshalling.

CODEC_ALLOCATION players=8, fullEncodeDecodeBytesPerPair=44338.88, motionEncodeDecodeBytesPerPair=2392; 1000 repetitions; excludes publication construction/native marshalling.

{"players":2,"scenario":"driving","simulatedSeconds":10,"hostAllocations":13723248,"clientAdvanceAllocations":4204400,"rejected":0,"note":"Application payload bytes, deterministic transport/flat observation; allocations include simulation/prediction, not isolated codec cost. Excludes session/migration and native framing.","publications":[{"protocol":"TM-Reliable","bytes":35190,"messages":90,"peak":391},{"protocol":"TS-Unreliable","bytes":92600,"messages":200,"peak":463}]}

  Passed MeasuresVehicleTrafficThroughEosFraming(2,True,False) [60 ms]
  Passed MeasuresVehicleTrafficThroughEosFraming(8,True,False) [298 ms]
  Failed MeasuresVehicleTrafficThroughEosFraming(2,True,True) [33 ms]
  Error Message:
     Assert.That(client.PropSnapshot!.Tick, Is.EqualTo(client.Latest.Tick))
  Expected: 31
  But was:  30

  Stack Trace:
     at Trackstorm.Transport.Tests.EosP2pTransportTests.MeasuresVehicleTrafficThroughEosFraming(Int32 players, Boolean reorderMixed, Boolean projectileTraffic)
   at InvokeStub_EosP2pTransportTests.MeasuresVehicleTrafficThroughEosFraming(Object, Span`1)

1)    at Trackstorm.Transport.Tests.EosP2pTransportTests.MeasuresVehicleTrafficThroughEosFraming(Int32 players, Boolean reorderMixed, Boolean projectileTraffic)
   at InvokeStub_EosP2pTransportTests.MeasuresVehicleTrafficThroughEosFraming(Object, Span`1)


  Failed MeasuresVehicleTrafficThroughEosFraming(8,True,True) [23 ms]
  Error Message:
     Assert.That(client.PropSnapshot!.Tick, Is.EqualTo(client.Latest.Tick))
  Expected: 31
  But was:  30

  Stack Trace:
     at Trackstorm.Transport.Tests.EosP2pTransportTests.MeasuresVehicleTrafficThroughEosFraming(Int32 players, Boolean reorderMixed, Boolean projectileTraffic)
   at InvokeStub_EosP2pTransportTests.MeasuresVehicleTrafficThroughEosFraming(Object, Span`1)

1)    at Trackstorm.Transport.Tests.EosP2pTransportTests.MeasuresVehicleTrafficThroughEosFraming(Int32 players, Boolean reorderMixed, Boolean projectileTraffic)
   at InvokeStub_EosP2pTransportTests.MeasuresVehicleTrafficThroughEosFraming(Object, Span`1)


  Passed StalledCheckpointBoundsReliableBacklogWhileMotionRemainsIndependent [6 ms]
  Passed DroppedReorderedMotionCannotLoseImpactOrResurrectProjectile [14 ms]
  Passed MeasureProjectileCodecAllocation(2) [28 ms]
  Passed MeasureProjectileCodecAllocation(8) [80 ms]
  Passed MeasureReplicationTraffic(2,"driving") [97 ms]
{"players":8,"scenario":"driving","simulatedSeconds":10,"hostAllocations":35983776,"clientAdvanceAllocations":44510800,"rejected":0,"note":"Application payload bytes, deterministic transport/flat observation; allocations include simulation/prediction, not isolated codec cost. Excludes session/migration and native framing.","publications":[{"protocol":"TM-Reliable","bytes":836010,"messages":630,"peak":1327},{"protocol":"TS-Unreliable","bytes":2471000,"messages":1400,"peak":1765}]}

{"players":2,"scenario":"missile","simulatedSeconds":10,"hostAllocations":15753752,"clientAdvanceAllocations":4444520,"rejected":0,"note":"Application payload bytes, deterministic transport/flat observation; allocations include simulation/prediction, not isolated codec cost. Excludes session/migration and native framing.","publications":[{"protocol":"TI-Reliable","bytes":8100,"messages":10,"peak":855},{"protocol":"TJ-Unreliable","bytes":32400,"messages":300,"peak":108},{"protocol":"TM-Reliable","bytes":35190,"messages":90,"peak":391},{"protocol":"TS-Unreliable","bytes":92600,"messages":200,"peak":463}]}

{"players":8,"scenario":"missile","simulatedSeconds":10,"hostAllocations":42178936,"clientAdvanceAllocations":48941200,"rejected":0,"note":"Application payload bytes, deterministic transport/flat observation; allocations include simulation/prediction, not isolated codec cost. Excludes session/migration and native framing.","publications":[{"protocol":"TI-Reliable","bytes":214410,"messages":70,"peak":3243},{"protocol":"TJ-Unreliable","bytes":730800,"messages":2100,"peak":348},{"protocol":"TM-Reliable","bytes":836010,"messages":630,"peak":1327},{"protocol":"TS-Unreliable","bytes":2471000,"messages":1400,"peak":1765}]}

{"players":2,"scenario":"oil","simulatedSeconds":10,"hostAllocations":16672488,"clientAdvanceAllocations":4261320,"rejected":0,"note":"Application payload bytes, deterministic transport/flat observation; allocations include simulation/prediction, not isolated codec cost. Excludes session/migration and native framing.","publications":[{"protocol":"TI-Reliable","bytes":5485,"messages":5,"peak":1313},{"protocol":"TM-Reliable","bytes":35190,"messages":90,"peak":391},{"protocol":"TS-Unreliable","bytes":92600,"messages":200,"peak":463}]}

{"players":8,"scenario":"oil","simulatedSeconds":10,"hostAllocations":48380944,"clientAdvanceAllocations":47796128,"rejected":35,"note":"Application payload bytes, deterministic transport/flat observation; allocations include simulation/prediction, not isolated codec cost. Excludes session/migration and native framing.","publications":[{"protocol":"TI-Reliable","bytes":418915,"messages":105,"peak":5051},{"protocol":"TM-Reliable","bytes":836010,"messages":630,"peak":1327},{"protocol":"TS-Unreliable","bytes":2471000,"messages":1400,"peak":1765}]}

{"players":2,"scenario":"nitro","simulatedSeconds":10,"hostAllocations":20972480,"clientAdvanceAllocations":10447472,"rejected":130,"note":"Application payload bytes, deterministic transport/flat observation; allocations include simulation/prediction, not isolated codec cost. Excludes session/migration and native framing.","publications":[{"protocol":"TI-Reliable","bytes":270672,"messages":398,"peak":765},{"protocol":"TM-Reliable","bytes":249016,"messages":586,"peak":425},{"protocol":"TS-Unreliable","bytes":92600,"messages":200,"peak":463}]}

  Passed MeasureReplicationTraffic(8,"driving") [360 ms]
  Passed MeasureReplicationTraffic(2,"missile") [70 ms]
  Passed MeasureReplicationTraffic(8,"missile") [391 ms]
  Passed MeasureReplicationTraffic(2,"oil") [76 ms]
  Passed MeasureReplicationTraffic(8,"oil") [348 ms]
  Passed MeasureReplicationTraffic(2,"nitro") [107 ms]
{"players":8,"scenario":"nitro","simulatedSeconds":10,"hostAllocations":59425792,"clientAdvanceAllocations":170552472,"rejected":910,"note":"Application payload bytes, deterministic transport/flat observation; allocations include simulation/prediction, not isolated codec cost. Excludes session/migration and native framing.","publications":[{"protocol":"TI-Reliable","bytes":7085694,"messages":2786,"peak":2883},{"protocol":"TM-Reliable","bytes":6000274,"messages":4102,"peak":1463},{"protocol":"TS-Unreliable","bytes":2471000,"messages":1400,"peak":1765}]}

{"players":2,"scenario":"circus","simulatedSeconds":10,"hostAllocations":13672872,"clientAdvanceAllocations":4187920,"rejected":0,"note":"Application payload bytes, deterministic transport/flat observation; allocations include simulation/prediction, not isolated codec cost. Excludes session/migration and native framing.","publications":[{"protocol":"TM-Reliable","bytes":36885,"messages":95,"peak":459},{"protocol":"TS-Unreliable","bytes":92600,"messages":200,"peak":463}]}

{"players":8,"scenario":"circus","simulatedSeconds":10,"hostAllocations":35753360,"clientAdvanceAllocations":44657000,"rejected":0,"note":"Application payload bytes, deterministic transport/flat observation; allocations include simulation/prediction, not isolated codec cost. Excludes session/migration and native framing.","publications":[{"protocol":"TM-Reliable","bytes":875175,"messages":665,"peak":1599},{"protocol":"TS-Unreliable","bytes":2471000,"messages":1400,"peak":1765}]}

NUnit Adapter 5.0.0.0: Test execution complete
  Passed MeasureReplicationTraffic(8,"nitro") [591 ms]
  Passed MeasureReplicationTraffic(2,"circus") [60 ms]
  Passed MeasureReplicationTraffic(8,"circus") [282 ms]
  Passed MotionCodecRejectsMalformedAndForeignBaselines(False) [2 ms]
  Passed MotionCodecRejectsMalformedAndForeignBaselines(True) [2 ms]

Total tests: 29
     Passed: 27
     Failed: 2
Test Run Failed.
 Total time: 6.0718 Seconds
