Godot Engine v4.7.2.stable.mono.official.ed1daf0bf - https://godotengine.org

WORLD network-bank-face-3-0.00: contacts=303 final=30 depth=0.0001 deepFrames=0 step=0.1836 lateStep=0.0055 up=0.003 angular=0.134 meanMs=2.987 p95Ms=5.093
WORLD network-bank-face-3-0.45: contacts=355 final=30 depth=0.0003 deepFrames=0 step=0.1836 lateStep=0.0166 up=0.121 angular=1.249 meanMs=4.184 p95Ms=7.531
WORLD network-bank-face-3-1.57: contacts=174 final=0 depth=0.0001 deepFrames=0 step=0.1873 lateStep=0.0055 up=0.172 angular=0.564 meanMs=4.381 p95Ms=8.064
WORLD network-bank-face-12-0.00: contacts=338 final=30 depth=0.0001 deepFrames=0 step=0.2330 lateStep=0.0048 up=0.004 angular=0.134 meanMs=2.271 p95Ms=4.087
WORLD network-bank-face-12-0.45: contacts=303 final=30 depth=0.0003 deepFrames=0 step=0.1829 lateStep=0.0174 up=4.969 angular=1.399 meanMs=3.391 p95Ms=6.631
WORLD network-bank-face-12-1.57: contacts=12 final=0 depth=0.0001 deepFrames=0 step=0.4831 lateStep=0.4655 up=0.192 angular=0.431 meanMs=1.380 p95Ms=2.060
WORLD network-bank-face-35-0.00: contacts=358 final=30 depth=0.0001 deepFrames=0 step=0.5833 lateStep=0.0047 up=0.005 angular=0.254 meanMs=2.049 p95Ms=4.037
WORLD network-bank-face-35-0.45: contacts=352 final=30 depth=0.0003 deepFrames=0 step=0.3239 lateStep=0.0158 up=0.779 angular=0.348 meanMs=3.113 p95Ms=5.474
WORLD network-bank-face-35-1.57: contacts=26 final=0 depth=0.0000 deepFrames=0 step=0.4835 lateStep=0.4660 up=0.110 angular=0.833 meanMs=2.608 p95Ms=3.348
WORLD network-bank-neck-3-0.00: contacts=102 final=0 depth=0.0001 deepFrames=0 step=0.2262 lateStep=0.2168 up=6.780 angular=1.003 meanMs=3.165 p95Ms=5.329
WORLD network-bank-neck-3-0.45: contacts=1 final=0 depth=0.0000 deepFrames=0 step=0.5880 lateStep=0.5774 up=0.860 angular=1.027 meanMs=1.023 p95Ms=1.023
WORLD network-bank-neck-3-1.57: contacts=0 final=0 depth=0.0000 deepFrames=0 step=0.5409 lateStep=0.5409 up=5.014 angular=1.301 meanMs=0.000 p95Ms=0.000
WORLD network-bank-neck-12-0.00: contacts=2 final=0 depth=0.0001 deepFrames=0 step=0.3541 lateStep=0.1672 up=7.645 angular=1.253 meanMs=3.932 p95Ms=3.611
WORLD network-bank-neck-12-0.45: contacts=55 final=0 depth=0.0002 deepFrames=0 step=0.6134 lateStep=0.6049 up=2.059 angular=1.837 meanMs=1.095 p95Ms=1.203
WORLD network-bank-neck-12-1.57: contacts=150 final=0 depth=0.0003 deepFrames=0 step=0.3550 lateStep=0.3550 up=2.592 angular=1.392 meanMs=1.490 p95Ms=2.109
WORLD network-bank-neck-35-0.00: contacts=110 final=0 depth=0.0003 deepFrames=0 step=0.5833 lateStep=0.5256 up=19.314 angular=2.729 meanMs=1.287 p95Ms=1.717
WORLD network-bank-neck-35-0.45: contacts=231 final=30 depth=0.0003 deepFrames=0 step=0.5833 lateStep=0.2165 up=15.151 angular=2.684 meanMs=1.046 p95Ms=1.806
WORLD network-bank-neck-35-1.57: contacts=61 final=0 depth=0.0003 deepFrames=0 step=0.5833 lateStep=0.0670 up=5.327 angular=4.449 meanMs=1.266 p95Ms=3.314
WORLD network-bank-side-3-0.00: contacts=1 final=0 depth=0.0000 deepFrames=0 step=0.3993 lateStep=0.3169 up=8.324 angular=1.478 meanMs=0.868 p95Ms=0.868
WORLD network-bank-side-3-0.45: contacts=71 final=0 depth=0.0001 deepFrames=0 step=0.3531 lateStep=0.3432 up=8.377 angular=1.101 meanMs=1.146 p95Ms=1.611
WORLD network-bank-side-3-1.57: contacts=29 final=0 depth=0.0002 deepFrames=0 step=0.5950 lateStep=0.5881 up=4.457 angular=1.073 meanMs=4.017 p95Ms=6.114
WORLD network-bank-side-12-0.00: contacts=10 final=0 depth=0.0000 deepFrames=0 step=0.3753 lateStep=0.3431 up=8.857 angular=1.762 meanMs=4.744 p95Ms=3.833
WORLD network-bank-side-12-0.45: contacts=104 final=0 depth=0.0004 deepFrames=0 step=0.3421 lateStep=0.3421 up=8.554 angular=1.189 meanMs=1.529 p95Ms=2.131
WORLD network-bank-side-12-1.57: contacts=104 final=0 depth=0.0003 deepFrames=0 step=0.4168 lateStep=0.4168 up=4.543 angular=1.097 meanMs=1.345 p95Ms=1.870
WORLD network-bank-side-35-0.00: contacts=118 final=1 depth=0.0003 deepFrames=0 step=0.5833 lateStep=0.5073 up=19.372 angular=3.018 meanMs=1.267 p95Ms=1.586
WORLD network-bank-side-35-0.45: contacts=1 final=0 depth=0.0000 deepFrames=0 step=0.5833 lateStep=0.5161 up=16.758 angular=2.912 meanMs=0.486 p95Ms=0.486
WORLD network-bank-side-35-1.57: contacts=96 final=0 depth=0.0002 deepFrames=0 step=0.5833 lateStep=0.4216 up=6.702 angular=4.648 meanMs=1.881 p95Ms=2.413
WORLD network-pillar-3-0.00: contacts=294 final=30 depth=0.0001 deepFrames=0 step=0.1836 lateStep=0.0049 up=0.007 angular=0.366 meanMs=1.240 p95Ms=1.636
WORLD network-pillar-3-0.45: contacts=367 final=30 depth=0.0002 deepFrames=0 step=0.1838 lateStep=0.0032 up=0.008 angular=0.548 meanMs=1.333 p95Ms=2.018
WORLD network-pillar-3-1.57: contacts=97 final=0 depth=0.0003 deepFrames=0 step=0.5959 lateStep=0.5859 up=0.043 angular=0.718 meanMs=1.274 p95Ms=1.821
WORLD network-pillar-12-0.00: contacts=340 final=30 depth=0.0001 deepFrames=0 step=0.2310 lateStep=0.0047 up=0.007 angular=0.459 meanMs=1.226 p95Ms=1.794
WORLD network-pillar-12-0.45: contacts=357 final=28 depth=0.0002 deepFrames=0 step=0.1838 lateStep=0.0032 up=0.008 angular=0.622 meanMs=1.360 p95Ms=2.197
WORLD network-pillar-12-1.57: contacts=92 final=0 depth=0.0003 deepFrames=0 step=0.5978 lateStep=0.5879 up=0.043 angular=0.747 meanMs=1.318 p95Ms=1.519
WORLD network-pillar-35-0.00: contacts=358 final=30 depth=0.0001 deepFrames=0 step=0.5833 lateStep=0.0048 up=0.007 angular=1.158 meanMs=1.215 p95Ms=1.736
WORLD network-pillar-35-0.45: contacts=361 final=30 depth=0.0002 deepFrames=0 step=0.2939 lateStep=0.0031 up=0.052 angular=1.190 meanMs=1.422 p95Ms=2.226
WORLD network-pillar-35-1.57: contacts=101 final=0 depth=0.0003 deepFrames=0 step=0.5949 lateStep=0.5848 up=0.043 angular=1.200 meanMs=1.316 p95Ms=1.572
WORLD network-retaining-wing-3-0.00: contacts=45 final=0 depth=0.0002 deepFrames=0 step=0.5938 lateStep=0.5836 up=0.482 angular=1.224 meanMs=1.592 p95Ms=3.851
WORLD network-retaining-wing-3-0.45: contacts=5 final=0 depth=0.0001 deepFrames=0 step=0.5092 lateStep=0.4931 up=0.721 angular=1.233 meanMs=2.336 p95Ms=2.802
WORLD network-retaining-wing-3-1.57: contacts=4 final=0 depth=0.0021 deepFrames=0 step=0.6297 lateStep=0.1349 up=6.453 angular=2.370 meanMs=1.769 p95Ms=2.141
WORLD network-retaining-wing-12-0.00: contacts=107 final=0 depth=0.0011 deepFrames=0 step=0.6517 lateStep=0.6467 up=1.805 angular=1.595 meanMs=1.601 p95Ms=1.856
WORLD network-retaining-wing-12-0.45: contacts=91 final=0 depth=0.0002 deepFrames=0 step=0.6085 lateStep=0.6070 up=1.805 angular=2.066 meanMs=1.145 p95Ms=1.468
WORLD network-retaining-wing-12-1.57: contacts=262 final=30 depth=0.0025 deepFrames=0 step=0.6863 lateStep=0.0046 up=1.802 angular=2.199 meanMs=1.457 p95Ms=2.175
WORLD network-retaining-wing-35-0.00: contacts=122 final=28 depth=0.0002 deepFrames=0 step=0.6952 lateStep=0.6952 up=5.265 angular=1.574 meanMs=1.959 p95Ms=6.039
WORLD network-retaining-wing-35-0.45: contacts=86 final=0 depth=0.0002 deepFrames=0 step=0.7093 lateStep=0.7093 up=5.265 angular=1.267 meanMs=1.110 p95Ms=1.320
WORLD network-retaining-wing-35-1.57: contacts=59 final=0 depth=0.0002 deepFrames=0 step=0.9306 lateStep=0.1990 up=5.255 angular=2.089 meanMs=3.174 p95Ms=6.370
WORLD network-perimeter-3-0.00: contacts=220 final=0 depth=0.0004 deepFrames=0 step=0.1932 lateStep=0.0002 up=0.016 angular=0.559 meanMs=1.163 p95Ms=1.641
WORLD network-perimeter-3-0.45: contacts=282 final=0 depth=0.0002 deepFrames=0 step=0.1933 lateStep=0.0035 up=0.011 angular=0.166 meanMs=1.192 p95Ms=1.600
WORLD network-perimeter-3-1.57: contacts=47 final=0 depth=0.0002 deepFrames=0 step=0.6461 lateStep=0.6352 up=3.216 angular=0.486 meanMs=1.411 p95Ms=1.695
WORLD network-perimeter-12-0.00: contacts=252 final=0 depth=0.0002 deepFrames=0 step=0.2373 lateStep=0.0006 up=0.016 angular=0.559 meanMs=1.258 p95Ms=1.550
WORLD network-perimeter-12-0.45: contacts=282 final=0 depth=0.0002 deepFrames=0 step=0.1933 lateStep=0.0035 up=0.011 angular=0.166 meanMs=1.075 p95Ms=1.551
WORLD network-perimeter-12-1.57: contacts=6 final=0 depth=0.0003 deepFrames=0 step=0.6468 lateStep=0.6355 up=3.055 angular=1.101 meanMs=0.984 p95Ms=1.173
WORLD network-perimeter-35-0.00: contacts=272 final=0 depth=0.0004 deepFrames=0 step=0.5861 lateStep=0.0003 up=0.016 angular=0.773 meanMs=1.164 p95Ms=1.640
WORLD network-perimeter-35-0.45: contacts=282 final=0 depth=0.0002 deepFrames=0 step=0.2939 lateStep=0.0034 up=0.011 angular=0.214 meanMs=1.072 p95Ms=1.451
WORLD network-perimeter-35-1.57: contacts=6 final=0 depth=0.0004 deepFrames=0 step=0.6470 lateStep=0.6355 up=2.952 angular=1.200 meanMs=0.926 p95Ms=1.125
WORLD network-rock-3-0.00: contacts=194 final=1 depth=0.0002 deepFrames=0 step=0.1995 lateStep=0.0052 up=0.020 angular=0.604 meanMs=4.229 p95Ms=6.832
WORLD network-rock-3-0.45: contacts=234 final=0 depth=0.0002 deepFrames=0 step=0.1826 lateStep=0.0319 up=0.033 angular=0.460 meanMs=5.221 p95Ms=7.692
WORLD network-rock-3-1.57: contacts=4 final=0 depth=0.0002 deepFrames=0 step=0.5435 lateStep=0.5295 up=7.856 angular=1.713 meanMs=3.973 p95Ms=4.163
WORLD network-rock-12-0.00: contacts=231 final=1 depth=0.0003 deepFrames=0 step=0.2381 lateStep=0.0045 up=0.023 angular=0.627 meanMs=4.147 p95Ms=6.622
WORLD network-rock-12-0.45: contacts=230 final=0 depth=0.0002 deepFrames=0 step=0.1824 lateStep=0.0313 up=0.028 angular=0.452 meanMs=5.400 p95Ms=7.842
WORLD network-rock-12-1.57: contacts=1 final=0 depth=0.0001 deepFrames=0 step=0.5615 lateStep=0.5494 up=8.911 angular=1.479 meanMs=1.074 p95Ms=1.074
WORLD network-rock-35-0.00: contacts=251 final=1 depth=0.0002 deepFrames=0 step=0.5833 lateStep=0.0048 up=0.019 angular=1.205 meanMs=4.275 p95Ms=6.884
WORLD network-rock-35-0.45: contacts=231 final=0 depth=0.0002 deepFrames=0 step=0.2971 lateStep=0.0325 up=0.035 angular=0.968 meanMs=5.866 p95Ms=9.351
WORLD network-rock-35-1.57: contacts=1 final=0 depth=0.0000 deepFrames=0 step=0.5618 lateStep=0.5503 up=9.154 angular=1.753 meanMs=1.064 p95Ms=1.064
WORLD practice-bank-face-3-0.00: contacts=316 final=30 depth=0.0010 deepFrames=0 step=0.1859 lateStep=0.0000 up=0.005 angular=0.273 meanMs=0.620 p95Ms=0.676
WORLD practice-bank-face-3-0.45: contacts=384 final=30 depth=0.0070 deepFrames=0 step=0.1838 lateStep=0.0034 up=0.104 angular=0.462 meanMs=0.485 p95Ms=0.662
WORLD practice-bank-face-3-1.57: contacts=227 final=0 depth=0.0006 deepFrames=0 step=0.1857 lateStep=0.0020 up=0.210 angular=0.470 meanMs=0.539 p95Ms=0.761
WORLD practice-bank-face-12-0.00: contacts=351 final=30 depth=0.0001 deepFrames=0 step=0.2349 lateStep=0.0001 up=0.005 angular=0.245 meanMs=0.504 p95Ms=0.700
WORLD practice-bank-face-12-0.45: contacts=383 final=30 depth=0.0066 deepFrames=0 step=0.2000 lateStep=0.0034 up=0.051 angular=0.321 meanMs=0.461 p95Ms=0.646
WORLD practice-bank-face-12-1.57: contacts=224 final=0 depth=0.0007 deepFrames=0 step=0.2000 lateStep=0.0021 up=0.262 angular=0.674 meanMs=0.573 p95Ms=0.635
WORLD practice-bank-face-35-0.00: contacts=368 final=30 depth=0.0018 deepFrames=0 step=0.5833 lateStep=0.0001 up=1.447 angular=2.862 meanMs=0.627 p95Ms=0.669
WORLD practice-bank-face-35-0.45: contacts=384 final=30 depth=0.0101 deepFrames=0 step=0.5833 lateStep=0.0025 up=0.123 angular=0.790 meanMs=0.550 p95Ms=0.674
WORLD practice-bank-face-35-1.57: contacts=203 final=0 depth=0.0016 deepFrames=0 step=0.5833 lateStep=0.0242 up=0.752 angular=1.553 meanMs=0.490 p95Ms=0.638
WORLD practice-bank-neck-3-0.00: contacts=88 final=0 depth=0.0004 deepFrames=0 step=0.3210 lateStep=0.2193 up=6.847 angular=1.303 meanMs=0.603 p95Ms=0.651
WORLD practice-bank-neck-3-0.45: contacts=9 final=0 depth=0.0066 deepFrames=0 step=0.5952 lateStep=0.5856 up=1.129 angular=1.195 meanMs=2.617 p95Ms=1.873
WORLD practice-bank-neck-3-1.57: contacts=0 final=0 depth=0.0000 deepFrames=0 step=0.5399 lateStep=0.5399 up=5.003 angular=1.327 meanMs=0.000 p95Ms=0.000
WORLD practice-bank-neck-12-0.00: contacts=179 final=30 depth=0.0011 deepFrames=0 step=0.3755 lateStep=0.3522 up=7.653 angular=1.065 meanMs=0.704 p95Ms=0.702
WORLD practice-bank-neck-12-0.45: contacts=77 final=0 depth=0.0061 deepFrames=0 step=0.6204 lateStep=0.6134 up=2.030 angular=2.244 meanMs=0.355 p95Ms=0.551
WORLD practice-bank-neck-12-1.57: contacts=246 final=30 depth=0.0062 deepFrames=0 step=0.3584 lateStep=0.3584 up=1.099 angular=1.392 meanMs=0.442 p95Ms=0.579
WORLD practice-bank-neck-35-0.00: contacts=117 final=0 depth=0.0015 deepFrames=0 step=0.5833 lateStep=0.5249 up=19.339 angular=4.230 meanMs=0.538 p95Ms=0.639
WORLD practice-bank-neck-35-0.45: contacts=156 final=20 depth=0.0040 deepFrames=0 step=0.5833 lateStep=0.2511 up=10.187 angular=3.765 meanMs=0.595 p95Ms=0.581
WORLD practice-bank-neck-35-1.57: contacts=207 final=30 depth=0.0153 deepFrames=0 step=0.5833 lateStep=0.0464 up=5.458 angular=4.443 meanMs=0.452 p95Ms=0.542
WORLD practice-bank-side-3-0.00: contacts=2 final=0 depth=0.0032 deepFrames=0 step=0.4542 lateStep=0.3189 up=8.348 angular=4.305 meanMs=0.379 p95Ms=0.284
WORLD practice-bank-side-3-0.45: contacts=87 final=0 depth=0.0013 deepFrames=0 step=0.3472 lateStep=0.3343 up=8.418 angular=1.102 meanMs=0.633 p95Ms=0.691
WORLD practice-bank-side-3-1.57: contacts=48 final=0 depth=0.0121 deepFrames=0 step=0.5947 lateStep=0.5874 up=4.499 angular=1.083 meanMs=0.397 p95Ms=0.469
WORLD practice-bank-side-12-0.00: contacts=6 final=0 depth=0.0060 deepFrames=0 step=0.3835 lateStep=0.3512 up=8.859 angular=4.689 meanMs=0.407 p95Ms=0.409
WORLD practice-bank-side-12-0.45: contacts=137 final=0 depth=0.0001 deepFrames=0 step=0.3483 lateStep=0.3483 up=8.573 angular=1.177 meanMs=0.561 p95Ms=0.591
WORLD practice-bank-side-12-1.57: contacts=200 final=30 depth=0.0167 deepFrames=0 step=0.4188 lateStep=0.4188 up=1.633 angular=1.233 meanMs=0.437 p95Ms=0.543
WORLD practice-bank-side-35-0.00: contacts=124 final=4 depth=0.0056 deepFrames=0 step=0.5833 lateStep=0.5090 up=19.268 angular=4.407 meanMs=0.550 p95Ms=0.684
WORLD practice-bank-side-35-0.45: contacts=26 final=0 depth=0.0145 deepFrames=0 step=0.5833 lateStep=0.5178 up=16.620 angular=4.901 meanMs=0.334 p95Ms=0.412
WORLD practice-bank-side-35-1.57: contacts=162 final=0 depth=0.0006 deepFrames=0 step=0.5833 lateStep=0.4211 up=6.732 angular=4.644 meanMs=0.532 p95Ms=0.629
WORLD practice-pillar-3-0.00: contacts=311 final=30 depth=0.0002 deepFrames=0 step=0.1869 lateStep=0.0001 up=0.024 angular=0.387 meanMs=0.515 p95Ms=0.634
WORLD practice-pillar-3-0.45: contacts=374 final=30 depth=0.0140 deepFrames=0 step=0.1871 lateStep=0.0024 up=0.047 angular=0.442 meanMs=0.406 p95Ms=0.564
WORLD practice-pillar-3-1.57: contacts=173 final=0 depth=0.0010 deepFrames=0 step=0.5906 lateStep=0.5801 up=0.059 angular=0.393 meanMs=0.600 p95Ms=0.646
WORLD practice-pillar-12-0.00: contacts=346 final=30 depth=0.0006 deepFrames=0 step=0.2329 lateStep=0.0001 up=0.038 angular=0.370 meanMs=0.563 p95Ms=0.661
WORLD practice-pillar-12-0.45: contacts=376 final=30 depth=0.0139 deepFrames=0 step=0.2000 lateStep=0.0024 up=0.047 angular=0.407 meanMs=0.475 p95Ms=0.572
WORLD practice-pillar-12-1.57: contacts=157 final=0 depth=0.0012 deepFrames=0 step=0.5930 lateStep=0.5826 up=0.059 angular=0.337 meanMs=0.415 p95Ms=0.571
WORLD practice-pillar-35-0.00: contacts=364 final=30 depth=0.0004 deepFrames=0 step=0.5833 lateStep=0.0001 up=0.033 angular=0.566 meanMs=0.489 p95Ms=0.693
WORLD practice-pillar-35-0.45: contacts=376 final=30 depth=0.0157 deepFrames=0 step=0.5833 lateStep=0.0026 up=0.221 angular=1.193 meanMs=0.363 p95Ms=0.591
WORLD practice-pillar-35-1.57: contacts=123 final=0 depth=0.0015 deepFrames=0 step=0.5973 lateStep=0.5873 up=0.055 angular=1.365 meanMs=0.546 p95Ms=0.623
WORLD practice-retaining-wing-3-0.00: contacts=49 final=0 depth=0.0037 deepFrames=0 step=0.5861 lateStep=0.5752 up=0.728 angular=1.644 meanMs=0.403 p95Ms=0.526
WORLD practice-retaining-wing-3-0.45: contacts=38 final=0 depth=0.0242 deepFrames=0 step=0.4589 lateStep=0.4589 up=0.468 angular=1.199 meanMs=0.763 p95Ms=0.519
WORLD practice-retaining-wing-3-1.57: contacts=30 final=0 depth=0.0118 deepFrames=0 step=0.3294 lateStep=0.1356 up=3.290 angular=1.518 meanMs=0.435 p95Ms=0.694
WORLD practice-retaining-wing-12-0.00: contacts=114 final=0 depth=0.0009 deepFrames=0 step=0.6508 lateStep=0.6456 up=1.805 angular=1.517 meanMs=0.549 p95Ms=0.680
WORLD practice-retaining-wing-12-0.45: contacts=110 final=0 depth=0.0017 deepFrames=0 step=0.6189 lateStep=0.6169 up=1.805 angular=1.852 meanMs=0.554 p95Ms=0.605
WORLD practice-retaining-wing-12-1.57: contacts=270 final=30 depth=0.0057 deepFrames=0 step=0.3186 lateStep=0.0046 up=1.808 angular=1.436 meanMs=0.477 p95Ms=0.611
WORLD practice-retaining-wing-35-0.00: contacts=91 final=0 depth=0.0041 deepFrames=0 step=0.7037 lateStep=0.7037 up=5.265 angular=2.547 meanMs=0.435 p95Ms=0.614
WORLD practice-retaining-wing-35-0.45: contacts=112 final=0 depth=0.0021 deepFrames=0 step=0.7046 lateStep=0.7046 up=5.265 angular=1.310 meanMs=0.731 p95Ms=0.695
WORLD practice-retaining-wing-35-1.57: contacts=318 final=30 depth=0.0053 deepFrames=0 step=0.6318 lateStep=0.0005 up=5.272 angular=2.011 meanMs=0.531 p95Ms=0.691
WORLD practice-perimeter-3-0.00: contacts=224 final=0 depth=0.0006 deepFrames=0 step=0.1969 lateStep=0.0000 up=0.059 angular=0.569 meanMs=0.513 p95Ms=0.681
WORLD practice-perimeter-3-0.45: contacts=286 final=0 depth=0.0039 deepFrames=0 step=0.1969 lateStep=0.0026 up=0.052 angular=0.255 meanMs=0.434 p95Ms=0.600
WORLD practice-perimeter-3-1.57: contacts=168 final=28 depth=0.0014 deepFrames=0 step=0.6403 lateStep=0.6291 up=2.502 angular=0.229 meanMs=0.591 p95Ms=0.592
WORLD practice-perimeter-12-0.00: contacts=256 final=0 depth=0.0006 deepFrames=0 step=0.2394 lateStep=0.0001 up=0.059 angular=0.297 meanMs=0.556 p95Ms=0.882
WORLD practice-perimeter-12-0.45: contacts=286 final=0 depth=0.0039 deepFrames=0 step=0.2000 lateStep=0.0026 up=0.053 angular=0.267 meanMs=0.450 p95Ms=0.580
WORLD practice-perimeter-12-1.57: contacts=91 final=9 depth=0.0031 deepFrames=0 step=0.6443 lateStep=0.6335 up=2.871 angular=1.018 meanMs=0.632 p95Ms=0.607
WORLD practice-perimeter-35-0.00: contacts=274 final=0 depth=0.0008 deepFrames=0 step=0.5867 lateStep=0.0001 up=0.060 angular=0.633 meanMs=0.563 p95Ms=0.688
WORLD practice-perimeter-35-0.45: contacts=286 final=0 depth=0.0048 deepFrames=0 step=0.5833 lateStep=0.0027 up=0.156 angular=0.300 meanMs=0.476 p95Ms=0.731
WORLD practice-perimeter-35-1.57: contacts=55 final=0 depth=0.0147 deepFrames=0 step=0.6016 lateStep=0.5921 up=2.206 angular=1.628 meanMs=0.291 p95Ms=0.370
WORLD practice-rock-3-0.00: contacts=208 final=3 depth=0.0205 deepFrames=0 step=0.2023 lateStep=0.0010 up=0.417 angular=0.544 meanMs=0.528 p95Ms=0.644
WORLD practice-rock-3-0.45: contacts=285 final=2 depth=0.0045 deepFrames=0 step=0.1834 lateStep=0.0027 up=0.262 angular=0.350 meanMs=0.418 p95Ms=0.654
WORLD practice-rock-3-1.57: contacts=49 final=0 depth=0.0021 deepFrames=0 step=0.5284 lateStep=0.5133 up=2.937 angular=0.866 meanMs=0.421 p95Ms=0.589
WORLD practice-rock-12-0.00: contacts=246 final=2 depth=0.0131 deepFrames=0 step=0.2399 lateStep=0.0010 up=0.360 angular=0.646 meanMs=0.630 p95Ms=0.606
WORLD practice-rock-12-0.45: contacts=285 final=2 depth=0.0120 deepFrames=0 step=0.2000 lateStep=0.0026 up=0.273 angular=0.426 meanMs=0.469 p95Ms=0.646
WORLD practice-rock-12-1.57: contacts=47 final=0 depth=0.0065 deepFrames=0 step=0.5568 lateStep=0.5439 up=8.010 angular=1.772 meanMs=0.546 p95Ms=0.750
WORLD practice-rock-35-0.00: contacts=271 final=3 depth=0.0335 deepFrames=0 step=0.5833 lateStep=0.0010 up=1.645 angular=1.205 meanMs=0.671 p95Ms=0.842
WORLD practice-rock-35-0.45: contacts=284 final=3 depth=0.0368 deepFrames=0 step=0.5833 lateStep=0.0028 up=2.053 angular=1.238 meanMs=0.519 p95Ms=0.648
WORLD practice-rock-35-1.57: contacts=60 final=0 depth=0.0313 deepFrames=0 step=0.5833 lateStep=0.5366 up=9.495 angular=2.069 meanMs=0.425 p95Ms=0.580
WORLD network-bank-face-12-0.00-steering: contacts=49 final=0 depth=0.0002 deepFrames=0 step=0.2156 lateStep=0.1659 up=0.030 angular=3.666 meanMs=3.834 p95Ms=5.642
WORLD practice-bank-face-12-0.00-steering: contacts=230 final=0 depth=0.0041 deepFrames=0 step=0.2162 lateStep=0.0535 up=0.941 angular=2.043 meanMs=0.714 p95Ms=1.165
World collision checks: failures=0
