Godot Engine v4.7.2.stable.mono.official.ed1daf0bf - https://godotengine.org

Repeated vehicle contact: frames=537, travelError=0.003990, speedChange=0.076717
Repeated vehicle contact checks passed.
Godot Engine v4.7.2.stable.mono.official.ed1daf0bf - https://godotengine.org

ROCK network-RockCluster-3-0.0: contacts=606 repeat=360 final=0 depth=0.0002 overlapFrames=0 angular=0.038 contactMeanMs=2.570 p95Ms=3.201
ROCK network-RockLedge-3-0.0: contacts=615 repeat=360 final=0 depth=0.0000 overlapFrames=0 angular=0.038 contactMeanMs=2.641 p95Ms=3.524
ROCK network-BoulderTall-3-0.0: contacts=608 repeat=360 final=0 depth=0.0002 overlapFrames=0 angular=0.038 contactMeanMs=2.348 p95Ms=2.608
ROCK network-RockSlab-3-0.0: contacts=609 repeat=360 final=0 depth=0.0002 overlapFrames=0 angular=0.038 contactMeanMs=3.636 p95Ms=4.467
ROCK network-BoulderLow-3-0.0: contacts=613 repeat=360 final=0 depth=0.0000 overlapFrames=0 angular=0.038 contactMeanMs=4.015 p95Ms=4.475
ROCK practice-RockCluster-3-0.0: contacts=608 repeat=360 final=0 depth=0.0014 overlapFrames=0 angular=0.037 contactMeanMs=0.956 p95Ms=1.078
ROCK practice-RockLedge-3-0.0: contacts=616 repeat=360 final=0 depth=0.0002 overlapFrames=0 angular=0.037 contactMeanMs=0.922 p95Ms=1.016
ROCK practice-BoulderTall-3-0.0: contacts=609 repeat=360 final=0 depth=0.0010 overlapFrames=0 angular=0.037 contactMeanMs=0.931 p95Ms=1.046
ROCK practice-RockSlab-3-0.0: contacts=611 repeat=360 final=0 depth=0.0005 overlapFrames=0 angular=0.038 contactMeanMs=0.899 p95Ms=1.052
ROCK practice-BoulderLow-3-0.0: contacts=615 repeat=360 final=0 depth=0.0003 overlapFrames=0 angular=0.039 contactMeanMs=0.903 p95Ms=1.053
Rock collision checks: failures=0
Godot Engine v4.7.2.stable.mono.official.ed1daf0bf - https://godotengine.org

ROCK network-RockCluster-3-0.0: contacts=426 repeat=180 final=0 depth=0.0002 overlapFrames=0 angular=0.038 contactMeanMs=2.610 p95Ms=3.304
ROCK network-RockLedge-3-0.0: contacts=435 repeat=180 final=0 depth=0.0000 overlapFrames=0 angular=0.038 contactMeanMs=2.784 p95Ms=3.515
ROCK network-BoulderTall-3-0.0: contacts=428 repeat=180 final=0 depth=0.0002 overlapFrames=0 angular=0.038 contactMeanMs=2.359 p95Ms=2.574
ROCK network-RockSlab-3-0.0: contacts=429 repeat=180 final=0 depth=0.0002 overlapFrames=0 angular=0.038 contactMeanMs=4.011 p95Ms=4.515
ROCK network-BoulderLow-3-0.0: contacts=433 repeat=180 final=0 depth=0.0000 overlapFrames=0 angular=0.038 contactMeanMs=4.125 p95Ms=4.540
ROCK practice-RockCluster-3-0.0: contacts=428 repeat=180 final=0 depth=0.0014 overlapFrames=0 angular=0.037 contactMeanMs=0.963 p95Ms=1.103
ROCK practice-RockLedge-3-0.0: contacts=436 repeat=180 final=0 depth=0.0002 overlapFrames=0 angular=0.038 contactMeanMs=0.912 p95Ms=1.000
ROCK practice-BoulderTall-3-0.0: contacts=429 repeat=180 final=0 depth=0.0010 overlapFrames=0 angular=0.037 contactMeanMs=0.954 p95Ms=1.068
ROCK practice-RockSlab-3-0.0: contacts=431 repeat=180 final=0 depth=0.0005 overlapFrames=0 angular=0.039 contactMeanMs=0.862 p95Ms=0.990
ROCK practice-BoulderLow-3-0.0: contacts=435 repeat=180 final=0 depth=0.0003 overlapFrames=0 angular=0.039 contactMeanMs=1.059 p95Ms=1.172
Rock collision checks: failures=0
Godot Engine v4.7.2.stable.mono.official.ed1daf0bf - https://godotengine.org

ROCK network-RockCluster-3-0.0: contacts=131 repeat=0 final=0 depth=0.0002 overlapFrames=0 angular=0.061 contactMeanMs=1.054 p95Ms=1.119
ROCK network-RockLedge-3-0.0: contacts=145 repeat=0 final=0 depth=0.0002 overlapFrames=0 angular=0.061 contactMeanMs=0.964 p95Ms=1.217
ROCK network-BoulderTall-3-0.0: contacts=124 repeat=0 final=0 depth=0.0002 overlapFrames=0 angular=0.061 contactMeanMs=4.028 p95Ms=6.179
ROCK network-RockSlab-3-0.0: contacts=114 repeat=0 final=0 depth=0.0001 overlapFrames=0 angular=0.063 contactMeanMs=1.158 p95Ms=1.334
ROCK network-BoulderLow-3-0.0: contacts=92 repeat=0 final=0 depth=0.0002 overlapFrames=0 angular=0.061 contactMeanMs=4.142 p95Ms=4.445
ROCK practice-RockCluster-3-0.0: contacts=133 repeat=0 final=0 depth=0.0035 overlapFrames=0 angular=0.061 contactMeanMs=0.974 p95Ms=1.021
ROCK practice-RockLedge-3-0.0: contacts=146 repeat=0 final=0 depth=0.0004 overlapFrames=0 angular=0.061 contactMeanMs=0.902 p95Ms=1.004
ROCK practice-BoulderTall-3-0.0: contacts=127 repeat=0 final=0 depth=0.0032 overlapFrames=0 angular=0.061 contactMeanMs=1.009 p95Ms=1.085
ROCK practice-RockSlab-3-0.0: contacts=116 repeat=0 final=0 depth=0.0017 overlapFrames=0 angular=0.064 contactMeanMs=0.966 p95Ms=1.026
ROCK practice-BoulderLow-3-0.0: contacts=96 repeat=0 final=0 depth=0.0007 overlapFrames=0 angular=0.061 contactMeanMs=0.929 p95Ms=1.102
Rock collision checks: failures=0
Godot Engine v4.7.2.stable.mono.official.ed1daf0bf - https://godotengine.org

ROCK network-RockCluster-3-0.0: contacts=85 repeat=0 final=0 depth=0.0002 overlapFrames=0 angular=3.729 contactMeanMs=7.688 p95Ms=9.642
ROCK network-RockLedge-3-0.0: contacts=101 repeat=55 final=0 depth=0.0002 overlapFrames=0 angular=3.329 contactMeanMs=4.344 p95Ms=7.317
ROCK network-BoulderTall-3-0.0: contacts=194 repeat=14 final=30 depth=0.0001 overlapFrames=0 angular=3.077 contactMeanMs=1.147 p95Ms=2.402
ROCK network-RockSlab-3-0.0: contacts=195 repeat=33 final=30 depth=0.0001 overlapFrames=0 angular=1.926 contactMeanMs=4.295 p95Ms=5.745
ROCK network-BoulderLow-3-0.0: contacts=70 repeat=0 final=0 depth=0.0001 overlapFrames=0 angular=1.968 contactMeanMs=2.374 p95Ms=7.178
ROCK practice-RockCluster-3-0.0: contacts=121 repeat=0 final=0 depth=0.0238 overlapFrames=1 angular=3.837 contactMeanMs=1.602 p95Ms=2.440
ROCK practice-RockLedge-3-0.0: contacts=144 repeat=82 final=0 depth=0.0017 overlapFrames=0 angular=3.358 contactMeanMs=0.925 p95Ms=1.071
ROCK practice-BoulderTall-3-0.0: contacts=203 repeat=25 final=30 depth=0.0140 overlapFrames=0 angular=2.627 contactMeanMs=1.025 p95Ms=1.081
ROCK practice-RockSlab-3-0.0: contacts=205 repeat=48 final=30 depth=0.0051 overlapFrames=0 angular=1.952 contactMeanMs=0.868 p95Ms=1.034
ROCK practice-BoulderLow-3-0.0: contacts=400 repeat=141 final=0 depth=0.0301 overlapFrames=1 angular=2.082 contactMeanMs=0.883 p95Ms=1.048
Rock collision checks: failures=0
Godot Engine v4.7.2.stable.mono.official.ed1daf0bf - https://godotengine.org

ROCK network-RockCluster-3-0.0: contacts=159 repeat=0 final=0 depth=0.0002 overlapFrames=0 angular=0.061 contactMeanMs=2.522 p95Ms=2.797
ROCK network-RockLedge-3-0.0: contacts=197 repeat=0 final=0 depth=0.0020 overlapFrames=0 angular=0.061 contactMeanMs=2.482 p95Ms=2.987
ROCK network-BoulderTall-3-0.0: contacts=145 repeat=0 final=0 depth=0.0002 overlapFrames=0 angular=0.061 contactMeanMs=2.754 p95Ms=3.907
ROCK network-RockSlab-3-0.0: contacts=131 repeat=0 final=0 depth=0.0002 overlapFrames=0 angular=0.061 contactMeanMs=1.077 p95Ms=1.175
ROCK network-BoulderLow-3-0.0: contacts=103 repeat=0 final=0 depth=0.0001 overlapFrames=0 angular=0.061 contactMeanMs=4.171 p95Ms=4.484
ROCK practice-RockCluster-3-0.0: contacts=160 repeat=0 final=0 depth=0.0004 overlapFrames=0 angular=0.061 contactMeanMs=0.887 p95Ms=1.032
ROCK practice-RockLedge-3-0.0: contacts=199 repeat=0 final=0 depth=0.0054 overlapFrames=0 angular=0.061 contactMeanMs=0.880 p95Ms=1.020
ROCK practice-BoulderTall-3-0.0: contacts=148 repeat=0 final=0 depth=0.0019 overlapFrames=0 angular=0.061 contactMeanMs=0.988 p95Ms=1.067
ROCK practice-RockSlab-3-0.0: contacts=133 repeat=0 final=0 depth=0.0029 overlapFrames=0 angular=0.061 contactMeanMs=1.059 p95Ms=1.241
ROCK practice-BoulderLow-3-0.0: contacts=106 repeat=0 final=0 depth=0.0007 overlapFrames=0 angular=0.061 contactMeanMs=0.911 p95Ms=1.047
Rock collision checks: failures=0
Godot Engine v4.7.2.stable.mono.official.ed1daf0bf - https://godotengine.org

ROCK network-RockCluster-3-0.0: contacts=197 repeat=0 final=0 depth=0.0000 overlapFrames=0 angular=0.061 contactMeanMs=2.373 p95Ms=2.916
ROCK network-RockLedge-3-0.0: contacts=197 repeat=0 final=0 depth=0.0001 overlapFrames=0 angular=0.061 contactMeanMs=2.304 p95Ms=2.700
ROCK network-BoulderTall-3-0.0: contacts=197 repeat=0 final=0 depth=0.0005 overlapFrames=0 angular=0.061 contactMeanMs=2.468 p95Ms=2.627
ROCK network-RockSlab-3-0.0: contacts=197 repeat=0 final=0 depth=0.0002 overlapFrames=0 angular=0.061 contactMeanMs=2.564 p95Ms=4.055
ROCK network-BoulderLow-3-0.0: contacts=199 repeat=0 final=0 depth=0.0000 overlapFrames=0 angular=0.061 contactMeanMs=4.228 p95Ms=4.871
ROCK practice-RockCluster-3-0.0: contacts=199 repeat=0 final=0 depth=0.0015 overlapFrames=0 angular=0.061 contactMeanMs=0.882 p95Ms=1.040
ROCK practice-RockLedge-3-0.0: contacts=199 repeat=0 final=0 depth=0.0019 overlapFrames=0 angular=0.061 contactMeanMs=0.936 p95Ms=0.959
ROCK practice-BoulderTall-3-0.0: contacts=200 repeat=0 final=0 depth=0.0025 overlapFrames=0 angular=0.061 contactMeanMs=0.917 p95Ms=1.084
ROCK practice-RockSlab-3-0.0: contacts=199 repeat=0 final=0 depth=0.0022 overlapFrames=0 angular=0.061 contactMeanMs=0.959 p95Ms=1.020
ROCK practice-BoulderLow-3-0.0: contacts=202 repeat=0 final=0 depth=0.0004 overlapFrames=0 angular=0.061 contactMeanMs=0.941 p95Ms=1.114
Rock collision checks: failures=0
