Godot Engine v4.7.2.stable.mono.official.ed1daf0bf - https://godotengine.org

ROCK network-RockCluster-3-0.0: contacts=247 repeat=68 final=0 depth=0.0002 overlapFrames=0 angular=0.154 contactMeanMs=1.654 p95Ms=4.439
ROCK network-RockCluster-3-1.2: contacts=247 repeat=66 final=0 depth=0.0002 overlapFrames=0 angular=0.221 contactMeanMs=1.337 p95Ms=4.054
ROCK network-RockCluster-3-2.4: contacts=248 repeat=70 final=0 depth=0.0001 overlapFrames=0 angular=0.223 contactMeanMs=2.022 p95Ms=3.990
ROCK network-RockCluster-12-0.0: contacts=277 repeat=68 final=0 depth=0.0001 overlapFrames=0 angular=0.154 contactMeanMs=1.676 p95Ms=4.414
ROCK network-RockCluster-12-1.2: contacts=274 repeat=66 final=0 depth=0.0002 overlapFrames=0 angular=0.364 contactMeanMs=1.252 p95Ms=4.038
ROCK network-RockCluster-12-2.4: contacts=279 repeat=70 final=0 depth=0.0001 overlapFrames=0 angular=0.334 contactMeanMs=0.987 p95Ms=1.165
ROCK network-RockCluster-35-0.0: contacts=292 repeat=68 final=0 depth=0.0001 overlapFrames=0 angular=0.167 contactMeanMs=2.435 p95Ms=4.426
ROCK network-RockCluster-35-1.2: contacts=280 repeat=67 final=0 depth=0.0002 overlapFrames=0 angular=0.982 contactMeanMs=1.238 p95Ms=3.858
ROCK network-RockCluster-35-2.4: contacts=289 repeat=70 final=0 depth=0.0002 overlapFrames=0 angular=0.874 contactMeanMs=0.969 p95Ms=1.123
ROCK network-RockLedge-3-0.0: contacts=247 repeat=69 final=0 depth=0.0002 overlapFrames=0 angular=0.396 contactMeanMs=2.367 p95Ms=4.192
ROCK network-RockLedge-3-1.2: contacts=268 repeat=70 final=0 depth=0.0002 overlapFrames=0 angular=0.243 contactMeanMs=2.254 p95Ms=4.367
ROCK network-RockLedge-3-2.4: contacts=253 repeat=66 final=0 depth=0.0002 overlapFrames=0 angular=0.405 contactMeanMs=3.229 p95Ms=6.014
ROCK network-RockLedge-12-0.0: contacts=276 repeat=70 final=0 depth=0.0001 overlapFrames=0 angular=0.612 contactMeanMs=3.269 p95Ms=4.399
ROCK network-RockLedge-12-1.2: contacts=289 repeat=70 final=0 depth=0.0002 overlapFrames=0 angular=0.392 contactMeanMs=2.106 p95Ms=4.390
ROCK network-RockLedge-12-2.4: contacts=280 repeat=67 final=0 depth=0.0002 overlapFrames=0 angular=0.410 contactMeanMs=3.187 p95Ms=6.195
ROCK network-RockLedge-35-0.0: contacts=287 repeat=68 final=0 depth=0.0002 overlapFrames=0 angular=1.199 contactMeanMs=3.273 p95Ms=4.374
ROCK network-RockLedge-35-1.2: contacts=291 repeat=70 final=0 depth=0.0000 overlapFrames=0 angular=1.075 contactMeanMs=2.040 p95Ms=4.570
ROCK network-RockLedge-35-2.4: contacts=282 repeat=64 final=0 depth=0.0002 overlapFrames=0 angular=1.055 contactMeanMs=1.934 p95Ms=4.742
ROCK network-BoulderTall-3-0.0: contacts=245 repeat=68 final=0 depth=0.0001 overlapFrames=0 angular=0.211 contactMeanMs=3.857 p95Ms=4.694
ROCK network-BoulderTall-3-1.2: contacts=250 repeat=68 final=0 depth=0.0002 overlapFrames=0 angular=0.190 contactMeanMs=3.465 p95Ms=4.667
ROCK network-BoulderTall-3-2.4: contacts=244 repeat=66 final=0 depth=0.0002 overlapFrames=0 angular=0.411 contactMeanMs=3.872 p95Ms=5.010
ROCK network-BoulderTall-12-0.0: contacts=276 repeat=68 final=0 depth=0.0001 overlapFrames=0 angular=0.300 contactMeanMs=3.916 p95Ms=5.800
ROCK network-BoulderTall-12-1.2: contacts=280 repeat=69 final=0 depth=0.0002 overlapFrames=0 angular=0.288 contactMeanMs=2.324 p95Ms=4.460
ROCK network-BoulderTall-12-2.4: contacts=271 repeat=66 final=0 depth=0.0002 overlapFrames=0 angular=0.609 contactMeanMs=3.464 p95Ms=4.458
ROCK network-BoulderTall-35-0.0: contacts=289 repeat=68 final=0 depth=0.0001 overlapFrames=0 angular=0.721 contactMeanMs=3.379 p95Ms=4.481
ROCK network-BoulderTall-35-1.2: contacts=289 repeat=68 final=0 depth=0.0002 overlapFrames=0 angular=0.728 contactMeanMs=3.171 p95Ms=4.466
ROCK network-BoulderTall-35-2.4: contacts=281 repeat=66 final=0 depth=0.0001 overlapFrames=0 angular=1.204 contactMeanMs=3.369 p95Ms=4.605
ROCK network-RockSlab-3-0.0: contacts=243 repeat=69 final=0 depth=0.0002 overlapFrames=0 angular=0.239 contactMeanMs=1.230 p95Ms=2.377
ROCK network-RockSlab-3-1.2: contacts=250 repeat=70 final=0 depth=0.0000 overlapFrames=0 angular=0.293 contactMeanMs=2.755 p95Ms=4.242
ROCK network-RockSlab-3-2.4: contacts=242 repeat=66 final=0 depth=0.0002 overlapFrames=0 angular=0.313 contactMeanMs=2.612 p95Ms=4.458
ROCK network-RockSlab-12-0.0: contacts=275 repeat=69 final=0 depth=0.0002 overlapFrames=0 angular=0.397 contactMeanMs=1.155 p95Ms=1.587
ROCK network-RockSlab-12-1.2: contacts=280 repeat=70 final=0 depth=0.0001 overlapFrames=0 angular=0.414 contactMeanMs=2.678 p95Ms=4.309
ROCK network-RockSlab-12-2.4: contacts=272 repeat=66 final=0 depth=0.0002 overlapFrames=0 angular=0.448 contactMeanMs=2.433 p95Ms=4.578
ROCK network-RockSlab-35-0.0: contacts=288 repeat=70 final=0 depth=0.0002 overlapFrames=0 angular=1.108 contactMeanMs=1.200 p95Ms=2.694
ROCK network-RockSlab-35-1.2: contacts=294 repeat=70 final=0 depth=0.0001 overlapFrames=0 angular=1.082 contactMeanMs=1.818 p95Ms=2.641
ROCK network-RockSlab-35-2.4: contacts=281 repeat=66 final=0 depth=0.0002 overlapFrames=0 angular=1.176 contactMeanMs=2.351 p95Ms=4.395
ROCK network-BoulderLow-3-0.0: contacts=245 repeat=68 final=0 depth=0.0001 overlapFrames=0 angular=0.237 contactMeanMs=4.141 p95Ms=4.554
ROCK network-BoulderLow-3-1.2: contacts=247 repeat=68 final=0 depth=0.0002 overlapFrames=0 angular=0.171 contactMeanMs=3.606 p95Ms=4.445
ROCK network-BoulderLow-3-2.4: contacts=239 repeat=68 final=0 depth=0.0002 overlapFrames=0 angular=0.154 contactMeanMs=1.697 p95Ms=4.176
ROCK network-BoulderLow-12-0.0: contacts=278 repeat=68 final=0 depth=0.0001 overlapFrames=0 angular=0.224 contactMeanMs=4.243 p95Ms=4.668
ROCK network-BoulderLow-12-1.2: contacts=279 repeat=68 final=0 depth=0.0002 overlapFrames=0 angular=0.231 contactMeanMs=2.575 p95Ms=4.449
ROCK network-BoulderLow-12-2.4: contacts=272 repeat=68 final=0 depth=0.0002 overlapFrames=0 angular=0.154 contactMeanMs=1.972 p95Ms=5.258
ROCK network-BoulderLow-35-0.0: contacts=297 repeat=68 final=0 depth=0.0001 overlapFrames=0 angular=0.461 contactMeanMs=4.336 p95Ms=4.929
ROCK network-BoulderLow-35-1.2: contacts=295 repeat=68 final=0 depth=0.0002 overlapFrames=0 angular=0.601 contactMeanMs=2.608 p95Ms=4.481
ROCK network-BoulderLow-35-2.4: contacts=288 repeat=68 final=0 depth=0.0001 overlapFrames=0 angular=0.366 contactMeanMs=1.694 p95Ms=4.253
ROCK practice-RockCluster-3-0.0: contacts=272 repeat=71 final=0 depth=0.0121 overlapFrames=0 angular=0.174 contactMeanMs=0.971 p95Ms=1.094
ROCK practice-RockCluster-3-1.2: contacts=256 repeat=68 final=0 depth=0.0015 overlapFrames=0 angular=0.263 contactMeanMs=0.870 p95Ms=1.023
ROCK practice-RockCluster-3-2.4: contacts=255 repeat=70 final=0 depth=0.0166 overlapFrames=0 angular=0.225 contactMeanMs=0.923 p95Ms=1.039
ROCK practice-RockCluster-12-0.0: contacts=302 repeat=71 final=0 depth=0.0130 overlapFrames=0 angular=0.184 contactMeanMs=0.941 p95Ms=1.067
ROCK practice-RockCluster-12-1.2: contacts=285 repeat=70 final=0 depth=0.0031 overlapFrames=0 angular=0.393 contactMeanMs=0.921 p95Ms=1.045
ROCK practice-RockCluster-12-2.4: contacts=285 repeat=70 final=0 depth=0.0233 overlapFrames=1 angular=0.346 contactMeanMs=0.926 p95Ms=1.086
ROCK practice-RockCluster-35-0.0: contacts=311 repeat=70 final=0 depth=0.0083 overlapFrames=0 angular=0.154 contactMeanMs=0.933 p95Ms=1.056
ROCK practice-RockCluster-35-1.2: contacts=296 repeat=69 final=0 depth=0.0133 overlapFrames=0 angular=1.201 contactMeanMs=0.872 p95Ms=1.031
ROCK practice-RockCluster-35-2.4: contacts=299 repeat=70 final=0 depth=0.0375 overlapFrames=1 angular=0.968 contactMeanMs=0.984 p95Ms=1.145
ROCK practice-RockLedge-3-0.0: contacts=259 repeat=70 final=0 depth=0.0136 overlapFrames=0 angular=0.403 contactMeanMs=0.902 p95Ms=0.990
ROCK practice-RockLedge-3-1.2: contacts=274 repeat=70 final=0 depth=0.0105 overlapFrames=0 angular=0.253 contactMeanMs=0.977 p95Ms=1.212
ROCK practice-RockLedge-3-2.4: contacts=262 repeat=69 final=0 depth=0.0089 overlapFrames=0 angular=0.410 contactMeanMs=1.180 p95Ms=2.273
ROCK practice-RockLedge-12-0.0: contacts=289 repeat=70 final=0 depth=0.0266 overlapFrames=1 angular=0.626 contactMeanMs=1.034 p95Ms=1.322
ROCK practice-RockLedge-12-1.2: contacts=296 repeat=70 final=0 depth=0.0042 overlapFrames=0 angular=0.410 contactMeanMs=0.906 p95Ms=1.028
ROCK practice-RockLedge-12-2.4: contacts=291 repeat=69 final=0 depth=0.0155 overlapFrames=0 angular=0.408 contactMeanMs=1.890 p95Ms=2.398
ROCK practice-RockLedge-35-0.0: contacts=303 repeat=70 final=0 depth=0.0441 overlapFrames=2 angular=1.199 contactMeanMs=0.903 p95Ms=1.008
ROCK practice-RockLedge-35-1.2: contacts=300 repeat=68 final=0 depth=0.0616 overlapFrames=2 angular=1.202 contactMeanMs=0.855 p95Ms=0.978
ROCK practice-RockLedge-35-2.4: contacts=302 repeat=69 final=0 depth=0.0566 overlapFrames=1 angular=1.203 contactMeanMs=2.068 p95Ms=2.421
ROCK practice-BoulderTall-3-0.0: contacts=256 repeat=70 final=0 depth=0.0143 overlapFrames=0 angular=0.199 contactMeanMs=0.927 p95Ms=1.092
ROCK practice-BoulderTall-3-1.2: contacts=258 repeat=69 final=0 depth=0.0132 overlapFrames=0 angular=0.182 contactMeanMs=0.929 p95Ms=1.083
ROCK practice-BoulderTall-3-2.4: contacts=256 repeat=69 final=0 depth=0.0143 overlapFrames=0 angular=0.403 contactMeanMs=0.940 p95Ms=1.073
ROCK practice-BoulderTall-12-0.0: contacts=287 repeat=70 final=0 depth=0.0187 overlapFrames=0 angular=0.303 contactMeanMs=0.942 p95Ms=1.044
ROCK practice-BoulderTall-12-1.2: contacts=289 repeat=70 final=0 depth=0.0246 overlapFrames=1 angular=0.295 contactMeanMs=0.885 p95Ms=1.048
ROCK practice-BoulderTall-12-2.4: contacts=287 repeat=69 final=0 depth=0.0249 overlapFrames=1 angular=0.611 contactMeanMs=0.889 p95Ms=1.030
ROCK practice-BoulderTall-35-0.0: contacts=301 repeat=70 final=0 depth=0.0512 overlapFrames=1 angular=0.885 contactMeanMs=0.945 p95Ms=1.083
ROCK practice-BoulderTall-35-1.2: contacts=302 repeat=70 final=0 depth=0.0674 overlapFrames=1 angular=0.910 contactMeanMs=0.955 p95Ms=1.087
ROCK practice-BoulderTall-35-2.4: contacts=302 repeat=69 final=0 depth=0.0146 overlapFrames=0 angular=1.203 contactMeanMs=0.937 p95Ms=1.039
ROCK practice-RockSlab-3-0.0: contacts=251 repeat=70 final=0 depth=0.0148 overlapFrames=0 angular=0.230 contactMeanMs=0.922 p95Ms=1.020
ROCK practice-RockSlab-3-1.2: contacts=257 repeat=70 final=0 depth=0.0061 overlapFrames=0 angular=0.303 contactMeanMs=0.929 p95Ms=1.071
ROCK practice-RockSlab-3-2.4: contacts=257 repeat=69 final=0 depth=0.0120 overlapFrames=0 angular=0.329 contactMeanMs=0.920 p95Ms=1.035
ROCK practice-RockSlab-12-0.0: contacts=283 repeat=70 final=0 depth=0.0142 overlapFrames=0 angular=0.398 contactMeanMs=0.876 p95Ms=1.034
ROCK practice-RockSlab-12-1.2: contacts=286 repeat=70 final=0 depth=0.0074 overlapFrames=0 angular=0.436 contactMeanMs=0.930 p95Ms=1.042
ROCK practice-RockSlab-12-2.4: contacts=287 repeat=69 final=0 depth=0.0262 overlapFrames=1 angular=0.480 contactMeanMs=0.918 p95Ms=1.021
ROCK practice-RockSlab-35-0.0: contacts=299 repeat=70 final=0 depth=0.0121 overlapFrames=0 angular=1.148 contactMeanMs=0.924 p95Ms=1.067
ROCK practice-RockSlab-35-1.2: contacts=299 repeat=70 final=0 depth=0.0139 overlapFrames=0 angular=1.176 contactMeanMs=0.919 p95Ms=1.030
ROCK practice-RockSlab-35-2.4: contacts=307 repeat=70 final=0 depth=0.0296 overlapFrames=1 angular=1.199 contactMeanMs=0.879 p95Ms=1.004
ROCK practice-BoulderLow-3-0.0: contacts=265 repeat=72 final=0 depth=0.0018 overlapFrames=0 angular=0.280 contactMeanMs=0.960 p95Ms=1.075
ROCK practice-BoulderLow-3-1.2: contacts=282 repeat=73 final=0 depth=0.0056 overlapFrames=0 angular=0.185 contactMeanMs=0.869 p95Ms=1.016
ROCK practice-BoulderLow-3-2.4: contacts=254 repeat=70 final=0 depth=0.0056 overlapFrames=0 angular=0.169 contactMeanMs=0.921 p95Ms=1.042
ROCK practice-BoulderLow-12-0.0: contacts=305 repeat=73 final=0 depth=0.0045 overlapFrames=0 angular=0.410 contactMeanMs=0.934 p95Ms=1.059
ROCK practice-BoulderLow-12-1.2: contacts=313 repeat=72 final=0 depth=0.0049 overlapFrames=0 angular=0.243 contactMeanMs=0.917 p95Ms=1.024
ROCK practice-BoulderLow-12-2.4: contacts=286 repeat=70 final=0 depth=0.0114 overlapFrames=0 angular=0.172 contactMeanMs=0.907 p95Ms=1.004
ROCK practice-BoulderLow-35-0.0: contacts=325 repeat=74 final=0 depth=0.0050 overlapFrames=0 angular=1.102 contactMeanMs=0.900 p95Ms=1.068
ROCK practice-BoulderLow-35-1.2: contacts=337 repeat=75 final=0 depth=0.0137 overlapFrames=0 angular=0.705 contactMeanMs=0.909 p95Ms=1.003
ROCK practice-BoulderLow-35-2.4: contacts=319 repeat=74 final=0 depth=0.0585 overlapFrames=2 angular=0.946 contactMeanMs=0.909 p95Ms=0.997
Rock collision checks: failures=0
