Godot Engine v4.7.2.stable.mono.official.ed1daf0bf - https://godotengine.org

Eight native peers assigned and initialized.
E and D-pad Right switch all eight players; immediate use selects Wrench in slot two.
All eight use Wrench at full HP, including repeated requests.
Every full-health use consumed once and replicated; preparing damaged Wrench use.
All eight damaged players use Wrench.
Damaged Wrench outcomes match on all eight peers.
Remote client requested missile scenario 0; host owns creation.
Remote client requested missile scenario 1; host owns creation.
Remote client requested missile scenario 2; host owns creation.
Remote client requested missile scenario 3; host owns creation.
Item integration passed: Eight native peers assigned and initialized.
E and D-pad Right switch all eight players; immediate use selects Wrench in slot two.
All eight use Wrench at full HP, including repeated requests.
Every full-health use consumed once and replicated; preparing damaged Wrench use.
All eight damaged players use Wrench.
Damaged Wrench outcomes match on all eight peers.
Remote client requested missile scenario 0; host owns creation.
Scenario 0: one remote launch/impact on every peer at <-40, 0.8888972, -2.6469328>; host-only damage/impulse.
Remote client requested missile scenario 1; host owns creation.
Scenario 1: one remote launch/impact on every peer at <8, 0.8901273, -5.400002>; host-only damage/impulse.
Remote client requested missile scenario 2; host owns creation.
Scenario 2: one remote launch/impact on every peer at <-17, 0.8901273, 2>; host-only damage/impulse.
Remote client requested missile scenario 3; host owns creation.
Scenario 3: one remote launch/impact on every peer at <-45, 0.8901273, -50>; host-only damage/impulse.
Vehicles, movable prop, static container and arena boundary all stop missiles. VFX consume replicated events only.
Item verification artifacts: C:\Users\orsin\OneDrive\Desktop\ThanTrick\Trackstorm\.godot\item-checks\a04dca996cea4bc89d100e9f113df7ec
