Godot Engine v4.7.2.stable.mono.official.ed1daf0bf - https://godotengine.org

ROCK network-RockCluster-3-0.0: contacts=254 repeat=74 final=0 depth=0.0002 overlapFrames=0 angular=0.267 contactMeanMs=3.580 p95Ms=6.213
ROCK network-RockCluster-3-1.2: contacts=251 repeat=69 final=0 depth=0.0002 overlapFrames=0 angular=0.255 contactMeanMs=3.354 p95Ms=3.649
ROCK network-RockCluster-3-2.4: contacts=248 repeat=71 final=0 depth=0.0002 overlapFrames=0 angular=0.294 contactMeanMs=3.295 p95Ms=3.622
ROCK network-RockCluster-12-0.0: contacts=284 repeat=73 final=0 depth=0.0002 overlapFrames=0 angular=0.165 contactMeanMs=3.551 p95Ms=6.056
ROCK network-RockCluster-12-1.2: contacts=274 repeat=69 final=0 depth=0.0002 overlapFrames=0 angular=0.364 contactMeanMs=3.223 p95Ms=3.566
ROCK network-RockCluster-12-2.4: contacts=274 repeat=69 final=0 depth=0.0002 overlapFrames=0 angular=0.322 contactMeanMs=3.312 p95Ms=4.363
ROCK network-RockCluster-35-0.0: contacts=293 repeat=73 final=0 depth=0.0002 overlapFrames=0 angular=1.162 contactMeanMs=3.406 p95Ms=3.750
ROCK network-RockCluster-35-1.2: contacts=282 repeat=71 final=0 depth=0.0002 overlapFrames=0 angular=0.982 contactMeanMs=3.285 p95Ms=3.550
ROCK network-RockCluster-35-2.4: contacts=285 repeat=72 final=0 depth=0.0002 overlapFrames=0 angular=1.201 contactMeanMs=3.343 p95Ms=3.654
ROCK network-RockLedge-3-0.0: contacts=246 repeat=72 final=0 depth=0.0002 overlapFrames=0 angular=0.398 contactMeanMs=3.193 p95Ms=3.484
ROCK network-RockLedge-3-1.2: contacts=258 repeat=65 final=0 depth=0.0001 overlapFrames=0 angular=0.262 contactMeanMs=3.320 p95Ms=3.712
ROCK network-RockLedge-3-2.4: contacts=250 repeat=72 final=0 depth=0.0002 overlapFrames=0 angular=0.255 contactMeanMs=4.292 p95Ms=6.317
ROCK network-RockLedge-12-0.0: contacts=273 repeat=72 final=0 depth=0.0002 overlapFrames=0 angular=0.612 contactMeanMs=3.158 p95Ms=3.506
ROCK network-RockLedge-12-1.2: contacts=279 repeat=68 final=0 depth=0.0002 overlapFrames=0 angular=0.487 contactMeanMs=3.282 p95Ms=3.599
ROCK network-RockLedge-12-2.4: contacts=276 repeat=72 final=0 depth=0.0002 overlapFrames=0 angular=0.405 contactMeanMs=4.231 p95Ms=6.052
ROCK network-RockLedge-35-0.0: contacts=287 repeat=72 final=0 depth=0.0002 overlapFrames=0 angular=1.199 contactMeanMs=3.079 p95Ms=3.471
ROCK network-RockLedge-35-1.2: contacts=275 repeat=62 final=0 depth=0.0002 overlapFrames=0 angular=1.202 contactMeanMs=3.327 p95Ms=3.737
ROCK network-RockLedge-35-2.4: contacts=291 repeat=72 final=0 depth=0.0002 overlapFrames=0 angular=1.055 contactMeanMs=3.350 p95Ms=3.790
ROCK network-BoulderTall-3-0.0: contacts=246 repeat=72 final=0 depth=0.0001 overlapFrames=0 angular=0.208 contactMeanMs=3.300 p95Ms=3.646
ROCK network-BoulderTall-3-1.2: contacts=249 repeat=72 final=0 depth=0.0002 overlapFrames=0 angular=0.193 contactMeanMs=3.145 p95Ms=3.604
ROCK network-BoulderTall-3-2.4: contacts=242 repeat=71 final=0 depth=0.0002 overlapFrames=0 angular=0.327 contactMeanMs=3.321 p95Ms=3.606
ROCK network-BoulderTall-12-0.0: contacts=277 repeat=72 final=0 depth=0.0001 overlapFrames=0 angular=0.300 contactMeanMs=3.283 p95Ms=3.628
ROCK network-BoulderTall-12-1.2: contacts=273 repeat=72 final=0 depth=0.0002 overlapFrames=0 angular=0.517 contactMeanMs=3.268 p95Ms=3.645
ROCK network-BoulderTall-12-2.4: contacts=270 repeat=68 final=0 depth=0.0002 overlapFrames=0 angular=0.480 contactMeanMs=3.343 p95Ms=3.621
ROCK network-BoulderTall-35-0.0: contacts=287 repeat=72 final=0 depth=0.0002 overlapFrames=0 angular=0.721 contactMeanMs=3.265 p95Ms=3.621
ROCK network-BoulderTall-35-1.2: contacts=288 repeat=72 final=0 depth=0.0002 overlapFrames=0 angular=0.728 contactMeanMs=3.194 p95Ms=3.627
ROCK network-BoulderTall-35-2.4: contacts=281 repeat=71 final=0 depth=0.0002 overlapFrames=0 angular=1.205 contactMeanMs=3.268 p95Ms=3.612
ROCK network-RockSlab-3-0.0: contacts=244 repeat=72 final=0 depth=0.0001 overlapFrames=0 angular=0.236 contactMeanMs=3.264 p95Ms=3.603
ROCK network-RockSlab-3-1.2: contacts=249 repeat=72 final=0 depth=0.0002 overlapFrames=0 angular=0.288 contactMeanMs=3.254 p95Ms=3.600
ROCK network-RockSlab-3-2.4: contacts=238 repeat=68 final=0 depth=0.0002 overlapFrames=0 angular=0.309 contactMeanMs=3.207 p95Ms=3.562
ROCK network-RockSlab-12-0.0: contacts=274 repeat=72 final=0 depth=0.0002 overlapFrames=0 angular=0.397 contactMeanMs=3.278 p95Ms=3.524
ROCK network-RockSlab-12-1.2: contacts=277 repeat=72 final=0 depth=0.0002 overlapFrames=0 angular=0.410 contactMeanMs=3.340 p95Ms=3.742
ROCK network-RockSlab-12-2.4: contacts=268 repeat=70 final=0 depth=0.0002 overlapFrames=0 angular=0.450 contactMeanMs=3.357 p95Ms=3.815
ROCK network-RockSlab-35-0.0: contacts=285 repeat=72 final=0 depth=0.0002 overlapFrames=0 angular=1.108 contactMeanMs=3.247 p95Ms=3.510
ROCK network-RockSlab-35-1.2: contacts=292 repeat=72 final=0 depth=0.0002 overlapFrames=0 angular=1.082 contactMeanMs=3.203 p95Ms=3.495
ROCK network-RockSlab-35-2.4: contacts=282 repeat=72 final=0 depth=0.0002 overlapFrames=0 angular=1.176 contactMeanMs=3.218 p95Ms=3.592
ROCK network-BoulderLow-3-0.0: contacts=247 repeat=75 final=0 depth=0.0002 overlapFrames=0 angular=0.455 contactMeanMs=3.319 p95Ms=3.640
ROCK network-BoulderLow-3-1.2: contacts=259 repeat=76 final=0 depth=0.0004 overlapFrames=0 angular=0.167 contactMeanMs=3.275 p95Ms=3.604
ROCK network-BoulderLow-3-2.4: contacts=242 repeat=72 final=0 depth=0.0002 overlapFrames=0 angular=0.231 contactMeanMs=3.278 p95Ms=3.689
ROCK network-BoulderLow-12-0.0: contacts=285 repeat=76 final=0 depth=0.0002 overlapFrames=0 angular=0.224 contactMeanMs=3.289 p95Ms=3.662
ROCK network-BoulderLow-12-1.2: contacts=290 repeat=76 final=0 depth=0.0004 overlapFrames=0 angular=0.423 contactMeanMs=3.198 p95Ms=3.514
ROCK network-BoulderLow-12-2.4: contacts=276 repeat=72 final=0 depth=0.0002 overlapFrames=0 angular=0.253 contactMeanMs=3.248 p95Ms=3.595
ROCK network-BoulderLow-35-0.0: contacts=300 repeat=75 final=0 depth=0.0002 overlapFrames=0 angular=1.151 contactMeanMs=3.317 p95Ms=3.613
ROCK network-BoulderLow-35-1.2: contacts=306 repeat=76 final=0 depth=0.0004 overlapFrames=0 angular=0.286 contactMeanMs=3.143 p95Ms=3.458
ROCK network-BoulderLow-35-2.4: contacts=283 repeat=72 final=0 depth=0.0002 overlapFrames=0 angular=0.779 contactMeanMs=3.283 p95Ms=3.608
ROCK practice-RockCluster-3-0.0: contacts=291 repeat=77 final=0 depth=0.0056 overlapFrames=0 angular=0.278 contactMeanMs=0.265 p95Ms=0.262
ROCK practice-RockCluster-3-1.2: contacts=264 repeat=70 final=0 depth=0.0046 overlapFrames=0 angular=0.225 contactMeanMs=0.267 p95Ms=0.258
ROCK practice-RockCluster-3-2.4: contacts=259 repeat=71 final=0 depth=0.0058 overlapFrames=0 angular=0.273 contactMeanMs=0.321 p95Ms=0.249
ROCK practice-RockCluster-12-0.0: contacts=334 repeat=81 final=0 depth=0.0130 overlapFrames=0 angular=0.503 contactMeanMs=0.243 p95Ms=0.232
ROCK practice-RockCluster-12-1.2: contacts=291 repeat=70 final=0 depth=0.0048 overlapFrames=0 angular=0.387 contactMeanMs=0.197 p95Ms=0.241
ROCK practice-RockCluster-12-2.4: contacts=287 repeat=70 final=0 depth=0.0233 overlapFrames=1 angular=0.723 contactMeanMs=0.254 p95Ms=0.245
ROCK practice-RockCluster-35-0.0: contacts=323 repeat=72 final=0 depth=0.0066 overlapFrames=0 angular=1.152 contactMeanMs=0.252 p95Ms=0.238
ROCK practice-RockCluster-35-1.2: contacts=298 repeat=70 final=0 depth=0.0098 overlapFrames=0 angular=1.197 contactMeanMs=0.275 p95Ms=0.272
ROCK practice-RockCluster-35-2.4: contacts=295 repeat=70 final=0 depth=0.0375 overlapFrames=1 angular=1.751 contactMeanMs=0.263 p95Ms=0.256
ROCK practice-RockLedge-3-0.0: contacts=261 repeat=70 final=0 depth=0.0087 overlapFrames=0 angular=0.398 contactMeanMs=0.340 p95Ms=0.262
ROCK practice-RockLedge-3-1.2: contacts=277 repeat=70 final=0 depth=0.0076 overlapFrames=0 angular=0.209 contactMeanMs=0.253 p95Ms=0.243
ROCK practice-RockLedge-3-2.4: contacts=267 repeat=70 final=0 depth=0.0063 overlapFrames=0 angular=0.262 contactMeanMs=0.233 p95Ms=0.270
ROCK practice-RockLedge-12-0.0: contacts=292 repeat=70 final=0 depth=0.0266 overlapFrames=1 angular=0.630 contactMeanMs=0.190 p95Ms=0.227
ROCK practice-RockLedge-12-1.2: contacts=301 repeat=70 final=0 depth=0.0072 overlapFrames=0 angular=0.345 contactMeanMs=0.185 p95Ms=0.222
ROCK practice-RockLedge-12-2.4: contacts=294 repeat=70 final=0 depth=0.0155 overlapFrames=0 angular=0.419 contactMeanMs=0.298 p95Ms=0.288
ROCK practice-RockLedge-35-0.0: contacts=311 repeat=71 final=0 depth=0.0441 overlapFrames=2 angular=1.199 contactMeanMs=0.252 p95Ms=0.246
ROCK practice-RockLedge-35-1.2: contacts=305 repeat=70 final=0 depth=0.0616 overlapFrames=2 angular=1.109 contactMeanMs=0.255 p95Ms=0.231
ROCK practice-RockLedge-35-2.4: contacts=306 repeat=70 final=0 depth=0.0566 overlapFrames=1 angular=1.205 contactMeanMs=0.288 p95Ms=0.256
ROCK practice-BoulderTall-3-0.0: contacts=257 repeat=70 final=0 depth=0.0202 overlapFrames=1 angular=0.261 contactMeanMs=0.267 p95Ms=0.246
ROCK practice-BoulderTall-3-1.2: contacts=260 repeat=70 final=0 depth=0.0159 overlapFrames=0 angular=0.179 contactMeanMs=0.235 p95Ms=0.283
ROCK practice-BoulderTall-3-2.4: contacts=259 repeat=70 final=0 depth=0.0151 overlapFrames=0 angular=0.341 contactMeanMs=0.329 p95Ms=0.304
ROCK practice-BoulderTall-12-0.0: contacts=289 repeat=70 final=0 depth=0.0187 overlapFrames=0 angular=0.370 contactMeanMs=0.331 p95Ms=0.286
ROCK practice-BoulderTall-12-1.2: contacts=290 repeat=70 final=0 depth=0.0246 overlapFrames=1 angular=0.304 contactMeanMs=0.260 p95Ms=0.257
ROCK practice-BoulderTall-12-2.4: contacts=291 repeat=70 final=0 depth=0.0249 overlapFrames=1 angular=0.496 contactMeanMs=0.263 p95Ms=0.247
ROCK practice-BoulderTall-35-0.0: contacts=304 repeat=70 final=0 depth=0.0512 overlapFrames=1 angular=1.057 contactMeanMs=0.253 p95Ms=0.227
ROCK practice-BoulderTall-35-1.2: contacts=303 repeat=70 final=0 depth=0.0674 overlapFrames=1 angular=0.978 contactMeanMs=0.189 p95Ms=0.214
ROCK practice-BoulderTall-35-2.4: contacts=306 repeat=70 final=0 depth=0.0108 overlapFrames=0 angular=1.206 contactMeanMs=0.217 p95Ms=0.250
ROCK practice-RockSlab-3-0.0: contacts=253 repeat=70 final=0 depth=0.0048 overlapFrames=0 angular=0.244 contactMeanMs=0.255 p95Ms=0.241
ROCK practice-RockSlab-3-1.2: contacts=257 repeat=70 final=0 depth=0.0029 overlapFrames=0 angular=0.295 contactMeanMs=0.275 p95Ms=0.256
ROCK practice-RockSlab-3-2.4: contacts=272 repeat=72 final=0 depth=0.0077 overlapFrames=0 angular=0.326 contactMeanMs=0.276 p95Ms=0.263
ROCK practice-RockSlab-12-0.0: contacts=285 repeat=70 final=0 depth=0.0085 overlapFrames=0 angular=0.399 contactMeanMs=0.250 p95Ms=0.242
ROCK practice-RockSlab-12-1.2: contacts=288 repeat=70 final=0 depth=0.0074 overlapFrames=0 angular=0.438 contactMeanMs=0.343 p95Ms=0.286
ROCK practice-RockSlab-12-2.4: contacts=303 repeat=73 final=0 depth=0.0264 overlapFrames=1 angular=0.485 contactMeanMs=0.295 p95Ms=0.293
ROCK practice-RockSlab-35-0.0: contacts=301 repeat=70 final=0 depth=0.0121 overlapFrames=0 angular=1.149 contactMeanMs=0.195 p95Ms=0.242
ROCK practice-RockSlab-35-1.2: contacts=302 repeat=70 final=0 depth=0.0097 overlapFrames=0 angular=1.176 contactMeanMs=0.230 p95Ms=0.278
ROCK practice-RockSlab-35-2.4: contacts=323 repeat=73 final=0 depth=0.0296 overlapFrames=1 angular=1.198 contactMeanMs=0.267 p95Ms=0.334
ROCK practice-BoulderLow-3-0.0: contacts=291 repeat=79 final=0 depth=0.0036 overlapFrames=0 angular=0.292 contactMeanMs=0.277 p95Ms=0.260
ROCK practice-BoulderLow-3-1.2: contacts=301 repeat=79 final=0 depth=0.0029 overlapFrames=0 angular=0.305 contactMeanMs=0.238 p95Ms=0.229
ROCK practice-BoulderLow-3-2.4: contacts=270 repeat=73 final=0 depth=0.0126 overlapFrames=0 angular=0.254 contactMeanMs=0.250 p95Ms=0.237
ROCK practice-BoulderLow-12-0.0: contacts=326 repeat=80 final=0 depth=0.0051 overlapFrames=0 angular=0.312 contactMeanMs=0.282 p95Ms=0.288
ROCK practice-BoulderLow-12-1.2: contacts=337 repeat=80 final=0 depth=0.0049 overlapFrames=0 angular=0.413 contactMeanMs=0.216 p95Ms=0.264
ROCK practice-BoulderLow-12-2.4: contacts=302 repeat=73 final=0 depth=0.0068 overlapFrames=0 angular=0.476 contactMeanMs=0.303 p95Ms=0.237
ROCK practice-BoulderLow-35-0.0: contacts=352 repeat=82 final=0 depth=0.0050 overlapFrames=0 angular=1.198 contactMeanMs=0.316 p95Ms=0.262
ROCK practice-BoulderLow-35-1.2: contacts=360 repeat=84 final=0 depth=0.0137 overlapFrames=0 angular=1.021 contactMeanMs=0.189 p95Ms=0.232
ROCK practice-BoulderLow-35-2.4: contacts=346 repeat=81 final=0 depth=0.0585 overlapFrames=2 angular=0.934 contactMeanMs=0.194 p95Ms=0.231
Rock collision checks: failures=0
