Godot Engine v4.7.2.stable.mono.official.ed1daf0bf - https://godotengine.org

QUERY corpus: original=63.364ms bounded=17.375ms ratio=0.274
SCRAPE network-fall-3-0.00--1-0: contacts=291 falling=39 mean=0.956 p99=6.526 max=23.329 p95=1.518 step=0.161
SCRAPE network-fall-3-0.00-1-0: contacts=287 falling=36 mean=1.355 p99=3.860 max=7.247 p95=2.457 step=0.161
SCRAPE network-fall-3-0.45--1-0: contacts=282 falling=37 mean=1.177 p99=2.847 max=20.783 p95=2.013 step=0.161
SCRAPE network-fall-3-0.45-1-0: contacts=285 falling=35 mean=1.496 p99=6.254 max=22.567 p95=3.714 step=0.163
SCRAPE network-fall-3-1.20--1-0: contacts=259 falling=25 mean=1.756 p99=4.112 max=6.285 p95=3.127 step=0.159
SCRAPE network-fall-3-1.20-1-0: contacts=270 falling=31 mean=1.856 p99=6.440 max=17.727 p95=3.977 step=0.186
SCRAPE network-fall-12-0.00--1-0: contacts=294 falling=44 mean=1.083 p99=3.613 max=21.202 p95=1.826 step=0.215
SCRAPE network-fall-12-0.00-1-0: contacts=289 falling=43 mean=1.346 p99=5.918 max=20.039 p95=2.424 step=0.215
SCRAPE network-fall-12-0.45--1-0: contacts=217 falling=14 mean=1.113 p99=2.888 max=4.587 p95=2.370 step=0.215
SCRAPE network-fall-12-0.45-1-0: contacts=261 falling=38 mean=1.575 p99=4.805 max=17.130 p95=3.459 step=0.217
SCRAPE network-fall-12-1.20--1-0: contacts=108 falling=13 mean=1.264 p99=5.149 max=6.736 p95=2.628 step=0.218
SCRAPE network-fall-12-1.20-1-0: contacts=294 falling=50 mean=2.081 p99=8.784 max=17.565 p95=5.133 step=0.270
SCRAPE network-fall-25-0.00--1-0: contacts=300 falling=46 mean=0.958 p99=2.846 max=17.852 p95=1.781 step=0.427
SCRAPE network-fall-25-0.00-1-0: contacts=284 falling=42 mean=1.319 p99=4.212 max=17.057 p95=2.491 step=0.427
SCRAPE network-fall-25-0.45--1-0: contacts=188 falling=8 mean=1.647 p99=3.060 max=19.405 p95=2.588 step=0.427
SCRAPE network-fall-25-0.45-1-0: contacts=223 falling=3 mean=1.069 p99=2.558 max=18.085 p95=1.428 step=0.428
SCRAPE network-fall-25-1.20--1-0: contacts=57 falling=36 mean=2.688 p99=8.631 max=11.778 p95=4.926 step=0.428
SCRAPE network-fall-25-1.20-1-0: contacts=205 falling=23 mean=1.948 p99=5.931 max=8.237 p95=4.713 step=0.456
SCRAPE network-fall-3-0.00--1-1: contacts=291 falling=39 mean=0.781 p99=2.423 max=18.641 p95=1.159 step=0.161
SCRAPE network-fall-3-0.00-1-1: contacts=287 falling=36 mean=1.556 p99=6.697 max=18.995 p95=3.611 step=0.161
SCRAPE network-fall-3-0.45--1-1: contacts=282 falling=37 mean=1.101 p99=3.663 max=17.280 p95=1.836 step=0.161
SCRAPE network-fall-3-0.45-1-1: contacts=285 falling=35 mean=1.409 p99=5.963 max=19.791 p95=3.923 step=0.163
SCRAPE network-fall-3-1.20--1-1: contacts=259 falling=25 mean=1.562 p99=3.213 max=22.476 p95=2.375 step=0.159
SCRAPE network-fall-3-1.20-1-1: contacts=269 falling=31 mean=1.802 p99=4.821 max=19.676 p95=3.773 step=0.185
SCRAPE network-fall-12-0.00--1-1: contacts=294 falling=44 mean=0.924 p99=2.872 max=19.651 p95=1.361 step=0.215
SCRAPE network-fall-12-0.00-1-1: contacts=289 falling=43 mean=1.263 p99=5.453 max=18.236 p95=2.447 step=0.215
SCRAPE network-fall-12-0.45--1-1: contacts=217 falling=14 mean=0.999 p99=2.683 max=4.391 p95=2.144 step=0.215
SCRAPE network-fall-12-0.45-1-1: contacts=261 falling=38 mean=1.694 p99=4.587 max=19.178 p95=3.727 step=0.217
SCRAPE network-fall-12-1.20--1-1: contacts=108 falling=13 mean=1.255 p99=5.483 max=5.647 p95=2.614 step=0.218
SCRAPE network-fall-12-1.20-1-1: contacts=307 falling=29 mean=2.057 p99=6.503 max=21.277 p95=4.363 step=0.268
SCRAPE network-fall-25-0.00--1-1: contacts=300 falling=46 mean=0.908 p99=2.704 max=20.855 p95=1.782 step=0.427
SCRAPE network-fall-25-0.00-1-1: contacts=284 falling=42 mean=1.341 p99=5.136 max=17.540 p95=2.443 step=0.427
SCRAPE network-fall-25-0.45--1-1: contacts=188 falling=8 mean=1.629 p99=3.723 max=18.343 p95=2.631 step=0.427
SCRAPE network-fall-25-0.45-1-1: contacts=223 falling=3 mean=1.177 p99=4.284 max=18.087 p95=1.629 step=0.428
SCRAPE network-fall-25-1.20--1-1: contacts=68 falling=39 mean=2.679 p99=6.314 max=9.611 p95=4.582 step=0.428
SCRAPE network-fall-25-1.20-1-1: contacts=275 falling=22 mean=1.716 p99=5.354 max=8.211 p95=3.680 step=0.453
SCRAPE practice-fall-3-0.00--1-0: contacts=293 falling=27 mean=0.439 p99=0.869 max=18.470 p95=0.472 step=0.161
SCRAPE practice-fall-3-0.00-1-0: contacts=290 falling=27 mean=0.388 p99=1.474 max=17.229 p95=0.655 step=0.162
SCRAPE practice-fall-3-0.45--1-0: contacts=293 falling=30 mean=0.395 p99=0.757 max=31.880 p95=0.600 step=0.161
SCRAPE practice-fall-3-0.45-1-0: contacts=285 falling=56 mean=0.353 p99=0.683 max=15.568 p95=0.438 step=0.162
SCRAPE practice-fall-3-1.20--1-0: contacts=151 falling=25 mean=0.373 p99=0.513 max=15.687 p95=0.371 step=0.162
SCRAPE practice-fall-3-1.20-1-0: contacts=274 falling=36 mean=0.260 p99=0.581 max=2.225 p95=0.409 step=0.163
SCRAPE practice-fall-12-0.00--1-0: contacts=299 falling=49 mean=0.399 p99=0.738 max=17.615 p95=0.437 step=0.217
SCRAPE practice-fall-12-0.00-1-0: contacts=297 falling=47 mean=0.324 p99=0.784 max=1.592 p95=0.483 step=0.217
SCRAPE practice-fall-12-0.45--1-0: contacts=214 falling=7 mean=0.389 p99=0.617 max=21.787 p95=0.475 step=0.217
SCRAPE practice-fall-12-0.45-1-0: contacts=279 falling=104 mean=0.292 p99=0.574 max=14.402 p95=0.395 step=0.219
SCRAPE practice-fall-12-1.20--1-0: contacts=162 falling=44 mean=0.360 p99=0.563 max=15.659 p95=0.418 step=0.220
SCRAPE practice-fall-12-1.20-1-0: contacts=286 falling=61 mean=0.326 p99=0.837 max=17.771 p95=0.339 step=0.235
SCRAPE practice-fall-25-0.00--1-0: contacts=298 falling=70 mean=0.266 p99=0.557 max=0.724 p95=0.390 step=0.428
SCRAPE practice-fall-25-0.00-1-0: contacts=299 falling=51 mean=0.328 p99=0.615 max=16.466 p95=0.400 step=0.428
SCRAPE practice-fall-25-0.45--1-0: contacts=264 falling=34 mean=0.241 p99=0.470 max=0.558 p95=0.353 step=0.428
SCRAPE practice-fall-25-0.45-1-0: contacts=39 falling=3 mean=0.254 p99=0.404 max=0.761 p95=0.369 step=0.429
SCRAPE practice-fall-25-1.20--1-0: contacts=144 falling=38 mean=0.244 p99=0.471 max=0.489 p95=0.361 step=0.428
SCRAPE practice-fall-25-1.20-1-0: contacts=10 falling=7 mean=0.226 p99=0.300 max=0.589 p95=0.300 step=0.422
SCRAPE practice-fall-3-0.00--1-1: contacts=293 falling=27 mean=0.345 p99=0.548 max=17.149 p95=0.422 step=0.161
SCRAPE practice-fall-3-0.00-1-1: contacts=290 falling=27 mean=0.303 p99=0.471 max=15.339 p95=0.364 step=0.162
SCRAPE practice-fall-3-0.45--1-1: contacts=293 falling=30 mean=0.284 p99=0.534 max=15.299 p95=0.362 step=0.161
SCRAPE practice-fall-3-0.45-1-1: contacts=285 falling=56 mean=0.342 p99=0.656 max=15.652 p95=0.423 step=0.162
SCRAPE practice-fall-3-1.20--1-1: contacts=144 falling=26 mean=0.392 p99=0.527 max=18.600 p95=0.401 step=0.162
SCRAPE practice-fall-3-1.20-1-1: contacts=280 falling=45 mean=0.402 p99=0.600 max=16.691 p95=0.396 step=0.163
SCRAPE practice-fall-12-0.00--1-1: contacts=299 falling=49 mean=0.343 p99=0.541 max=16.943 p95=0.403 step=0.217
SCRAPE practice-fall-12-0.00-1-1: contacts=297 falling=47 mean=0.280 p99=0.472 max=0.699 p95=0.376 step=0.217
SCRAPE practice-fall-12-0.45--1-1: contacts=214 falling=7 mean=0.350 p99=0.702 max=17.218 p95=0.363 step=0.217
SCRAPE practice-fall-12-0.45-1-1: contacts=279 falling=104 mean=0.286 p99=0.505 max=15.767 p95=0.330 step=0.219
SCRAPE practice-fall-12-1.20--1-1: contacts=139 falling=39 mean=0.348 p99=0.424 max=15.718 p95=0.333 step=0.220
SCRAPE practice-fall-12-1.20-1-1: contacts=285 falling=71 mean=0.310 p99=0.564 max=17.118 p95=0.385 step=0.235
SCRAPE practice-fall-25-0.00--1-1: contacts=298 falling=70 mean=0.286 p99=0.466 max=17.663 p95=0.333 step=0.428
SCRAPE practice-fall-25-0.00-1-1: contacts=299 falling=51 mean=0.351 p99=0.796 max=14.971 p95=0.414 step=0.428
SCRAPE practice-fall-25-0.45--1-1: contacts=264 falling=34 mean=0.300 p99=0.538 max=16.388 p95=0.347 step=0.428
SCRAPE practice-fall-25-0.45-1-1: contacts=37 falling=3 mean=0.233 p99=0.477 max=0.480 p95=0.423 step=0.429
SCRAPE practice-fall-25-1.20--1-1: contacts=147 falling=47 mean=0.357 p99=0.546 max=16.119 p95=0.397 step=0.428
SCRAPE practice-fall-25-1.20-1-1: contacts=10 falling=7 mean=0.196 p99=0.240 max=0.459 p95=0.240 step=0.422
Tunnel scrape checks: failures=0
