Godot Engine v4.7.2.stable.mono.official.ed1daf0bf - https://godotengine.org

Repeated vehicle contact: frames=513, travelError=0.004115, speedChange=0.076719
Repeated vehicle contact checks passed.
Godot Engine v4.7.2.stable.mono.official.ed1daf0bf - https://godotengine.org

ROCK network-RockCluster-3-0.0: contacts=118 repeat=0 final=0 depth=0.0000 overlapFrames=0 angular=0.057 contactMeanMs=3.288 p95Ms=3.649
ROCK network-RockLedge-3-0.0: contacts=135 repeat=0 final=0 depth=0.0002 overlapFrames=0 angular=0.057 contactMeanMs=3.342 p95Ms=3.901
ROCK network-BoulderTall-3-0.0: contacts=110 repeat=0 final=0 depth=0.0002 overlapFrames=0 angular=0.057 contactMeanMs=3.492 p95Ms=3.728
ROCK network-RockSlab-3-0.0: contacts=99 repeat=0 final=0 depth=0.0001 overlapFrames=0 angular=0.057 contactMeanMs=3.406 p95Ms=3.648
ROCK network-BoulderLow-3-0.0: contacts=73 repeat=0 final=0 depth=0.0000 overlapFrames=0 angular=0.088 contactMeanMs=3.325 p95Ms=3.748
ROCK practice-RockCluster-3-0.0: contacts=121 repeat=0 final=0 depth=0.0024 overlapFrames=0 angular=0.057 contactMeanMs=0.231 p95Ms=0.271
ROCK practice-RockLedge-3-0.0: contacts=132 repeat=0 final=0 depth=0.0003 overlapFrames=0 angular=0.057 contactMeanMs=0.256 p95Ms=0.299
ROCK practice-BoulderTall-3-0.0: contacts=113 repeat=0 final=0 depth=0.0021 overlapFrames=0 angular=0.057 contactMeanMs=0.226 p95Ms=0.248
ROCK practice-RockSlab-3-0.0: contacts=102 repeat=0 final=0 depth=0.0035 overlapFrames=0 angular=0.057 contactMeanMs=0.273 p95Ms=0.311
ROCK practice-BoulderLow-3-0.0: contacts=77 repeat=0 final=0 depth=0.0004 overlapFrames=0 angular=0.089 contactMeanMs=0.252 p95Ms=0.289
Rock collision checks: failures=0
Godot Engine v4.7.2.stable.mono.official.ed1daf0bf - https://godotengine.org

ROCK network-RockCluster-3-0.0: contacts=109 repeat=0 final=0 depth=0.0002 overlapFrames=0 angular=3.729 contactMeanMs=6.175 p95Ms=10.311
ROCK network-RockLedge-3-0.0: contacts=207 repeat=0 final=30 depth=0.0001 overlapFrames=0 angular=3.329 contactMeanMs=3.268 p95Ms=3.573
ROCK network-BoulderTall-3-0.0: contacts=258 repeat=17 final=30 depth=0.0001 overlapFrames=0 angular=3.077 contactMeanMs=3.428 p95Ms=3.729
ROCK network-RockSlab-3-0.0: contacts=2 repeat=0 final=0 depth=0.0000 overlapFrames=0 angular=1.524 contactMeanMs=3.189 p95Ms=3.179
ROCK network-BoulderLow-3-0.0: contacts=57 repeat=0 final=0 depth=0.0001 overlapFrames=0 angular=1.968 contactMeanMs=3.872 p95Ms=3.799
ROCK practice-RockCluster-3-0.0: contacts=123 repeat=0 final=0 depth=0.0238 overlapFrames=1 angular=3.837 contactMeanMs=0.202 p95Ms=0.275
ROCK practice-RockLedge-3-0.0: contacts=125 repeat=77 final=0 depth=0.0046 overlapFrames=0 angular=3.358 contactMeanMs=0.353 p95Ms=0.267
ROCK practice-BoulderTall-3-0.0: contacts=224 repeat=26 final=30 depth=0.0140 overlapFrames=0 angular=2.627 contactMeanMs=0.269 p95Ms=0.253
ROCK practice-RockSlab-3-0.0: contacts=2 repeat=0 final=0 depth=0.0002 overlapFrames=0 angular=1.467 contactMeanMs=0.199 p95Ms=0.198
ROCK practice-BoulderLow-3-0.0: contacts=426 repeat=128 final=0 depth=0.0301 overlapFrames=1 angular=2.082 contactMeanMs=0.228 p95Ms=0.245
Rock collision checks: failures=0
Godot Engine v4.7.2.stable.mono.official.ed1daf0bf - https://godotengine.org

ROCK network-RockCluster-3-0.0: contacts=150 repeat=0 final=0 depth=0.0000 overlapFrames=0 angular=0.057 contactMeanMs=3.650 p95Ms=4.341
ROCK network-RockLedge-3-0.0: contacts=196 repeat=0 final=0 depth=0.0020 overlapFrames=0 angular=0.057 contactMeanMs=3.436 p95Ms=3.774
ROCK network-BoulderTall-3-0.0: contacts=134 repeat=0 final=0 depth=0.0002 overlapFrames=0 angular=0.057 contactMeanMs=4.317 p95Ms=6.394
ROCK network-RockSlab-3-0.0: contacts=118 repeat=0 final=0 depth=0.0000 overlapFrames=0 angular=0.057 contactMeanMs=3.672 p95Ms=3.889
ROCK network-BoulderLow-3-0.0: contacts=85 repeat=0 final=0 depth=0.0001 overlapFrames=0 angular=0.077 contactMeanMs=3.279 p95Ms=3.655
ROCK practice-RockCluster-3-0.0: contacts=151 repeat=0 final=0 depth=0.0005 overlapFrames=0 angular=0.057 contactMeanMs=0.208 p95Ms=0.262
ROCK practice-RockLedge-3-0.0: contacts=200 repeat=0 final=0 depth=0.0054 overlapFrames=0 angular=0.057 contactMeanMs=0.199 p95Ms=0.241
ROCK practice-BoulderTall-3-0.0: contacts=137 repeat=0 final=0 depth=0.0015 overlapFrames=0 angular=0.057 contactMeanMs=0.341 p95Ms=0.261
ROCK practice-RockSlab-3-0.0: contacts=121 repeat=0 final=0 depth=0.0019 overlapFrames=0 angular=0.057 contactMeanMs=0.229 p95Ms=0.267
ROCK practice-BoulderLow-3-0.0: contacts=91 repeat=0 final=0 depth=0.0006 overlapFrames=0 angular=0.080 contactMeanMs=0.241 p95Ms=0.277
Rock collision checks: failures=0
Godot Engine v4.7.2.stable.mono.official.ed1daf0bf - https://godotengine.org

ROCK network-RockCluster-3-0.0: contacts=196 repeat=0 final=0 depth=0.0000 overlapFrames=0 angular=0.057 contactMeanMs=3.412 p95Ms=3.724
ROCK network-RockLedge-3-0.0: contacts=196 repeat=0 final=0 depth=0.0001 overlapFrames=0 angular=0.057 contactMeanMs=3.111 p95Ms=3.468
ROCK network-BoulderTall-3-0.0: contacts=196 repeat=0 final=0 depth=0.0005 overlapFrames=0 angular=0.057 contactMeanMs=3.269 p95Ms=3.657
ROCK network-RockSlab-3-0.0: contacts=196 repeat=0 final=0 depth=0.0002 overlapFrames=0 angular=0.057 contactMeanMs=3.174 p95Ms=3.511
ROCK network-BoulderLow-3-0.0: contacts=196 repeat=0 final=0 depth=0.0000 overlapFrames=0 angular=0.057 contactMeanMs=3.249 p95Ms=3.619
ROCK practice-RockCluster-3-0.0: contacts=200 repeat=0 final=0 depth=0.0015 overlapFrames=0 angular=0.057 contactMeanMs=0.322 p95Ms=0.267
ROCK practice-RockLedge-3-0.0: contacts=200 repeat=0 final=0 depth=0.0019 overlapFrames=0 angular=0.057 contactMeanMs=0.238 p95Ms=0.294
ROCK practice-BoulderTall-3-0.0: contacts=200 repeat=0 final=0 depth=0.0025 overlapFrames=0 angular=0.057 contactMeanMs=0.251 p95Ms=0.293
ROCK practice-RockSlab-3-0.0: contacts=200 repeat=0 final=0 depth=0.0022 overlapFrames=0 angular=0.057 contactMeanMs=0.200 p95Ms=0.228
ROCK practice-BoulderLow-3-0.0: contacts=204 repeat=0 final=0 depth=0.0004 overlapFrames=0 angular=0.057 contactMeanMs=0.247 p95Ms=0.297
Rock collision checks: failures=0
