Godot Engine v4.7.2.stable.mono.official.ed1daf0bf - https://godotengine.org

NETWORK_CONNECTION {"RemotePeerId":1,"State":1,"Reason":0,"Detail":""}
NETWORK_CONNECTION {"RemotePeerId":2,"State":1,"Reason":0,"Detail":""}
NETWORK_CONNECTION {"RemotePeerId":3,"State":1,"Reason":0,"Detail":""}
NETWORK_CONNECTION {"RemotePeerId":1,"State":2,"Reason":0,"Detail":""}
NETWORK_CONNECTION {"RemotePeerId":2,"State":2,"Reason":0,"Detail":""}
NETWORK_CONNECTION {"RemotePeerId":3,"State":2,"Reason":0,"Detail":""}
NETWORK_CONNECTION {"RemotePeerId":1,"State":0,"Reason":2,"Detail":"Transport stopped"}
NETWORK_CONNECTION {"RemotePeerId":2,"State":0,"Reason":2,"Detail":"Transport stopped"}
NETWORK_CONNECTION {"RemotePeerId":3,"State":0,"Reason":2,"Detail":"Transport stopped"}
Network vehicle metrics: host=True, entry=False, maximum=0, startup=0, steady=0, snaps=0; full report: C:\Users\orsin\OneDrive\Desktop\ThanTrick\Trackstorm\.godot\network-vehicle-checks\a6d604c5c5b64b5db7a9d32784f029cf\player-0.json
Live camera playtest passed: mouse orbit/smooth return, two-axis controller orbit/noisy-neutral return, displayed vehicle pose.
Network vehicle integration passed.
REPLICATION_TRAFFIC {"seconds":33.640018,"note":"Native-send application payloads including connection/chunk envelopes; excludes UDP/GNS overhead/retransmissions. Full harness lifecycle, not a steady-state window.","sent":[{"peer":1,"protocol":"TC","delivery":"Reliable","bytes":1813,"messages":1,"peak":1813},{"peer":1,"protocol":"TD","delivery":"Unreliable","bytes":789487,"messages":115,"peak":7165},{"peer":1,"protocol":"TI","delivery":"Reliable","bytes":2156,"messages":1,"peak":2156},{"peer":1,"protocol":"TM","delivery":"Reliable","bytes":2121,"messages":7,"peak":303},{"peer":1,"protocol":"TS","delivery":"Reliable","bytes":953,"messages":2,"peak":933},{"peer":1,"protocol":"TS","delivery":"Unreliable","bytes":510647,"messages":455,"peak":1177},{"peer":2,"protocol":"TC","delivery":"Reliable","bytes":3626,"messages":2,"peak":1813},{"peer":2,"protocol":"TD","delivery":"Unreliable","bytes":795860,"messages":116,"peak":7165},{"peer":2,"protocol":"TI","delivery":"Reliable","bytes":4269,"messages":2,"peak":2156},{"peer":2,"protocol":"TM","delivery":"Reliable","bytes":2424,"messages":8,"peak":303},{"peer":2,"protocol":"TS","delivery":"Reliable","bytes":1843,"messages":3,"peak":933},{"peer":2,"protocol":"TS","delivery":"Unreliable","bytes":518657,"messages":464,"peak":1177},{"peer":3,"protocol":"TC","delivery":"Reliable","bytes":5439,"messages":3,"peak":1813},{"peer":3,"protocol":"TD","delivery":"Unreliable","bytes":795860,"messages":116,"peak":7165},{"peer":3,"protocol":"TI","delivery":"Reliable","bytes":6095,"messages":3,"peak":2156},{"peer":3,"protocol":"TM","delivery":"Reliable","bytes":2727,"messages":9,"peak":303},{"peer":3,"protocol":"TS","delivery":"Reliable","bytes":2446,"messages":4,"peak":933},{"peer":3,"protocol":"TS","delivery":"Unreliable","bytes":519260,"messages":465,"peak":1177}]}

Godot Engine v4.7.2.stable.mono.official.ed1daf0bf - https://godotengine.org

NETWORK_CONNECTION {"RemotePeerId":1,"State":1,"Reason":0,"Detail":""}
NETWORK_CONNECTION {"RemotePeerId":1,"State":2,"Reason":0,"Detail":""}
Network vehicle metrics: host=False, entry=False, maximum=0.12891352, startup=0.1289135217666626, steady=0.10282035917043686, snaps=0; full report: C:\Users\orsin\OneDrive\Desktop\ThanTrick\Trackstorm\.godot\network-vehicle-checks\a6d604c5c5b64b5db7a9d32784f029cf\player-1.json
Live camera playtest passed: mouse orbit/smooth return, two-axis controller orbit/noisy-neutral return, displayed vehicle pose.
Network vehicle integration passed.
REPLICATION_TRAFFIC {"seconds":26.1998618,"note":"Native-send application payloads including connection/chunk envelopes; excludes UDP/GNS overhead/retransmissions. Full harness lifecycle, not a steady-state window.","sent":[{"peer":1,"protocol":"TS","delivery":"Unreliable","bytes":139159,"messages":961,"peak":145}]}

Godot Engine v4.7.2.stable.mono.official.ed1daf0bf - https://godotengine.org

NETWORK_CONNECTION {"RemotePeerId":1,"State":1,"Reason":0,"Detail":""}
NETWORK_CONNECTION {"RemotePeerId":1,"State":2,"Reason":0,"Detail":""}
Network vehicle metrics: host=False, entry=False, maximum=0.41276318, startup=0.11616241931915283, steady=0.41276317834854126, snaps=0; full report: C:\Users\orsin\OneDrive\Desktop\ThanTrick\Trackstorm\.godot\network-vehicle-checks\a6d604c5c5b64b5db7a9d32784f029cf\player-2.json
Live camera playtest passed: mouse orbit/smooth return, two-axis controller orbit/noisy-neutral return, displayed vehicle pose.
Network vehicle integration passed.
REPLICATION_TRAFFIC {"seconds":25.9878033,"note":"Native-send application payloads including connection/chunk envelopes; excludes UDP/GNS overhead/retransmissions. Full harness lifecycle, not a steady-state window.","sent":[{"peer":1,"protocol":"TS","delivery":"Unreliable","bytes":139066,"messages":961,"peak":145}]}

Godot Engine v4.7.2.stable.mono.official.ed1daf0bf - https://godotengine.org

NETWORK_CONNECTION {"RemotePeerId":1,"State":1,"Reason":0,"Detail":""}
NETWORK_CONNECTION {"RemotePeerId":1,"State":2,"Reason":0,"Detail":""}
Network vehicle metrics: host=False, entry=False, maximum=0.37076646, startup=0.37076646089553833, steady=0.04261994734406471, snaps=0; full report: C:\Users\orsin\OneDrive\Desktop\ThanTrick\Trackstorm\.godot\network-vehicle-checks\a6d604c5c5b64b5db7a9d32784f029cf\player-3.json
Live camera playtest passed: mouse orbit/smooth return, two-axis controller orbit/noisy-neutral return, displayed vehicle pose.
Network vehicle integration passed.
REPLICATION_TRAFFIC {"seconds":26.3122993,"note":"Native-send application payloads including connection/chunk envelopes; excludes UDP/GNS overhead/retransmissions. Full harness lifecycle, not a steady-state window.","sent":[{"peer":1,"protocol":"TS","delivery":"Unreliable","bytes":139159,"messages":961,"peak":145}]}

Network vehicle verification artifacts: C:\Users\orsin\OneDrive\Desktop\ThanTrick\Trackstorm\.godot\network-vehicle-checks\a6d604c5c5b64b5db7a9d32784f029cf
