Godot Engine v4.7.2.stable.mono.official.ed1daf0bf - https://godotengine.org

Three UDP peers initialized
Host tuning applied
AIM_AT requested=(2.4, 56.949726, 0) firstTargetDrift=(0, 6.1035156E-05, 0) requestedScreen=(642.85034, 402.20816)
ACQUISITION distance=6.000m FOV=50 fps=30 gain=0.25 offset=2.40m initialError=0.14879 acquired=1 angle=0.00000 sight=True hit=(-9.755342E-06, 57.346542, 1.3311558) lens=(-0.00010795013, 61.34048, 14.73023) target=(0, 56.949757, 0) accepted=1 active=True dismissed=0
AIM_AT requested=(0, 56.949696, 0) firstTargetDrift=(0, -6.1035156E-05, 0) requestedScreen=(640, 399.99997)
Visible centre target established before retention measurement
JOLT_START angle=0.00000 sight=True hit=(-1.3257836E-18, 57.346428, 1.3311558) lens=(-1.4670793E-17, 61.340466, 14.730238) target=(0, 56.949635, 0) accepted=1 active=True dismissed=0 acquired=1
JOLTS distance=6 retained=180/180 angularLosses=0 releases=
Repeated visible native/camera jolts do not drop or replace the acquired car
AIM_RELEASE target=1 reason=input boundary revision=1->2 active=False shooterHP=1000.00 outside=False lastDamage=
RMB release bypasses all recovery tolerance
AIM_AT requested=(-0.0029648393, 56.951954, -3.1788775E-05) firstTargetDrift=(0.0028011296, -0.004032135, -3.7135305E-05) requestedScreen=(674.6749, 311.51025)
Controller acquires after the mouse releases without a new binding
AIM_RELEASE target=1 reason=occluded shooterHP=1000.00 outside=False lastDamage=
Real native cover releases immediately, independently of framing recovery
AIM_AT requested=(2.4, 56.949665, 0) firstTargetDrift=(0, -0.00012207031, 0) requestedScreen=(641.32916, 401.0304)
ACQUISITION distance=6.000m FOV=90 fps=144 gain=3 offset=2.40m initialError=0.14879 acquired=1 angle=0.00000 sight=True hit=(-3.8107391E-06, 57.34646, 1.3311558) lens=(-4.2168682E-05, 61.34046, 14.730238) target=(0, 56.949665, 0) accepted=1 active=True dismissed=0
AIM_AT requested=(0, 56.949726, 0) firstTargetDrift=(0, 6.1035156E-05, 0) requestedScreen=(640, 400)
Visible centre target established before retention measurement
JOLT_START angle=0.00000 sight=True hit=(-2.6334449E-24, 57.34646, 1.3311558) lens=(-2.914103E-23, 61.340466, 14.730238) target=(0, 56.949665, 0) accepted=1 active=True dismissed=0 acquired=1
JOLTS distance=6 retained=180/180 angularLosses=0 releases=
Repeated visible native/camera jolts do not drop or replace the acquired car
AIM_RELEASE target=1 reason=input boundary revision=6->7 active=False shooterHP=1000.00 outside=False lastDamage=
RMB release bypasses all recovery tolerance
AIM_AT requested=(0.0016242088, 56.954205, -6.5425775E-05) firstTargetDrift=(-0.0025405842, -0.0036315918, -7.647667E-05) requestedScreen=(656.9011, 357.2549)
Controller acquires after the mouse releases without a new binding
AIM_RELEASE target=1 reason=occluded shooterHP=1000.00 outside=False lastDamage=
Real native cover releases immediately, independently of framing recovery
AIM_AT requested=(3.2, 56.95, 0) firstTargetDrift=(0, 0, 0) requestedScreen=(640.0078, 400.0001)
ACQUISITION distance=35.000m FOV=50 fps=30 gain=0.25 offset=3.20m initialError=0.07207 acquired=1 angle=0.00000 sight=True hit=(-1.2431201E-07, 57.033276, 1.3311577) lens=(-4.127976E-06, 59.715282, 44.203255) target=(0, 56.95, 0) accepted=1 active=True dismissed=0
AIM_AT requested=(0, 56.95, 0) firstTargetDrift=(0, 0, 0) requestedScreen=(640, 400)
Visible centre target established before retention measurement
JOLT_START angle=0.00000 sight=True hit=(-1.3568214E-31, 57.033276, 1.3311577) lens=(-4.505549E-30, 59.715282, 44.203255) target=(0, 56.95, 0) accepted=1 active=True dismissed=0 acquired=1
JOLTS distance=35 retained=180/180 angularLosses=0 releases=
Repeated visible native/camera jolts do not drop or replace the acquired car
AIM_RELEASE target=1 reason=input boundary revision=11->12 active=False shooterHP=1000.00 outside=False lastDamage=
RMB release bypasses all recovery tolerance
AIM_AT requested=(-0.0072737755, 56.95, 0) firstTargetDrift=(0.009273908, 0, 0) requestedScreen=(639.9998, 400)
AIM_RELEASE target=1 reason=input boundary revision=13->14 active=True shooterHP=1000.00 outside=False lastDamage=
Controller acquires after the mouse releases without a new binding
AIM_RELEASE target=1 reason=occluded shooterHP=1000.00 outside=False lastDamage=
Real native cover releases immediately, independently of framing recovery
AIM_AT requested=(3.2, 56.95, 0) firstTargetDrift=(0, 0, 0) requestedScreen=(640.00366, 400.00003)
ACQUISITION distance=35.000m FOV=90 fps=144 gain=3 offset=3.20m initialError=0.07207 acquired=1 angle=0.00000 sight=True hit=(-7.475114E-08, 57.033276, 1.3311577) lens=(-2.4822305E-06, 59.715286, 44.203255) target=(0, 56.95, 0) accepted=1 active=True dismissed=0
AIM_AT requested=(0, 56.950005, 0) firstTargetDrift=(0, 0, 0) requestedScreen=(640, 399.99997)
Visible centre target established before retention measurement
JOLT_START angle=0.00000 sight=True hit=(-2.336971E-34, 57.033276, 1.3311577) lens=(-7.760297E-33, 59.715282, 44.203255) target=(0, 56.95, 0) accepted=1 active=True dismissed=0 acquired=1
JOLTS distance=35 retained=180/180 angularLosses=0 releases=
Repeated visible native/camera jolts do not drop or replace the acquired car
AIM_RELEASE target=1 reason=input boundary revision=16->17 active=False shooterHP=1000.00 outside=False lastDamage=
RMB release bypasses all recovery tolerance
AIM_AT requested=(-0.0072737755, 56.95, 0) firstTargetDrift=(0.009209896, 0, 0) requestedScreen=(640, 400)
AIM_RELEASE target=1 reason=input boundary revision=18->19 active=True shooterHP=1000.00 outside=False lastDamage=
Controller acquires after the mouse releases without a new binding
AIM_RELEASE target=1 reason=occluded shooterHP=1000.00 outside=False lastDamage=
Real native cover releases immediately, independently of framing recovery
AIM_AT requested=(13, 56.95, 0) firstTargetDrift=(0, 0, 0) requestedScreen=(640, 400)
ACQUISITION distance=200.000m FOV=50 fps=30 gain=0.25 offset=13.00m initialError=0.06205 acquired=1 angle=0.00000 sight=True hit=(-2.116144E-08, 56.96753, 1.3311157) lens=(-3.325823E-06, 59.70505, 209.205) target=(0, 56.95, 0) accepted=1 active=True dismissed=0
AIM_AT requested=(0, 56.95, 0) firstTargetDrift=(0, 0, 0) requestedScreen=(640, 400)
Visible centre target established before retention measurement
JOLT_START angle=0.00000 sight=True hit=(-5.0723E-41, 56.96753, 1.3311157) lens=(-7.971803E-39, 59.70505, 209.205) target=(0, 56.95, 0) accepted=1 active=True dismissed=0 acquired=1
JOLTS distance=200 retained=180/180 angularLosses=0 releases=
Repeated visible native/camera jolts do not drop or replace the acquired car
AIM_RELEASE target=1 reason=input boundary revision=21->22 active=False shooterHP=1000.00 outside=False lastDamage=
RMB release bypasses all recovery tolerance
AIM_AT requested=(-0.0072737755, 56.95, 0) firstTargetDrift=(0, 0, 0) requestedScreen=(640, 400)
AIM_RELEASE target=1 reason=input boundary revision=23->24 active=True shooterHP=1000.00 outside=False lastDamage=
Controller acquires after the mouse releases without a new binding
AIM_RELEASE target=1 reason=occluded shooterHP=1000.00 outside=False lastDamage=
Real native cover releases immediately, independently of framing recovery
AIM_AT requested=(13, 56.95, 0) firstTargetDrift=(0, 0, 0) requestedScreen=(640, 400)
ACQUISITION distance=200.000m FOV=90 fps=144 gain=3 offset=13.00m initialError=0.06205 acquired=1 angle=0.00000 sight=True hit=(-9.126211E-09, 56.96753, 1.3311157) lens=(-1.4343276E-06, 59.705055, 209.205) target=(0, 56.95, 0) accepted=1 active=True dismissed=0
AIM_AT requested=(0, 56.95, 0) firstTargetDrift=(0, 0, 0) requestedScreen=(640, 400)
Visible centre target established before retention measurement
JOLT_START angle=0.00000 sight=True hit=(-6E-44, 56.96753, 1.3311157) lens=(-9.509E-42, 59.705055, 209.205) target=(0, 56.95, 0) accepted=1 active=True dismissed=0 acquired=1
JOLTS distance=200 retained=180/180 angularLosses=0 releases=
Repeated visible native/camera jolts do not drop or replace the acquired car
AIM_RELEASE target=1 reason=input boundary revision=26->27 active=False shooterHP=1000.00 outside=False lastDamage=
RMB release bypasses all recovery tolerance
AIM_AT requested=(-0.0072737755, 56.95, 0) firstTargetDrift=(0, 0, 0) requestedScreen=(640, 400)
AIM_RELEASE target=1 reason=input boundary revision=28->29 active=True shooterHP=1000.00 outside=False lastDamage=
Controller acquires after the mouse releases without a new binding
AIM_RELEASE target=1 reason=occluded shooterHP=1000.00 outside=False lastDamage=
Real native cover releases immediately, independently of framing recovery
AIM_AT requested=(13, 56.95, 0) firstTargetDrift=(0, 0, 0) requestedScreen=(640, 400)
Distant car acquired before small outward correction during convergence
Initial distant acquisition gap is not deliberate departure: 
Distant convergence recovers useful alignment after the small correction
AIM_RELEASE target=1 reason=camera presentation reset shooterHP=1000.00 outside=False lastDamage=
AIM_AT requested=(0, 56.95, 0) firstTargetDrift=(0, 0, 0) requestedScreen=(640, 400)
Visible angular displacement enters recovery rather than discarding the chosen fine placement
Bounded recovery preserves a small intentional correction: offset=0.01200->0.01380rad
AIM_RELEASE target=1 reason=input boundary revision=31->32 active=False shooterHP=1000.00 outside=False lastDamage=
RMB release is immediate during angular recovery
AIM_AT requested=(0, 56.95, 0) firstTargetDrift=(0, 0, 0) requestedScreen=(640, 400)
AIM_RELEASE target=1 reason=angular recovery exhausted gap=0.14906 seconds=0.467 shooterHP=1000.00 outside=False lastDamage=
Unrecoverable visible angular error expires instead of creating permanent lock-on
Body-aware acquisition 6/6; unintended angular releases=0
Weapon aiming integration passed: 40 accuracy/retention checks.
