  Determining projects to restore...
  Restored C:\Users\j_gen\OneDrive\Documents\Game_Projects\Trackstorm\code\TransportTests\Trackstorm.Transport.Tests.csproj (in 177 ms).
  Restored C:\Users\j_gen\OneDrive\Documents\Game_Projects\Trackstorm\Trackstorm.Client.csproj (in 177 ms).
  3 of 5 projects are up-to-date for restore.
  Trackstorm.Core -> C:\Users\j_gen\OneDrive\Documents\Game_Projects\Trackstorm\code\Core\bin\Debug\net10.0\Trackstorm.Core.dll
  Epic.OnlineServices -> C:\Users\j_gen\OneDrive\Documents\Game_Projects\Trackstorm\third_party\eos\bin\Debug\net10.0\Epic.OnlineServices.dll
  Trackstorm.Client -> C:\Users\j_gen\OneDrive\Documents\Game_Projects\Trackstorm\.godot\mono\temp\bin\Debug\Trackstorm.Client.dll

Build succeeded.
    0 Warning(s)
    0 Error(s)

Time Elapsed 00:00:03.47
  Trackstorm.Core -> C:\Users\j_gen\OneDrive\Documents\Game_Projects\Trackstorm\code\Core\bin\Release\net10.0\Trackstorm.Core.dll
  Epic.OnlineServices -> C:\Users\j_gen\OneDrive\Documents\Game_Projects\Trackstorm\third_party\eos\bin\Release\net10.0\Epic.OnlineServices.dll
  Trackstorm.Core.Tests -> C:\Users\j_gen\OneDrive\Documents\Game_Projects\Trackstorm\code\Tests\bin\Release\net10.0\Trackstorm.Core.Tests.dll
  Trackstorm.Client -> C:\Users\j_gen\OneDrive\Documents\Game_Projects\Trackstorm\.godot\mono\temp\bin\ExportRelease\Trackstorm.Client.dll
  Trackstorm.Transport.Tests -> C:\Users\j_gen\OneDrive\Documents\Game_Projects\Trackstorm\code\TransportTests\bin\Release\net10.0\Trackstorm.Transport.Tests.dll

Build succeeded.
    0 Warning(s)
    0 Error(s)

Time Elapsed 00:00:03.78
Test run for C:\Users\j_gen\OneDrive\Documents\Game_Projects\Trackstorm\code\Tests\bin\Release\net10.0\Trackstorm.Core.Tests.dll (.NETCoreApp,Version=v10.0)
A total of 1 test files matched the specified pattern.

Passed!  - Failed:     0, Passed:  1150, Skipped:     0, Total:  1150, Duration: 6 s - Trackstorm.Core.Tests.dll (net10.0)
Test run for C:\Users\j_gen\OneDrive\Documents\Game_Projects\Trackstorm\code\TransportTests\bin\Release\net10.0\Trackstorm.Transport.Tests.dll (.NETCoreApp,Version=v10.0)
A total of 1 test files matched the specified pattern.

Passed!  - Failed:     0, Passed:   440, Skipped:     0, Total:   440, Duration: 9 s - Trackstorm.Transport.Tests.dll (net10.0)
