  Determining projects to restore...
  All projects are up-to-date for restore.
  Trackstorm.Core -> C:\Users\j_gen\OneDrive\Documents\Game_Projects\Trackstorm\.godot\ts-220\main-baseline\code\Core\bin\Release\net10.0\Trackstorm.Core.dll
  Epic.OnlineServices -> C:\Users\j_gen\OneDrive\Documents\Game_Projects\Trackstorm\.godot\ts-220\main-baseline\third_party\eos\bin\Release\net10.0\Epic.OnlineServices.dll
  Trackstorm.Client -> C:\Users\j_gen\OneDrive\Documents\Game_Projects\Trackstorm\.godot\ts-220\main-baseline\.godot\mono\temp\bin\Release\Trackstorm.Client.dll
  Trackstorm.Transport.Tests -> C:\Users\j_gen\OneDrive\Documents\Game_Projects\Trackstorm\.godot\ts-220\main-baseline\code\TransportTests\bin\Release\net10.0\Trackstorm.Transport.Tests.dll
Test run for C:\Users\j_gen\OneDrive\Documents\Game_Projects\Trackstorm\.godot\ts-220\main-baseline\code\TransportTests\bin\Release\net10.0\Trackstorm.Transport.Tests.dll (.NETCoreApp,Version=v10.0)
A total of 1 test files matched the specified pattern.
  Skipped TenMinuteEightPlayerImpairmentSoak [< 1 ms]
  Failed VehicleLoopConvergesAcrossNetworkConditions(2,25,5,0.0f,0.0f) [5 s]
  Error Message:
     Assert.That(clients.All(client => client.Latest?.Tick > staleTick), Is.True)
  Expected: True
  But was:  False

  Stack Trace:
     at Trackstorm.Transport.Tests.NativeVehicleReplicationTests.RunVehicleLoop(Int32 players, Int32 latency, Int32 jitter, Single loss, Single reorder, Int32 durationTicks, Boolean controlledLoss)
   at Trackstorm.Transport.Tests.NativeVehicleReplicationTests.VehicleLoopConvergesAcrossNetworkConditions(Int32 players, Int32 latency, Int32 jitter, Single loss, Single reorder) in C:\Users\j_gen\OneDrive\Documents\Game_Projects\Trackstorm\.godot\ts-220\main-baseline\code\TransportTests\NativeVehicleReplicationTests.cs:line 34
   at InvokeStub_NativeVehicleReplicationTests.VehicleLoopConvergesAcrossNetworkConditions(Object, Span`1)

1)    at Trackstorm.Transport.Tests.NativeVehicleReplicationTests.RunVehicleLoop(Int32 players, Int32 latency, Int32 jitter, Single loss, Single reorder, Int32 durationTicks, Boolean controlledLoss)
   at Trackstorm.Transport.Tests.NativeVehicleReplicationTests.VehicleLoopConvergesAcrossNetworkConditions(Int32 players, Int32 latency, Int32 jitter, Single loss, Single reorder) in C:\Users\j_gen\OneDrive\Documents\Game_Projects\Trackstorm\.godot\ts-220\main-baseline\code\TransportTests\NativeVehicleReplicationTests.cs:line 34
   at InvokeStub_NativeVehicleReplicationTests.VehicleLoopConvergesAcrossNetworkConditions(Object, Span`1)


Results File: C:\Users\j_gen\OneDrive\Documents\Game_Projects\Trackstorm\.godot\ts-220\review-correction\main-results\main-native.trx

Failed!  - Failed:     1, Passed:    14, Skipped:     0, Total:    15, Duration: 2 m - Trackstorm.Transport.Tests.dll (net10.0)
