Godot Engine v4.7.2.stable.mono.official.ed1daf0bf - https://godotengine.org
OpenGL API 3.3.0 NVIDIA 610.78 - Compatibility - Using Device: NVIDIA - NVIDIA GeForce RTX 4070 Laptop GPU

Eight native peers assigned and initialized.
Keyboard X/controller D-pad Left switch then discard the second physical slot on eight native UDP peers.
Empty/repeated discard is harmless; switch then discard first slot preserves empty second slot.
Both physical slots remain deleted on all eight peers; preparing existing item regression scenarios.
E and controller X switch all eight players; immediate use selects Wrench in slot two.
All eight use Wrench at full HP, including repeated requests.
Every full-health use consumed once and replicated; preparing damaged Wrench use.
All eight damaged players use Wrench.
Damaged Wrench outcomes match on all eight peers.
Remote client requested missile scenario 0; host owns creation.
Remote client requested missile scenario 1; host owns creation.
Remote client requested missile scenario 2; host owns creation.
Remote client requested missile scenario 3; host owns creation.
Item integration passed: Eight native peers assigned and initialized.
Keyboard X/controller D-pad Left switch then discard the second physical slot on eight native UDP peers.
Empty/repeated discard is harmless; switch then discard first slot preserves empty second slot.
Both physical slots remain deleted on all eight peers; preparing existing item regression scenarios.
E and controller X switch all eight players; immediate use selects Wrench in slot two.
All eight use Wrench at full HP, including repeated requests.
Every full-health use consumed once and replicated; preparing damaged Wrench use.
All eight damaged players use Wrench.
Damaged Wrench outcomes match on all eight peers.
Remote client requested missile scenario 0; host owns creation.
Scenario 0: one remote launch/impact on every peer at <-40, 1.9726641, -2.521462>; host-only damage/impulse.
Remote client requested missile scenario 1; host owns creation.
Scenario 1: one remote launch/impact on every peer at <8, 1.9726641, -5.399999>; host-only damage/impulse.
Remote client requested missile scenario 2; host owns creation.
Scenario 2: one remote launch/impact on every peer at <-17, 1.9726641, 2>; host-only damage/impulse.
Remote client requested missile scenario 3; host owns creation.
Scenario 3: one remote launch/impact on every peer at <-45, 1.9726641, -50>; host-only damage/impulse.
Vehicles, movable prop, static container and arena boundary all stop missiles. VFX consume replicated events only.
REPLICATION_TRAFFIC {"seconds":8.3098314,"note":"Native-send application payloads including connection/chunk envelopes; excludes UDP/GNS overhead/retransmissions. Full harness lifecycle, not a steady-state window.","sent":[{"peer":1,"protocol":"TC","delivery":"Reliable","bytes":1813,"messages":1,"peak":1813},{"peer":1,"protocol":"TI","delivery":"Reliable","bytes":97202,"messages":33,"peak":3288},{"peer":1,"protocol":"TJ","delivery":"Unreliable","bytes":680,"messages":10,"peak":68},{"peer":1,"protocol":"TM","delivery":"Reliable","bytes":25424,"messages":24,"peak":1327},{"peer":1,"protocol":"TS","delivery":"Reliable","bytes":1857,"messages":2,"peak":1837},{"peer":1,"protocol":"TS","delivery":"Unreliable","bytes":266532,"messages":262,"peak":1999},{"peer":2,"protocol":"TC","delivery":"Reliable","bytes":1813,"messages":1,"peak":1813},{"peer":2,"protocol":"TI","delivery":"Reliable","bytes":97202,"messages":33,"peak":3288},{"peer":2,"protocol":"TJ","delivery":"Unreliable","bytes":680,"messages":10,"peak":68},{"peer":2,"protocol":"TM","delivery":"Reliable","bytes":25424,"messages":24,"peak":1327},{"peer":2,"protocol":"TS","delivery":"Reliable","bytes":1857,"messages":2,"peak":1837},{"peer":2,"protocol":"TS","delivery":"Unreliable","bytes":266532,"messages":262,"peak":1999},{"peer":3,"protocol":"TC","delivery":"Reliable","bytes":1813,"messages":1,"peak":1813},{"peer":3,"protocol":"TI","delivery":"Reliable","bytes":97202,"messages":33,"peak":3288},{"peer":3,"protocol":"TJ","delivery":"Unreliable","bytes":680,"messages":10,"peak":68},{"peer":3,"protocol":"TM","delivery":"Reliable","bytes":25424,"messages":24,"peak":1327},{"peer":3,"protocol":"TS","delivery":"Reliable","bytes":1857,"messages":2,"peak":1837},{"peer":3,"protocol":"TS","delivery":"Unreliable","bytes":266532,"messages":262,"peak":1999},{"peer":4,"protocol":"TC","delivery":"Reliable","bytes":1813,"messages":1,"peak":1813},{"peer":4,"protocol":"TI","delivery":"Reliable","bytes":97202,"messages":33,"peak":3288},{"peer":4,"protocol":"TJ","delivery":"Unreliable","bytes":680,"messages":10,"peak":68},{"peer":4,"protocol":"TM","delivery":"Reliable","bytes":25424,"messages":24,"peak":1327},{"peer":4,"protocol":"TS","delivery":"Reliable","bytes":1857,"messages":2,"peak":1837},{"peer":4,"protocol":"TS","delivery":"Unreliable","bytes":266532,"messages":262,"peak":1999},{"peer":5,"protocol":"TC","delivery":"Reliable","bytes":1813,"messages":1,"peak":1813},{"peer":5,"protocol":"TI","delivery":"Reliable","bytes":97202,"messages":33,"peak":3288},{"peer":5,"protocol":"TJ","delivery":"Unreliable","bytes":680,"messages":10,"peak":68},{"peer":5,"protocol":"TM","delivery":"Reliable","bytes":25424,"messages":24,"peak":1327},{"peer":5,"protocol":"TS","delivery":"Reliable","bytes":1857,"messages":2,"peak":1837},{"peer":5,"protocol":"TS","delivery":"Unreliable","bytes":266532,"messages":262,"peak":1999},{"peer":6,"protocol":"TC","delivery":"Reliable","bytes":1813,"messages":1,"peak":1813},{"peer":6,"protocol":"TI","delivery":"Reliable","bytes":97202,"messages":33,"peak":3288},{"peer":6,"protocol":"TJ","delivery":"Unreliable","bytes":680,"messages":10,"peak":68},{"peer":6,"protocol":"TM","delivery":"Reliable","bytes":25424,"messages":24,"peak":1327},{"peer":6,"protocol":"TS","delivery":"Reliable","bytes":1857,"messages":2,"peak":1837},{"peer":6,"protocol":"TS","delivery":"Unreliable","bytes":266532,"messages":262,"peak":1999},{"peer":7,"protocol":"TC","delivery":"Reliable","bytes":1813,"messages":1,"peak":1813},{"peer":7,"protocol":"TI","delivery":"Reliable","bytes":97202,"messages":33,"peak":3288},{"peer":7,"protocol":"TJ","delivery":"Unreliable","bytes":680,"messages":10,"peak":68},{"peer":7,"protocol":"TM","delivery":"Reliable","bytes":25424,"messages":24,"peak":1327},{"peer":7,"protocol":"TS","delivery":"Reliable","bytes":1857,"messages":2,"peak":1837},{"peer":7,"protocol":"TS","delivery":"Unreliable","bytes":266532,"messages":262,"peak":1999}]}
REPLICATION_TRAFFIC {"seconds":8.0408686,"note":"Native-send application payloads including connection/chunk envelopes; excludes UDP/GNS overhead/retransmissions. Full harness lifecycle, not a steady-state window.","sent":[{"peer":1,"protocol":"TI","delivery":"Reliable","bytes":481,"messages":15,"peak":36},{"peer":1,"protocol":"TS","delivery":"Unreliable","bytes":57524,"messages":398,"peak":145}]}
REPLICATION_TRAFFIC {"seconds":8.0273597,"note":"Native-send application payloads including connection/chunk envelopes; excludes UDP/GNS overhead/retransmissions. Full harness lifecycle, not a steady-state window.","sent":[{"peer":1,"protocol":"TI","delivery":"Reliable","bytes":349,"messages":11,"peak":36},{"peer":1,"protocol":"TS","delivery":"Unreliable","bytes":56364,"messages":390,"peak":145}]}
REPLICATION_TRAFFIC {"seconds":8.0130063,"note":"Native-send application payloads including connection/chunk envelopes; excludes UDP/GNS overhead/retransmissions. Full harness lifecycle, not a steady-state window.","sent":[{"peer":1,"protocol":"TI","delivery":"Reliable","bytes":349,"messages":11,"peak":36},{"peer":1,"protocol":"TS","delivery":"Unreliable","bytes":56364,"messages":390,"peak":145}]}
REPLICATION_TRAFFIC {"seconds":8.0022183,"note":"Native-send application payloads including connection/chunk envelopes; excludes UDP/GNS overhead/retransmissions. Full harness lifecycle, not a steady-state window.","sent":[{"peer":1,"protocol":"TI","delivery":"Reliable","bytes":349,"messages":11,"peak":36},{"peer":1,"protocol":"TS","delivery":"Unreliable","bytes":56219,"messages":389,"peak":145}]}
REPLICATION_TRAFFIC {"seconds":7.9915624,"note":"Native-send application payloads including connection/chunk envelopes; excludes UDP/GNS overhead/retransmissions. Full harness lifecycle, not a steady-state window.","sent":[{"peer":1,"protocol":"TI","delivery":"Reliable","bytes":349,"messages":11,"peak":36},{"peer":1,"protocol":"TS","delivery":"Unreliable","bytes":56219,"messages":389,"peak":145}]}
REPLICATION_TRAFFIC {"seconds":7.9808318,"note":"Native-send application payloads including connection/chunk envelopes; excludes UDP/GNS overhead/retransmissions. Full harness lifecycle, not a steady-state window.","sent":[{"peer":1,"protocol":"TI","delivery":"Reliable","bytes":349,"messages":11,"peak":36},{"peer":1,"protocol":"TS","delivery":"Unreliable","bytes":56219,"messages":389,"peak":145}]}
REPLICATION_TRAFFIC {"seconds":7.969551,"note":"Native-send application payloads including connection/chunk envelopes; excludes UDP/GNS overhead/retransmissions. Full harness lifecycle, not a steady-state window.","sent":[{"peer":1,"protocol":"TI","delivery":"Reliable","bytes":349,"messages":11,"peak":36},{"peer":1,"protocol":"TS","delivery":"Unreliable","bytes":56074,"messages":388,"peak":145}]}
Item verification artifacts: C:\Users\j_gen\Documents\Game Projects\Trackstorm\.godot\item-checks\4ec14435895e43eab33210188d56f510
