  Determining projects to restore...
  All projects are up-to-date for restore.
  Trackstorm.Core -> C:\Users\j_gen\Documents\Game Projects\Trackstorm\code\Core\bin\Debug\net10.0\Trackstorm.Core.dll
  Epic.OnlineServices -> C:\Users\j_gen\Documents\Game Projects\Trackstorm\third_party\eos\bin\Debug\net10.0\Epic.OnlineServices.dll
  Trackstorm.Core.Tests -> C:\Users\j_gen\Documents\Game Projects\Trackstorm\code\Tests\bin\Debug\net10.0\Trackstorm.Core.Tests.dll
  Trackstorm.Client -> C:\Users\j_gen\Documents\Game Projects\Trackstorm\.godot\mono\temp\bin\Debug\Trackstorm.Client.dll
  Trackstorm.Transport.Tests -> C:\Users\j_gen\Documents\Game Projects\Trackstorm\code\TransportTests\bin\Debug\net10.0\Trackstorm.Transport.Tests.dll

Build succeeded.
    0 Warning(s)
    0 Error(s)

Time Elapsed 00:00:01.00
Godot Engine v4.7.2.stable.mono.official.ed1daf0bf - https://godotengine.org

[   0% ] first_scan_filesystem | Started Project initialization (5 steps)
[   0% ] first_scan_filesystem | Scanning file structure...
[  16% ] first_scan_filesystem | Loading global class names...
[  33% ] first_scan_filesystem | Verifying GDExtensions...
[  50% ] first_scan_filesystem | Creating autoload scripts...
[  66% ] first_scan_filesystem | Initializing plugins...
It was recognized that GdUnit4 is running in a test environment, therefore the GdUnit4 plugin will not be executed!
[  83% ] first_scan_filesystem | Starting file scan...
[ DONE ] first_scan_filesystem

[   0% ] update_scripts_classes | Started Registering global classes... (19 steps)
[   0% ] update_scripts_classes |
[   5% ] update_scripts_classes |
[  10% ] update_scripts_classes |
[  15% ] update_scripts_classes |
[  20% ] update_scripts_classes |
[  25% ] update_scripts_classes |
[  30% ] update_scripts_classes |
[  35% ] update_scripts_classes |
[  40% ] update_scripts_classes |
[  45% ] update_scripts_classes |
[  50% ] update_scripts_classes |
[  55% ] update_scripts_classes |
[  60% ] update_scripts_classes |
[  65% ] update_scripts_classes |
[  70% ] update_scripts_classes |
[  75% ] update_scripts_classes |
[  80% ] update_scripts_classes |
[  85% ] update_scripts_classes |
[  90% ] update_scripts_classes |
[ DONE ] update_scripts_classes

[   0% ] loading_editor_layout | Started Loading editor (5 steps)
[   0% ] loading_editor_layout | Loading editor layout...
[  16% ] loading_editor_layout | Loading docks...
[  33% ] loading_editor_layout | Reopening scenes...
[  50% ] loading_editor_layout | Loading central editor layout...
[  66% ] loading_editor_layout | Loading plugin window layout...
[  83% ] loading_editor_layout | Editor layout ready.
[ DONE ] loading_editor_layout

Godot import exit code: 0; diagnostics: .
Godot Engine v4.7.2.stable.mono.official.ed1daf0bf - https://godotengine.org

Connected physical gamepads before synthetic input: 0
Keyboard A, 100 ms: target=-0.0450, wheel=0.276 degrees
Keyboard D, 100 ms: target=0.0450, wheel=0.276 degrees
Input integration passed: 2075 assertions.
Godot Engine v4.7.2.stable.mono.official.ed1daf0bf - https://godotengine.org
