Godot Engine v4.7.2.stable.mono.official.ed1daf0bf - https://godotengine.org

Three UDP peers initialized
Host tuning applied
AIM_AT requested=(0, 2.25, 0) firstTargetDrift=(0, 1.1920929E-07, 0) requestedScreen=(640, 399.99988)
AIM_GEOMETRY forward: lens=(0, 4.205002, 44.205) rotation=(-0.04419743, 0, 0) targetDisplayed=(0, 1.65, 0) targetNative=(0, 1.65, 0) targetScreen=(640, 395.74567) center=(640, 400) bounds=(610.3711, 382.0799), (59.257812, 46.200226)
Machine Gun forward accepted ready
MG_GEOMETRY forward: aim=WeaponAimSolution { Vehicle = 2, Life = 1, Token = 1, Tick = 367, Yaw = 0, Pitch = -0.017323403, Origin = <0, 2.9550014, 36.845>, Direction = <0, -0.017322537, -0.99985>, Clear = True, Ready = True } target=<0, 1.65, 0> cameraDesired=<0, -0.017322537, -0.99985>
Camera shooter submits ordinary held-use request
Machine Gun forward: native hit/damage, 26 rounds, 26 target hits
AIM_REMOTE firing-forward: acceptedYaw=0 renderedYaw=0 acceptedPitch=-0.01732342 renderedPitch=-0.01732342
Remote mount yaw and payload pitch settle to accepted firing-forward aim on actual presentation nodes
forward: fixed rack, full payload scale and shared pivot origin align on observer
AIM_AT requested=(20, 2.25, 35) firstTargetDrift=(0, 0, 0) requestedScreen=(643.7707, 399.79507)
AIM_GEOMETRY side: lens=(-7.3046956, 4.30927, 37.57949) rotation=(-0.07527097, -1.470583, 0) targetDisplayed=(20, 1.65, 35) targetNative=(20, 1.65, 35) targetScreen=(643.7738, 392.9599) center=(640, 400) bounds=(571.4168, 374.96265), (139.14703, 66.50284)
Machine Gun side accepted ready
MG_GEOMETRY side: aim=WeaponAimSolution { Vehicle = 2, Life = 1, Token = 1, Tick = 612, Yaw = -1.470583, Pitch = -0.032731626, Origin = <0, 2.9550014, 36.845>, Direction = <0.9944499, -0.03272578, -0.099992126>, Clear = True, Ready = True } target=<20, 1.65, 35> cameraDesired=<0.99444985, -0.03272578, -0.099992104>
Camera shooter submits ordinary held-use request
Machine Gun side: native hit/damage, 27 rounds, 27 target hits
AIM_REMOTE firing-side: acceptedYaw=-1.470583 renderedYaw=-1.470583 acceptedPitch=-0.032731626 renderedPitch=-0.032731626
Remote mount yaw and payload pitch settle to accepted firing-side aim on actual presentation nodes
side: fixed rack, full payload scale and shared pivot origin align on observer
AIM_AT requested=(0, 2.2438312, 45) firstTargetDrift=(0, 0.00061774254, 0) requestedScreen=(640, 364.69586)
AIM_GEOMETRY rear: lens=(6.0134795E-07, 5.856158, 29.966383) rotation=(-0.29198173, 3.1415925, 0) targetDisplayed=(0, 1.6438311, 45) targetNative=(0, 1.65, 45) targetScreen=(640, 352.74606) center=(640, 400) bounds=(559.1074, 311.99777), (161.7851, 148.04495)
Machine Gun rear accepted ready
MG_GEOMETRY rear: aim=WeaponAimSolution { Vehicle = 2, Life = 1, Token = 1, Tick = 857, Yaw = 3.1415925, Pitch = -0.14986992, Origin = <0, 2.9550014, 36.845>, Direction = <-1.4930322E-07, -0.14930952, 0.9887905>, Clear = True, Ready = True } target=<0, 1.65, 45> cameraDesired=<-8.644275E-08, -0.14930952, 0.9887905>
Camera shooter submits ordinary held-use request
Machine Gun rear: native hit/damage, 27 rounds, 27 target hits
AIM_REMOTE firing-rear: acceptedYaw=3.1415925 renderedYaw=-3.141593 acceptedPitch=-0.14986987 renderedPitch=-0.14986992
Remote mount yaw and payload pitch settle to accepted firing-rear aim on actual presentation nodes
rear: fixed rack, full payload scale and shared pivot origin align on observer
AIM_AT requested=(0, 14.25, 0) firstTargetDrift=(0, 0, 0) requestedScreen=(640, 400)
AIM_GEOMETRY airborne: lens=(0, 4.2050014, 44.205) rotation=(0.22344233, 0, 0) targetDisplayed=(0, 13.65, 0) targetNative=(0, 13.65, 0) targetScreen=(640, 395.95407) center=(640, 400) bounds=(610.8442, 374.59973), (58.311646, 56.731903)
Machine Gun airborne accepted ready
MG_GEOMETRY airborne: aim=WeaponAimSolution { Vehicle = 2, Life = 1, Token = 1, Tick = 1102, Yaw = 0, Pitch = 0.30267978, Origin = <0, 2.9550014, 36.845>, Direction = <0, 0.29807922, -0.95454115>, Clear = True, Ready = True } target=<0, 13.65, 0> cameraDesired=<0, 0.29807922, -0.95454115>
Camera shooter submits ordinary held-use request
Machine Gun airborne: native hit/damage, 26 rounds, 26 target hits
AIM_REMOTE firing-airborne: acceptedYaw=0 renderedYaw=-6.2831855 acceptedPitch=0.30267972 renderedPitch=0.30267975
Remote mount yaw and payload pitch settle to accepted firing-airborne aim on actual presentation nodes
airborne: fixed rack, full payload scale and shared pivot origin align on observer
AIM_AT requested=(-4.5, 2.2163887, 35) firstTargetDrift=(0, 0.0030555725, 0) requestedScreen=(602.4586, 404.70212)
AIM_GEOMETRY close-side: lens=(5.8838954, 5.898995, 40.37272) rotation=(-0.2982175, 1.0307044, 0) targetDisplayed=(-4.5, 1.6255555, 35) targetNative=(-4.5, 1.65, 35) targetScreen=(602.17786, 389.45908) center=(640, 400) bounds=(437.34537, 334.37854), (327.6677, 202.84698)
Machine Gun close-side accepted ready
MG_GEOMETRY close-side: aim=WeaponAimSolution { Vehicle = 2, Life = 1, Token = 1, Tick = 1347, Yaw = 1.0307046, Pitch = -0.09573688, Origin = <0, 2.9550014, 36.845>, Direction = <-0.8537341, -0.0955907, -0.5118599>, Clear = True, Ready = True } target=<-4.5, 1.65, 35> cameraDesired=<-0.8538203, -0.09453638, -0.51191187>
Camera shooter submits ordinary held-use request
Machine Gun close-side: native hit/damage, 27 rounds, 27 target hits
AIM_REMOTE firing-close-side: acceptedYaw=1.0307046 renderedYaw=-5.252481 acceptedPitch=-0.09573688 renderedPitch=-0.09573673
Remote mount yaw and payload pitch settle to accepted firing-close-side aim on actual presentation nodes
close-side: fixed rack, full payload scale and shared pivot origin align on observer
Self-blocked camera direction is not firing-ready
Self-blocked held fire spends no rounds
AIM_AT requested=(0, 14.65, 0) firstTargetDrift=(0, 0, 0) requestedScreen=(640, 400)
ERROR: System.InvalidOperationException: Two simultaneous shooters sustain default spread and cadence through real UDP
   at Trackstorm.Client.Verification.WeaponAimChecks.Require(Boolean condition, String message) in C:\Users\j_gen\OneDrive\Documents\Game_Projects\Trackstorm\code\Client\Verification\WeaponAimChecks.cs:line 570
   at Trackstorm.Client.Verification.WeaponAimChecks.CheckMachineGunFire() in C:\Users\j_gen\OneDrive\Documents\Game_Projects\Trackstorm\code\Client\Verification\WeaponAimChecks.MachineGun.cs:line 95
   at Trackstorm.Client.Verification.WeaponAimChecks.Run() in C:\Users\j_gen\OneDrive\Documents\Game_Projects\Trackstorm\code\Client\Verification\WeaponAimChecks.cs:line 78
   at: void Trackstorm.Client.Verification.WeaponAimChecks+<Run>d__15.MoveNext() (res://code/Client/Verification/WeaponAimChecks.cs:78)
   C# backtrace (most recent call first):
       [0] void Godot.GD.PushError(string) (/root/godot/modules/mono/glue/GodotSharp/GodotSharp/Core/GD.cs:366)
       [1] void Trackstorm.Client.Verification.WeaponAimChecks+<Run>d__15.MoveNext() (C:\Users\j_gen\OneDrive\Documents\Game_Projects\Trackstorm\code\Client\Verification\WeaponAimChecks.cs:78)
       [2] void System.Threading.ExecutionContext.RunInternal(System.Threading.ExecutionContext, System.Threading.ContextCallback, object)
       [3] void System.Threading.Tasks.AwaitTaskContinuation.RunCallback(System.Threading.ContextCallback, object, System.Threading.Tasks.Task&)
       [4] void System.Threading.Tasks.Task.RunContinuations(object)
       [5] void System.Threading.Tasks.Task.FinishSlow(bool)
       [6] bool System.Threading.Tasks.Task.TrySetException(object)
       [7] void System.Runtime.CompilerServices.AsyncTaskMethodBuilder`1.SetException(System.Exception, System.Threading.Tasks.Task`1[TResult]&)
       [8] void Trackstorm.Client.Verification.WeaponAimChecks+<CheckMachineGunFire>d__38.MoveNext() (C:\Users\j_gen\OneDrive\Documents\Game_Projects\Trackstorm\code\Client\Verification\WeaponAimChecks.MachineGun.cs:95)
       [9] void System.Threading.ExecutionContext.RunInternal(System.Threading.ExecutionContext, System.Threading.ContextCallback, object)
       [10] void System.Threading.Tasks.AwaitTaskContinuation.RunCallback(System.Threading.ContextCallback, object, System.Threading.Tasks.Task&)
       [11] void System.Threading.Tasks.Task.RunContinuations(object)
       [12] void System.Runtime.CompilerServices.AsyncTaskMethodBuilder.SetResult()
       [13] void Trackstorm.Client.Verification.WeaponAimChecks+<Frames>d__30.MoveNext() (C:\Users\j_gen\OneDrive\Documents\Game_Projects\Trackstorm\code\Client\Verification\WeaponAimChecks.cs:524)
       [14] void System.Threading.ExecutionContext.RunInternal(System.Threading.ExecutionContext, System.Threading.ContextCallback, object)
       [15] void System.Runtime.CompilerServices.AsyncTaskMethodBuilder`1+AsyncStateMachineBox`1.MoveNext()
       [16] void Godot.SignalAwaiter.SignalCallback(nint, Godot.NativeInterop.godot_variant**, int, Godot.NativeInterop.godot_bool*) (/root/godot/modules/mono/glue/GodotSharp/GodotSharp/Core/SignalAwaiter.cs:65)
