Godot Engine v4.7.2.stable.mono.official.ed1daf0bf - https://godotengine.org

Two native UDP peers ready
Fixture configuration accepted
First consecutive mine granted
Second consecutive mine granted
First mine mounted on both peers
First consecutive mine used
First mine placement starts
First mine releases
Empty arms begin returning on both peers
Select second mine during empty return
Second mine selected
Previous empty return remains unfinished at second use
Second consecutive mine used
Second authoritative placement starts
Both peers receive second placement
ERROR: System.InvalidOperationException: Second placement keeps the rack requested through a publication gap
   at Trackstorm.Client.Verification.CarRackChecks.Check(Boolean condition, String message) in C:\Users\j_gen\OneDrive\Documents\Game_Projects\Trackstorm\code\Client\Verification\CarRackChecks.cs:line 318
   at Trackstorm.Client.Verification.CarRackChecks.Run() in C:\Users\j_gen\OneDrive\Documents\Game_Projects\Trackstorm\code\Client\Verification\CarRackChecks.cs:line 95
   at: void Trackstorm.Client.Verification.CarRackChecks+<Run>d__10.MoveNext() (res://code/Client/Verification/CarRackChecks.cs:95)
   C# backtrace (most recent call first):
       [0] void Godot.GD.PushError(string) (/root/godot/modules/mono/glue/GodotSharp/GodotSharp/Core/GD.cs:366)
       [1] void Trackstorm.Client.Verification.CarRackChecks+<Run>d__10.MoveNext() (C:\Users\j_gen\OneDrive\Documents\Game_Projects\Trackstorm\code\Client\Verification\CarRackChecks.cs:95)
       [2] void System.Threading.ExecutionContext.RunInternal(System.Threading.ExecutionContext, System.Threading.ContextCallback, object)
       [3] void System.Threading.Tasks.AwaitTaskContinuation.RunCallback(System.Threading.ContextCallback, object, System.Threading.Tasks.Task&)
       [4] void System.Threading.Tasks.Task.RunContinuations(object)
       [5] void System.Runtime.CompilerServices.AsyncTaskMethodBuilder.SetResult()
       [6] void Trackstorm.Client.Verification.CarRackChecks+<Until>d__14.MoveNext() (C:\Users\j_gen\OneDrive\Documents\Game_Projects\Trackstorm\code\Client\Verification\CarRackChecks.cs:290)
       [7] void System.Threading.ExecutionContext.RunInternal(System.Threading.ExecutionContext, System.Threading.ContextCallback, object)
       [8] void System.Threading.Tasks.AwaitTaskContinuation.RunCallback(System.Threading.ContextCallback, object, System.Threading.Tasks.Task&)
       [9] void System.Threading.Tasks.Task.RunContinuations(object)
       [10] void System.Runtime.CompilerServices.AsyncTaskMethodBuilder.SetResult()
       [11] void Trackstorm.Client.Verification.CarRackChecks+<Frames>d__13.MoveNext() (C:\Users\j_gen\OneDrive\Documents\Game_Projects\Trackstorm\code\Client\Verification\CarRackChecks.cs:285)
       [12] void System.Threading.ExecutionContext.RunInternal(System.Threading.ExecutionContext, System.Threading.ContextCallback, object)
       [13] void System.Runtime.CompilerServices.AsyncTaskMethodBuilder`1+AsyncStateMachineBox`1.MoveNext()
       [14] void Godot.SignalAwaiter.SignalCallback(nint, Godot.NativeInterop.godot_variant**, int, Godot.NativeInterop.godot_bool*) (/root/godot/modules/mono/glue/GodotSharp/GodotSharp/Core/SignalAwaiter.cs:65)
WARNING: 40 ObjectDB instances were leaked at exit (run with `--verbose` for details).
   at: cleanup (core/object/object.cpp:2536)
ERROR: 2 resources still in use at exit (run with --verbose for details).
   at: clear (core/io/resource.cpp:822)
