  Determining projects to restore...
  All projects are up-to-date for restore.
  Trackstorm.Core -> C:\Users\j_gen\Documents\Game Projects\Trackstorm\code\Core\bin\Debug\net10.0\Trackstorm.Core.dll
  Epic.OnlineServices -> C:\Users\j_gen\Documents\Game Projects\Trackstorm\third_party\eos\bin\Debug\net10.0\Epic.OnlineServices.dll
  Trackstorm.Client -> C:\Users\j_gen\Documents\Game Projects\Trackstorm\.godot\mono\temp\bin\Debug\Trackstorm.Client.dll

Build succeeded.
    0 Warning(s)
    0 Error(s)

Time Elapsed 00:00:03.04
Godot Engine v4.7.2.stable.mono.official.ed1daf0bf - https://godotengine.org

System.ArgumentException: Argument is not normalized. (Parameter 'axis')
   at Godot.Vector3.Rotated(Vector3 axis, Single angle) in /root/godot/modules/mono/glue/GodotSharp/GodotSharp/Core/Vector3.cs:line 644
   at Godot.Vector3.Slerp(Vector3 to, Single weight) in /root/godot/modules/mono/glue/GodotSharp/GodotSharp/Core/Vector3.cs:line 723
   at Trackstorm.Client.Items.ProxyMinePhysics.FollowSupport(Vector3 previous, Vector3 support) in C:\Users\j_gen\Documents\Game Projects\Trackstorm\code\Client\Items\ProxyMinePhysics.cs:line 102
   at Trackstorm.Client.Verification.ProxyMineIntegrationChecks.VerifySupportConvergence() in C:\Users\j_gen\Documents\Game Projects\Trackstorm\code\Client\Verification\ProxyMineIntegrationChecks.cs:line 222
   at Trackstorm.Client.Verification.ProxyMineIntegrationChecks._PhysicsProcess(Double delta) in C:\Users\j_gen\Documents\Game Projects\Trackstorm\code\Client\Verification\ProxyMineIntegrationChecks.cs:line 99
WARNING: 7 ObjectDB instances were leaked at exit (run with `--verbose` for details).
   at: cleanup (core/object/object.cpp:2536)
ERROR: 1 resources still in use at exit (run with --verbose for details).
   at: clear (core/io/resource.cpp:822)
