Godot Engine v4.7.2.stable.mono.official.ed1daf0bf - https://godotengine.org
OpenGL API 3.3.0 NVIDIA 582.66 - Compatibility - Using Device: NVIDIA - NVIDIA GeForce GTX 1070

FAIL: actual production rock/plant coverage
destructible native network=False stage=1 speed=22 size=1 angle=0.00 tuning=False: up=0.879 angular=0.601 contactCount=1 end=<-1.1782181, 1.1434052, -64.135994> root=EnvironmentRockState { Stage = 4, Damage = 0, ImpactReadyTick = 106, Offset = <-0.7630409, 0, -2.9292624>, Velocity = <0, 0, 0> } pieces=5 finalDepth=6 plant=True
destructible native network=False stage=2 speed=12 size=1 angle=0.00 tuning=False: up=0.184 angular=0.098 contactCount=0 end=<0.54966146, 1.1434299, -99.66116> root=EnvironmentRockState { Stage = 4, Damage = 0, ImpactReadyTick = 80, Offset = <-0.52157104, 0, -3.083576>, Velocity = <0, 0, 0> } pieces=5 finalDepth=6 plant=True
destructible native network=False stage=3 speed=12 size=1 angle=0.00 tuning=False: up=0.447 angular=0.142 contactCount=0 end=<0.8251199, 1.1435707, -99.09317> root=EnvironmentRockState { Stage = 6, Damage = 0, ImpactReadyTick = 0, Offset = <0.0003834507, 0, -2.9835768>, Velocity = <0, 0, 0> } pieces=2 finalDepth=6 plant=True
destructible native network=False stage=3 speed=22 size=1 angle=0.00 tuning=False: up=0.244 angular=0.086 contactCount=0 end=<0.345227, 1.1440735, -124.754745> root=EnvironmentRockState { Stage = 6, Damage = 0, ImpactReadyTick = 0, Offset = <-8.3073246E-05, 0, -2.383577>, Velocity = <0, 0, 0> } pieces=2 finalDepth=6 plant=True
destructible native network=False stage=3 speed=35 size=1 angle=0.00 tuning=False: up=0.332 angular=0.068 contactCount=0 end=<0.79613477, 1.144717, -148.69948> root=EnvironmentRockState { Stage = 6, Damage = 0, ImpactReadyTick = 0, Offset = <-2.7219216E-05, 0, -1.8835765>, Velocity = <0, 0, 0> } pieces=2 finalDepth=6 plant=True
destructible native network=True stage=1 speed=22 size=1 angle=0.00 tuning=False: up=0.734 angular=0.353 contactCount=3 end=<1.1959807, 1.1432709, -64.31559> root=EnvironmentRockState { Stage = 5, Damage = 0, ImpactReadyTick = 116, Offset = <-0.7320938, 0, -3.1749017>, Velocity = <0, 0, 0> } pieces=5 finalDepth=6 plant=True
destructible native network=True stage=2 speed=12 size=1 angle=0.00 tuning=False: up=0.169 angular=0.099 contactCount=0 end=<0.55144197, 1.1433992, -99.66598> root=EnvironmentRockState { Stage = 4, Damage = 0, ImpactReadyTick = 80, Offset = <-0.5215611, 0, -3.083576>, Velocity = <0, 0, 0> } pieces=5 finalDepth=6 plant=True
destructible native network=True stage=3 speed=12 size=1 angle=0.00 tuning=False: up=0.442 angular=0.145 contactCount=0 end=<0.82296896, 1.1435405, -99.095825> root=EnvironmentRockState { Stage = 6, Damage = 0, ImpactReadyTick = 0, Offset = <0.0003845663, 0, -2.9835768>, Velocity = <0, 0, 0> } pieces=2 finalDepth=6 plant=True
destructible native network=True stage=3 speed=22 size=1 angle=0.00 tuning=False: up=0.242 angular=0.087 contactCount=0 end=<0.3440469, 1.1440629, -124.75543> root=EnvironmentRockState { Stage = 6, Damage = 0, ImpactReadyTick = 0, Offset = <-8.309544E-05, 0, -2.383577>, Velocity = <0, 0, 0> } pieces=2 finalDepth=6 plant=True
destructible native network=True stage=3 speed=35 size=1 angle=0.00 tuning=False: up=0.330 angular=0.068 contactCount=0 end=<0.796129, 1.1447155, -148.70016> root=EnvironmentRockState { Stage = 6, Damage = 0, ImpactReadyTick = 0, Offset = <-2.7715885E-05, 0, -1.8835765>, Velocity = <0, 0, 0> } pieces=2 finalDepth=6 plant=True
destructible native network=True stage=1 speed=2 size=0.5 angle=0.00 tuning=True: up=0.000 angular=0.004 contactCount=0 end=<6.995668E-10, 1.1448882, -3.5481737> root=EnvironmentRockState { Stage = 1, Damage = 0, ImpactReadyTick = 0, Offset = <0, 0, 0>, Velocity = <0, 0, 0> } pieces=2 finalDepth=4 plant=True
destructible native network=True stage=1 speed=2 size=0.5 angle=0.79 tuning=True: up=0.000 angular=0.004 contactCount=0 end=<-2.5089285, 1.144888, -2.5089283> root=EnvironmentRockState { Stage = 1, Damage = 0, ImpactReadyTick = 0, Offset = <0, 0, 0>, Velocity = <0, 0, 0> } pieces=2 finalDepth=4 plant=False
destructible native network=True stage=1 speed=9 size=0.5 angle=0.00 tuning=True: up=0.026 angular=0.136 contactCount=0 end=<-0.00040697228, 1.1446961, -32.065014> root=EnvironmentRockState { Stage = 4, Damage = 0, ImpactReadyTick = 64, Offset = <-0.36316964, 0, -2.258965>, Velocity = <0, 0, 0> } pieces=5 finalDepth=4 plant=True
destructible native network=True stage=1 speed=9 size=0.5 angle=0.79 tuning=True: up=0.000 angular=0.009 contactCount=0 end=<-22.673914, 1.1448946, -22.673916> root=EnvironmentRockState { Stage = 4, Damage = 0, ImpactReadyTick = 64, Offset = <-2.0753999, 0, -1.7122483>, Velocity = <0, 0, 0> } pieces=5 finalDepth=4 plant=False
destructible native network=True stage=1 speed=22 size=0.5 angle=0.00 tuning=True: up=0.007 angular=0.056 contactCount=0 end=<3.060984E-11, 1.144864, -84.62218> root=EnvironmentRockState { Stage = 3, Damage = 0, ImpactReadyTick = 31, Offset = <-0.3631523, 0, -2.783577>, Velocity = <0, 0, 0> } pieces=5 finalDepth=4 plant=True
destructible native network=True stage=1 speed=22 size=0.5 angle=0.79 tuning=True: up=0.000 angular=0.014 contactCount=0 end=<-59.876453, 1.1448953, -59.87603> root=EnvironmentRockState { Stage = 3, Damage = 0, ImpactReadyTick = 31, Offset = <-2.402149, 0, -2.0389965>, Velocity = <0, 0, 0> } pieces=5 finalDepth=4 plant=False
destructible native network=True stage=1 speed=2 size=1 angle=0.00 tuning=True: up=0.000 angular=0.033 contactCount=140 end=<-0.0927366, 1.247478, 1.7887136> root=EnvironmentRockState { Stage = 1, Damage = 0, ImpactReadyTick = 0, Offset = <0, 0, 0>, Velocity = <0, 0, 0> } pieces=2 finalDepth=6 plant=True
destructible native network=True stage=1 speed=2 size=1 angle=0.79 tuning=True: up=0.461 angular=0.046 contactCount=133 end=<0.22525099, 1.4319434, 0.27962297> root=EnvironmentRockState { Stage = 1, Damage = 0, ImpactReadyTick = 0, Offset = <0, 0, 0>, Velocity = <0, 0, 0> } pieces=2 finalDepth=6 plant=False
destructible native network=True stage=1 speed=9 size=1 angle=0.00 tuning=True: up=0.000 angular=0.156 contactCount=336 end=<-0.26692355, 1.2939566, 1.8150643> root=EnvironmentRockState { Stage = 1, Damage = 156.71297, ImpactReadyTick = 38, Offset = <0, 0, 0>, Velocity = <0, 0, 0> } pieces=2 finalDepth=6 plant=True
destructible native network=True stage=1 speed=9 size=1 angle=0.79 tuning=True: up=0.443 angular=0.196 contactCount=150 end=<-9.036473, 1.1789703, -9.074287> root=EnvironmentRockState { Stage = 1, Damage = 156.71292, ImpactReadyTick = 38, Offset = <0, 0, 0>, Velocity = <0, 0, 0> } pieces=2 finalDepth=6 plant=False
destructible native network=True stage=1 speed=22 size=1 angle=0.00 tuning=True: up=0.354 angular=0.793 contactCount=4 end=<-8.263011, 1.1442859, -66.83044> root=EnvironmentRockState { Stage = 5, Damage = 0, ImpactReadyTick = 71, Offset = <-1.2086891, 0, -3.174916>, Velocity = <0, 0, 0> } pieces=5 finalDepth=6 plant=True
destructible native network=True stage=1 speed=22 size=1 angle=0.79 tuning=True: up=0.521 angular=0.470 contactCount=2 end=<-41.51225, 1.1436149, -41.771675> root=EnvironmentRockState { Stage = 5, Damage = 0, ImpactReadyTick = 101, Offset = <-3.1934807, 0, -2.5016026>, Velocity = <0, 0, 0> } pieces=5 finalDepth=6 plant=False
destructible native network=True stage=1 speed=2 size=2 angle=0.00 tuning=True: up=0.000 angular=0.071 contactCount=212 end=<0.0046400907, 1.2157534, 3.6350927> root=EnvironmentRockState { Stage = 1, Damage = 0, ImpactReadyTick = 0, Offset = <0, 0, 0>, Velocity = <0, 0, 0> } pieces=2 finalDepth=8 plant=True
destructible native network=True stage=1 speed=2 size=2 angle=0.79 tuning=True: up=0.000 angular=0.032 contactCount=132 end=<2.725184, 1.2308792, 2.754472> root=EnvironmentRockState { Stage = 1, Damage = 0, ImpactReadyTick = 0, Offset = <0, 0, 0>, Velocity = <0, 0, 0> } pieces=2 finalDepth=8 plant=False
destructible native network=True stage=1 speed=9 size=2 angle=0.00 tuning=True: up=0.000 angular=0.125 contactCount=388 end=<-0.044338964, 1.2786523, 3.5183964> root=EnvironmentRockState { Stage = 1, Damage = 156.91902, ImpactReadyTick = 40, Offset = <0, 0, 0>, Velocity = <0, 0, 0> } pieces=2 finalDepth=8 plant=True
destructible native network=True stage=1 speed=9 size=2 angle=0.79 tuning=True: up=0.000 angular=0.137 contactCount=279 end=<2.5679884, 1.295941, 2.6937423> root=EnvironmentRockState { Stage = 1, Damage = 156.42305, ImpactReadyTick = 38, Offset = <0, 0, 0>, Velocity = <0, 0, 0> } pieces=2 finalDepth=8 plant=False
destructible native network=True stage=1 speed=22 size=2 angle=0.00 tuning=True: up=0.458 angular=0.723 contactCount=2 end=<-3.0345607, 1.1438606, -57.129486> root=EnvironmentRockState { Stage = 6, Damage = 0, ImpactReadyTick = 116, Offset = <-1.6258886, 0, -4.872396>, Velocity = <0, 0, 0> } pieces=5 finalDepth=8 plant=True
destructible native network=True stage=1 speed=22 size=2 angle=0.79 tuning=True: up=0.172 angular=0.241 contactCount=2 end=<-40.02447, 1.1440095, -41.201622> root=EnvironmentRockState { Stage = 6, Damage = 0, ImpactReadyTick = 111, Offset = <-4.912501, 0, -3.5525794>, Velocity = <0, 0, 0> } pieces=5 finalDepth=8 plant=False
Environment recovery verified: Stage 2 damage 17, final rock and persistent cleared plants.
Environment recovery verified: Stage 2 damage 17, final rock and persistent cleared plants.
Environment UDP convergence: three native worlds, late join, 30ms delay/5ms jitter/2% loss, all 147 rocks and 2447 plants, 600-tick sustained cleared state.
Destructible environment checks: failures=1
Exception: C:\Users\orsin\OneDrive\Desktop\ThanTrick\Trackstorm\check-destructible-environment.ps1:15
Line |
  15 |      throw 'Destructible environment checks failed; see .godot/destruc …
     |      ~~~~~~~~~~~~~~~~~~~~~~~~~~~~~~~~~~~~~~~~~~~~~~~~~~~~~~~~~~~~~~~~~
     | Destructible environment checks failed; see .godot/destructible-checks.


