  Determining projects to restore...
  All projects are up-to-date for restore.
  Epic.OnlineServices -> C:\Users\orsin\OneDrive\Desktop\ThanTrick\Trackstorm\third_party\eos\bin\Debug\net10.0\Epic.OnlineServices.dll
  Trackstorm.Core -> C:\Users\orsin\OneDrive\Desktop\ThanTrick\Trackstorm\code\Core\bin\Debug\net10.0\Trackstorm.Core.dll
  Trackstorm.Client -> C:\Users\orsin\OneDrive\Desktop\ThanTrick\Trackstorm\.godot\mono\temp\bin\Debug\Trackstorm.Client.dll
  Trackstorm.Transport.Tests -> C:\Users\orsin\OneDrive\Desktop\ThanTrick\Trackstorm\code\TransportTests\bin\Debug\net10.0\Trackstorm.Transport.Tests.dll
Test run for C:\Users\orsin\OneDrive\Desktop\ThanTrick\Trackstorm\code\TransportTests\bin\Debug\net10.0\Trackstorm.Transport.Tests.dll (.NETCoreApp,Version=v10.0)
A total of 1 test files matched the specified pattern.
NUnit Adapter 5.0.0.0: Test execution started
Running all tests in C:\Users\orsin\OneDrive\Desktop\ThanTrick\Trackstorm\code\TransportTests\bin\Debug\net10.0\Trackstorm.Transport.Tests.dll
   NUnit3TestExecutor discovered 427 of 428 NUnit test cases using Current Discovery mode, Non-Explicit run
  Passed CombatUsesSharedScoredAttributionAndOneRowPerDeath(ulong.MinValue,"collision",True,"Victim died") [466 ms]
  Passed CombatUsesSharedScoredAttributionAndOneRowPerDeath(2UL,"missile",True,"Victim died") [2 ms]
  Passed CombatUsesSharedScoredAttributionAndOneRowPerDeath(1UL,"missile",True,"Killer killed Victim with Missile") [15 ms]
  Passed CombatUsesSharedScoredAttributionAndOneRowPerDeath(1UL,"collision",True,"Killer killed Victim") [5 ms]
  Passed CombatUsesSharedScoredAttributionAndOneRowPerDeath(1UL,"missile",False,"Victim died") [< 1 ms]
  Passed ExpiryIsIndependentAndBurstsEvictOldestWithoutWaitingForRendering [19 ms]
  Passed FilteringIsAllowlistedAndNeverLeaksDiagnosticFields [< 1 ms]
  Passed InactiveFeedConsumesNothingAndMatchEndHasPlayerWording [26 ms]
  Passed PresenceUsesCapturedNamesAndOnlyCommittedTransitions [5 ms]
  Passed ReplicaDeduplicationAndRebindingNeverReplayHistory [5 ms]
  Passed CategoriesRouteExplicitly [1 ms]
  Passed CooldownConsumesDuplicatesAndFloods [< 1 ms]
  Passed EngineCrossfadeIsContinuous [7 ms]
  Passed ItemsInitializeAndDeduplicate [28 ms]
  Passed MachineGunSoundsEachNewRoundButNeverDuplicateOrSeededPublications [1 ms]
  Passed MatchFeedbackUsesAuthoritativeTransitions [1 ms]
  Passed PlaylistCyclesAndResets [10 ms]
  Passed SalvoNextShotCapabilityDoesNotSoundLikeAnotherPickup [4 ms]
  Passed SettingsGainBounds [1 ms]
  Passed VehicleFeedbackIsOncePerBoundary [3 ms]
  Passed LateRenewalAndServiceOutageFailClosed [12 ms]
  Passed ObserverRequiresFreshReadAfterEveryActivation [1 ms]
  Passed RetiredRenewalCannotReviveAndSuccessorRejectsOldToken(0) [3 ms]
  Passed RetiredRenewalCannotReviveAndSuccessorRejectsOldToken(2.9d) [< 1 ms]
  Passed RetiredRenewalCannotReviveAndSuccessorRejectsOldToken(3) [< 1 ms]
  Passed RetiredRenewalCannotReviveAndSuccessorRejectsOldToken(10) [< 1 ms]
  Passed BoostIsBoundedSmoothAndReturnsToRoadSpeedFeedback(30) [1 ms]
  Passed BoostIsBoundedSmoothAndReturnsToRoadSpeedFeedback(60) [< 1 ms]
  Passed BoostIsBoundedSmoothAndReturnsToRoadSpeedFeedback(144) [< 1 ms]
  Passed RepeatedUseCannotStackAndResetClearsAllFeedback [1 ms]
  Passed OrbitAndReturnAreIndependentOfRenderRate(30) [< 1 ms]
  Passed OrbitAndReturnAreIndependentOfRenderRate(60) [< 1 ms]
  Passed OrbitAndReturnAreIndependentOfRenderRate(144) [< 1 ms]
  Passed OrbitRemainsBoundedAndResetClearsBothAxes [< 1 ms]
  Passed AccelerationAndBrakingHaveOppositeWeight [8 ms]
  Passed RenderRatesAndRotatedHeadingAgree [1 ms]
  Passed ResetClearsInertiaAndFeedback [1 ms]
  Passed ShakeIsBoundedAndDecays [2 ms]
  Passed ShakeTrajectoryIsBoundedAndRenderRateIndependent [1 ms]
  Passed TurningAndSlipAreBounded(-1) [< 1 ms]
  Passed TurningAndSlipAreBounded(1) [< 1 ms]
  Passed CircusProjectionUpdatesCategoriesInPlaceAndDoesNotReplayInitialAwards [27 ms]
  Passed HealthFormattingAndNormalization [1 ms]
  Passed NonCircusModeClearsCircusPresentationAndNextMatchStartsWithoutFeedback [< 1 ms]
  Passed ResourceAdaptersRetainExistingSemanticsWithoutInventingCapacity [3 ms]
  Passed ResourcesBelongToPhysicalSlotsAndDisappearWithOccupancy [1 ms]
  Passed SalvoShowsIndependentRemainingShotsInBothSlots [1 ms]
  Passed SnapshotChangesAndItemMappingAreReadOnly [2 ms]
  Passed SpeedUnitsAndVisualScale [< 1 ms]
  Passed TimerUsesAuthoritativeTimeAcrossCountdownJoinRecoveryAndFinish [32 ms]
  Passed CorrectionDecayIsIndependentOfRenderRate [1 ms]
  Passed CorrectionThresholds(0.0f,0.0f,0) [< 1 ms]
  Passed CorrectionThresholds(0.005f,0.0f,0) [< 1 ms]
  Passed CorrectionThresholds(0.01f,0.0f,0) [< 1 ms]
  Passed CorrectionThresholds(0.5f,0.5f,0) [< 1 ms]
  Passed CorrectionThresholds(3.0f,0.0f,1) [< 1 ms]
  Passed CorrectionThresholds(20.0f,0.0f,1) [< 1 ms]
  Passed ApplyRejectsInvalidDraftWithoutMutation("vehicle.mass","not a number") [12 ms]
  Passed ApplyRejectsInvalidDraftWithoutMutation("vehicle.mass","-1") [5 ms]
  Passed ApplyRejectsInvalidDraftWithoutMutation("vehicle.mass","NaN") [1 ms]
  Passed ApplyRejectsInvalidDraftWithoutMutation("match.minimum_players","1.5") [1 ms]
  Passed CategoryResetAndUnrelatedEditsCommitTogetherThroughAuthority [15 ms]
  Passed CategoryResetPreservesOtherDraftsAndCoversTheWholeCategory [32 ms]
  Passed DefaultsAndDirtyStateUseActualConfigurationValues [5 ms]
  Passed DiscardRestoresCurrentAuthorityWithoutMutationOrPersistence [37 ms]
  Passed HostStorageUsesProductionDefaultsForAbsentAndMissingValues [13 ms]
  Passed ImportAcquisitionEnforcesByteBoundAndStrictUtf8 [17 ms]
  Passed ImportAcquisitionReadsFreshBytesAndReleasesTheFile [15 ms]
  Passed ImportedKeysRemainExplicitAcrossExternalEditsWhileUnlistedFieldsConverge [5 ms]
  Passed MalformedSavedTuningPreservesReleaseFallbacksAndValidOverrides [77 ms]
  Passed ResetDoesNotOmitDefaultsMatchingAnOutdatedEditorBaseline [4 ms]
  Passed ResetStagesProductionDefaultsUntilApplyThenReplacesPersistedTuning [34 ms]
  Passed UnchangedAcceptedSettingsCanRetryFailedPersistence [43 ms]
  Passed UnsupportedSavedTuningPreservesFileAndUsesReleaseDefaults(False) [10 ms]
  Passed UnsupportedSavedTuningPreservesFileAndUsesReleaseDefaults(True) [34 ms]
  Passed AveragesFrameTimeAndHoldsCompletedWindow [1 ms]
  Passed FormatsLifecycle(Connected,0,"Ping  0 ms") [5 ms]
  Passed FormatsLifecycle(Connected,45,"Ping  45 ms") [< 1 ms]
  Passed FormatsLifecycle(Connected,60000,"Ping  60000 ms") [< 1 ms]
  Passed FormatsLifecycle(Connected,int.MaxValue,"Ping  --") [< 1 ms]
  Passed FormatsLifecycle(Connected,null,"Ping  --") [< 1 ms]
  Passed FormatsLifecycle(Connected,-1,"Ping  --") [< 1 ms]
  Passed FormatsLifecycle(Connecting,45,"Ping  connecting") [< 1 ms]
  Passed FormatsLifecycle(Reconnecting,45,"Ping  reconnecting") [< 1 ms]
  Passed FormatsLifecycle(Disconnected,45,"Ping  disconnected") [< 1 ms]
  Passed FormatsLifecycle(Unavailable,45,"Ping  --") [< 1 ms]
  Passed IndependentVisibilityAndFiniteOutput [1 ms]
  Passed SteadyFrames(30) [< 1 ms]
  Passed SteadyFrames(60) [2 ms]
  Passed SteadyFrames(144) [< 1 ms]
  Passed ClearsExpiredIdentity [7 ms]
  Passed CreatesEmbeddedClientConfigurationWithoutAFile [3 ms]
  Passed GuardsDuplicateOperationsAndCompletesLogout [4 ms]
  Passed HandlesLogoutFailure [< 1 ms]
  Passed HandlesMissingNativeLibrary [2 ms]
  Passed InvalidExplicitOverrideIsActionable [1 ms]
  Passed KeepsOnlineIdentityOutsideCoreAndRedactsDiagnostics [2 ms]
  Passed RedactsMalformedAndUnknownConfigurationFields [9 ms]
  Passed RejectsInvalidConfiguration("Environment","production") [7 ms]
  Passed RejectsInvalidConfiguration("DeploymentName","unsafe\nlabel") [3 ms]
  Passed RejectsInvalidConfiguration("ProductId","") [< 1 ms]
  Passed RejectsInvalidConfiguration("SandboxId","<sandbox>") [< 1 ms]
  Passed RejectsInvalidConfiguration("DeploymentId"," ") [< 1 ms]
  Passed RejectsInvalidConfiguration("ClientId","invalid client") [< 1 ms]
  Passed RejectsInvalidConfiguration("ClientSecret","private\nsecret") [< 1 ms]
  Passed RejectsLateCallbacksAcrossReplacementAndDisposal [1 ms]
  Passed RemovesOnlyReleasedOwnersCallbackRegistrations [9 ms]
  Passed TimesOutWithoutRetainingIdentityOrPlatform [1 ms]
  Passed ValidatesSdkLimitsAndNulls [1 ms]
  Passed ExplicitEnvironmentOverrideWins [6 ms]
  Passed FailuresAndSignedOutStateExplainRecovery [1 ms]
  Passed OnlyAuthenticatedCoordinatorEnablesHosting [< 1 ms]
  Passed PendingHandlesSurviveConsumerCancellationAndReleaseExactlyOnce [1 ms]
  Passed RepeatedOperationsDoNotDropEarlierPendingOwnership [< 1 ms]
  Passed BoundsPollAndDisconnectsOnUnconsumedQueueOverflow(Reliable) [33 ms]
  Passed BoundsPollAndDisconnectsOnUnconsumedQueueOverflow(Unreliable) [2 ms]
  Passed CarriesLobbyReadyStartAndReturn [76 ms]
  Passed DeveloperAuthorityAndConfigurationSurviveSuccessiveMigrations [1 s]
  Passed EnforcesCapacityAndConnectionDeadline [16 ms]
  Passed EvictsIncompleteUnreliableAssembliesWithoutBlockingProgress [3 ms]
  Passed ExpiresIncompleteMessagesWithoutAllowingLateRestart [5 ms]
FAKE NATIVE, 10 simulated seconds, players=2, projectiles=False; host sent=209, received=600, mean packet=504.1B, peak=1170B, peak gateway poll=0.128ms; RTT/loss and SDK Tick NOT measured

  Passed FragmentsReordersDropsAndBoundsPayloads [129 ms]
  Passed FreshActiveJoinUsesEosCheckpointAndActivationPath [80 ms]
  Passed InterleavesMaximumUnreliableMessagesExactlyOnce [371 ms]
  Passed LargeReliableBoundaryUsesProductionEosFramingWithoutExceedingNativeQueue [208 ms]
  Passed MapsCapabilitiesDeliveryAndFailures [5 ms]
  Passed MeasuresVehicleTrafficThroughEosFraming(2,False,False) [208 ms]
FAKE NATIVE, 10 simulated seconds, players=8, projectiles=False; host sent=2877, received=4200, mean packet=938.7B, peak=1170B, peak gateway poll=8.934ms; RTT/loss and SDK Tick NOT measured

FAKE NATIVE, 10 simulated seconds, players=2, projectiles=False; host sent=409, received=600, mean packet=357.8B, peak=1170B, peak gateway poll=1.546ms; RTT/loss and SDK Tick NOT measured

FAKE NATIVE, 10 simulated seconds, players=8, projectiles=False; host sent=4277, received=4200, mean packet=698.5B, peak=1170B, peak gateway poll=5.317ms; RTT/loss and SDK Tick NOT measured

  Passed MeasuresVehicleTrafficThroughEosFraming(8,False,False) [825 ms]
  Passed MeasuresVehicleTrafficThroughEosFraming(2,True,False) [241 ms]
  Passed MeasuresVehicleTrafficThroughEosFraming(8,True,False) [977 ms]
FAKE NATIVE, 10 simulated seconds, players=2, projectiles=True; host sent=979, received=600, mean packet=231.4B, peak=1170B, peak gateway poll=1.899ms; RTT/loss and SDK Tick NOT measured

FAKE NATIVE, 10 simulated seconds, players=8, projectiles=True; host sent=8323, received=4214, mean packet=546.8B, peak=1170B, peak gateway poll=7.717ms; RTT/loss and SDK Tick NOT measured

  Passed MeasuresVehicleTrafficThroughEosFraming(2,True,True) [287 ms]
  Passed MeasuresVehicleTrafficThroughEosFraming(8,True,True) [1 s]
  Passed MigratesLobbyAndActiveMatchThroughProductionFraming(False,True,False,False,False) [446 ms]
  Passed MigratesLobbyAndActiveMatchThroughProductionFraming(True,True,False,False,False) [1 s]
  Passed MigratesLobbyAndActiveMatchThroughProductionFraming(True,False,False,False,False) [126 ms]
  Passed MigratesLobbyAndActiveMatchThroughProductionFraming(True,True,True,False,False) [396 ms]
  Passed MigratesLobbyAndActiveMatchThroughProductionFraming(True,True,True,True,False) [434 ms]
  Passed MigratesLobbyAndActiveMatchThroughProductionFraming(False,True,False,False,True) [135 ms]
  Passed MigratesLobbyAndActiveMatchThroughProductionFraming(True,True,False,False,True) [832 ms]
  Passed MigratesLobbyAndActiveMatchThroughProductionFraming(True,False,False,False,True) [84 ms]
  Passed MigrationRestoresCheckpointConfigurationAfterUncheckpointedTuning [492 ms]
  Passed MigrationRoutingRequiresAcceptedCheckpoint("peer") [17 ms]
  Passed MigrationRoutingRequiresAcceptedCheckpoint("unreliable") [8 ms]
  Passed MigrationRoutingRequiresAcceptedCheckpoint("epoch") [15 ms]
  Passed MigrationRoutingRequiresAcceptedCheckpoint("sequence") [11 ms]
  Passed MigrationRoutingRequiresAcceptedCheckpoint("corrupt") [14 ms]
  Passed ReconnectsArenaWithOneVehicleAndFreshCheckpoint [139 ms]
  Passed RejectsStaleCallbacksMembershipAndCredential [5 ms]
  Passed RejectsWrongSessionAndMalformedFragments [1 ms]
  Passed RepeatedCyclesRejectOldPacketsAndMemberDeparture(Reliable) [8 ms]
  Passed RepeatedCyclesRejectOldPacketsAndMemberDeparture(Unreliable) [1 ms]
  Passed ReversedProductionVehicleAndPropMessagesBothAdvance [8 ms]
  Passed SamplesLatencyExpiresAndRejectsRetiredReplies [6 ms]
  Passed TrustedLeaseCrashMigrationAndFormerHostRetention(False) [31 ms]
  Passed TrustedLeaseCrashMigrationAndFormerHostRetention(True) [674 ms]
  Passed TrustedLeaseOutageFailsClosedAtBothPeers [224 ms]
  Passed TrustedLeaseP2pPartitionPreservesHealthyHost [287 ms]
  Passed TwoPlayerArenaRestoresLatestSafeCheckpoint("valid") [174 ms]
  Passed TwoPlayerArenaRestoresLatestSafeCheckpoint("stale") [111 ms]
  Passed TwoPlayerArenaRestoresLatestSafeCheckpoint("future") [120 ms]
  Passed TwoPlayerArenaRestoresLatestSafeCheckpoint("corrupt") [104 ms]
  Passed TwoPlayerArenaRestoresLatestSafeCheckpoint("wrong-epoch") [106 ms]
  Passed TwoPlayerArenaRestoresLatestSafeCheckpoint("finished-observed") [151 ms]
  Passed TwoPlayerFormerHostResumesAndMigratesAgain [899 ms]
  Passed TwoPlayerLobbyMigrationFencesOldHost("leave") [22 ms]
  Passed TwoPlayerLobbyMigrationFencesOldHost("crash") [19 ms]
  Passed TwoPlayerLobbyMigrationFencesOldHost("partition") [21 ms]
  Passed TwoPlayerLobbyMigrationFencesOldHost("pause") [17 ms]
  Passed TwoPlayerLongPartitionThenConfirmedHostLossRejectsExpiredCheckpoint [142 ms]
  Passed TwoPlayerMissingCheckpointFailsClosed [18 ms]
  Passed TwoPlayerP2pPartitionCannotGrantAuthority [487 ms]
  Passed TwoPlayerRosterExpansionCannotLeaveTwoAuthorities(False) [218 ms]
  Passed TwoPlayerRosterExpansionCannotLeaveTwoAuthorities(True) [202 ms]
  Passed TwoPlayerTransientLossRetainsEpoch(False) [232 ms]
  Passed TwoPlayerTransientLossRetainsEpoch(True) [295 ms]
  Passed UnreliableWindowRejectsEvictedDuplicatesAndHandlesWrap(1) [4 ms]
  Passed UnreliableWindowRejectsEvictedDuplicatesAndHandlesWrap(4294967288) [< 1 ms]
  Passed LocalDiagnosticTextIsLiteral [1 ms]
  Passed WordingAndIdentityPositionsRemainExact(Damage,"Applied","Missile took 3.125 damage from Missile (Missile) — HP 96.875/100",2) [1 ms]
  Passed WordingAndIdentityPositionsRemainExact(Healing,"Applied","Missile healed 3.125 from Missile — HP 96.875/100",1) [< 1 ms]
  Passed WordingAndIdentityPositionsRemainExact(Developer,"Setting changed","Missile changed speed: 1 → 3.125",1) [< 1 ms]
  Passed WordingAndIdentityPositionsRemainExact(Lifecycle,"Kill","Missile killed Missile from Missile",2) [< 1 ms]
  Passed WordingAndIdentityPositionsRemainExact(Lifecycle,"Dead","Missile dead from Missile (Missile)",2) [< 1 ms]
  Passed WordingAndIdentityPositionsRemainExact(Item,"Used","Missile Used — Missile — Missile — speed (3.125)",2) [< 1 ms]
  Passed BundledAddressAndOverride [< 1 ms]
  Passed InvalidOverrideFailsClosed("") [< 1 ms]
  Passed InvalidOverrideFailsClosed("http://leases.example.test") [< 1 ms]
  Passed InvalidOverrideFailsClosed("https://user:password@leases.example.test") [< 1 ms]
  Passed InvalidOverrideFailsClosed("https://leases.example.test/?credential=x") [< 1 ms]
  Passed InvalidOverrideFailsClosed("https://leases.example.test/#fragment") [< 1 ms]
  Passed InvalidOverrideFailsClosed(" https://leases.example.test") [< 1 ms]
  Passed EmbeddedBundledAddress [1 ms]
  Passed EightRowsShareRankAndVisibilityWithHud [19 ms]
  Passed FinishedPresentationUsesFrozenParticipantsRatherThanRebuildingRanks [1 ms]
  Passed InvalidDiagnosticsCannotReplaceAcceptedSamples [1 ms]
  Passed MigrationRejectsRetiredEpochAndUsesCurrentHost [< 1 ms]
  Passed OfflineRowsSurviveResultsAndReactivateWithoutDuplicateOrReset [6 ms]
  Passed PingPublicationExpiresRejectsOldRosterAndResamplesRebind [1 ms]
  Passed EveryCategoryReturnsThroughSettingsAndGame [5 ms]
  Passed MainMenuSettingsReturnToTheirCallerAndInvalidTransitionsDoNothing [< 1 ms]
Reliable=100/100; unreliable=76/100; ping=83ms; incoming loss=0.26666665; outgoing loss=

  Passed AdversePacketsPreserveReliableOrderAndExposeDiagnostics [5 s]
  Passed ConnectionAndEstablishedTimeoutsReleaseResources [12 s]
  Passed HostAndSevenClientsRejectExcessAndReconnect [96 ms]
  Passed OccupiedListenerReportsBindErrorAndCanRecoverAfterOwnerCloses [2 ms]
  Passed RejectsInvalidOperationsAndBoundsReceiveQueue [83 ms]
  Passed RepeatedHostJoinAndStopReleasesListenerAndPeers [168 ms]
CORRECTION tick=78; vehicle=3; error=0.1331; scheduleLag=0.0018; age=0.0005; pending=8; clientAck=58; authorityAck=62; hostTick=79; snapshotTick=75
prediction-limited client ticks=0; during probe window plus 0.5s drain=0; elsewhere=0
delivered stale probes=60; controlled dropped snapshots=4; native loss is configured, not individually observable
delivered stale probes=60; controlled dropped snapshots=4; native loss is configured, not individually observable
delivered stale probes=60; controlled dropped snapshots=4; native loss is configured, not individually observable
delivered stale probes=60; controlled dropped snapshots=4; native loss is configured, not individually observable
delivered stale probes=60; controlled dropped snapshots=4; native loss is configured, not individually observable
delivered stale probes=60; controlled dropped snapshots=4; native loss is configured, not individually observable
delivered stale probes=60; controlled dropped snapshots=4; native loss is configured, not individually observable
startup max=0.1331m; steady p99=0.0000m; steady max=0.0000m; steady >1cm=0; max pending at completion=11
players=8; outbound delay=30ms; jitter=10ms; loss=0%; corrections=1619; p99=0.0000m; max=0.1331m; snapshots/client=230; stale packets rejected

TenMinuteEightPlayerImpairmentSoak: Sustained native soak; run separately from the ordinary fast gate.
  Passed EightPlayerControlledSnapshotLossConverges [12 s]
  Skipped TenMinuteEightPlayerImpairmentSoak [< 1 ms]
prediction-limited client ticks=0; during probe window plus 0.5s drain=0; elsewhere=0
delivered stale probes=60; controlled dropped snapshots=0; native loss is configured, not individually observable
startup max=0.0000m; steady p99=0.0000m; steady max=0.0800m; steady >1cm=1; max pending at completion=5
players=2; outbound delay=0ms; jitter=0ms; loss=0%; corrections=238; p99=0.0000m; max=0.0800m; snapshots/client=239; stale packets rejected

  Passed VehicleLoopConvergesAcrossNetworkConditions(2,0,0,0.0f,0.0f) [12 s]
prediction-limited client ticks=0; during probe window plus 0.5s drain=0; elsewhere=0
delivered stale probes=60; controlled dropped snapshots=0; native loss is configured, not individually observable
startup max=0.0000m; steady p99=0.0000m; steady max=0.0000m; steady >1cm=0; max pending at completion=6
players=2; outbound delay=30ms; jitter=0ms; loss=0%; corrections=237; p99=0.0000m; max=0.0000m; snapshots/client=238; stale packets rejected

  Passed VehicleLoopConvergesAcrossNetworkConditions(2,30,0,0.0f,0.0f) [12 s]
prediction-limited client ticks=0; during probe window plus 0.5s drain=0; elsewhere=0
delivered stale probes=60; controlled dropped snapshots=0; native loss is configured, not individually observable
startup max=0.0000m; steady p99=0.0000m; steady max=0.0000m; steady >1cm=0; max pending at completion=7
players=2; outbound delay=25ms; jitter=5ms; loss=0%; corrections=237; p99=0.0000m; max=0.0000m; snapshots/client=238; stale packets rejected

  Passed VehicleLoopConvergesAcrossNetworkConditions(2,25,5,0.0f,0.0f) [12 s]
prediction-limited client ticks=0; during probe window plus 0.5s drain=0; elsewhere=0
delivered stale probes=60; controlled dropped snapshots=0; native loss is configured, not individually observable
startup max=0.0000m; steady p99=0.0000m; steady max=0.0454m; steady >1cm=1; max pending at completion=12
players=2; outbound delay=50ms; jitter=10ms; loss=0%; corrections=234; p99=0.0000m; max=0.0454m; snapshots/client=235; stale packets rejected

  Passed VehicleLoopConvergesAcrossNetworkConditions(2,50,10,0.0f,0.0f) [12 s]
prediction-limited client ticks=0; during probe window plus 0.5s drain=0; elsewhere=0
delivered stale probes=60; controlled dropped snapshots=0; native loss is configured, not individually observable
startup max=0.0729m; steady p99=0.0000m; steady max=0.0000m; steady >1cm=0; max pending at completion=5
players=2; outbound delay=0ms; jitter=0ms; loss=2%; corrections=232; p99=0.0000m; max=0.0729m; snapshots/client=233; stale packets rejected

  Passed VehicleLoopConvergesAcrossNetworkConditions(2,0,0,2.0f,0.0f) [12 s]
CORRECTION tick=113; vehicle=8; error=0.1143; scheduleLag=0.0014; age=0.0001; pending=7; clientAck=58; authorityAck=61; hostTick=114; snapshotTick=111
CORRECTION tick=449; vehicle=2; error=0.1707; scheduleLag=0.0003; age=0.0001; pending=8; clientAck=429; authorityAck=432; hostTick=450; snapshotTick=447
CORRECTION tick=548; vehicle=3; error=0.1089; scheduleLag=0.0021; age=0.0001; pending=8; clientAck=527; authorityAck=530; hostTick=549; snapshotTick=546
prediction-limited client ticks=0; during probe window plus 0.5s drain=0; elsewhere=0
delivered stale probes=59; controlled dropped snapshots=0; native loss is configured, not individually observable
delivered stale probes=57; controlled dropped snapshots=0; native loss is configured, not individually observable
delivered stale probes=57; controlled dropped snapshots=0; native loss is configured, not individually observable
delivered stale probes=59; controlled dropped snapshots=0; native loss is configured, not individually observable
delivered stale probes=59; controlled dropped snapshots=0; native loss is configured, not individually observable
delivered stale probes=58; controlled dropped snapshots=0; native loss is configured, not individually observable
delivered stale probes=60; controlled dropped snapshots=0; native loss is configured, not individually observable
startup max=0.1143m; steady p99=0.0000m; steady max=0.1707m; steady >1cm=2; max pending at completion=14
players=8; outbound delay=30ms; jitter=10ms; loss=2%; corrections=1574; p99=0.0000m; max=0.1707m; snapshots/client=212; stale packets rejected

  Passed VehicleLoopConvergesAcrossNetworkConditions(8,30,10,2.0f,0.0f) [12 s]
CORRECTION tick=67; vehicle=2; error=0.1021; scheduleLag=0.0013; age=0.0001; pending=6; clientAck=48; authorityAck=50; hostTick=68; snapshotTick=66
prediction-limited client ticks=0; during probe window plus 0.5s drain=0; elsewhere=0
delivered stale probes=60; controlled dropped snapshots=0; native loss is configured, not individually observable
startup max=0.1021m; steady p99=0.0000m; steady max=0.0000m; steady >1cm=0; max pending at completion=8
players=2; outbound delay=30ms; jitter=10ms; loss=2%; corrections=229; p99=0.0000m; max=0.1021m; snapshots/client=232; stale packets rejected

  Passed VehicleLoopConvergesAcrossNetworkConditions(2,30,10,2.0f,10.0f) [12 s]
CORRECTION tick=123; vehicle=8; error=0.1031; scheduleLag=0.0001; age=0.0001; pending=9; clientAck=59; authorityAck=63; hostTick=124; snapshotTick=120
prediction-limited client ticks=0; during probe window plus 0.5s drain=0; elsewhere=0
delivered stale probes=54; controlled dropped snapshots=0; native loss is configured, not individually observable
delivered stale probes=59; controlled dropped snapshots=0; native loss is configured, not individually observable
delivered stale probes=60; controlled dropped snapshots=0; native loss is configured, not individually observable
delivered stale probes=59; controlled dropped snapshots=0; native loss is configured, not individually observable
delivered stale probes=59; controlled dropped snapshots=0; native loss is configured, not individually observable
delivered stale probes=59; controlled dropped snapshots=0; native loss is configured, not individually observable
delivered stale probes=59; controlled dropped snapshots=0; native loss is configured, not individually observable
startup max=0.0428m; steady p99=0.0000m; steady max=0.1031m; steady >1cm=3; max pending at completion=9
players=8; outbound delay=30ms; jitter=10ms; loss=2%; corrections=1579; p99=0.0000m; max=0.1031m; snapshots/client=214; stale packets rejected

  Passed VehicleLoopConvergesAcrossNetworkConditions(8,30,10,2.0f,10.0f) [12 s]
  Passed ActiveMatchUsesNormalDiscoveryAndAutomaticAccessGate(Public) [40 ms]
  Passed ActiveMatchUsesNormalDiscoveryAndAutomaticAccessGate(Locked) [371 ms]
  Passed ActualMembershipDepartureDisconnectsAdmittedMember(Left,Public) [5 ms]
  Passed ActualMembershipDepartureDisconnectsAdmittedMember(Kicked,Public) [< 1 ms]
  Passed ActualMembershipDepartureDisconnectsAdmittedMember(Disconnected,Public) [< 1 ms]
  Passed ActualMembershipDepartureDisconnectsAdmittedMember(Left,Locked) [380 ms]
  Passed ActualMembershipDepartureDisconnectsAdmittedMember(Kicked,Locked) [399 ms]
  Passed ActualMembershipDepartureDisconnectsAdmittedMember(Disconnected,Locked) [418 ms]
  Passed AdmissionAndRenamePreserveAuthority(Public) [3 ms]
  Passed AdmissionAndRenamePreserveAuthority(Locked) [311 ms]
  Passed BrowserBypassCannotAllocateAuthoritativePlayer(Public) [3 ms]
  Passed BrowserBypassCannotAllocateAuthoritativePlayer(Locked) [305 ms]
  Passed BrowserFiltersOrdersAndReplacesRenames [77 ms]
  Passed BrowserVersionGatePrecedesMembershipAndCredentials(Public) [3 ms]
  Passed BrowserVersionGatePrecedesMembershipAndCredentials(Locked) [187 ms]
  Passed CanceledCreateRetainsFailedCleanupForRetry [1 ms]
  Passed CapacityIsEightIncludingHost [6 ms]
  Passed ClassifiesNativeMemberStatus(Joined,False,Joined,False) [< 1 ms]
  Passed ClassifiesNativeMemberStatus(Promoted,False,Ownership,False) [< 1 ms]
  Passed ClassifiesNativeMemberStatus(Left,False,Departed,True) [< 1 ms]
  Passed ClassifiesNativeMemberStatus(Kicked,False,Departed,True) [< 1 ms]
  Passed ClassifiesNativeMemberStatus(Disconnected,False,Departed,True) [< 1 ms]
  Passed ClassifiesNativeMemberStatus(Left,True,Closure,True) [< 1 ms]
  Passed ClassifiesNativeMemberStatus(Kicked,True,Closure,True) [< 1 ms]
  Passed ClassifiesNativeMemberStatus(Disconnected,True,Closure,True) [< 1 ms]
  Passed ClassifiesNativeMemberStatus(Closed,False,Closure,False) [< 1 ms]
  Passed ClientRequiresDiscoveredSessionBeforeAssigningPlayerId [3 ms]
  Passed CrashedFormerHostResolvesTrustedRouteWhileEosRemainsStale(Public) [396 ms]
  Passed CrashedFormerHostResolvesTrustedRouteWhileEosRemainsStale(Locked) [570 ms]
  Passed CredentialsRemainOutOfPresentationAndDiagnostics [388 ms]
  Passed DelayedSavedLookupPrecedesFreshAdmission(False) [5 ms]
  Passed DelayedSavedLookupPrecedesFreshAdmission(True) [8 ms]
  Passed DirectIpVersionRejectionReachesClientWithoutBootstrap(3) [2 ms]
  Passed DirectIpVersionRejectionReachesClientWithoutBootstrap(5) [< 1 ms]
  Passed EosRetirementFreezesArenaBeforeLeaseRelease [229 ms]
  Passed EosRetirementStopsHealthyLeaseAndAllowsOneSuccessor(False,False) [33 ms]
  Passed EosRetirementStopsHealthyLeaseAndAllowsOneSuccessor(False,True) [40 ms]
  Passed EosRetirementStopsHealthyLeaseAndAllowsOneSuccessor(True,False) [61 ms]
  Passed EosRetirementStopsHealthyLeaseAndAllowsOneSuccessor(True,True) [70 ms]
  Passed ExpiredAuthorityCannotBeRenewedByLateServiceCallback [< 1 ms]
  Passed FailedCloseCanBeRetriedWithoutLeakingLobby [79 ms]
  Passed FirstObservationAfterOutageCannotRestorePrePartitionCheckpoint [31 ms]
  Passed FormerHostResumesThroughProviderAndCoreWithoutPassword(Public,False) [12 ms]
  Passed FormerHostResumesThroughProviderAndCoreWithoutPassword(Public,True) [23 ms]
  Passed FormerHostResumesThroughProviderAndCoreWithoutPassword(Locked,False) [239 ms]
  Passed FormerHostResumesThroughProviderAndCoreWithoutPassword(Locked,True) [242 ms]
  Passed FreshAdmissionWaitsForPendingStartupLookup(True) [7 ms]
  Passed FreshAdmissionWaitsForPendingStartupLookup(False) [3 ms]
  Passed HealthyCompositionRenewsOnlyHostAndRecoversTemporaryCoordinationDelay [131 ms]
  Passed HostKickRemovesBindingPublishesReasonAndRejectsRejoinUntilDisconnect [2 ms]
  Passed IncompleteFreshBootstrapDoesNotSaveResumeLocator [1 ms]
  Passed LateCreateAndSearchAreRejected [< 1 ms]
  Passed LateJoinRenameAndDuplicateCompletionAreInert [< 1 ms]
  Passed LateNotificationFromPreviousVisitIsRejected [< 1 ms]
  Passed LockedSessionRemainsStableAcrossProofRefreshesPastThirtySeconds [258 ms]
  Passed MatchLongResumeUsesAuthenticatedIdentityAndRetainsOneMapping(Public) [4 ms]
  Passed MatchLongResumeUsesAuthenticatedIdentityAndRetainsOneMapping(Locked) [307 ms]
  Passed MemberLeaveUsesExistingAuthorityRemovalAndRejoinGetsFreshId [< 1 ms]
  Passed MembershipJoinRefreshCannotTearDownUnrelatedAdmittedMember(Public,False) [3 ms]
  Passed MembershipJoinRefreshCannotTearDownUnrelatedAdmittedMember(Public,True) [< 1 ms]
  Passed MembershipJoinRefreshCannotTearDownUnrelatedAdmittedMember(Locked,False) [224 ms]
  Passed MembershipJoinRefreshCannotTearDownUnrelatedAdmittedMember(Locked,True) [237 ms]
  Passed MenuAbandonmentRequiresConfirmationAndPreservesHistory(Public,False) [23 ms]
  Passed MenuAbandonmentRequiresConfirmationAndPreservesHistory(Locked,False) [231 ms]
  Passed MenuAbandonmentRequiresConfirmationAndPreservesHistory(Locked,True) [274 ms]
  Passed MetadataRefreshCannotTearDownAdmittedMember(Public) [1 ms]
  Passed MetadataRefreshCannotTearDownAdmittedMember(Locked) [234 ms]
  Passed MissingStartupLobbyClearsHintWithoutMembershipOrOfflineStatus [4 ms]
  Passed MissingVersionRemainsVisibleButCannotJoin [< 1 ms]
  Passed NamesValidateAtCreateAndRename [1 ms]
  Passed OrdinaryArenaDeparturePreservesManualResumeUntilReturn(False) [11 ms]
  Passed OrdinaryArenaDeparturePreservesManualResumeUntilReturn(True) [12 ms]
  Passed OrdinaryClientRestartsAfterLaterMigrationWithStaleEosRouting(Public) [1 s]
  Passed OrdinaryClientRestartsAfterLaterMigrationWithStaleEosRouting(Locked) [1 s]
  Passed ProductionObservationStopsOnRecoveryAndRestartsForTrueCrash [353 ms]
  Passed PromotionRefreshCannotTearDownAdmittedMember(Public) [2 ms]
  Passed PromotionRefreshCannotTearDownAdmittedMember(Locked) [228 ms]
  Passed ProviderPromotionDoesNotGrantGameplayAuthority [1 ms]
  Passed ProviderUpdatesCannotRegressMigratedAuthorityRouting [4 ms]
  Passed RepeatedLifecycleRejectsLateNotificationsAndExpiresCredential [1 s]
  Passed RestartLocatorRejoinsKnownSessionAndEmitsResumeInsteadOfNewAdmission(False) [9 ms]
  Passed RestartLocatorRejoinsKnownSessionAndEmitsResumeInsteadOfNewAdmission(True) [15 ms]
  Passed RestartRoutingFailsClosedAndRetriesWithoutAuthority("outage") [12 ms]
  Passed RestartRoutingFailsClosedAndRetriesWithoutAuthority("self") [8 ms]
  Passed RestartRoutingFailsClosedAndRetriesWithoutAuthority("older") [8 ms]
  Passed RestartRoutingFailsClosedAndRetriesWithoutAuthority("conflict") [13 ms]
  Passed RestartRoutingFailsClosedAndRetriesWithoutAuthority("wrong-locator") [7 ms]
  Passed RestartRoutingFailsClosedAndRetriesWithoutAuthority("expired") [13 ms]
  Passed RestartRoutingFailsClosedAndRetriesWithoutAuthority("malformed-holder") [14 ms]
  Passed RestartRoutingFailsClosedAndRetriesWithoutAuthority("invalid-duration") [12 ms]
  Passed RestartRoutingFailsClosedAndRetriesWithoutAuthority("delayed") [9 ms]
  Passed RestartRoutingFailsClosedAndRetriesWithoutAuthority("cancelled") [9 ms]
  Passed ResumeWireMismatchCannotReclaimAuthority(3,False,Resume) [2 ms]
  Passed ResumeWireMismatchCannotReclaimAuthority(5,False,Resume) [< 1 ms]
  Passed ResumeWireMismatchCannotReclaimAuthority(3,True,Resume) [< 1 ms]
  Passed ResumeWireMismatchCannotReclaimAuthority(5,True,Resume) [< 1 ms]
  Passed ResumeWireMismatchCannotReclaimAuthority(3,True,InspectReservation) [< 1 ms]
  Passed ResumeWireMismatchCannotReclaimAuthority(5,True,InspectReservation) [< 1 ms]
  Passed ResumeWireMismatchCannotReclaimAuthority(3,True,Abandon) [< 1 ms]
  Passed ResumeWireMismatchCannotReclaimAuthority(5,True,Abandon) [< 1 ms]
  Passed RetirementRequiresServiceEventFreshMembershipAndMatchingCohort(Left) [2 ms]
  Passed RetirementRequiresServiceEventFreshMembershipAndMatchingCohort(Kicked) [< 1 ms]
  Passed RetirementRequiresServiceEventFreshMembershipAndMatchingCohort(Disconnected) [< 1 ms]
  Passed ReusedDisplayNameCreatesFreshLobbyAndSession [306 ms]
  Passed SharedConfigurationConvergesRejectsForgedRequestsAndRetainsSessionOwnership [113 ms]
  Passed StaleReservationReturnsToBrowserAfterBoundHostResponse(False) [2 ms]
  Passed StaleReservationReturnsToBrowserAfterBoundHostResponse(True) [2 ms]
  Passed StartupWithoutLocatorNeverRequestsRetainedResume [< 1 ms]
  Passed TimeoutsRejectLateResultsAndPermitRecovery [< 1 ms]
  Passed UnavailableRestartOffersRetryWithoutErasingTheReservationHint [2 ms]
  Passed UnjoinableSelectionsFailCleanly [< 1 ms]
  Passed VersionMismatchPreservesLocatorAndCompatibleRetryReclaimsSamePlayer [25 ms]
  Passed WrongCredentialAndUnboundPeerNeverEnterAuthority [334 ms]
  Passed AcceptRequiresSameJoinableRowWithinBoundAndResetsOnSelectionOrRefresh [3 ms]
  Passed AllCountsRemainDynamic(0) [6 ms]
  Passed AllCountsRemainDynamic(100) [1 ms]
  Passed FiltersCombineWithSearchAndDoNotChangeSource [4 ms]
  Passed MouseDoubleClickCannotJoinAReplacementRowOrSurviveRefresh [< 1 ms]
  Passed HandoffKeepsModeOrderAndNamesWhileConnectivityChanges [1 ms]
  Passed CompressedBoundariesPreserveExactBytesAcrossSingleAndMultiplePackets(False) [63 ms]
  Passed CompressedBoundariesPreserveExactBytesAcrossSingleAndMultiplePackets(True) [72 ms]
  Passed IncompleteTransfersExpireAndStopClearsContinuation [4 ms]
  Passed InvalidOrInconsistentChunksDisconnectWithoutPublishing(0) [3 ms]
  Passed InvalidOrInconsistentChunksDisconnectWithoutPublishing(1) [1 ms]
  Passed InvalidOrInconsistentChunksDisconnectWithoutPublishing(2) [3 ms]
  Passed InvalidOrInconsistentChunksDisconnectWithoutPublishing(3) [1 ms]
  Passed LargeBoundaryIsAtomicPacedAndPreservesFollowingReliableOrder [28 ms]
  Passed MalformedCompressionCannotPublishOrAllocateBeyondTheBoundary(0) [< 1 ms]
  Passed MalformedCompressionCannotPublishOrAllocateBeyondTheBoundary(1) [10 ms]
  Passed MalformedCompressionCannotPublishOrAllocateBeyondTheBoundary(2) [< 1 ms]
  Passed StalledCheckpointBoundsReliableBacklogWhileMotionRemainsIndependent [4 ms]
  Passed LifeChangesDoNotInterpolate [1 ms]
  Passed PresentationClockIsMonotonicAndHoldsAtLatest [1 ms]
  Passed SamplesAndClamps(0,0) [< 1 ms]
  Passed SamplesAndClamps(10,0) [< 1 ms]
  Passed SamplesAndClamps(15,5) [< 1 ms]
  Passed SamplesAndClamps(20,10) [< 1 ms]
  Passed SamplesAndClamps(30,10) [< 1 ms]
  Passed StableStreamAvoidsFixedHundredMillisecondDelayAndRecoversAfterStall [1 ms]
  Passed LoadsOnlyCurrentBoundedRoutingState [37 ms]
  Passed ApplicationFailureCannotBypassSuccessfulCompletion [1 ms]
  Passed FailureRetryReplaysOwningPhase(FrontendDependencies,Preloader) [1 ms]
  Passed FailureRetryReplaysOwningPhase(FrontendSetup,FrontendLoading) [1 ms]
  Passed FailureRetryReplaysOwningPhase(ApplicationInitialization,FrontendLoading) [< 1 ms]
  Passed InvalidTransitionsAreRejected [1 ms]
  Passed StartupUsesRequiredDeterministicOrder [< 1 ms]
  Passed MissingStateAndExpiredDeadlinesAreExplicit [2 ms]
  Passed RefreshReflectsDeathAndRespawnDeadline [< 1 ms]
  Passed ReportsSnapshotWithoutExposingTokensOrDamageContext [1 ms]
  Passed SearchPreservesValuesAndMatchesLabelsCategoriesAndUnavailableState [6 ms]
  Passed ConvertsTimeoutRejectionAndUnknownFailures [< 1 ms]
  Passed RoutesReliableAndUnreliableIndependently [3 ms]
  Passed HostDoesNotDisplayArbitraryClientPing [1 ms]
  Passed HudAndLeaderboardSharePublishedPing(0) [2 ms]
  Passed HudAndLeaderboardSharePublishedPing(123) [< 1 ms]
  Passed HudAndLeaderboardSharePublishedPing(60000) [< 1 ms]
  Passed HudAndLeaderboardSharePublishedPing(null) [< 1 ms]
  Passed ProjectsCurrentSessionAndInvalidatesReplacement("EOS P2P") [1 ms]
  Passed ProjectsCurrentSessionAndInvalidatesReplacement("Direct-IP") [< 1 ms]
  Passed ActiveJoinBootstrapsWithoutChangingExistingWorldAndActivatesOnce(False) [55 ms]
delay ticks=2; holds=0; peak pending=18; input transit/host lag=4; return acknowledgement lag=14; steady max=0.0000; snapshot drops=9/500; input drops=29

delay ticks=3; holds=0; peak pending=19; input transit/host lag=5; return acknowledgement lag=14; steady max=0.0000; snapshot drops=9/500; input drops=29

  Passed ActiveJoinBootstrapsWithoutChangingExistingWorldAndActivatesOnce(True) [56 ms]
  Passed ApplicationResumeReceivesCurrentPhaseAndAcknowledgesSynchronization(False) [34 ms]
  Passed ApplicationResumeReceivesCurrentPhaseAndAcknowledgesSynchronization(True) [45 ms]
  Passed ClusteredSnapshotLossWithInputJitterKeepsPredictionResponsive(2) [309 ms]
  Passed ClusteredSnapshotLossWithInputJitterKeepsPredictionResponsive(3) [260 ms]
  Passed ConfigurationPublicationsAreOrderedIdempotentAndHostOnly [8 ms]
  Passed DelayedFirstSnapshotAdoptsAcknowledgesAndReplaysQueuedInputs [8 ms]
  Passed DelayedFirstSnapshotHistoryExhaustionStopsSession [3 ms]
  Passed DelayedReliableDeathDoesNotRewindRespawn [9 ms]
  Passed DeveloperCapabilitiesAndDiagnosticsExcludeUnsupportedOperationsAndRawIdentity [1 ms]
  Passed DisconnectedLoadingParticipantDoesNotBlockCountdown [31 ms]
  Passed DisposalDetachesOnlyOwnedCallbacksAndPreservesReservations [1 ms]
  Passed DroppedReorderedMotionCannotLoseImpactOrResurrectProjectile [8 ms]
  Passed EntryFailureIsAuthenticatedBeforeAndDuringLoading [4 ms]
  Passed EventReplicationRejectsDuplicatesForgedSendersAndOldGenerations [8 ms]
  Passed EveryConnectedParticipantMustSynchronizeBeforeOneFiveSecondStart(2,False) [47 ms]
  Passed EveryConnectedParticipantMustSynchronizeBeforeOneFiveSecondStart(4,False) [75 ms]
  Passed EveryConnectedParticipantMustSynchronizeBeforeOneFiveSecondStart(4,True) [53 ms]
  Passed FirstSnapshotWaitsForActualHostConfiguration [2 ms]
  Passed HostOwnsMatchAndReliablyInitializesJoiningPlayers [2 ms]
  Passed HostPublishesEveryLifecycleBoundaryReliably [1 ms]
  Passed HostSurvivesNativeSendClosure [1 ms]
  Passed InitialEntryWaitsForCheckpointAndHostRelease(False) [75 ms]
  Passed InitialEntryWaitsForCheckpointAndHostRelease(True) [62 ms]
  Passed InitialSynchronizationHasABoundedFailure [11 ms]
  Passed InterruptedActiveBootstrapLeavesNoGhost(False) [2 ms]
  Passed InterruptedActiveBootstrapLeavesNoGhost(True) [1 ms]
CODEC_ALLOCATION players=2, fullEncodeDecodeBytesPerPair=15300.8, motionEncodeDecodeBytesPerPair=1432; 1000 repetitions; excludes publication construction/native marshalling.

CODEC_ALLOCATION players=8, fullEncodeDecodeBytesPerPair=48543.36, motionEncodeDecodeBytesPerPair=2392; 1000 repetitions; excludes publication construction/native marshalling.

{"players":2,"scenario":"driving","simulatedSeconds":10,"hostAllocations":15037688,"clientAdvanceAllocations":4758360,"rejected":0,"note":"Application payload bytes, deterministic transport/flat observation; allocations include simulation/prediction, not isolated codec cost. Excludes session/migration and native framing.","publications":[{"protocol":"TM-Reliable","bytes":37145,"messages":95,"peak":391},{"protocol":"TS-Unreliable","bytes":96200,"messages":200,"peak":481}]}

{"players":8,"scenario":"driving","simulatedSeconds":10,"hostAllocations":40316880,"clientAdvanceAllocations":48774128,"rejected":0,"note":"Application payload bytes, deterministic transport/flat observation; allocations include simulation/prediction, not isolated codec cost. Excludes session/migration and native framing.","publications":[{"protocol":"TM-Reliable","bytes":882455,"messages":665,"peak":1327},{"protocol":"TS-Unreliable","bytes":2571800,"messages":1400,"peak":1837}]}

{"players":2,"scenario":"missile","simulatedSeconds":10,"hostAllocations":17228384,"clientAdvanceAllocations":5011200,"rejected":0,"note":"Application payload bytes, deterministic transport/flat observation; allocations include simulation/prediction, not isolated codec cost. Excludes session/migration and native framing.","publications":[{"protocol":"TI-Reliable","bytes":8310,"messages":10,"peak":876},{"protocol":"TJ-Unreliable","bytes":32400,"messages":300,"peak":108},{"protocol":"TM-Reliable","bytes":37145,"messages":95,"peak":391},{"protocol":"TS-Unreliable","bytes":96200,"messages":200,"peak":481}]}

{"players":8,"scenario":"missile","simulatedSeconds":10,"hostAllocations":47121296,"clientAdvanceAllocations":53452640,"rejected":0,"note":"Application payload bytes, deterministic transport/flat observation; allocations include simulation/prediction, not isolated codec cost. Excludes session/migration and native framing.","publications":[{"protocol":"TI-Reliable","bytes":220080,"messages":70,"peak":3324},{"protocol":"TJ-Unreliable","bytes":730800,"messages":2100,"peak":348},{"protocol":"TM-Reliable","bytes":882455,"messages":665,"peak":1327},{"protocol":"TS-Unreliable","bytes":2571800,"messages":1400,"peak":1837}]}

  Passed ItemPublicationsRejectForgedStaleAndUnreliableState [6 ms]
  Passed LiveConfigurationReplicatesToExistingAndNewPeersAndClientCannotMutate [11 ms]
  Passed MatchPublicationsRejectForgedStaleUnreliableAndPostFinishState [7 ms]
  Passed MeasureProjectileCodecAllocation(2) [29 ms]
  Passed MeasureProjectileCodecAllocation(8) [86 ms]
  Passed MeasureReplicationTraffic(2,"driving") [154 ms]
  Passed MeasureReplicationTraffic(8,"driving") [495 ms]
  Passed MeasureReplicationTraffic(2,"missile") [162 ms]
  Passed MeasureReplicationTraffic(8,"missile") [528 ms]
{"players":2,"scenario":"oil","simulatedSeconds":10,"hostAllocations":17999288,"clientAdvanceAllocations":4822336,"rejected":0,"note":"Application payload bytes, deterministic transport/flat observation; allocations include simulation/prediction, not isolated codec cost. Excludes session/migration and native framing.","publications":[{"protocol":"TI-Reliable","bytes":5590,"messages":5,"peak":1334},{"protocol":"TM-Reliable","bytes":37145,"messages":95,"peak":391},{"protocol":"TS-Unreliable","bytes":96200,"messages":200,"peak":481}]}

{"players":8,"scenario":"oil","simulatedSeconds":10,"hostAllocations":52787448,"clientAdvanceAllocations":52417808,"rejected":42,"note":"Application payload bytes, deterministic transport/flat observation; allocations include simulation/prediction, not isolated codec cost. Excludes session/migration and native framing.","publications":[{"protocol":"TI-Reliable","bytes":427420,"messages":105,"peak":5132},{"protocol":"TM-Reliable","bytes":882455,"messages":665,"peak":1327},{"protocol":"TS-Unreliable","bytes":2571800,"messages":1400,"peak":1837}]}

{"players":2,"scenario":"nitro","simulatedSeconds":10,"hostAllocations":22836464,"clientAdvanceAllocations":11700712,"rejected":141,"note":"Application payload bytes, deterministic transport/flat observation; allocations include simulation/prediction, not isolated codec cost. Excludes session/migration and native framing.","publications":[{"protocol":"TI-Reliable","bytes":303530,"messages":433,"peak":786},{"protocol":"TM-Reliable","bytes":237507,"messages":559,"peak":425},{"protocol":"TS-Unreliable","bytes":96200,"messages":200,"peak":481}]}

  Passed MeasureReplicationTraffic(2,"oil") [149 ms]
  Passed MeasureReplicationTraffic(8,"oil") [541 ms]
  Passed MeasureReplicationTraffic(2,"nitro") [212 ms]
{"players":8,"scenario":"nitro","simulatedSeconds":10,"hostAllocations":65384552,"clientAdvanceAllocations":188802520,"rejected":987,"note":"Application payload bytes, deterministic transport/flat observation; allocations include simulation/prediction, not isolated codec cost. Excludes session/migration and native framing.","publications":[{"protocol":"TI-Reliable","bytes":7953260,"messages":3031,"peak":2964},{"protocol":"TM-Reliable","bytes":5722815,"messages":3913,"peak":1463},{"protocol":"TS-Unreliable","bytes":2571800,"messages":1400,"peak":1837}]}

{"players":2,"scenario":"circus","simulatedSeconds":10,"hostAllocations":14604072,"clientAdvanceAllocations":4550320,"rejected":0,"note":"Application payload bytes, deterministic transport/flat observation; allocations include simulation/prediction, not isolated codec cost. Excludes session/migration and native framing.","publications":[{"protocol":"TM-Reliable","bytes":39040,"messages":100,"peak":459},{"protocol":"TS-Unreliable","bytes":96200,"messages":200,"peak":481}]}

{"players":8,"scenario":"circus","simulatedSeconds":10,"hostAllocations":38554032,"clientAdvanceAllocations":47576760,"rejected":0,"note":"Application payload bytes, deterministic transport/flat observation; allocations include simulation/prediction, not isolated codec cost. Excludes session/migration and native framing.","publications":[{"protocol":"TM-Reliable","bytes":927220,"messages":700,"peak":1599},{"protocol":"TS-Unreliable","bytes":2571800,"messages":1400,"peak":1837}]}

  Passed MeasureReplicationTraffic(8,"nitro") [938 ms]
  Passed MeasureReplicationTraffic(2,"circus") [171 ms]
  Passed MeasureReplicationTraffic(8,"circus") [584 ms]
  Passed MotionCodecRejectsMalformedAndForeignBaselines(False) [6 ms]
  Passed MotionCodecRejectsMalformedAndForeignBaselines(True) [5 ms]
  Passed PropPublicationsRespectAuthorityGenerationAndOrdering [5 ms]
  Passed ReplacementPeerReceivesReliableCurrentLifecycleAndItems [22 ms]
NUnit Adapter 5.0.0.0: Test execution complete
  Passed SnapshotAgeIsClientOnlyAndTracksElapsedTimeInsteadOfCatchUpSteps [406 ms]
  Passed SnapshotBurstReplaysNewestBoundaryAndPreservesReliableOrder(False) [36 ms]
  Passed SnapshotBurstReplaysNewestBoundaryAndPreservesReliableOrder(True) [6 ms]
  Passed SwitchCommandsAreReliableOrderedAndCannotSelectAnotherPlayer [4 ms]
  Passed ThreeFinishedCyclesDisposeMatchStateAndKeepSessionOwnership [224 ms]
  Passed ShieldHealthAndRemovalReplicateWhileForgedOutcomesAndDuplicatePublicationsAreRejected [29 ms]

Test Run Successful.
Total tests: 427
     Passed: 427
 Total time: 2.7723 Minutes
Godot Engine v4.7.2.stable.mono.official.ed1daf0bf - https://godotengine.org

Transport peer 1: Connecting; None;
Transport peer 1: Connecting; None;
Transport peer 1: Connected; None;
Transport peer 1: Connected; None;
Transport peer 1: Connecting; None;
Transport peer 1: Connecting; None;
Transport peer 1: Connected; None;
Transport peer 1: Connected; None;
Transport peer 1: Connecting; None;
Transport peer 1: Connecting; None;
Transport peer 1: Connected; None;
Transport peer 1: Connected; None;
Transport Godot integration passed: 3 node creation/poll/message/cleanup cycles.
