Godot Engine v4.7.2.stable.mono.official.ed1daf0bf - https://godotengine.org

ROCK network-RockCluster-3-0.0: contacts=255 repeat=74 final=0 depth=0.0002 overlapFrames=0 angular=0.149 contactMeanMs=6.604 p95Ms=13.148
ROCK network-RockCluster-3-1.2: contacts=251 repeat=69 final=0 depth=0.0002 overlapFrames=0 angular=0.255 contactMeanMs=3.951 p95Ms=5.058
ROCK network-RockCluster-3-2.4: contacts=248 repeat=71 final=0 depth=0.0002 overlapFrames=0 angular=0.304 contactMeanMs=4.418 p95Ms=7.511
ROCK network-RockCluster-12-0.0: contacts=284 repeat=73 final=0 depth=0.0002 overlapFrames=0 angular=0.440 contactMeanMs=4.144 p95Ms=7.088
ROCK network-RockCluster-12-1.2: contacts=275 repeat=70 final=0 depth=0.0002 overlapFrames=0 angular=0.364 contactMeanMs=3.628 p95Ms=4.425
ROCK network-RockCluster-12-2.4: contacts=274 repeat=70 final=0 depth=0.0002 overlapFrames=0 angular=0.322 contactMeanMs=3.985 p95Ms=6.368
ROCK network-RockCluster-35-0.0: contacts=293 repeat=73 final=0 depth=0.0002 overlapFrames=0 angular=1.162 contactMeanMs=5.232 p95Ms=9.661
ROCK network-RockCluster-35-1.2: contacts=282 repeat=71 final=0 depth=0.0002 overlapFrames=0 angular=0.982 contactMeanMs=3.700 p95Ms=4.587
ROCK network-RockCluster-35-2.4: contacts=283 repeat=72 final=0 depth=0.0002 overlapFrames=0 angular=1.201 contactMeanMs=4.022 p95Ms=5.539
ROCK network-RockLedge-3-0.0: contacts=246 repeat=72 final=0 depth=0.0002 overlapFrames=0 angular=0.398 contactMeanMs=3.952 p95Ms=5.228
ROCK network-RockLedge-3-1.2: contacts=260 repeat=67 final=0 depth=0.0002 overlapFrames=0 angular=0.261 contactMeanMs=3.739 p95Ms=4.725
ROCK network-RockLedge-3-2.4: contacts=250 repeat=72 final=0 depth=0.0002 overlapFrames=0 angular=0.343 contactMeanMs=4.844 p95Ms=7.109
ROCK network-RockLedge-12-0.0: contacts=273 repeat=72 final=0 depth=0.0002 overlapFrames=0 angular=0.612 contactMeanMs=3.653 p95Ms=4.160
ROCK network-RockLedge-12-1.2: contacts=276 repeat=65 final=0 depth=0.0002 overlapFrames=0 angular=0.487 contactMeanMs=3.681 p95Ms=4.408
ROCK network-RockLedge-12-2.4: contacts=276 repeat=72 final=0 depth=0.0002 overlapFrames=0 angular=0.405 contactMeanMs=4.798 p95Ms=6.921
ROCK network-RockLedge-35-0.0: contacts=287 repeat=72 final=0 depth=0.0002 overlapFrames=0 angular=1.199 contactMeanMs=3.511 p95Ms=3.930
ROCK network-RockLedge-35-1.2: contacts=275 repeat=62 final=0 depth=0.0002 overlapFrames=0 angular=1.202 contactMeanMs=3.854 p95Ms=4.877
ROCK network-RockLedge-35-2.4: contacts=291 repeat=72 final=0 depth=0.0001 overlapFrames=0 angular=1.055 contactMeanMs=3.737 p95Ms=4.281
ROCK network-BoulderTall-3-0.0: contacts=246 repeat=72 final=0 depth=0.0001 overlapFrames=0 angular=0.208 contactMeanMs=3.722 p95Ms=4.464
ROCK network-BoulderTall-3-1.2: contacts=249 repeat=72 final=0 depth=0.0002 overlapFrames=0 angular=0.193 contactMeanMs=3.683 p95Ms=4.265
ROCK network-BoulderTall-3-2.4: contacts=242 repeat=70 final=0 depth=0.0002 overlapFrames=0 angular=0.327 contactMeanMs=3.691 p95Ms=4.160
ROCK network-BoulderTall-12-0.0: contacts=277 repeat=72 final=0 depth=0.0001 overlapFrames=0 angular=0.300 contactMeanMs=3.772 p95Ms=4.376
ROCK network-BoulderTall-12-1.2: contacts=280 repeat=72 final=0 depth=0.0002 overlapFrames=0 angular=0.276 contactMeanMs=3.607 p95Ms=4.287
ROCK network-BoulderTall-12-2.4: contacts=272 repeat=70 final=0 depth=0.0002 overlapFrames=0 angular=0.498 contactMeanMs=3.657 p95Ms=4.113
ROCK network-BoulderTall-35-0.0: contacts=287 repeat=72 final=0 depth=0.0001 overlapFrames=0 angular=0.721 contactMeanMs=3.707 p95Ms=4.338
ROCK network-BoulderTall-35-1.2: contacts=288 repeat=72 final=0 depth=0.0002 overlapFrames=0 angular=0.728 contactMeanMs=3.714 p95Ms=4.500
ROCK network-BoulderTall-35-2.4: contacts=281 repeat=71 final=0 depth=0.0002 overlapFrames=0 angular=1.205 contactMeanMs=3.739 p95Ms=4.103
ROCK network-RockSlab-3-0.0: contacts=244 repeat=72 final=0 depth=0.0001 overlapFrames=0 angular=0.236 contactMeanMs=3.628 p95Ms=4.097
ROCK network-RockSlab-3-1.2: contacts=249 repeat=72 final=0 depth=0.0002 overlapFrames=0 angular=0.288 contactMeanMs=3.599 p95Ms=4.099
ROCK network-RockSlab-3-2.4: contacts=238 repeat=68 final=0 depth=0.0002 overlapFrames=0 angular=0.309 contactMeanMs=3.495 p95Ms=4.269
ROCK network-RockSlab-12-0.0: contacts=274 repeat=72 final=0 depth=0.0002 overlapFrames=0 angular=0.397 contactMeanMs=3.624 p95Ms=4.153
ROCK network-RockSlab-12-1.2: contacts=277 repeat=72 final=0 depth=0.0002 overlapFrames=0 angular=0.410 contactMeanMs=3.687 p95Ms=4.083
ROCK network-RockSlab-12-2.4: contacts=268 repeat=70 final=0 depth=0.0002 overlapFrames=0 angular=0.450 contactMeanMs=3.572 p95Ms=4.094
ROCK network-RockSlab-35-0.0: contacts=285 repeat=72 final=0 depth=0.0002 overlapFrames=0 angular=1.108 contactMeanMs=3.683 p95Ms=4.482
ROCK network-RockSlab-35-1.2: contacts=292 repeat=72 final=0 depth=0.0002 overlapFrames=0 angular=1.082 contactMeanMs=3.559 p95Ms=4.167
ROCK network-RockSlab-35-2.4: contacts=282 repeat=72 final=0 depth=0.0002 overlapFrames=0 angular=1.176 contactMeanMs=3.690 p95Ms=4.466
ROCK network-BoulderLow-3-0.0: contacts=248 repeat=75 final=0 depth=0.0002 overlapFrames=0 angular=0.455 contactMeanMs=3.708 p95Ms=4.335
ROCK network-BoulderLow-3-1.2: contacts=260 repeat=77 final=0 depth=0.0005 overlapFrames=0 angular=0.167 contactMeanMs=3.809 p95Ms=4.843
ROCK network-BoulderLow-3-2.4: contacts=242 repeat=72 final=0 depth=0.0002 overlapFrames=0 angular=0.235 contactMeanMs=4.055 p95Ms=6.335
ROCK network-BoulderLow-12-0.0: contacts=283 repeat=75 final=0 depth=0.0002 overlapFrames=0 angular=0.224 contactMeanMs=4.289 p95Ms=6.758
ROCK network-BoulderLow-12-1.2: contacts=289 repeat=76 final=0 depth=0.0004 overlapFrames=0 angular=0.423 contactMeanMs=3.636 p95Ms=4.257
ROCK network-BoulderLow-12-2.4: contacts=275 repeat=72 final=0 depth=0.0002 overlapFrames=0 angular=0.253 contactMeanMs=4.083 p95Ms=6.637
ROCK network-BoulderLow-35-0.0: contacts=300 repeat=75 final=0 depth=0.0002 overlapFrames=0 angular=1.151 contactMeanMs=3.726 p95Ms=4.122
ROCK network-BoulderLow-35-1.2: contacts=305 repeat=76 final=0 depth=0.0005 overlapFrames=0 angular=0.286 contactMeanMs=3.756 p95Ms=4.430
ROCK network-BoulderLow-35-2.4: contacts=288 repeat=71 final=0 depth=0.0005 overlapFrames=0 angular=1.109 contactMeanMs=3.800 p95Ms=6.581
ROCK practice-RockCluster-3-0.0: contacts=291 repeat=77 final=0 depth=0.0056 overlapFrames=0 angular=0.278 contactMeanMs=0.273 p95Ms=0.405
ROCK practice-RockCluster-3-1.2: contacts=264 repeat=70 final=0 depth=0.0046 overlapFrames=0 angular=0.225 contactMeanMs=0.313 p95Ms=0.329
ROCK practice-RockCluster-3-2.4: contacts=259 repeat=71 final=0 depth=0.0058 overlapFrames=0 angular=0.273 contactMeanMs=0.257 p95Ms=0.349
ROCK practice-RockCluster-12-0.0: contacts=334 repeat=81 final=0 depth=0.0130 overlapFrames=0 angular=0.503 contactMeanMs=0.363 p95Ms=0.331
ROCK practice-RockCluster-12-1.2: contacts=291 repeat=70 final=0 depth=0.0048 overlapFrames=0 angular=0.387 contactMeanMs=0.244 p95Ms=0.335
ROCK practice-RockCluster-12-2.4: contacts=287 repeat=70 final=0 depth=0.0233 overlapFrames=1 angular=0.723 contactMeanMs=0.317 p95Ms=0.348
ROCK practice-RockCluster-35-0.0: contacts=323 repeat=72 final=0 depth=0.0066 overlapFrames=0 angular=1.152 contactMeanMs=0.307 p95Ms=0.318
ROCK practice-RockCluster-35-1.2: contacts=298 repeat=70 final=0 depth=0.0098 overlapFrames=0 angular=1.197 contactMeanMs=0.333 p95Ms=0.360
ROCK practice-RockCluster-35-2.4: contacts=295 repeat=70 final=0 depth=0.0375 overlapFrames=1 angular=1.751 contactMeanMs=0.265 p95Ms=0.371
ROCK practice-RockLedge-3-0.0: contacts=261 repeat=70 final=0 depth=0.0087 overlapFrames=0 angular=0.398 contactMeanMs=0.273 p95Ms=0.344
ROCK practice-RockLedge-3-1.2: contacts=277 repeat=70 final=0 depth=0.0076 overlapFrames=0 angular=0.209 contactMeanMs=0.247 p95Ms=0.341
ROCK practice-RockLedge-3-2.4: contacts=267 repeat=70 final=0 depth=0.0063 overlapFrames=0 angular=0.262 contactMeanMs=0.363 p95Ms=0.378
ROCK practice-RockLedge-12-0.0: contacts=292 repeat=70 final=0 depth=0.0266 overlapFrames=1 angular=0.630 contactMeanMs=0.322 p95Ms=0.335
ROCK practice-RockLedge-12-1.2: contacts=301 repeat=70 final=0 depth=0.0072 overlapFrames=0 angular=0.345 contactMeanMs=0.247 p95Ms=0.375
ROCK practice-RockLedge-12-2.4: contacts=294 repeat=70 final=0 depth=0.0155 overlapFrames=0 angular=0.419 contactMeanMs=0.374 p95Ms=0.435
ROCK practice-RockLedge-35-0.0: contacts=311 repeat=71 final=0 depth=0.0441 overlapFrames=2 angular=1.199 contactMeanMs=0.312 p95Ms=0.365
ROCK practice-RockLedge-35-1.2: contacts=305 repeat=70 final=0 depth=0.0616 overlapFrames=2 angular=1.109 contactMeanMs=0.393 p95Ms=0.380
ROCK practice-RockLedge-35-2.4: contacts=306 repeat=70 final=0 depth=0.0566 overlapFrames=1 angular=1.205 contactMeanMs=0.287 p95Ms=0.394
ROCK practice-BoulderTall-3-0.0: contacts=257 repeat=70 final=0 depth=0.0202 overlapFrames=1 angular=0.261 contactMeanMs=0.248 p95Ms=0.352
ROCK practice-BoulderTall-3-1.2: contacts=260 repeat=70 final=0 depth=0.0159 overlapFrames=0 angular=0.179 contactMeanMs=0.241 p95Ms=0.322
ROCK practice-BoulderTall-3-2.4: contacts=259 repeat=70 final=0 depth=0.0151 overlapFrames=0 angular=0.341 contactMeanMs=0.393 p95Ms=0.361
ROCK practice-BoulderTall-12-0.0: contacts=289 repeat=70 final=0 depth=0.0187 overlapFrames=0 angular=0.370 contactMeanMs=0.256 p95Ms=0.322
ROCK practice-BoulderTall-12-1.2: contacts=290 repeat=70 final=0 depth=0.0246 overlapFrames=1 angular=0.304 contactMeanMs=0.319 p95Ms=0.372
ROCK practice-BoulderTall-12-2.4: contacts=291 repeat=70 final=0 depth=0.0249 overlapFrames=1 angular=0.496 contactMeanMs=0.319 p95Ms=0.363
ROCK practice-BoulderTall-35-0.0: contacts=304 repeat=70 final=0 depth=0.0512 overlapFrames=1 angular=1.057 contactMeanMs=0.309 p95Ms=0.345
ROCK practice-BoulderTall-35-1.2: contacts=303 repeat=70 final=0 depth=0.0674 overlapFrames=1 angular=0.978 contactMeanMs=0.244 p95Ms=0.313
ROCK practice-BoulderTall-35-2.4: contacts=306 repeat=70 final=0 depth=0.0108 overlapFrames=0 angular=1.206 contactMeanMs=0.268 p95Ms=0.357
ROCK practice-RockSlab-3-0.0: contacts=253 repeat=70 final=0 depth=0.0048 overlapFrames=0 angular=0.244 contactMeanMs=0.316 p95Ms=0.327
ROCK practice-RockSlab-3-1.2: contacts=257 repeat=70 final=0 depth=0.0029 overlapFrames=0 angular=0.295 contactMeanMs=0.345 p95Ms=0.361
ROCK practice-RockSlab-3-2.4: contacts=272 repeat=72 final=0 depth=0.0077 overlapFrames=0 angular=0.326 contactMeanMs=0.389 p95Ms=0.364
ROCK practice-RockSlab-12-0.0: contacts=285 repeat=70 final=0 depth=0.0085 overlapFrames=0 angular=0.399 contactMeanMs=0.261 p95Ms=0.394
ROCK practice-RockSlab-12-1.2: contacts=288 repeat=70 final=0 depth=0.0074 overlapFrames=0 angular=0.438 contactMeanMs=0.325 p95Ms=0.354
ROCK practice-RockSlab-12-2.4: contacts=303 repeat=73 final=0 depth=0.0264 overlapFrames=1 angular=0.485 contactMeanMs=0.339 p95Ms=0.384
ROCK practice-RockSlab-35-0.0: contacts=301 repeat=70 final=0 depth=0.0121 overlapFrames=0 angular=1.149 contactMeanMs=0.323 p95Ms=0.357
ROCK practice-RockSlab-35-1.2: contacts=302 repeat=70 final=0 depth=0.0097 overlapFrames=0 angular=1.176 contactMeanMs=0.256 p95Ms=0.328
ROCK practice-RockSlab-35-2.4: contacts=323 repeat=73 final=0 depth=0.0296 overlapFrames=1 angular=1.198 contactMeanMs=0.286 p95Ms=0.411
ROCK practice-BoulderLow-3-0.0: contacts=291 repeat=79 final=0 depth=0.0036 overlapFrames=0 angular=0.292 contactMeanMs=0.281 p95Ms=0.363
ROCK practice-BoulderLow-3-1.2: contacts=301 repeat=79 final=0 depth=0.0029 overlapFrames=0 angular=0.305 contactMeanMs=0.304 p95Ms=0.343
ROCK practice-BoulderLow-3-2.4: contacts=270 repeat=73 final=0 depth=0.0126 overlapFrames=0 angular=0.254 contactMeanMs=0.312 p95Ms=0.336
ROCK practice-BoulderLow-12-0.0: contacts=326 repeat=80 final=0 depth=0.0051 overlapFrames=0 angular=0.312 contactMeanMs=0.338 p95Ms=0.371
ROCK practice-BoulderLow-12-1.2: contacts=337 repeat=80 final=0 depth=0.0049 overlapFrames=0 angular=0.413 contactMeanMs=0.316 p95Ms=0.317
ROCK practice-BoulderLow-12-2.4: contacts=302 repeat=73 final=0 depth=0.0068 overlapFrames=0 angular=0.476 contactMeanMs=0.251 p95Ms=0.342
ROCK practice-BoulderLow-35-0.0: contacts=352 repeat=82 final=0 depth=0.0050 overlapFrames=0 angular=1.198 contactMeanMs=0.384 p95Ms=0.356
ROCK practice-BoulderLow-35-1.2: contacts=360 repeat=84 final=0 depth=0.0137 overlapFrames=0 angular=1.021 contactMeanMs=0.302 p95Ms=0.323
ROCK practice-BoulderLow-35-2.4: contacts=346 repeat=81 final=0 depth=0.0585 overlapFrames=2 angular=0.934 contactMeanMs=0.301 p95Ms=0.326
Rock collision checks: failures=0
