Godot Engine v4.7.2.stable.mono.official.ed1daf0bf - https://godotengine.org

SWEEP ms=75.894 slide=0 contacts=1 motion=(0.17715673, -0.00022110839, 0.12349954) at=(6.370109, 1.1416987, 1.3555824)
SWEEP ms=85.160 slide=0 contacts=1 motion=(0.001314627, -0.00024060284, 0.021493725) at=(6.463069, 1.1414777, 1.4649689)
SWEEP ms=84.645 slide=0 contacts=2 motion=(-0.0019366794, -0.0002487396, 0.01854025) at=(6.4273643, 1.1480988, 1.5462744)
SWEEP ms=87.851 slide=0 contacts=2 motion=(-0.0021827419, -0.00027900338, 0.017298888) at=(6.416485, 1.1500219, 1.5610279)
SWEEP ms=83.645 slide=0 contacts=2 motion=(0.001377841, -0.00034490574, 0.01691648) at=(6.407381, 1.1506591, 1.5916834)
SWEEP ms=87.900 slide=0 contacts=2 motion=(0.004209506, -0.0004125677, 0.014765906) at=(6.4001827, 1.1507032, 1.6296995)
SWEEP ms=87.876 slide=0 contacts=2 motion=(0.0027532682, -0.00042882885, 0.008475025) at=(6.396143, 1.15078, 1.6461143)
SWEEP ms=85.143 slide=0 contacts=2 motion=(0.0055458867, -0.00042120443, 0.008241207) at=(6.3983307, 1.1508114, 1.6616482)
SWEEP ms=73.100 slide=0 contacts=3 motion=(0.02233406, -0.00035532066, 0.024879707) at=(6.5295825, 1.1496418, 0.9528822)
SWEEP ms=76.444 slide=0 contacts=2 motion=(0.0033488453, -0.0003004119, 0.01655159) at=(6.535249, 1.1501203, 0.99331623)
SWEEP ms=81.642 slide=0 contacts=2 motion=(0.0031881223, -0.00029227164, 0.01793149) at=(6.5316596, 1.1515125, 1.0273125)
SWEEP ms=81.636 slide=0 contacts=1 motion=(0.0029134052, -0.00030754955, 0.018989768) at=(6.5282507, 1.1528121, 1.0628182)
SWEEP ms=81.995 slide=0 contacts=2 motion=(0.004208329, -0.0004175467, 0.022446554) at=(6.510584, 1.1572775, 1.2215405)
SWEEP ms=87.420 slide=0 contacts=2 motion=(0.003615377, -0.00048037965, 0.023321649) at=(6.4937234, 1.1593535, 1.3285812)
SWEEP ms=88.749 slide=0 contacts=2 motion=(0.0031745397, -0.0004989326, 0.023446338) at=(6.4858785, 1.1598186, 1.3713326)
SWEEP ms=88.671 slide=0 contacts=2 motion=(-0.00037367767, -0.00051217526, 0.010769304) at=(6.4681087, 1.1605433, 1.4725958)
SWEEP ms=86.875 slide=0 contacts=2 motion=(0.0028430442, -0.00053615443, 0.012903899) at=(6.4596334, 1.1617268, 1.4897575)
SWEEP ms=85.662 slide=0 contacts=2 motion=(0.0033259585, -0.00055244094, 0.010779036) at=(6.455679, 1.1617675, 1.506979)
SWEEP ms=89.598 slide=0 contacts=2 motion=(0.0056176493, -0.00056223996, 0.010139355) at=(6.4595733, 1.1612219, 1.5292768)
SWEEP ms=90.758 slide=0 contacts=2 motion=(0.004065309, -0.0005953488, 0.006242281) at=(6.4587646, 1.1616533, 1.545846)
WORLD network-bank-face-12-0.00: contacts=230 final=0 depth=0.0002 deepFrames=0 step=0.2156 lateStep=0.0018 up=0.000 angular=1.976 meanMs=16.525 p95Ms=94.855
World collision checks: failures=0
