Godot Engine v4.7.2.stable.mono.official.ed1daf0bf - https://godotengine.org

native-short-gap: rotation=0.034 peak=0.031 releaseSpeed=0.0139 lateOrientationDrift=0.0133 landings=1 grounded=True airSeconds=0.000
native-short-gap: maxAir=0.0833s, commandedFrames=0
native-pitch: rotation=4.556 peak=2.520 releaseSpeed=0.0000 lateOrientationDrift=0.0000 landings=0 grounded=False airSeconds=4.017
native-yaw: rotation=3.908 peak=2.160 releaseSpeed=0.0000 lateOrientationDrift=0.0000 landings=0 grounded=False airSeconds=4.017
native-roll: rotation=5.852 peak=3.240 releaseSpeed=0.0000 lateOrientationDrift=0.0000 landings=0 grounded=False airSeconds=4.017
native-combined: rotation=7.416 peak=4.105 releaseSpeed=0.0000 lateOrientationDrift=0.0000 landings=0 grounded=False airSeconds=4.017
native-sustained: rotation=10.172 peak=3.240 releaseSpeed=0.0000 lateOrientationDrift=0.0000 landings=0 grounded=False airSeconds=5.350
native-crooked: rotation=1.142 peak=3.742 releaseSpeed=0.0000 lateOrientationDrift=0.0000 landings=0 grounded=False airSeconds=4.017
native-landing: rotation=0.000 peak=0.000 releaseSpeed=0.0000 lateOrientationDrift=0.0000 landings=1 grounded=True airSeconds=0.000
native-repeat: rotation=0.798 peak=2.135 releaseSpeed=0.0000 lateOrientationDrift=0.0000 landings=1 grounded=True airSeconds=0.000
native-repeat: 4 landing transitions
native-correction: rotation=1.049 peak=3.311 releaseSpeed=0.0002 lateOrientationDrift=0.0026 landings=1 grounded=True airSeconds=0.000
native-heading: rotation=1.200 peak=2.152 releaseSpeed=0.0001 lateOrientationDrift=0.0000 landings=1 grounded=True airSeconds=0.000
native-coast: rotation=6.002 peak=3.319 releaseSpeed=3.3190 lateOrientationDrift=2.9641 landings=0 grounded=False airSeconds=4.017
native-release-command: rotation=3.908 peak=2.160 releaseSpeed=0.0000 lateOrientationDrift=0.0000 landings=0 grounded=False airSeconds=4.017
native-device-key-pitch: rotation=4.556 peak=2.520 releaseSpeed=0.0000 lateOrientationDrift=0.0000 landings=0 grounded=False airSeconds=4.017
device-key-pitch: settled angular speed <0.02; attitude drift=0.00000; continued travel=48.54m
native-device-key-yaw: rotation=3.908 peak=2.160 releaseSpeed=0.0000 lateOrientationDrift=0.0000 landings=0 grounded=False airSeconds=4.017
device-key-yaw: settled angular speed <0.02; attitude drift=0.00000; continued travel=48.64m
native-device-key-roll: rotation=5.852 peak=3.240 releaseSpeed=0.0000 lateOrientationDrift=0.0000 landings=0 grounded=False airSeconds=4.017
device-key-roll: settled angular speed <0.02; attitude drift=0.00000; continued travel=48.62m
native-device-pad-pitch: rotation=2.442 peak=1.334 releaseSpeed=0.0000 lateOrientationDrift=0.0000 landings=0 grounded=False airSeconds=4.017
device-pad-pitch: settled angular speed <0.02; attitude drift=0.00000; continued travel=48.68m
native-device-pad-yaw: rotation=2.093 peak=1.144 releaseSpeed=0.0000 lateOrientationDrift=0.0000 landings=0 grounded=False airSeconds=4.017
device-pad-yaw: settled angular speed <0.02; attitude drift=0.00000; continued travel=48.64m
native-device-pad-roll: rotation=3.139 peak=1.715 releaseSpeed=0.0000 lateOrientationDrift=0.0000 landings=0 grounded=False airSeconds=4.017
device-pad-roll: settled angular speed <0.02; attitude drift=0.00000; continued travel=48.63m
network-short-gap: rotation=0.034 peak=0.031 releaseSpeed=0.0139 lateOrientationDrift=0.0133 landings=1 grounded=True airSeconds=0.000
network-short-gap: maxAir=0.0833s, commandedFrames=0
network-pitch: rotation=4.556 peak=2.520 releaseSpeed=0.0000 lateOrientationDrift=0.0000 landings=0 grounded=False airSeconds=4.017
network-yaw: rotation=3.908 peak=2.160 releaseSpeed=0.0000 lateOrientationDrift=0.0000 landings=0 grounded=False airSeconds=4.017
network-roll: rotation=5.852 peak=3.240 releaseSpeed=0.0000 lateOrientationDrift=0.0000 landings=0 grounded=False airSeconds=4.017
network-combined: rotation=7.416 peak=4.105 releaseSpeed=0.0000 lateOrientationDrift=0.0000 landings=0 grounded=False airSeconds=4.017
network-sustained: rotation=10.172 peak=3.240 releaseSpeed=0.0000 lateOrientationDrift=0.0000 landings=0 grounded=False airSeconds=5.350
network-crooked: rotation=1.142 peak=3.742 releaseSpeed=0.0000 lateOrientationDrift=0.0007 landings=0 grounded=False airSeconds=4.017
network-landing: rotation=0.000 peak=0.000 releaseSpeed=0.0000 lateOrientationDrift=0.0000 landings=1 grounded=True airSeconds=0.000
network-repeat: rotation=0.802 peak=2.135 releaseSpeed=0.0007 lateOrientationDrift=0.0000 landings=1 grounded=True airSeconds=0.000
network-repeat: 4 landing transitions
network-correction: rotation=1.049 peak=3.311 releaseSpeed=0.0007 lateOrientationDrift=0.0023 landings=1 grounded=True airSeconds=0.000
network-heading: rotation=1.200 peak=2.152 releaseSpeed=0.0001 lateOrientationDrift=0.0000 landings=1 grounded=True airSeconds=0.000
network-coast: rotation=6.002 peak=3.319 releaseSpeed=3.3190 lateOrientationDrift=2.9641 landings=0 grounded=False airSeconds=4.017
network-release-command: rotation=3.908 peak=2.160 releaseSpeed=0.0000 lateOrientationDrift=0.0000 landings=0 grounded=False airSeconds=4.017
network-device-key-pitch: rotation=4.556 peak=2.520 releaseSpeed=0.0000 lateOrientationDrift=0.0000 landings=0 grounded=False airSeconds=4.017
device-key-pitch: settled angular speed <0.02; attitude drift=0.00000; continued travel=48.64m
network-device-key-yaw: rotation=3.908 peak=2.160 releaseSpeed=0.0000 lateOrientationDrift=0.0000 landings=0 grounded=False airSeconds=4.017
device-key-yaw: settled angular speed <0.02; attitude drift=0.00000; continued travel=48.64m
network-device-key-roll: rotation=5.852 peak=3.240 releaseSpeed=0.0000 lateOrientationDrift=0.0000 landings=0 grounded=False airSeconds=4.017
device-key-roll: settled angular speed <0.02; attitude drift=0.00000; continued travel=48.64m
network-device-pad-pitch: rotation=2.442 peak=1.334 releaseSpeed=0.0000 lateOrientationDrift=0.0000 landings=0 grounded=False airSeconds=4.017
device-pad-pitch: settled angular speed <0.02; attitude drift=0.00000; continued travel=48.64m
network-device-pad-yaw: rotation=2.093 peak=1.144 releaseSpeed=0.0000 lateOrientationDrift=0.0000 landings=0 grounded=False airSeconds=4.017
device-pad-yaw: settled angular speed <0.02; attitude drift=0.00000; continued travel=48.64m
network-device-pad-roll: rotation=3.139 peak=1.715 releaseSpeed=0.0000 lateOrientationDrift=0.0000 landings=0 grounded=False airSeconds=4.017
device-pad-roll: settled angular speed <0.02; attitude drift=0.00000; continued travel=48.64m
Air control integration passed: 38 production-adapter scenarios.
