Godot Engine v4.7.2.stable.mono.official.ed1daf0bf - https://godotengine.org

Two native UDP peers ready; Oil requested through the normal held slot.
Host terrain query deployed on a 14-degree bank; peer received the exact patch.
Fresh late join restored one identical patch without duplication; owner enters at speed.
Deployer is vulnerable: native movement received a strong spin and temporary traction loss.
Oil persists after handling recovery; another vehicle enters.
Remote vehicle receives the same authoritative effect.
Remaining within the patch emits one entry outcome.
Vehicle exits and re-enters.
Re-entry emits exactly one new outcome; testing the configured active bound.
Oil integration passed: Two native UDP peers ready; Oil requested through the normal held slot.
Host terrain query deployed on a 14-degree bank; peer received the exact patch.
Fresh late join restored one identical patch without duplication; owner enters at speed.
Deployer is vulnerable: native movement received a strong spin and temporary traction loss.
Oil persists after handling recovery; another vehicle enters.
Remote vehicle receives the same authoritative effect.
Remaining within the patch emits one entry outcome.
Vehicle exits and re-enters.
Re-entry emits exactly one new outcome; testing the configured active bound.
Self-trigger scored zero; two distinct rival entries banked 50 each, with exact reliable totals on all three peers.
