Godot Engine v4.7.2.stable.mono.official.ed1daf0bf - https://godotengine.org

practice-scrape: contactTicks=170, speed=8.96, hp=1000.0, peakUp=0.01, peakAngular=0.12, position=<1000.667, 1.1445116, -58.09184>
practice-direct: contactTicks=90, speed=0.00, hp=900.0, peakUp=0.04, peakAngular=1.20, position=<999.35675, 1.1435587, 0.010109171>
practice-oblique: contactTicks=100, speed=1.48, hp=903.1, peakUp=0.01, peakAngular=0.90, position=<1000.117, 1.1403935, -11.445208>
practice-nitro-scrape: contactTicks=153, speed=62.03, hp=1000.0, peakUp=0.02, peakAngular=0.08, position=<1000.675, 1.144187, -158.95769>
practice-seams: contactTicks=170, speed=8.96, hp=1000.0, peakUp=0.01, peakAngular=0.12, position=<1000.66675, 1.1445042, -58.090935>
practice-corner: contactTicks=170, speed=0.00, hp=914.6, peakUp=0.02, peakAngular=1.04, position=<1000.5875, 1.1445086, -31.386822>
practice-nitro-corner: contactTicks=153, speed=0.00, hp=900.0, peakUp=0.05, peakAngular=1.25, position=<1000.6244, 1.162288, -31.426537>
practice-exit: contactTicks=4, speed=14.94, hp=1000.0, peakUp=0.01, peakAngular=0.11, position=<1004.1801, 1.1449565, -70.09633>
practice-repeated-direct-0: contactTicks=90, speed=0.00, hp=900.0, peakUp=0.04, peakAngular=1.20, position=<999.35675, 1.1435587, 0.010109171>
practice-repeated-direct-1: contactTicks=90, speed=0.00, hp=900.0, peakUp=0.04, peakAngular=1.20, position=<999.35675, 1.1435587, 0.010109171>
practice-repeated-direct-2: contactTicks=90, speed=0.00, hp=900.0, peakUp=0.04, peakAngular=1.20, position=<999.35675, 1.1435587, 0.010109171>
practice-rock: contactTicks=85, speed=0.00, hp=900.0, peakUp=0.00, peakAngular=0.57, position=<1000.0198, 1.1984855, -8.678287>
practice-pillar: contactTicks=88, speed=0.00, hp=900.0, peakUp=0.03, peakAngular=1.10, position=<1006.3587, 1.1437454, -0.014676169>
practice-pillar-offcenter: contactTicks=88, speed=0.00, hp=900.0, peakUp=0.02, peakAngular=1.20, position=<1006.4049, 1.1426033, 0.012890961>
practice-oval: contactTicks=358, sections=355, speed=40.43, hp=1000.0, peakAngular=0.51, peakSupportSpeed=0.66
network-scrape: contactTicks=171, speed=7.40, hp=1000.0, peakUp=0.01, peakAngular=0.16, position=<1000.44684, 1.1428493, -54.936386>
network-direct: contactTicks=41, speed=0.00, hp=900.0, peakUp=0.00, peakAngular=1.20, position=<999.27826, 1.1446692, 0.0005740324>
network-oblique: contactTicks=80, speed=0.39, hp=903.1, peakUp=0.02, peakAngular=1.08, position=<999.80115, 1.1406754, -9.093327>
network-nitro-scrape: contactTicks=150, speed=62.04, hp=1000.0, peakUp=0.02, peakAngular=0.10, position=<1000.61176, 1.1440383, -158.62741>
network-seams: contactTicks=171, speed=7.40, hp=1000.0, peakUp=0.01, peakAngular=0.16, position=<1000.44684, 1.1428493, -54.936684>
network-corner: contactTicks=60, speed=0.00, hp=919.5, peakUp=0.02, peakAngular=1.04, position=<1000.4443, 1.1442711, -31.308632>
network-nitro-corner: contactTicks=152, speed=0.00, hp=900.0, peakUp=0.02, peakAngular=1.21, position=<1000.5198, 1.1585499, -31.41496>
network-exit: contactTicks=4, speed=14.91, hp=1000.0, peakUp=0.01, peakAngular=0.14, position=<1005.5661, 1.1449155, -69.822365>
network-repeated-direct-0: contactTicks=41, speed=0.00, hp=900.0, peakUp=0.00, peakAngular=1.20, position=<999.27826, 1.1446692, 0.0005740324>
network-repeated-direct-1: contactTicks=41, speed=0.00, hp=900.0, peakUp=0.00, peakAngular=1.20, position=<999.27826, 1.1446692, 0.0005740324>
network-repeated-direct-2: contactTicks=41, speed=0.00, hp=900.0, peakUp=0.00, peakAngular=1.20, position=<999.27826, 1.1446692, 0.0005740324>
network-rock: contactTicks=14, speed=0.00, hp=900.0, peakUp=0.00, peakAngular=0.20, position=<999.9682, 1.1446964, -8.059945>
network-pillar: contactTicks=5, speed=0.00, hp=900.0, peakUp=0.02, peakAngular=1.15, position=<1006.39197, 1.1426427, 0.18391192>
network-pillar-offcenter: contactTicks=17, speed=0.00, hp=900.0, peakUp=0.01, peakAngular=0.25, position=<1006.39294, 1.1445507, -5.173874E-06>
network-oval: contactTicks=297, sections=354, speed=41.29, hp=1000.0, peakAngular=0.50, peakSupportSpeed=0.37
Environment collision checks: failures=0
