Godot Engine v4.7.2.stable.mono.official.ed1daf0bf - https://godotengine.org

Obstruction: Wall approach / hold, min=5.939m, final=6.688m, max-step=0.099m
Obstruction: Wall clears / recovery, min=6.688m, final=16.381m, max-step=0.089m
Obstruction: Thin barrier / low orbit, min=5.665m, final=5.665m, max-step=0.000m
Obstruction: Building corner orbit, min=4.397m, final=16.381m, max-step=0.636m
Obstruction: Moving solid prop, min=6.177m, final=15.933m, max-step=4.893m
Obstruction: Sloped terrain, min=9.376m, final=9.376m, max-step=0.000m
Obstruction: Repeated boundary crossings, min=7.777m, final=7.810m, max-step=0.017m
Obstruction: Shake beside wall, min=7.708m, final=7.777m, max-step=0.064m
Obstruction: Life reset, min=7.777m, final=16.381m, max-step=8.605m
Obstruction: Replacement reset, min=7.777m, final=16.381m, max-step=8.605m
Obstruction: Resume reset, min=7.777m, final=16.381m, max-step=8.605m
Obstruction: Scene reconstruction, min=7.777m, final=16.381m, max-step=8.605m
Obstruction: Production yard wall, min=6.177m, final=6.177m, max-step=0.000m
Obstruction: Production container, min=3.690m, final=3.930m, max-step=0.011m
Obstruction: Production barrier, min=15.455m, final=16.381m, max-step=0.032m
Obstruction: Production oval bank, min=3.118m, final=5.533m, max-step=0.023m
Obstruction: Overlapping target recovery, min=16.381m, final=16.381m, max-step=0.000m
Obstruction: Wide near plane, min=7.265m, final=7.265m, max-step=0.000m
Obstruction: Cramped ceiling, min=1.085m, final=1.087m, max-step=0.003m
Obstruction: Rolled chassis beside fence, min=5.500m, final=9.376m, max-step=0.128m
Obstruction: Rollover framing recovery, min=9.615m, final=16.381m, max-step=0.223m
Obstruction: Rolled chassis blocked left side, min=5.500m, final=9.440m, max-step=0.130m
Obstruction: Rollover framing reset, min=16.381m, final=16.381m, max-step=0.000m
Camera obstruction checks passed.
Camera obstruction verification artifacts: C:\Users\j_gen\Documents\Game Projects\Trackstorm\.godot\camera-obstruction-checks\4d9c7d56a3c14b99a48c37cd5dd70ba7
