Godot Engine v4.7.2.stable.mono.official.ed1daf0bf - https://godotengine.org

Obstruction: Wall approach / hold, min=5.862m, final=6.688m, max-step=0.381m
Obstruction: Wall clears / recovery, min=6.688m, final=16.381m, max-step=0.428m
Obstruction: Thin barrier / low orbit, min=5.665m, final=5.665m, max-step=0.000m
Obstruction: Building corner orbit, min=4.475m, final=16.381m, max-step=2.505m
Obstruction: Moving solid prop, min=6.177m, final=15.915m, max-step=0.320m
Obstruction: Sloped terrain, min=9.376m, final=9.376m, max-step=0.000m
Obstruction: Repeated boundary crossings, min=7.777m, final=7.812m, max-step=0.024m
Obstruction: Shake beside wall, min=7.711m, final=7.787m, max-step=0.062m
Obstruction: Life reset, min=7.777m, final=16.381m, max-step=8.605m
Obstruction: Replacement reset, min=7.777m, final=16.381m, max-step=8.605m
Obstruction: Resume reset, min=7.777m, final=16.381m, max-step=8.605m
Obstruction: Scene reconstruction, min=7.777m, final=16.381m, max-step=8.605m
Obstruction: Production yard wall, min=6.177m, final=6.177m, max-step=0.000m
Obstruction: Production container, min=3.730m, final=3.930m, max-step=0.051m
Obstruction: Production barrier, min=12.563m, final=16.381m, max-step=0.586m
Obstruction: Production oval bank, min=3.182m, final=5.411m, max-step=0.106m
Obstruction: Overlapping target recovery, min=16.381m, final=16.381m, max-step=0.000m
Obstruction: Wide near plane, min=7.265m, final=7.265m, max-step=0.000m
Obstruction: Cramped ceiling, min=1.081m, final=1.081m, max-step=0.007m
Obstruction: Rolled chassis beside fence, min=5.500m, final=9.376m, max-step=0.504m
Obstruction: Rollover framing recovery, min=10.452m, final=16.381m, max-step=0.771m
Obstruction: Rolled chassis blocked left side, min=5.500m, final=9.440m, max-step=0.512m
Obstruction: Rollover framing reset, min=16.381m, final=16.381m, max-step=0.000m
Camera obstruction checks passed.
Camera obstruction verification artifacts: C:\Users\j_gen\Documents\Game Projects\Trackstorm\.godot\camera-obstruction-checks\6650bad986d34f268f9a9628401e80cd
