final-check: PASS
final-transport: PASS
final-surfaces: FAIL
final-water: PASS
final-boundary: PASS
final-oob-network: PASS
final-contact: PASS
final-lobby: PASS
final-entry: PASS
final-items: PASS
final-oil: PASS
final-nitro: PASS
final-pickups: PASS
final-spawns: PASS
final-death: PASS
final-match: PASS
final-reconnect: PASS
final-migration-two: PASS
final-migration-three: PASS
final-process-migration-two: PASS
final-process-migration-three: PASS
final-statistics: PASS
final-menu: PASS
final-post-match: PASS
final-eos: PASS
final-eos-p2p: FAIL
