Godot Engine v4.7.2.stable.mono.official.ed1daf0bf - https://godotengine.org
OpenGL API 3.3.0 NVIDIA 591.86 - Compatibility - Using Device: NVIDIA - NVIDIA GeForce RTX 4070 Ti

Two native UDP peers admitted; elevated isolated fixture separates weapon rays from map obstacles.
Scenario 0: fresh magazine and independent Wrench acquired.
Held input starts through the production driver.
Scenario 0: 175.00 HP loss; 450 rounds remain.
Released input and allowed delayed commands to settle.
Scenario 1: fresh magazine and independent Wrench acquired.
Held input starts through the production driver.
Scenario 1: 54.71 HP loss; 450 rounds remain.
Released input and allowed delayed commands to settle.
Scenario 2: fresh magazine and independent Wrench acquired.
Held input starts through the production driver.
Scenario 2: 0.00 HP loss; 450 rounds remain.
Released input and allowed delayed commands to settle.
Scenario 3: fresh magazine and independent Wrench acquired.
Held input starts through the production driver.
Scenario 3: 0.00 HP loss; 450 rounds remain.
Released input and allowed delayed commands to settle.
Scenario 4: fresh magazine and independent Wrench acquired.
Held input starts through the production driver.
Scenario 4: 164.50 HP loss; 453 rounds remain.
Released input and allowed delayed commands to settle.
Remote reuses its partial magazine until exhaustion.
Remote magazine exhausted on schedule through the authoritative held-item lifecycle.
Machine gun integration passed: Two native UDP peers admitted; elevated isolated fixture separates weapon rays from map obstacles.
Scenario 0: fresh magazine and independent Wrench acquired.
Held input starts through the production driver.
Scenario 0: 175.00 HP loss; 450 rounds remain.
Released input and allowed delayed commands to settle.
Scenario 1: fresh magazine and independent Wrench acquired.
Held input starts through the production driver.
Scenario 1: 54.71 HP loss; 450 rounds remain.
Released input and allowed delayed commands to settle.
Scenario 2: fresh magazine and independent Wrench acquired.
Held input starts through the production driver.
Scenario 2: 0.00 HP loss; 450 rounds remain.
Released input and allowed delayed commands to settle.
Scenario 3: fresh magazine and independent Wrench acquired.
Held input starts through the production driver.
Scenario 3: 0.00 HP loss; 450 rounds remain.
Released input and allowed delayed commands to settle.
Scenario 4: fresh magazine and independent Wrench acquired.
Held input starts through the production driver.
Scenario 4: 164.50 HP loss; 453 rounds remain.
Released input and allowed delayed commands to settle.
Remote reuses its partial magazine until exhaustion.
Remote magazine exhausted on schedule through the authoritative held-item lifecycle.
