  Determining projects to restore...
  All projects are up-to-date for restore.
  Trackstorm.Core -> C:\Users\j_gen\OneDrive\Documents\Game_Projects\Trackstorm\code\Core\bin\Debug\net10.0\Trackstorm.Core.dll
  Epic.OnlineServices -> C:\Users\j_gen\OneDrive\Documents\Game_Projects\Trackstorm\third_party\eos\bin\Debug\net10.0\Epic.OnlineServices.dll
  Trackstorm.Client -> C:\Users\j_gen\OneDrive\Documents\Game_Projects\Trackstorm\.godot\mono\temp\bin\Debug\Trackstorm.Client.dll
  Trackstorm.Core.Tests -> C:\Users\j_gen\OneDrive\Documents\Game_Projects\Trackstorm\code\Tests\bin\Debug\net10.0\Trackstorm.Core.Tests.dll
  Trackstorm.Transport.Tests -> C:\Users\j_gen\OneDrive\Documents\Game_Projects\Trackstorm\code\TransportTests\bin\Debug\net10.0\Trackstorm.Transport.Tests.dll

Build succeeded.
    0 Warning(s)
    0 Error(s)

Time Elapsed 00:00:01.86
Godot Engine v4.7.2.stable.mono.official.ed1daf0bf - https://godotengine.org

Transport peer 1: Connecting; None; 
Transport peer 1: Connecting; None; 
Transport peer 1: Connected; None; 
Transport peer 1: Connected; None; 
Transport peer 1: Disconnected; RemoteRequest; Transport stopped
Developer Options integration passed: write; 859 assertions.
Godot Engine v4.7.2.stable.mono.official.ed1daf0bf - https://godotengine.org

Developer Options integration passed: read; 9 assertions.
Developer Options verification artifacts: C:\Users\j_gen\OneDrive\Documents\Game_Projects\Trackstorm\.godot\developer-options-checks\46631053454b4b9baf2cad0e5575a4a0
