Godot Engine v4.7.2.stable.mono.official.ed1daf0bf - https://godotengine.org

Diagnostics: Direct-IP current Ping observed through neutral projection.
Remote tags passed over two-peer UDP: damaged snapshot, actual Wrench healing, collision death, timed respawn, matching host/client names and no local tags.
Category pickup history before reconnect: 1:3:Nitro:Weapon=0.5/1,Consumable=-0.25/1,Droppable=-0.25/1;3:3:Missile:Weapon=0.5/1,Consumable=-0.25/1,Droppable=-0.25/1
Salvo recovery verified: exact three held shots, cooldown and two flying rounds at tick 7958; no historical events.
Proxy Mine reconnect 1: complete state restored without impact replay.
Nitro reconnect 1: remaining 0, exact checkpoint state and returning player charge 37.5%.
Machine gun recovery verified: 187/500 rounds, phase 0.25, no historical shot.
Category history verified after reconnect 1
Salvo recovery verified: exact three held shots, cooldown and two flying rounds at tick 7989; no historical events.
Proxy Mine reconnect 2: complete state restored without impact replay.
Nitro reconnect 2: remaining 0, exact checkpoint state and returning player charge 37.5%.
Machine gun recovery verified: 187/500 rounds, phase 0.25, no historical shot.
Category history verified after reconnect 2
Salvo recovery verified: exact three held shots, cooldown and two flying rounds at tick 8049; no historical events.
Proxy Mine reconnect 3: complete state restored without impact replay.
Nitro reconnect 3: remaining 0, exact checkpoint state and returning player charge 37.5%.
Machine gun recovery verified: 187/500 rounds, phase 0.25, no historical shot.
Category history verified after reconnect 3
Reconnect integration passed: immediate lobby removal/fresh admission, three arena resyncs including 125 seconds offline, native body reuse, prediction/interpolation reset, held-item/spawn/match continuity, dimmed retained standings, final results and new-generation reset over real UDP. EOS identity and initial scores are test seams.
