Godot Engine v4.7.2.stable.mono.official.ed1daf0bf - https://godotengine.org

Network vehicle metrics: host=True, entry=False, maximum=0, startup=0, steady=0, snaps=0; full report: C:\Users\j_gen\Documents\Game Projects\Trackstorm\.godot\network-vehicle-checks\3c277c0c907f4df99f6c0ac06f3c8e63\player-0.json
Live camera playtest passed: mouse orbit/smooth return, two-axis controller orbit/noisy-neutral return, displayed vehicle pose.
Network vehicle integration passed.
REPLICATION_TRAFFIC {"seconds":32.7767733,"note":"Native-send application payloads including connection/chunk envelopes; excludes UDP/GNS overhead/retransmissions. Full harness lifecycle, not a steady-state window.","sent":[{"peer":1,"protocol":"TC","delivery":"Reliable","bytes":1389,"messages":1,"peak":1389},{"peer":1,"protocol":"TD","delivery":"Unreliable","bytes":704704,"messages":132,"peak":5425},{"peer":1,"protocol":"TI","delivery":"Reliable","bytes":2987,"messages":1,"peak":2987},{"peer":1,"protocol":"TM","delivery":"Reliable","bytes":29691,"messages":49,"peak":627},{"peer":1,"protocol":"TS","delivery":"Reliable","bytes":1785,"messages":2,"peak":1765},{"peer":1,"protocol":"TS","delivery":"Unreliable","bytes":871000,"messages":425,"peak":2131},{"peer":2,"protocol":"TC","delivery":"Reliable","bytes":5556,"messages":4,"peak":1389},{"peer":2,"protocol":"TD","delivery":"Unreliable","bytes":715554,"messages":134,"peak":5425},{"peer":2,"protocol":"TI","delivery":"Reliable","bytes":10281,"messages":4,"peak":2987},{"peer":2,"protocol":"TM","delivery":"Reliable","bytes":31374,"messages":52,"peak":627},{"peer":2,"protocol":"TS","delivery":"Reliable","bytes":5413,"messages":5,"peak":1765},{"peer":2,"protocol":"TS","delivery":"Unreliable","bytes":873765,"messages":427,"peak":2131},{"peer":3,"protocol":"TC","delivery":"Reliable","bytes":2778,"messages":2,"peak":1389},{"peer":3,"protocol":"TD","delivery":"Unreliable","bytes":710129,"messages":133,"peak":5425},{"peer":3,"protocol":"TI","delivery":"Reliable","bytes":5839,"messages":2,"peak":2987},{"peer":3,"protocol":"TM","delivery":"Reliable","bytes":30252,"messages":50,"peak":627},{"peer":3,"protocol":"TS","delivery":"Reliable","bytes":3415,"messages":3,"peak":1765},{"peer":3,"protocol":"TS","delivery":"Unreliable","bytes":872630,"messages":426,"peak":2131},{"peer":4,"protocol":"TC","delivery":"Reliable","bytes":6945,"messages":5,"peak":1389},{"peer":4,"protocol":"TD","delivery":"Unreliable","bytes":715554,"messages":134,"peak":5425},{"peer":4,"protocol":"TI","delivery":"Reliable","bytes":12088,"messages":5,"peak":2987},{"peer":4,"protocol":"TM","delivery":"Reliable","bytes":31935,"messages":53,"peak":627},{"peer":4,"protocol":"TS","delivery":"Reliable","bytes":5998,"messages":6,"peak":1765},{"peer":4,"protocol":"TS","delivery":"Unreliable","bytes":873765,"messages":427,"peak":2131},{"peer":5,"protocol":"TC","delivery":"Reliable","bytes":1389,"messages":1,"peak":1389},{"peer":5,"protocol":"TD","delivery":"Unreliable","bytes":704704,"messages":132,"peak":5425},{"peer":5,"protocol":"TI","delivery":"Reliable","bytes":2987,"messages":1,"peak":2987},{"peer":5,"protocol":"TM","delivery":"Reliable","bytes":29691,"messages":49,"peak":627},{"peer":5,"protocol":"TS","delivery":"Reliable","bytes":1785,"messages":2,"peak":1765},{"peer":5,"protocol":"TS","delivery":"Unreliable","bytes":871000,"messages":425,"peak":2131},{"peer":6,"protocol":"TC","delivery":"Reliable","bytes":2778,"messages":2,"peak":1389},{"peer":6,"protocol":"TD","delivery":"Unreliable","bytes":710129,"messages":133,"peak":5425},{"peer":6,"protocol":"TI","delivery":"Reliable","bytes":5839,"messages":2,"peak":2987},{"peer":6,"protocol":"TM","delivery":"Reliable","bytes":30252,"messages":50,"peak":627},{"peer":6,"protocol":"TS","delivery":"Reliable","bytes":3415,"messages":3,"peak":1765},{"peer":6,"protocol":"TS","delivery":"Unreliable","bytes":872630,"messages":426,"peak":2131},{"peer":7,"protocol":"TC","delivery":"Reliable","bytes":4167,"messages":3,"peak":1389},{"peer":7,"protocol":"TD","delivery":"Unreliable","bytes":710129,"messages":133,"peak":5425},{"peer":7,"protocol":"TI","delivery":"Reliable","bytes":5839,"messages":2,"peak":2987},{"peer":7,"protocol":"TM","delivery":"Reliable","bytes":30252,"messages":50,"peak":627},{"peer":7,"protocol":"TS","delivery":"Reliable","bytes":3415,"messages":3,"peak":1765},{"peer":7,"protocol":"TS","delivery":"Unreliable","bytes":872630,"messages":426,"peak":2131}]}

Godot Engine v4.7.2.stable.mono.official.ed1daf0bf - https://godotengine.org

Network vehicle metrics: host=False, entry=False, maximum=0.35801673, startup=0.3580167293548584, steady=0.2904475927352905, snaps=0; full report: C:\Users\j_gen\Documents\Game Projects\Trackstorm\.godot\network-vehicle-checks\3c277c0c907f4df99f6c0ac06f3c8e63\player-1.json
Live camera playtest passed: mouse orbit/smooth return, two-axis controller orbit/noisy-neutral return, displayed vehicle pose.
Network vehicle integration passed.
REPLICATION_TRAFFIC {"seconds":23.8847026,"note":"Native-send application payloads including connection/chunk envelopes; excludes UDP/GNS overhead/retransmissions. Full harness lifecycle, not a steady-state window.","sent":[{"peer":1,"protocol":"TS","delivery":"Unreliable","bytes":116131,"messages":961,"peak":121}]}

Godot Engine v4.7.2.stable.mono.official.ed1daf0bf - https://godotengine.org

Network vehicle metrics: host=False, entry=False, maximum=0.23978001, startup=0.2397800087928772, steady=0.12906739115715027, snaps=0; full report: C:\Users\j_gen\Documents\Game Projects\Trackstorm\.godot\network-vehicle-checks\3c277c0c907f4df99f6c0ac06f3c8e63\player-2.json
Live camera playtest passed: mouse orbit/smooth return, two-axis controller orbit/noisy-neutral return, displayed vehicle pose.
Network vehicle integration passed.
REPLICATION_TRAFFIC {"seconds":23.9122739,"note":"Native-send application payloads including connection/chunk envelopes; excludes UDP/GNS overhead/retransmissions. Full harness lifecycle, not a steady-state window.","sent":[{"peer":1,"protocol":"TS","delivery":"Unreliable","bytes":116131,"messages":961,"peak":121}]}

Godot Engine v4.7.2.stable.mono.official.ed1daf0bf - https://godotengine.org

Network vehicle metrics: host=False, entry=False, maximum=0.30571383, startup=0.30571383237838745, steady=0.09249909967184067, snaps=0; full report: C:\Users\j_gen\Documents\Game Projects\Trackstorm\.godot\network-vehicle-checks\3c277c0c907f4df99f6c0ac06f3c8e63\player-3.json
Live camera playtest passed: mouse orbit/smooth return, two-axis controller orbit/noisy-neutral return, displayed vehicle pose.
Network vehicle integration passed.
REPLICATION_TRAFFIC {"seconds":23.8581426,"note":"Native-send application payloads including connection/chunk envelopes; excludes UDP/GNS overhead/retransmissions. Full harness lifecycle, not a steady-state window.","sent":[{"peer":1,"protocol":"TS","delivery":"Unreliable","bytes":116131,"messages":961,"peak":121}]}

Godot Engine v4.7.2.stable.mono.official.ed1daf0bf - https://godotengine.org

Network vehicle metrics: host=False, entry=False, maximum=0.31874844, startup=0.31874844431877136, steady=0.15875035524368286, snaps=0; full report: C:\Users\j_gen\Documents\Game Projects\Trackstorm\.godot\network-vehicle-checks\3c277c0c907f4df99f6c0ac06f3c8e63\player-4.json
Live camera playtest passed: mouse orbit/smooth return, two-axis controller orbit/noisy-neutral return, displayed vehicle pose.
Network vehicle integration passed.
REPLICATION_TRAFFIC {"seconds":23.8197623,"note":"Native-send application payloads including connection/chunk envelopes; excludes UDP/GNS overhead/retransmissions. Full harness lifecycle, not a steady-state window.","sent":[{"peer":1,"protocol":"TS","delivery":"Unreliable","bytes":116131,"messages":961,"peak":121}]}

Godot Engine v4.7.2.stable.mono.official.ed1daf0bf - https://godotengine.org

Network vehicle metrics: host=False, entry=False, maximum=0.31874835, startup=0.3187483549118042, steady=0, snaps=0; full report: C:\Users\j_gen\Documents\Game Projects\Trackstorm\.godot\network-vehicle-checks\3c277c0c907f4df99f6c0ac06f3c8e63\player-5.json
Live camera playtest passed: mouse orbit/smooth return, two-axis controller orbit/noisy-neutral return, displayed vehicle pose.
Network vehicle integration passed.
REPLICATION_TRAFFIC {"seconds":23.7821499,"note":"Native-send application payloads including connection/chunk envelopes; excludes UDP/GNS overhead/retransmissions. Full harness lifecycle, not a steady-state window.","sent":[{"peer":1,"protocol":"TS","delivery":"Unreliable","bytes":116131,"messages":961,"peak":121}]}

Godot Engine v4.7.2.stable.mono.official.ed1daf0bf - https://godotengine.org

Network vehicle metrics: host=False, entry=False, maximum=0.26090807, startup=0.2609080672264099, steady=0.010242997668683529, snaps=0; full report: C:\Users\j_gen\Documents\Game Projects\Trackstorm\.godot\network-vehicle-checks\3c277c0c907f4df99f6c0ac06f3c8e63\player-6.json
Live camera playtest passed: mouse orbit/smooth return, two-axis controller orbit/noisy-neutral return, displayed vehicle pose.
Network vehicle integration passed.
REPLICATION_TRAFFIC {"seconds":23.8533479,"note":"Native-send application payloads including connection/chunk envelopes; excludes UDP/GNS overhead/retransmissions. Full harness lifecycle, not a steady-state window.","sent":[{"peer":1,"protocol":"TS","delivery":"Unreliable","bytes":116131,"messages":961,"peak":121}]}

Godot Engine v4.7.2.stable.mono.official.ed1daf0bf - https://godotengine.org

Network vehicle metrics: host=False, entry=False, maximum=0.3057143, startup=0.30571430921554565, steady=0.002764285309240222, snaps=0; full report: C:\Users\j_gen\Documents\Game Projects\Trackstorm\.godot\network-vehicle-checks\3c277c0c907f4df99f6c0ac06f3c8e63\player-7.json
Live camera playtest passed: mouse orbit/smooth return, two-axis controller orbit/noisy-neutral return, displayed vehicle pose.
Network vehicle integration passed.
REPLICATION_TRAFFIC {"seconds":23.8423441,"note":"Native-send application payloads including connection/chunk envelopes; excludes UDP/GNS overhead/retransmissions. Full harness lifecycle, not a steady-state window.","sent":[{"peer":1,"protocol":"TS","delivery":"Unreliable","bytes":116131,"messages":961,"peak":121}]}

Network vehicle verification artifacts: C:\Users\j_gen\Documents\Game Projects\Trackstorm\.godot\network-vehicle-checks\3c277c0c907f4df99f6c0ac06f3c8e63
