Godot Engine v4.7.2.stable.mono.official.ed1daf0bf - https://godotengine.org
OpenGL API 3.3.0 NVIDIA 610.78 - Compatibility - Using Device: NVIDIA - NVIDIA GeForce RTX 4070 Laptop GPU

Eight native peers assigned and initialized.
E and D-pad Right switch all eight players; immediate use selects Wrench in slot two.
All eight use Wrench at full HP, including repeated requests.
Every full-health use consumed once and replicated; preparing damaged Wrench use.
All eight damaged players use Wrench.
Damaged Wrench outcomes match on all eight peers.
Remote client requested missile scenario 0; host owns creation.
Remote client requested missile scenario 1; host owns creation.
Remote client requested missile scenario 2; host owns creation.
Remote client requested missile scenario 3; host owns creation.
Item integration passed: Eight native peers assigned and initialized.
E and D-pad Right switch all eight players; immediate use selects Wrench in slot two.
All eight use Wrench at full HP, including repeated requests.
Every full-health use consumed once and replicated; preparing damaged Wrench use.
All eight damaged players use Wrench.
Damaged Wrench outcomes match on all eight peers.
Remote client requested missile scenario 0; host owns creation.
Scenario 0: one remote launch/impact on every peer at <-40, 1.0186131, -2.6469328>; host-only damage/impulse.
Remote client requested missile scenario 1; host owns creation.
Scenario 1: one remote launch/impact on every peer at <8, 1.0186131, -5.400002>; host-only damage/impulse.
Remote client requested missile scenario 2; host owns creation.
Scenario 2: one remote launch/impact on every peer at <-17, 1.0186131, 2>; host-only damage/impulse.
Remote client requested missile scenario 3; host owns creation.
Scenario 3: one remote launch/impact on every peer at <-45, 1.0186131, -50>; host-only damage/impulse.
Vehicles, movable prop, static container and arena boundary all stop missiles. VFX consume replicated events only.
REPLICATION_TRAFFIC {"seconds":6.960934,"note":"Native-send application payloads including connection/chunk envelopes; excludes UDP/GNS overhead/retransmissions. Full harness lifecycle, not a steady-state window.","sent":[{"peer":1,"protocol":"TC","delivery":"Reliable","bytes":2778,"messages":2,"peak":1389},{"peer":1,"protocol":"TI","delivery":"Reliable","bytes":75586,"messages":27,"peak":3199},{"peer":1,"protocol":"TJ","delivery":"Unreliable","bytes":1632,"messages":24,"peak":68},{"peer":1,"protocol":"TM","delivery":"Reliable","bytes":1828,"messages":4,"peak":527},{"peer":1,"protocol":"TS","delivery":"Reliable","bytes":2465,"messages":3,"peak":1765},{"peer":1,"protocol":"TS","delivery":"Unreliable","bytes":219721,"messages":224,"peak":1927},{"peer":2,"protocol":"TC","delivery":"Reliable","bytes":2778,"messages":2,"peak":1389},{"peer":2,"protocol":"TI","delivery":"Reliable","bytes":75586,"messages":27,"peak":3199},{"peer":2,"protocol":"TJ","delivery":"Unreliable","bytes":1632,"messages":24,"peak":68},{"peer":2,"protocol":"TM","delivery":"Reliable","bytes":1828,"messages":4,"peak":527},{"peer":2,"protocol":"TS","delivery":"Reliable","bytes":2465,"messages":3,"peak":1765},{"peer":2,"protocol":"TS","delivery":"Unreliable","bytes":219721,"messages":224,"peak":1927},{"peer":3,"protocol":"TC","delivery":"Reliable","bytes":1389,"messages":1,"peak":1389},{"peer":3,"protocol":"TI","delivery":"Reliable","bytes":74596,"messages":26,"peak":3199},{"peer":3,"protocol":"TJ","delivery":"Unreliable","bytes":1632,"messages":24,"peak":68},{"peer":3,"protocol":"TM","delivery":"Reliable","bytes":1581,"messages":3,"peak":527},{"peer":3,"protocol":"TS","delivery":"Reliable","bytes":1785,"messages":2,"peak":1765},{"peer":3,"protocol":"TS","delivery":"Unreliable","bytes":219721,"messages":224,"peak":1927},{"peer":4,"protocol":"TC","delivery":"Reliable","bytes":1389,"messages":1,"peak":1389},{"peer":4,"protocol":"TI","delivery":"Reliable","bytes":74596,"messages":26,"peak":3199},{"peer":4,"protocol":"TJ","delivery":"Unreliable","bytes":1632,"messages":24,"peak":68},{"peer":4,"protocol":"TM","delivery":"Reliable","bytes":1581,"messages":3,"peak":527},{"peer":4,"protocol":"TS","delivery":"Reliable","bytes":1785,"messages":2,"peak":1765},{"peer":4,"protocol":"TS","delivery":"Unreliable","bytes":219721,"messages":224,"peak":1927},{"peer":5,"protocol":"TC","delivery":"Reliable","bytes":1389,"messages":1,"peak":1389},{"peer":5,"protocol":"TI","delivery":"Reliable","bytes":74596,"messages":26,"peak":3199},{"peer":5,"protocol":"TJ","delivery":"Unreliable","bytes":1632,"messages":24,"peak":68},{"peer":5,"protocol":"TM","delivery":"Reliable","bytes":1581,"messages":3,"peak":527},{"peer":5,"protocol":"TS","delivery":"Reliable","bytes":1785,"messages":2,"peak":1765},{"peer":5,"protocol":"TS","delivery":"Unreliable","bytes":219721,"messages":224,"peak":1927},{"peer":6,"protocol":"TC","delivery":"Reliable","bytes":1389,"messages":1,"peak":1389},{"peer":6,"protocol":"TI","delivery":"Reliable","bytes":74596,"messages":26,"peak":3199},{"peer":6,"protocol":"TJ","delivery":"Unreliable","bytes":1632,"messages":24,"peak":68},{"peer":6,"protocol":"TM","delivery":"Reliable","bytes":1581,"messages":3,"peak":527},{"peer":6,"protocol":"TS","delivery":"Reliable","bytes":1785,"messages":2,"peak":1765},{"peer":6,"protocol":"TS","delivery":"Unreliable","bytes":219721,"messages":224,"peak":1927},{"peer":7,"protocol":"TC","delivery":"Reliable","bytes":1389,"messages":1,"peak":1389},{"peer":7,"protocol":"TI","delivery":"Reliable","bytes":74596,"messages":26,"peak":3199},{"peer":7,"protocol":"TJ","delivery":"Unreliable","bytes":1632,"messages":24,"peak":68},{"peer":7,"protocol":"TM","delivery":"Reliable","bytes":1581,"messages":3,"peak":527},{"peer":7,"protocol":"TS","delivery":"Reliable","bytes":1785,"messages":2,"peak":1765},{"peer":7,"protocol":"TS","delivery":"Unreliable","bytes":219721,"messages":224,"peak":1927}]}
REPLICATION_TRAFFIC {"seconds":6.6714838,"note":"Native-send application payloads including connection/chunk envelopes; excludes UDP/GNS overhead/retransmissions. Full harness lifecycle, not a steady-state window.","sent":[{"peer":1,"protocol":"TI","delivery":"Reliable","bytes":353,"messages":11,"peak":33},{"peer":1,"protocol":"TS","delivery":"Unreliable","bytes":40385,"messages":335,"peak":121}]}
REPLICATION_TRAFFIC {"seconds":6.6491515,"note":"Native-send application payloads including connection/chunk envelopes; excludes UDP/GNS overhead/retransmissions. Full harness lifecycle, not a steady-state window.","sent":[{"peer":1,"protocol":"TI","delivery":"Reliable","bytes":221,"messages":7,"peak":33},{"peer":1,"protocol":"TS","delivery":"Unreliable","bytes":39417,"messages":327,"peak":121}]}
REPLICATION_TRAFFIC {"seconds":6.6301143,"note":"Native-send application payloads including connection/chunk envelopes; excludes UDP/GNS overhead/retransmissions. Full harness lifecycle, not a steady-state window.","sent":[{"peer":1,"protocol":"TI","delivery":"Reliable","bytes":221,"messages":7,"peak":33},{"peer":1,"protocol":"TS","delivery":"Unreliable","bytes":39417,"messages":327,"peak":121}]}
REPLICATION_TRAFFIC {"seconds":6.614046,"note":"Native-send application payloads including connection/chunk envelopes; excludes UDP/GNS overhead/retransmissions. Full harness lifecycle, not a steady-state window.","sent":[{"peer":1,"protocol":"TI","delivery":"Reliable","bytes":221,"messages":7,"peak":33},{"peer":1,"protocol":"TS","delivery":"Unreliable","bytes":39417,"messages":327,"peak":121}]}
REPLICATION_TRAFFIC {"seconds":6.5985459,"note":"Native-send application payloads including connection/chunk envelopes; excludes UDP/GNS overhead/retransmissions. Full harness lifecycle, not a steady-state window.","sent":[{"peer":1,"protocol":"TI","delivery":"Reliable","bytes":221,"messages":7,"peak":33},{"peer":1,"protocol":"TS","delivery":"Unreliable","bytes":39417,"messages":327,"peak":121}]}
REPLICATION_TRAFFIC {"seconds":6.5812358,"note":"Native-send application payloads including connection/chunk envelopes; excludes UDP/GNS overhead/retransmissions. Full harness lifecycle, not a steady-state window.","sent":[{"peer":1,"protocol":"TI","delivery":"Reliable","bytes":221,"messages":7,"peak":33},{"peer":1,"protocol":"TS","delivery":"Unreliable","bytes":39417,"messages":327,"peak":121}]}
REPLICATION_TRAFFIC {"seconds":6.5664465,"note":"Native-send application payloads including connection/chunk envelopes; excludes UDP/GNS overhead/retransmissions. Full harness lifecycle, not a steady-state window.","sent":[{"peer":1,"protocol":"TI","delivery":"Reliable","bytes":221,"messages":7,"peak":33},{"peer":1,"protocol":"TS","delivery":"Unreliable","bytes":39417,"messages":327,"peak":121}]}
Item verification artifacts: C:\Users\j_gen\Documents\Game Projects\Trackstorm\.godot\item-checks\d546737ab9274e4784fd1209a91f9e38
