Godot Engine v4.7.2.stable.mono.official.ed1daf0bf - https://godotengine.org

Three UDP peers initialized
Host tuning applied
AIM_AT requested=(0, 21.949692, 0) firstTargetDrift=(0, 8.201599E-05, 0) requestedScreen=(640, 400.00037)
LOOK_CORRECTION distance=6 fps=30 gain=0.25 target=1 releases=
Repeated modest outward/return camera movements retain the same car
LOOK_PLACEMENT distance=6 fps=30 error=0.07463 releases=
Slow deliberate camera placement around four degrees retains useful engagement
RMB release overrides the more forgiving look tolerance immediately
AIM_AT requested=(0, 21.949722, 0) firstTargetDrift=(0, 3.0517578E-05, 0) requestedScreen=(640.0003, 400.00003)
Clear outward sweep still releases promptly
Stopping after a deliberate sweep does not reacquire the dismissed car
AIM_AT requested=(0, 21.949572, 0) firstTargetDrift=(0, -3.4332275E-05, 0) requestedScreen=(640, 400.00223)
LOOK_CORRECTION distance=6 fps=60 gain=1 target=1 releases=
Repeated modest outward/return camera movements retain the same car
LOOK_PLACEMENT distance=6 fps=60 error=0.07178 releases=
Slow deliberate camera placement around four degrees retains useful engagement
RMB release overrides the more forgiving look tolerance immediately
AIM_AT requested=(0, 21.949692, 0) firstTargetDrift=(0, -3.0517578E-05, 0) requestedScreen=(640.0004, 400.0001)
Clear outward sweep still releases promptly
Stopping after a deliberate sweep does not reacquire the dismissed car
AIM_AT requested=(0, 21.949692, 0) firstTargetDrift=(0, -3.2424927E-05, 0) requestedScreen=(640, 399.99774)
LOOK_CORRECTION distance=6 fps=144 gain=3 target=1 releases=
Repeated modest outward/return camera movements retain the same car
LOOK_PLACEMENT distance=6 fps=144 error=0.07179 releases=
Slow deliberate camera placement around four degrees retains useful engagement
RMB release overrides the more forgiving look tolerance immediately
AIM_AT requested=(0, 21.949633, 0) firstTargetDrift=(0, -5.9127808E-05, 0) requestedScreen=(640.0005, 399.99997)
Clear outward sweep still releases promptly
Stopping after a deliberate sweep does not reacquire the dismissed car
AIM_AT requested=(0, 21.949999, 0) firstTargetDrift=(0, 0, 0) requestedScreen=(640, 400)
LOOK_CORRECTION distance=35 fps=30 gain=0.25 target=1 releases=
Repeated modest outward/return camera movements retain the same car
LOOK_PLACEMENT distance=35 fps=30 error=0.07487 releases=
Slow deliberate camera placement around four degrees retains useful engagement
RMB release overrides the more forgiving look tolerance immediately
AIM_AT requested=(0, 21.949999, 0) firstTargetDrift=(0, 0, 0) requestedScreen=(640, 400)
Clear outward sweep still releases promptly
Stopping after a deliberate sweep does not reacquire the dismissed car
AIM_AT requested=(0, 21.949999, 0) firstTargetDrift=(0, 0, 0) requestedScreen=(640, 400)
LOOK_CORRECTION distance=35 fps=60 gain=1 target=1 releases=
Repeated modest outward/return camera movements retain the same car
LOOK_PLACEMENT distance=35 fps=60 error=0.07199 releases=
Slow deliberate camera placement around four degrees retains useful engagement
RMB release overrides the more forgiving look tolerance immediately
AIM_AT requested=(0, 21.949999, 0) firstTargetDrift=(0, 0, 0) requestedScreen=(640, 400)
Clear outward sweep still releases promptly
Stopping after a deliberate sweep does not reacquire the dismissed car
AIM_AT requested=(0, 21.949999, 0) firstTargetDrift=(0, 0, 0) requestedScreen=(640, 400)
LOOK_CORRECTION distance=35 fps=144 gain=3 target=1 releases=
Repeated modest outward/return camera movements retain the same car
LOOK_PLACEMENT distance=35 fps=144 error=0.07199 releases=
Slow deliberate camera placement around four degrees retains useful engagement
RMB release overrides the more forgiving look tolerance immediately
AIM_AT requested=(0, 21.949999, 0) firstTargetDrift=(0, 0, 0) requestedScreen=(640, 400)
Clear outward sweep still releases promptly
Stopping after a deliberate sweep does not reacquire the dismissed car
AIM_AT requested=(0, 21.949999, 0) firstTargetDrift=(0, 0, 0) requestedScreen=(640, 400)
LOOK_CORRECTION distance=200 fps=30 gain=0.25 target=0 releases=
ERROR: System.InvalidOperationException: Repeated modest outward/return camera movements retain the same car
   at Trackstorm.Client.Verification.WeaponAimChecks.Require(Boolean condition, String message) in C:\Users\j_gen\OneDrive\Documents\Game_Projects\Trackstorm\code\Client\Verification\WeaponAimChecks.cs:line 563
   at Trackstorm.Client.Verification.WeaponAimChecks.CheckAimLook() in C:\Users\j_gen\OneDrive\Documents\Game_Projects\Trackstorm\code\Client\Verification\WeaponAimChecks.Look.cs:line 39
   at Trackstorm.Client.Verification.WeaponAimChecks.Run() in C:\Users\j_gen\OneDrive\Documents\Game_Projects\Trackstorm\code\Client\Verification\WeaponAimChecks.cs:line 117
   at: void Trackstorm.Client.Verification.WeaponAimChecks+<Run>d__25.MoveNext() (res://code/Client/Verification/WeaponAimChecks.cs:117)
   C# backtrace (most recent call first):
       [0] void Godot.GD.PushError(string) (/root/godot/modules/mono/glue/GodotSharp/GodotSharp/Core/GD.cs:366)
       [1] void Trackstorm.Client.Verification.WeaponAimChecks+<Run>d__25.MoveNext() (C:\Users\j_gen\OneDrive\Documents\Game_Projects\Trackstorm\code\Client\Verification\WeaponAimChecks.cs:117)
       [2] void System.Threading.ExecutionContext.RunInternal(System.Threading.ExecutionContext, System.Threading.ContextCallback, object)
       [3] void System.Threading.Tasks.AwaitTaskContinuation.RunCallback(System.Threading.ContextCallback, object, System.Threading.Tasks.Task&)
       [4] void System.Threading.Tasks.Task.RunContinuations(object)
       [5] void System.Threading.Tasks.Task.FinishSlow(bool)
       [6] bool System.Threading.Tasks.Task.TrySetException(object)
       [7] void System.Runtime.CompilerServices.AsyncTaskMethodBuilder`1.SetException(System.Exception, System.Threading.Tasks.Task`1[TResult]&)
       [8] void Trackstorm.Client.Verification.WeaponAimChecks+<CheckAimLook>d__49.MoveNext() (C:\Users\j_gen\OneDrive\Documents\Game_Projects\Trackstorm\code\Client\Verification\WeaponAimChecks.Look.cs:39)
       [9] void System.Threading.ExecutionContext.RunInternal(System.Threading.ExecutionContext, System.Threading.ContextCallback, object)
       [10] void System.Threading.Tasks.AwaitTaskContinuation.RunCallback(System.Threading.ContextCallback, object, System.Threading.Tasks.Task&)
       [11] void System.Threading.Tasks.Task.RunContinuations(object)
       [12] void System.Runtime.CompilerServices.AsyncTaskMethodBuilder.SetResult()
       [13] void Trackstorm.Client.Verification.WeaponAimChecks+<Frames>d__38.MoveNext() (C:\Users\j_gen\OneDrive\Documents\Game_Projects\Trackstorm\code\Client\Verification\WeaponAimChecks.cs:516)
       [14] void System.Threading.ExecutionContext.RunInternal(System.Threading.ExecutionContext, System.Threading.ContextCallback, object)
       [15] void System.Runtime.CompilerServices.AsyncTaskMethodBuilder`1+AsyncStateMachineBox`1.MoveNext()
       [16] void Godot.SignalAwaiter.SignalCallback(nint, Godot.NativeInterop.godot_variant**, int, Godot.NativeInterop.godot_bool*) (/root/godot/modules/mono/glue/GodotSharp/GodotSharp/Core/SignalAwaiter.cs:65)
WARNING: 84 ObjectDB instances were leaked at exit (run with `--verbose` for details).
   at: cleanup (core/object/object.cpp:2536)
ERROR: 3 resources still in use at exit (run with --verbose for details).
   at: clear (core/io/resource.cpp:822)
