Godot Engine v4.7.2.stable.mono.official.ed1daf0bf - https://godotengine.org

Three UDP peers initialized
Host tuning applied
AIM_AT requested=(0, 56.949665, 0) firstTargetDrift=(0, 5.340576E-05, 0) requestedScreen=(640, 400.0002)
Visible target acquired before measuring camera-input retention
LOOK_CORRECTION distance=6 fps=30 gain=0.25 target=1 releases=
Repeated modest outward/return camera movements retain the same car
LOOK_PLACEMENT distance=6 fps=30 error=0.07462 releases=
Slow deliberate camera placement around four degrees retains useful engagement
RMB release overrides the more forgiving look tolerance immediately
AIM_AT requested=(0, 56.949696, 0) firstTargetDrift=(0, 6.1035156E-05, 0) requestedScreen=(640.00037, 400.00003)
Clear outward sweep still releases promptly
Stopping after a deliberate sweep does not reacquire the dismissed car
AIM_AT requested=(0, 56.949635, 0) firstTargetDrift=(0, 5.340576E-05, 0) requestedScreen=(640, 400.0023)
Visible target acquired before measuring camera-input retention
LOOK_CORRECTION distance=6 fps=60 gain=1 target=1 releases=
Repeated modest outward/return camera movements retain the same car
LOOK_PLACEMENT distance=6 fps=60 error=0.07568 releases=
Slow deliberate camera placement around four degrees retains useful engagement
RMB release overrides the more forgiving look tolerance immediately
AIM_AT requested=(0, 56.949635, 0) firstTargetDrift=(0, 3.0517578E-05, 0) requestedScreen=(640.00055, 400.00003)
Clear outward sweep still releases promptly
Stopping after a deliberate sweep does not reacquire the dismissed car
AIM_AT requested=(0, 56.949665, 0) firstTargetDrift=(0, -3.8146973E-05, 0) requestedScreen=(640, 400.00003)
Visible target acquired before measuring camera-input retention
LOOK_CORRECTION distance=6 fps=144 gain=3 target=1 releases=
Repeated modest outward/return camera movements retain the same car
LOOK_PLACEMENT distance=6 fps=144 error=0.07184 releases=
Slow deliberate camera placement around four degrees retains useful engagement
RMB release overrides the more forgiving look tolerance immediately
AIM_AT requested=(0, 56.949696, 0) firstTargetDrift=(0, 6.1035156E-05, 0) requestedScreen=(640.0004, 400.00003)
Clear outward sweep still releases promptly
Stopping after a deliberate sweep does not reacquire the dismissed car
AIM_AT requested=(0, 56.95, 0) firstTargetDrift=(0, 3.8146973E-06, 0) requestedScreen=(640, 400)
Visible target acquired before measuring camera-input retention
LOOK_CORRECTION distance=35 fps=30 gain=0.25 target=1 releases=
Repeated modest outward/return camera movements retain the same car
LOOK_PLACEMENT distance=35 fps=30 error=0.07487 releases=
Slow deliberate camera placement around four degrees retains useful engagement
RMB release overrides the more forgiving look tolerance immediately
AIM_AT requested=(0, 56.95, 0) firstTargetDrift=(0, 0, 0) requestedScreen=(640, 400)
Clear outward sweep still releases promptly
Stopping after a deliberate sweep does not reacquire the dismissed car
AIM_AT requested=(0, 56.95, 0) firstTargetDrift=(0, 0, 0) requestedScreen=(640, 400)
Visible target acquired before measuring camera-input retention
LOOK_CORRECTION distance=35 fps=60 gain=1 target=1 releases=
Repeated modest outward/return camera movements retain the same car
LOOK_PLACEMENT distance=35 fps=60 error=0.07199 releases=
Slow deliberate camera placement around four degrees retains useful engagement
RMB release overrides the more forgiving look tolerance immediately
AIM_AT requested=(0, 56.95, 0) firstTargetDrift=(0, 0, 0) requestedScreen=(640, 400)
Clear outward sweep still releases promptly
Stopping after a deliberate sweep does not reacquire the dismissed car
AIM_AT requested=(0, 56.95, 0) firstTargetDrift=(0, 0, 0) requestedScreen=(640, 400)
Visible target acquired before measuring camera-input retention
LOOK_CORRECTION distance=35 fps=144 gain=3 target=1 releases=
Repeated modest outward/return camera movements retain the same car
LOOK_PLACEMENT distance=35 fps=144 error=0.07201 releases=
Slow deliberate camera placement around four degrees retains useful engagement
RMB release overrides the more forgiving look tolerance immediately
AIM_AT requested=(0, 56.95, 0) firstTargetDrift=(0, 0, 0) requestedScreen=(640, 400)
Clear outward sweep still releases promptly
Stopping after a deliberate sweep does not reacquire the dismissed car
AIM_AT requested=(0, 56.95, 0) firstTargetDrift=(0, 0, 0) requestedScreen=(640, 400)
Visible target acquired before measuring camera-input retention
LOOK_CORRECTION distance=200 fps=30 gain=0.25 target=1 releases=
Repeated modest outward/return camera movements retain the same car
LOOK_PLACEMENT distance=200 fps=30 error=0.07469 releases=
Slow deliberate camera placement around four degrees retains useful engagement
RMB release overrides the more forgiving look tolerance immediately
AIM_AT requested=(0, 56.95, 0) firstTargetDrift=(0, 3.8146973E-06, 0) requestedScreen=(640, 400)
Clear outward sweep still releases promptly
Stopping after a deliberate sweep does not reacquire the dismissed car
AIM_AT requested=(0, 56.95, 0) firstTargetDrift=(0, 0, 0) requestedScreen=(640, 400)
Visible target acquired before measuring camera-input retention
LOOK_CORRECTION distance=200 fps=60 gain=1 target=1 releases=
Repeated modest outward/return camera movements retain the same car
LOOK_PLACEMENT distance=200 fps=60 error=0.07200 releases=
Slow deliberate camera placement around four degrees retains useful engagement
RMB release overrides the more forgiving look tolerance immediately
AIM_AT requested=(0, 56.95, 0) firstTargetDrift=(0, 0, 0) requestedScreen=(640, 400)
Clear outward sweep still releases promptly
Stopping after a deliberate sweep does not reacquire the dismissed car
AIM_AT requested=(0, 56.95, 0) firstTargetDrift=(0, 0, 0) requestedScreen=(640, 400)
Visible target acquired before measuring camera-input retention
LOOK_CORRECTION distance=200 fps=144 gain=3 target=1 releases=
Repeated modest outward/return camera movements retain the same car
LOOK_PLACEMENT distance=200 fps=144 error=0.07218 releases=
Slow deliberate camera placement around four degrees retains useful engagement
RMB release overrides the more forgiving look tolerance immediately
AIM_AT requested=(0, 56.95, 0) firstTargetDrift=(0, -3.8146973E-06, 0) requestedScreen=(640, 400)
Clear outward sweep still releases promptly
Stopping after a deliberate sweep does not reacquire the dismissed car
Weapon aiming integration passed: 56 accuracy/retention checks.
