Godot Engine v4.7.2.stable.mono.official.ed1daf0bf - https://godotengine.org

Network vehicle metrics: host=True, entry=True, maximum=0, startup=0, steady=0, snaps=0; full report: C:\Users\j_gen\Documents\Game Projects\Trackstorm\.godot\network-vehicle-checks\dae1c1ab695c40c7a3d3e9523d671f6e\player-0.json
Live camera playtest passed: mouse orbit/smooth return, two-axis controller orbit/noisy-neutral return, displayed vehicle pose.
Network vehicle integration passed.
REPLICATION_TRAFFIC {"seconds":39.0812015,"note":"Native-send application payloads including connection/chunk envelopes; excludes UDP/GNS overhead/retransmissions. Full harness lifecycle, not a steady-state window.","sent":[{"peer":1,"protocol":"TD","delivery":"Reliable","bytes":2840,"messages":2,"peak":1420},{"peer":1,"protocol":"TE","delivery":"Reliable","bytes":13486,"messages":13,"peak":4316},{"peer":1,"protocol":"TG","delivery":"Reliable","bytes":47127,"messages":54,"peak":9986},{"peer":1,"protocol":"TG","delivery":"Unreliable","bytes":1556779,"messages":627,"peak":5536},{"peer":1,"protocol":"TL","delivery":"Reliable","bytes":1532,"messages":6,"peak":264},{"peer":1,"protocol":"TP","delivery":"Reliable","bytes":3780,"messages":27,"peak":140},{"peer":2,"protocol":"TD","delivery":"Reliable","bytes":2840,"messages":2,"peak":1420},{"peer":2,"protocol":"TE","delivery":"Reliable","bytes":14828,"messages":16,"peak":4316},{"peer":2,"protocol":"TG","delivery":"Reliable","bytes":54513,"messages":58,"peak":9986},{"peer":2,"protocol":"TG","delivery":"Unreliable","bytes":1564412,"messages":629,"peak":5536},{"peer":2,"protocol":"TL","delivery":"Reliable","bytes":2700,"messages":12,"peak":264},{"peer":2,"protocol":"TP","delivery":"Reliable","bytes":3896,"messages":28,"peak":140},{"peer":3,"protocol":"TD","delivery":"Reliable","bytes":2840,"messages":2,"peak":1420},{"peer":3,"protocol":"TE","delivery":"Reliable","bytes":14580,"messages":16,"peak":4316},{"peer":3,"protocol":"TG","delivery":"Reliable","bytes":48543,"messages":55,"peak":9986},{"peer":3,"protocol":"TG","delivery":"Unreliable","bytes":1556779,"messages":627,"peak":5536},{"peer":3,"protocol":"TL","delivery":"Reliable","bytes":2700,"messages":12,"peak":264},{"peer":3,"protocol":"TP","delivery":"Reliable","bytes":3896,"messages":28,"peak":140},{"peer":4,"protocol":"TD","delivery":"Reliable","bytes":2840,"messages":2,"peak":1420},{"peer":4,"protocol":"TE","delivery":"Reliable","bytes":14298,"messages":15,"peak":4316},{"peer":4,"protocol":"TG","delivery":"Reliable","bytes":48543,"messages":55,"peak":9986},{"peer":4,"protocol":"TG","delivery":"Unreliable","bytes":1556779,"messages":627,"peak":5536},{"peer":4,"protocol":"TL","delivery":"Reliable","bytes":2566,"messages":11,"peak":264},{"peer":4,"protocol":"TP","delivery":"Reliable","bytes":3896,"messages":28,"peak":140},{"peer":5,"protocol":"TD","delivery":"Reliable","bytes":2840,"messages":2,"peak":1420},{"peer":5,"protocol":"TE","delivery":"Reliable","bytes":13474,"messages":14,"peak":4316},{"peer":5,"protocol":"TG","delivery":"Reliable","bytes":47127,"messages":54,"peak":9986},{"peer":5,"protocol":"TG","delivery":"Unreliable","bytes":1556779,"messages":627,"peak":5536},{"peer":5,"protocol":"TL","delivery":"Reliable","bytes":2302,"messages":10,"peak":264},{"peer":5,"protocol":"TP","delivery":"Reliable","bytes":3896,"messages":28,"peak":140},{"peer":6,"protocol":"TD","delivery":"Reliable","bytes":2840,"messages":2,"peak":1420},{"peer":6,"protocol":"TE","delivery":"Reliable","bytes":15970,"messages":15,"peak":4316},{"peer":6,"protocol":"TG","delivery":"Reliable","bytes":55929,"messages":59,"peak":9986},{"peer":6,"protocol":"TG","delivery":"Unreliable","bytes":1564412,"messages":629,"peak":5536},{"peer":6,"protocol":"TL","delivery":"Reliable","bytes":2644,"messages":11,"peak":264},{"peer":6,"protocol":"TP","delivery":"Reliable","bytes":4036,"messages":29,"peak":140},{"peer":7,"protocol":"TD","delivery":"Reliable","bytes":2840,"messages":2,"peak":1420},{"peer":7,"protocol":"TE","delivery":"Reliable","bytes":15981,"messages":14,"peak":4316},{"peer":7,"protocol":"TG","delivery":"Reliable","bytes":69285,"messages":66,"peak":9986},{"peer":7,"protocol":"TG","delivery":"Unreliable","bytes":1616082,"messages":652,"peak":5536},{"peer":7,"protocol":"TL","delivery":"Reliable","bytes":1584,"messages":6,"peak":264},{"peer":7,"protocol":"TP","delivery":"Reliable","bytes":4060,"messages":29,"peak":140}]}

Godot Engine v4.7.2.stable.mono.official.ed1daf0bf - https://godotengine.org
OpenGL API 3.3.0 NVIDIA 610.78 - Compatibility - Using Device: NVIDIA - NVIDIA GeForce RTX 4070 Laptop GPU

Network vehicle metrics: host=False, entry=True, maximum=0.083971135, startup=0.006314516067504883, steady=0.08397113531827927, snaps=0; full report: C:\Users\j_gen\Documents\Game Projects\Trackstorm\.godot\network-vehicle-checks\dae1c1ab695c40c7a3d3e9523d671f6e\player-1.json
Live camera playtest passed: mouse orbit/smooth return, two-axis controller orbit/noisy-neutral return, displayed vehicle pose.
Network vehicle integration passed.
REPLICATION_TRAFFIC {"seconds":31.3320601,"note":"Native-send application payloads including connection/chunk envelopes; excludes UDP/GNS overhead/retransmissions. Full harness lifecycle, not a steady-state window.","sent":[{"peer":1,"protocol":"TG","delivery":"Reliable","bytes":78,"messages":2,"peak":39},{"peer":1,"protocol":"TG","delivery":"Unreliable","bytes":187070,"messages":1265,"peak":148},{"peer":1,"protocol":"TL","delivery":"Reliable","bytes":1841,"messages":12,"peak":154}]}

Godot Engine v4.7.2.stable.mono.official.ed1daf0bf - https://godotengine.org

Network vehicle metrics: host=False, entry=True, maximum=0.013208866, startup=0.013208866119384766, steady=0, snaps=0; full report: C:\Users\j_gen\Documents\Game Projects\Trackstorm\.godot\network-vehicle-checks\dae1c1ab695c40c7a3d3e9523d671f6e\player-2.json
Live camera playtest passed: mouse orbit/smooth return, two-axis controller orbit/noisy-neutral return, displayed vehicle pose.
Network vehicle integration passed.
REPLICATION_TRAFFIC {"seconds":30.6553449,"note":"Native-send application payloads including connection/chunk envelopes; excludes UDP/GNS overhead/retransmissions. Full harness lifecycle, not a steady-state window.","sent":[{"peer":1,"protocol":"TG","delivery":"Reliable","bytes":78,"messages":2,"peak":39},{"peer":1,"protocol":"TG","delivery":"Unreliable","bytes":186774,"messages":1263,"peak":148},{"peer":1,"protocol":"TL","delivery":"Reliable","bytes":5999,"messages":39,"peak":154}]}

Godot Engine v4.7.2.stable.mono.official.ed1daf0bf - https://godotengine.org

Network vehicle metrics: host=False, entry=True, maximum=0.03888293, startup=0.011372685432434082, steady=0.03888292983174324, snaps=0; full report: C:\Users\j_gen\Documents\Game Projects\Trackstorm\.godot\network-vehicle-checks\dae1c1ab695c40c7a3d3e9523d671f6e\player-3.json
Live camera playtest passed: mouse orbit/smooth return, two-axis controller orbit/noisy-neutral return, displayed vehicle pose.
Network vehicle integration passed.
REPLICATION_TRAFFIC {"seconds":30.6375274,"note":"Native-send application payloads including connection/chunk envelopes; excludes UDP/GNS overhead/retransmissions. Full harness lifecycle, not a steady-state window.","sent":[{"peer":1,"protocol":"TG","delivery":"Reliable","bytes":78,"messages":2,"peak":39},{"peer":1,"protocol":"TG","delivery":"Unreliable","bytes":186774,"messages":1263,"peak":148},{"peer":1,"protocol":"TL","delivery":"Reliable","bytes":3843,"messages":25,"peak":154}]}

Godot Engine v4.7.2.stable.mono.official.ed1daf0bf - https://godotengine.org

Network vehicle metrics: host=False, entry=True, maximum=0.099644996, startup=0.016631722450256348, steady=0.09964499622583389, snaps=0; full report: C:\Users\j_gen\Documents\Game Projects\Trackstorm\.godot\network-vehicle-checks\dae1c1ab695c40c7a3d3e9523d671f6e\player-4.json
Live camera playtest passed: mouse orbit/smooth return, two-axis controller orbit/noisy-neutral return, displayed vehicle pose.
Network vehicle integration passed.
REPLICATION_TRAFFIC {"seconds":30.6314244,"note":"Native-send application payloads including connection/chunk envelopes; excludes UDP/GNS overhead/retransmissions. Full harness lifecycle, not a steady-state window.","sent":[{"peer":1,"protocol":"TG","delivery":"Reliable","bytes":78,"messages":2,"peak":39},{"peer":1,"protocol":"TG","delivery":"Unreliable","bytes":186774,"messages":1263,"peak":148},{"peer":1,"protocol":"TL","delivery":"Reliable","bytes":5999,"messages":39,"peak":154}]}

Godot Engine v4.7.2.stable.mono.official.ed1daf0bf - https://godotengine.org

Network vehicle metrics: host=False, entry=True, maximum=0.08830227, startup=0.016631722450256348, steady=0.08830226957798004, snaps=0; full report: C:\Users\j_gen\Documents\Game Projects\Trackstorm\.godot\network-vehicle-checks\dae1c1ab695c40c7a3d3e9523d671f6e\player-5.json
Live camera playtest passed: mouse orbit/smooth return, two-axis controller orbit/noisy-neutral return, displayed vehicle pose.
Network vehicle integration passed.
REPLICATION_TRAFFIC {"seconds":30.625252,"note":"Native-send application payloads including connection/chunk envelopes; excludes UDP/GNS overhead/retransmissions. Full harness lifecycle, not a steady-state window.","sent":[{"peer":1,"protocol":"TG","delivery":"Reliable","bytes":78,"messages":2,"peak":39},{"peer":1,"protocol":"TG","delivery":"Unreliable","bytes":186922,"messages":1264,"peak":148},{"peer":1,"protocol":"TL","delivery":"Reliable","bytes":5691,"messages":37,"peak":154}]}

Godot Engine v4.7.2.stable.mono.official.ed1daf0bf - https://godotengine.org

Network vehicle metrics: host=False, entry=True, maximum=0.049750004, startup=0.011372685432434082, steady=0.04975000396370888, snaps=0; full report: C:\Users\j_gen\Documents\Game Projects\Trackstorm\.godot\network-vehicle-checks\dae1c1ab695c40c7a3d3e9523d671f6e\player-6.json
Live camera playtest passed: mouse orbit/smooth return, two-axis controller orbit/noisy-neutral return, displayed vehicle pose.
Network vehicle integration passed.
REPLICATION_TRAFFIC {"seconds":30.6033477,"note":"Native-send application payloads including connection/chunk envelopes; excludes UDP/GNS overhead/retransmissions. Full harness lifecycle, not a steady-state window.","sent":[{"peer":1,"protocol":"TG","delivery":"Reliable","bytes":78,"messages":2,"peak":39},{"peer":1,"protocol":"TG","delivery":"Unreliable","bytes":186922,"messages":1264,"peak":148},{"peer":1,"protocol":"TL","delivery":"Reliable","bytes":5845,"messages":38,"peak":154}]}

Godot Engine v4.7.2.stable.mono.official.ed1daf0bf - https://godotengine.org

Network vehicle metrics: host=False, entry=True, maximum=0.011372685, startup=0.011372685432434082, steady=0.002492945408448577, snaps=0; full report: C:\Users\j_gen\Documents\Game Projects\Trackstorm\.godot\network-vehicle-checks\dae1c1ab695c40c7a3d3e9523d671f6e\player-7.json
Live camera playtest passed: mouse orbit/smooth return, two-axis controller orbit/noisy-neutral return, displayed vehicle pose.
Network vehicle integration passed.
REPLICATION_TRAFFIC {"seconds":30.6199703,"note":"Native-send application payloads including connection/chunk envelopes; excludes UDP/GNS overhead/retransmissions. Full harness lifecycle, not a steady-state window.","sent":[{"peer":1,"protocol":"TG","delivery":"Reliable","bytes":78,"messages":2,"peak":39},{"peer":1,"protocol":"TG","delivery":"Unreliable","bytes":186774,"messages":1263,"peak":148},{"peer":1,"protocol":"TL","delivery":"Reliable","bytes":5691,"messages":37,"peak":154}]}

Network vehicle verification artifacts: C:\Users\j_gen\Documents\Game Projects\Trackstorm\.godot\network-vehicle-checks\dae1c1ab695c40c7a3d3e9523d671f6e
