Godot Engine v4.7.2.stable.mono.official.ed1daf0bf - https://godotengine.org

VERIFIED: 2 players; first 1 loaded, final scene delayed ten seconds; authority remains tick zero.
Entry correction quality player 2: startup 40 reconciliations; >1cm 0; >=10cm 0; >=1m 0; >=3m 0; max 0.000 m; steady 90 reconciliations; >1cm 0; >=10cm 0; >=1m 0; >=3m 0; max 0.000 m; hard snaps 0
Match start integration passed: players=2, leave=False, reconnect=False, checkpoint installations=1, GO tick=300; neutral controls and native vehicles before GO; timer starts at GO; sequences=5,4,3,2,1,GO / 5,4,3,2,1,GO
Godot Engine v4.7.2.stable.mono.official.ed1daf0bf - https://godotengine.org

VERIFIED: 4 players; first 3 loaded, final scene delayed ten seconds; authority remains tick zero.
Entry correction quality player 2: startup 40 reconciliations; >1cm 0; >=10cm 0; >=1m 0; >=3m 0; max 0.000 m; steady 90 reconciliations; >1cm 0; >=10cm 0; >=1m 0; >=3m 0; max 0.000 m; hard snaps 0
Entry correction quality player 3: startup 39 reconciliations; >1cm 0; >=10cm 0; >=1m 0; >=3m 0; max 0.000 m; steady 91 reconciliations; >1cm 0; >=10cm 0; >=1m 0; >=3m 0; max 0.000 m; hard snaps 0
Entry correction quality player 4: startup 39 reconciliations; >1cm 0; >=10cm 0; >=1m 0; >=3m 0; max 0.000 m; steady 91 reconciliations; >1cm 0; >=10cm 0; >=1m 0; >=3m 0; max 0.000 m; hard snaps 0
Match start integration passed: players=4, leave=False, reconnect=False, checkpoint installations=1, GO tick=300; neutral controls and native vehicles before GO; timer starts at GO; sequences=5,4,3,2,1,GO / 5,4,3,2,1,GO / 5,4,3,2,1,GO / 5,4,3,2,1,GO
Godot Engine v4.7.2.stable.mono.official.ed1daf0bf - https://godotengine.org

VERIFIED: 4 players; first 3 loaded, final scene delayed ten seconds; authority remains tick zero.
Entry correction quality player 2: startup 40 reconciliations; >1cm 0; >=10cm 0; >=1m 0; >=3m 0; max 0.000 m; steady 90 reconciliations; >1cm 0; >=10cm 0; >=1m 0; >=3m 0; max 0.000 m; hard snaps 0
Entry correction quality player 3: startup 40 reconciliations; >1cm 0; >=10cm 0; >=1m 0; >=3m 0; max 0.000 m; steady 91 reconciliations; >1cm 0; >=10cm 0; >=1m 0; >=3m 0; max 0.000 m; hard snaps 0
Match start integration passed: players=4, leave=True, reconnect=False, checkpoint installations=1, GO tick=300; neutral controls and native vehicles before GO; timer starts at GO; sequences=5,4,3,2,1,GO / 5,4,3,2,1,GO / 5,4,3,2,1,GO / 
Godot Engine v4.7.2.stable.mono.official.ed1daf0bf - https://godotengine.org

VERIFIED: 2 players; first 1 loaded, final scene delayed ten seconds; authority remains tick zero.
Interrupted the client during Countdown; production reconnect will install current state.
Entry correction quality player 2: startup 41 reconciliations; >1cm 0; >=10cm 0; >=1m 0; >=3m 0; max 0.000 m; steady 47 reconciliations; >1cm 0; >=10cm 0; >=1m 0; >=3m 0; max 0.000 m; hard snaps 0
Match start integration passed: players=2, leave=False, reconnect=True, checkpoint installations=2, GO tick=300; neutral controls and native vehicles before GO; timer starts at GO; sequences=5,4,3,2,1,GO / 5,4,3,2,1,GO
Match start verification artifacts: C:\Users\j_gen\Documents\Game Projects\Trackstorm\.godot\match-start-checks\ed580f8040a043968c4ca569b20d7dd5
