Test run for C:\Users\j_gen\Documents\Game Projects\Trackstorm\code\TransportTests\bin\Release\net10.0\Trackstorm.Transport.Tests.dll (.NETCoreApp,Version=v10.0)
A total of 1 test files matched the specified pattern.
NUnit Adapter 5.0.0.0: Test execution started
Running selected tests in C:\Users\j_gen\Documents\Game Projects\Trackstorm\code\TransportTests\bin\Release\net10.0\Trackstorm.Transport.Tests.dll
   NUnit3TestExecutor discovered 15 of 16 NUnit test cases using Current Discovery mode, Non-Explicit run
Reliable=100/100; unreliable=77/100; ping=67ms; incoming loss=0.31034482; outgoing loss=

  Passed AdversePacketsPreserveReliableOrderAndExposeDiagnostics [5 s]
  Passed ConnectionAndEstablishedTimeoutsReleaseResources [12 s]
  Passed HostAndSevenClientsRejectExcessAndReconnect [90 ms]
  Passed OccupiedListenerReportsBindErrorAndCanRecoverAfterOwnerCloses [2 ms]
  Passed RejectsInvalidOperationsAndBoundsReceiveQueue [59 ms]
  Passed RepeatedHostJoinAndStopReleasesListenerAndPeers [209 ms]
prediction-limited client ticks=0; during probe window plus 0.5s drain=0; elsewhere=0
delivered stale probes=60; controlled dropped snapshots=4; native loss is configured, not individually observable
delivered stale probes=60; controlled dropped snapshots=4; native loss is configured, not individually observable
delivered stale probes=60; controlled dropped snapshots=4; native loss is configured, not individually observable
delivered stale probes=60; controlled dropped snapshots=4; native loss is configured, not individually observable
delivered stale probes=60; controlled dropped snapshots=4; native loss is configured, not individually observable
delivered stale probes=60; controlled dropped snapshots=4; native loss is configured, not individually observable
delivered stale probes=60; controlled dropped snapshots=4; native loss is configured, not individually observable
startup max=0.0746m; steady p99=0.0000m; steady max=0.0000m; steady >1cm=0; max pending at completion=11
players=8; outbound delay=30ms; jitter=10ms; loss=0%; corrections=1618; p99=0.0000m; max=0.0746m; snapshots/client=231; stale packets rejected

TenMinuteEightPlayerImpairmentSoak: Sustained native soak; run separately from the ordinary fast gate.
  Passed EightPlayerControlledSnapshotLossConverges [12 s]
  Skipped TenMinuteEightPlayerImpairmentSoak [< 1 ms]
prediction-limited client ticks=0; during probe window plus 0.5s drain=0; elsewhere=0
delivered stale probes=60; controlled dropped snapshots=0; native loss is configured, not individually observable
startup max=0.0000m; steady p99=0.0000m; steady max=0.0000m; steady >1cm=0; max pending at completion=4
players=2; outbound delay=0ms; jitter=0ms; loss=0%; corrections=238; p99=0.0000m; max=0.0000m; snapshots/client=239; stale packets rejected

  Passed VehicleLoopConvergesAcrossNetworkConditions(2,0,0,0.0f,0.0f) [12 s]
prediction-limited client ticks=0; during probe window plus 0.5s drain=0; elsewhere=0
delivered stale probes=60; controlled dropped snapshots=0; native loss is configured, not individually observable
startup max=0.0689m; steady p99=0.0000m; steady max=0.0000m; steady >1cm=0; max pending at completion=6
players=2; outbound delay=30ms; jitter=0ms; loss=0%; corrections=237; p99=0.0000m; max=0.0689m; snapshots/client=238; stale packets rejected

  Passed VehicleLoopConvergesAcrossNetworkConditions(2,30,0,0.0f,0.0f) [11 s]
prediction-limited client ticks=0; during probe window plus 0.5s drain=0; elsewhere=0
delivered stale probes=60; controlled dropped snapshots=0; native loss is configured, not individually observable
startup max=0.0186m; steady p99=0.0000m; steady max=0.0000m; steady >1cm=0; max pending at completion=6
players=2; outbound delay=25ms; jitter=5ms; loss=0%; corrections=237; p99=0.0000m; max=0.0186m; snapshots/client=238; stale packets rejected

  Passed VehicleLoopConvergesAcrossNetworkConditions(2,25,5,0.0f,0.0f) [12 s]
prediction-limited client ticks=0; during probe window plus 0.5s drain=0; elsewhere=0
delivered stale probes=60; controlled dropped snapshots=0; native loss is configured, not individually observable
startup max=0.0298m; steady p99=0.0000m; steady max=0.0000m; steady >1cm=0; max pending at completion=11
players=2; outbound delay=50ms; jitter=10ms; loss=0%; corrections=234; p99=0.0000m; max=0.0298m; snapshots/client=235; stale packets rejected

  Passed VehicleLoopConvergesAcrossNetworkConditions(2,50,10,0.0f,0.0f) [12 s]
prediction-limited client ticks=0; during probe window plus 0.5s drain=0; elsewhere=0
delivered stale probes=58; controlled dropped snapshots=0; native loss is configured, not individually observable
startup max=0.0717m; steady p99=0.0000m; steady max=0.0823m; steady >1cm=1; max pending at completion=6
players=2; outbound delay=0ms; jitter=0ms; loss=2%; corrections=234; p99=0.0000m; max=0.0823m; snapshots/client=235; stale packets rejected

  Passed VehicleLoopConvergesAcrossNetworkConditions(2,0,0,2.0f,0.0f) [11 s]
CORRECTION tick=71; vehicle=7; error=0.1648; scheduleLag=0.0014; age=0.0002; pending=7; clientAck=51; authorityAck=54; hostTick=72; snapshotTick=69
CORRECTION tick=71; vehicle=8; error=0.1341; scheduleLag=0.0014; age=0.0000; pending=7; clientAck=40; authorityAck=43; hostTick=72; snapshotTick=69
CORRECTION tick=72; vehicle=6; error=0.1676; scheduleLag=0.0013; age=0.0000; pending=8; clientAck=51; authorityAck=55; hostTick=73; snapshotTick=69
CORRECTION tick=134; vehicle=2; error=0.2290; scheduleLag=0.0003; age=0.0000; pending=7; clientAck=115; authorityAck=118; hostTick=135; snapshotTick=132
CORRECTION tick=137; vehicle=3; error=0.2251; scheduleLag=0.0001; age=0.0000; pending=7; clientAck=118; authorityAck=121; hostTick=138; snapshotTick=135
CORRECTION tick=188; vehicle=4; error=0.1123; scheduleLag=0.0001; age=0.0000; pending=7; clientAck=168; authorityAck=171; hostTick=189; snapshotTick=186
prediction-limited client ticks=0; during probe window plus 0.5s drain=0; elsewhere=0
delivered stale probes=58; controlled dropped snapshots=0; native loss is configured, not individually observable
delivered stale probes=57; controlled dropped snapshots=0; native loss is configured, not individually observable
delivered stale probes=57; controlled dropped snapshots=0; native loss is configured, not individually observable
delivered stale probes=58; controlled dropped snapshots=0; native loss is configured, not individually observable
delivered stale probes=58; controlled dropped snapshots=0; native loss is configured, not individually observable
delivered stale probes=57; controlled dropped snapshots=0; native loss is configured, not individually observable
delivered stale probes=58; controlled dropped snapshots=0; native loss is configured, not individually observable
startup max=0.1676m; steady p99=0.0000m; steady max=0.2290m; steady >1cm=3; max pending at completion=11
players=8; outbound delay=30ms; jitter=10ms; loss=2%; corrections=1588; p99=0.0000m; max=0.2290m; snapshots/client=224; stale packets rejected

  Passed VehicleLoopConvergesAcrossNetworkConditions(8,30,10,2.0f,0.0f) [12 s]
CORRECTION tick=120; vehicle=2; error=0.1300; scheduleLag=0.0010; age=0.0001; pending=8; clientAck=57; authorityAck=61; hostTick=121; snapshotTick=117
prediction-limited client ticks=0; during probe window plus 0.5s drain=0; elsewhere=0
delivered stale probes=60; controlled dropped snapshots=0; native loss is configured, not individually observable
startup max=0.0000m; steady p99=0.0000m; steady max=0.1300m; steady >1cm=1; max pending at completion=8
players=2; outbound delay=30ms; jitter=10ms; loss=2%; corrections=215; p99=0.0000m; max=0.1300m; snapshots/client=216; stale packets rejected

  Passed VehicleLoopConvergesAcrossNetworkConditions(2,30,10,2.0f,10.0f) [12 s]
CORRECTION tick=59; vehicle=7; error=0.1254; scheduleLag=0.0004; age=0.0001; pending=7; clientAck=38; authorityAck=41; hostTick=60; snapshotTick=57
CORRECTION tick=137; vehicle=2; error=0.2251; scheduleLag=0.0006; age=0.0000; pending=8; clientAck=116; authorityAck=119; hostTick=138; snapshotTick=135
CORRECTION tick=282; vehicle=8; error=0.1166; scheduleLag=0.0013; age=0.0001; pending=9; clientAck=259; authorityAck=263; hostTick=283; snapshotTick=279
prediction-limited client ticks=0; during probe window plus 0.5s drain=0; elsewhere=0
delivered stale probes=57; controlled dropped snapshots=0; native loss is configured, not individually observable
delivered stale probes=58; controlled dropped snapshots=0; native loss is configured, not individually observable
delivered stale probes=59; controlled dropped snapshots=0; native loss is configured, not individually observable
delivered stale probes=60; controlled dropped snapshots=0; native loss is configured, not individually observable
delivered stale probes=57; controlled dropped snapshots=0; native loss is configured, not individually observable
delivered stale probes=58; controlled dropped snapshots=0; native loss is configured, not individually observable
delivered stale probes=58; controlled dropped snapshots=0; native loss is configured, not individually observable
startup max=0.1254m; steady p99=0.0000m; steady max=0.2251m; steady >1cm=5; max pending at completion=12
players=8; outbound delay=30ms; jitter=10ms; loss=2%; corrections=1571; p99=0.0000m; max=0.2251m; snapshots/client=219; stale packets rejected

NUnit Adapter 5.0.0.0: Test execution complete
  Passed VehicleLoopConvergesAcrossNetworkConditions(8,30,10,2.0f,10.0f) [12 s]

Test Run Successful.
Total tests: 15
     Passed: 15
 Total time: 2.1152 Minutes
