START final-vehicles-baseline 2026-09-27T04:34:33.4146142Z
END final-vehicles-baseline pass=True
START final-vehicles-50ms 2026-09-27T04:35:05.6924459Z
END final-vehicles-50ms pass=True
START final-vehicles-100ms 2026-09-27T04:35:38.0838310Z
END final-vehicles-100ms pass=True
START final-vehicles-loss 2026-09-27T04:36:10.2728088Z
END final-vehicles-loss pass=True
START final-vehicles-eight 2026-09-27T04:36:42.4245743Z
END final-vehicles-eight pass=True
START entry-100ms 2026-09-27T04:37:15.2753744Z
END entry-100ms pass=True
START entry-eight 2026-09-27T04:37:53.6817940Z
END entry-eight pass=True
START native-contact 2026-09-27T04:38:33.3395169Z
END native-contact pass=True
START podium-visual 2026-09-27T04:38:44.3617254Z
END podium-visual pass=True
START final-items 2026-09-27T04:39:46.9296867Z
END final-items pass=True
START final-oil 2026-09-27T04:39:55.5935804Z
END final-oil pass=True
START final-nitro 2026-09-27T04:40:04.0220910Z
END final-nitro pass=True
START final-circus 2026-09-27T04:40:36.8649250Z
END final-circus pass=True
START final-match 2026-09-27T04:41:04.3007989Z
END final-match pass=True
START final-salvo 2026-09-27T04:41:43.8672755Z
END final-salvo pass=True
START final-spawns 2026-09-27T04:42:02.1096964Z
END final-spawns pass=True
START final-entry 2026-09-27T04:42:30.7394436Z
END final-entry pass=True
START final-lobby 2026-09-27T04:43:52.5368009Z
END final-lobby pass=True
START final-reconnect 2026-09-27T04:44:15.8147483Z
END final-reconnect pass=True
START final-migration-three 2026-09-27T04:46:38.0819825Z
END final-migration-three pass=True
START final-migration-two 2026-09-27T04:46:51.9213539Z
END final-migration-two pass=True
START final-migration-process 2026-09-27T04:47:02.4009692Z
END final-migration-process pass=True
START final-standings 2026-09-27T04:47:15.6785116Z
END final-standings pass=True
START final-events 2026-09-27T04:47:29.6179682Z
END final-events pass=True
START final-godot-transport 2026-09-27T04:47:40.8090848Z
END final-godot-transport pass=True
START final-eos-lifecycle 2026-09-27T04:47:41.2774432Z
END final-eos-lifecycle pass=True
START final-eos-authenticated 2026-09-27T04:47:42.7587515Z
END final-eos-authenticated pass=True
START final-startup 2026-09-27T04:48:55.3085501Z
END final-startup pass=True
