Test run for C:\Users\j_gen\Documents\Game Projects\Trackstorm\code\TransportTests\bin\Release\net10.0\Trackstorm.Transport.Tests.dll (.NETCoreApp,Version=v10.0)
A total of 1 test files matched the specified pattern.
NUnit Adapter 5.0.0.0: Test execution started
Running selected tests in C:\Users\j_gen\Documents\Game Projects\Trackstorm\code\TransportTests\bin\Release\net10.0\Trackstorm.Transport.Tests.dll
   NUnit3TestExecutor discovered 1 of 1 NUnit test cases using Current Discovery mode, Explicit run
CORRECTION tick=78; vehicle=2; error=0.1870; scheduleLag=0.0005; age=0.0004; pending=8; clientAck=59; authorityAck=63; hostTick=79; snapshotTick=75
CORRECTION tick=150; vehicle=8; error=0.2011; scheduleLag=0.0010; age=0.0001; pending=9; clientAck=128; authorityAck=132; hostTick=151; snapshotTick=147
CORRECTION tick=180; vehicle=6; error=0.1348; scheduleLag=0.0009; age=0.0001; pending=9; clientAck=158; authorityAck=162; hostTick=181; snapshotTick=177
CORRECTION tick=1605; vehicle=4; error=0.1707; scheduleLag=0.0011; age=0.0001; pending=10; clientAck=1582; authorityAck=1586; hostTick=1606; snapshotTick=1602
SOAK seconds=59.98; tick=3600; managed=4586760; private=35495936; working=94769152; handles=448; threads=20; peakPending=20; peakSnapshotAge=0.2547; received=8095; staleDelivered=2021; controlledDrops=0; gc2=1
SOAK seconds=119.98; tick=7200; managed=8314512; private=34902016; working=94490624; handles=448; threads=20; peakPending=19; peakSnapshotAge=0.1675; received=16184; staleDelivered=4030; controlledDrops=0; gc2=1
SOAK seconds=179.98; tick=10800; managed=12760064; private=36962304; working=96808960; handles=446; threads=18; peakPending=20; peakSnapshotAge=0.1660; received=24264; staleDelivered=6040; controlledDrops=0; gc2=2
SOAK seconds=239.98; tick=14400; managed=4917296; private=36978688; working=96686080; handles=446; threads=18; peakPending=20; peakSnapshotAge=0.1506; received=32361; staleDelivered=8069; controlledDrops=0; gc2=2
SOAK seconds=299.98; tick=18000; managed=9024136; private=37736448; working=97427456; handles=443; threads=19; peakPending=19; peakSnapshotAge=0.1679; received=40413; staleDelivered=10073; controlledDrops=0; gc2=2
SOAK seconds=359.98; tick=21600; managed=12743944; private=37609472; working=97599488; handles=446; threads=20; peakPending=20; peakSnapshotAge=0.1669; received=48480; staleDelivered=12087; controlledDrops=0; gc2=3
SOAK seconds=419.98; tick=25200; managed=4339416; private=37212160; working=97538048; handles=446; threads=18; peakPending=20; peakSnapshotAge=0.1505; received=56553; staleDelivered=14106; controlledDrops=0; gc2=3
SOAK seconds=479.98; tick=28800; managed=8883120; private=37289984; working=97628160; handles=443; threads=17; peakPending=20; peakSnapshotAge=0.1671; received=64652; staleDelivered=16121; controlledDrops=0; gc2=4
SOAK seconds=539.98; tick=32400; managed=13464104; private=38580224; working=98488320; handles=443; threads=17; peakPending=20; peakSnapshotAge=0.1508; received=72706; staleDelivered=18118; controlledDrops=0; gc2=4
SOAK seconds=599.99; tick=36000; managed=4616328; private=38981632; working=99012608; handles=446; threads=20; peakPending=22; peakSnapshotAge=0.1836; received=80794; staleDelivered=20121; controlledDrops=0; gc2=5
prediction-limited client ticks=0; during probe window plus 0.5s drain=0; elsewhere=0
delivered stale probes=2887; controlled dropped snapshots=0; native loss is configured, not individually observable
delivered stale probes=2872; controlled dropped snapshots=0; native loss is configured, not individually observable
delivered stale probes=2869; controlled dropped snapshots=0; native loss is configured, not individually observable
delivered stale probes=2880; controlled dropped snapshots=0; native loss is configured, not individually observable
delivered stale probes=2871; controlled dropped snapshots=0; native loss is configured, not individually observable
delivered stale probes=2882; controlled dropped snapshots=0; native loss is configured, not individually observable
delivered stale probes=2860; controlled dropped snapshots=0; native loss is configured, not individually observable
startup max=0.1870m; steady p99=0.0000m; steady max=0.2011m; steady >1cm=11; max pending at completion=13
players=8; outbound delay=30ms; jitter=10ms; loss=2%; corrections=80768; p99=0.0000m; max=0.2011m; snapshots/client=11513; stale packets rejected

NUnit Adapter 5.0.0.0: Test execution complete
  Passed TenMinuteEightPlayerImpairmentSoak [10 m]

Test Run Successful.
Total tests: 1
     Passed: 1
 Total time: 10.0096 Minutes
Godot Engine v4.7.2.stable.mono.official.ed1daf0bf - https://godotengine.org

Transport peer 1: Connecting; None; 
Transport peer 1: Connecting; None; 
Transport peer 1: Connected; None; 
Transport peer 1: Connected; None; 
REMATCH_RESOURCE cycle=1; generation=6779335884088423234; managed=7218808; private=527941632; handles=483; nodes=5933; objects=11772; orphans=0; inputPending=14; snapshots=20; hostEvents=66; clientEvents=66
REMATCH_RESOURCE cycle=2; generation=6779335884088423235; managed=7504112; private=549384192; handles=485; nodes=6380; objects=12682; orphans=0; inputPending=9; snapshots=20; hostEvents=131; clientEvents=135
REMATCH_RESOURCE cycle=3; generation=6779335884088423236; managed=7535664; private=554840064; handles=485; nodes=6380; objects=12682; orphans=0; inputPending=10; snapshots=20; hostEvents=194; clientEvents=201
REMATCH_RESOURCE cycle=4; generation=6779335884088423237; managed=7574192; private=551071744; handles=485; nodes=6380; objects=12682; orphans=0; inputPending=9; snapshots=20; hostEvents=257; clientEvents=267
REMATCH_RESOURCE cycle=5; generation=6779335884088423238; managed=7607576; private=550928384; handles=483; nodes=6380; objects=12682; orphans=0; inputPending=9; snapshots=20; hostEvents=321; clientEvents=334
REMATCH_RESOURCE cycle=6; generation=6779335884088423239; managed=7645376; private=555692032; handles=483; nodes=6380; objects=12682; orphans=0; inputPending=11; snapshots=20; hostEvents=385; clientEvents=401
REMATCH_RESOURCE cycle=7; generation=6779335884088423240; managed=7682888; private=551227392; handles=483; nodes=6380; objects=12682; orphans=0; inputPending=11; snapshots=20; hostEvents=449; clientEvents=468
REMATCH_RESOURCE cycle=8; generation=6779335884088423241; managed=7725200; private=551063552; handles=483; nodes=6380; objects=12682; orphans=0; inputPending=10; snapshots=20; hostEvents=513; clientEvents=534
REMATCH_RESOURCE cycle=9; generation=6779335884088423242; managed=7761392; private=550780928; handles=483; nodes=6380; objects=12682; orphans=0; inputPending=10; snapshots=20; hostEvents=577; clientEvents=601
REMATCH_RESOURCE cycle=10; generation=6779335884088423243; managed=7796000; private=554061824; handles=483; nodes=6380; objects=12682; orphans=0; inputPending=11; snapshots=20; hostEvents=640; clientEvents=667
REMATCH_RESOURCE cycle=11; generation=6779335884088423244; managed=7831536; private=551694336; handles=483; nodes=6380; objects=12682; orphans=0; inputPending=10; snapshots=20; hostEvents=704; clientEvents=734
REMATCH_RESOURCE cycle=12; generation=6779335884088423245; managed=7868096; private=550154240; handles=480; nodes=6380; objects=12682; orphans=0; inputPending=13; snapshots=20; hostEvents=768; clientEvents=801
REMATCH_RESOURCE cycle=13; generation=6779335884088423246; managed=7907296; private=546996224; handles=479; nodes=6380; objects=12682; orphans=0; inputPending=11; snapshots=20; hostEvents=832; clientEvents=868
REMATCH_RESOURCE cycle=14; generation=6779335884088423247; managed=8563288; private=549773312; handles=483; nodes=6380; objects=12682; orphans=0; inputPending=8; snapshots=20; hostEvents=895; clientEvents=933
REMATCH_RESOURCE cycle=15; generation=6779335884088423248; managed=8625368; private=554770432; handles=483; nodes=6380; objects=12682; orphans=0; inputPending=11; snapshots=20; hostEvents=958; clientEvents=999
REMATCH_RESOURCE cycle=16; generation=6779335884088423249; managed=8648344; private=558825472; handles=480; nodes=6380; objects=12682; orphans=0; inputPending=9; snapshots=20; hostEvents=1022; clientEvents=1024
REMATCH_RESOURCE cycle=17; generation=6779335884088423250; managed=8649224; private=557322240; handles=480; nodes=6380; objects=12682; orphans=0; inputPending=8; snapshots=20; hostEvents=1024; clientEvents=1024
REMATCH_RESOURCE cycle=18; generation=6779335884088423251; managed=8650624; private=557244416; handles=478; nodes=6380; objects=12682; orphans=0; inputPending=10; snapshots=20; hostEvents=1024; clientEvents=1024
REMATCH_RESOURCE cycle=19; generation=6779335884088423252; managed=8651992; private=554434560; handles=478; nodes=6380; objects=12682; orphans=0; inputPending=11; snapshots=20; hostEvents=1024; clientEvents=1024
REMATCH_RESOURCE cycle=20; generation=6779335884088423253; managed=8651616; private=554184704; handles=481; nodes=6380; objects=12682; orphans=0; inputPending=10; snapshots=20; hostEvents=1024; clientEvents=1024
REMATCH_RESOURCE cycle=21; generation=6779335884088423254; managed=8651824; private=556814336; handles=482; nodes=6380; objects=12682; orphans=0; inputPending=9; snapshots=20; hostEvents=1024; clientEvents=1024
REMATCH_RESOURCE cycle=22; generation=6779335884088423255; managed=8653304; private=556789760; handles=482; nodes=6380; objects=12682; orphans=0; inputPending=12; snapshots=20; hostEvents=1024; clientEvents=1024
REMATCH_RESOURCE cycle=23; generation=6779335884088423256; managed=8652824; private=553680896; handles=482; nodes=6380; objects=12682; orphans=0; inputPending=8; snapshots=20; hostEvents=1024; clientEvents=1024
REMATCH_RESOURCE cycle=24; generation=6779335884088423257; managed=8653280; private=552865792; handles=482; nodes=6380; objects=12682; orphans=0; inputPending=10; snapshots=20; hostEvents=1024; clientEvents=1024
REMATCH_RESOURCE cycle=25; generation=6779335884088423258; managed=8653760; private=555044864; handles=482; nodes=6380; objects=12682; orphans=0; inputPending=9; snapshots=20; hostEvents=1024; clientEvents=1024
REMATCH_RESOURCE cycle=26; generation=6779335884088423259; managed=8662592; private=557309952; handles=479; nodes=6380; objects=12682; orphans=0; inputPending=8; snapshots=20; hostEvents=1024; clientEvents=1024
REMATCH_RESOURCE cycle=27; generation=6779335884088423260; managed=8671328; private=554336256; handles=483; nodes=6380; objects=12682; orphans=0; inputPending=10; snapshots=20; hostEvents=1024; clientEvents=1024
REMATCH_RESOURCE cycle=28; generation=6779335884088423261; managed=8663592; private=553467904; handles=480; nodes=6380; objects=12682; orphans=0; inputPending=10; snapshots=20; hostEvents=1024; clientEvents=1024
REMATCH_RESOURCE cycle=29; generation=6779335884088423262; managed=8672680; private=558125056; handles=483; nodes=6380; objects=12682; orphans=0; inputPending=10; snapshots=20; hostEvents=1024; clientEvents=1024
REMATCH_RESOURCE cycle=30; generation=6779335884088423263; managed=8664936; private=554688512; handles=483; nodes=6380; objects=12682; orphans=0; inputPending=10; snapshots=20; hostEvents=1024; clientEvents=1024
REMATCH_RESOURCE cycle=31; generation=6779335884088423264; managed=8673288; private=563085312; handles=483; nodes=6380; objects=12682; orphans=0; inputPending=9; snapshots=20; hostEvents=1024; clientEvents=1024
REMATCH_RESOURCE cycle=32; generation=6779335884088423265; managed=8674000; private=563281920; handles=482; nodes=6380; objects=12682; orphans=0; inputPending=10; snapshots=20; hostEvents=1024; clientEvents=1024
REMATCH_RESOURCE cycle=33; generation=6779335884088423266; managed=8648608; private=559157248; handles=482; nodes=6380; objects=12682; orphans=0; inputPending=9; snapshots=20; hostEvents=1024; clientEvents=1024
REMATCH_RESOURCE cycle=34; generation=6779335884088423267; managed=8666936; private=559247360; handles=482; nodes=6380; objects=12682; orphans=0; inputPending=11; snapshots=20; hostEvents=1024; clientEvents=1024
REMATCH_RESOURCE cycle=35; generation=6779335884088423268; managed=8668024; private=560766976; handles=488; nodes=6380; objects=12682; orphans=0; inputPending=12; snapshots=20; hostEvents=1024; clientEvents=1024
REMATCH_RESOURCE cycle=36; generation=6779335884088423269; managed=8668064; private=563134464; handles=490; nodes=6380; objects=12682; orphans=0; inputPending=10; snapshots=20; hostEvents=1024; clientEvents=1024
REMATCH_RESOURCE cycle=37; generation=6779335884088423270; managed=8677536; private=558964736; handles=490; nodes=6380; objects=12682; orphans=0; inputPending=10; snapshots=20; hostEvents=1024; clientEvents=1024
REMATCH_RESOURCE cycle=38; generation=6779335884088423271; managed=8669344; private=559390720; handles=490; nodes=6380; objects=12682; orphans=0; inputPending=10; snapshots=20; hostEvents=1024; clientEvents=1024
REMATCH_RESOURCE cycle=39; generation=6779335884088423272; managed=8669960; private=563572736; handles=493; nodes=6380; objects=12682; orphans=0; inputPending=10; snapshots=20; hostEvents=1024; clientEvents=1024
REMATCH_RESOURCE cycle=40; generation=6779335884088423273; managed=8670280; private=563367936; handles=490; nodes=6380; objects=12682; orphans=0; inputPending=9; snapshots=20; hostEvents=1024; clientEvents=1024
REMATCH_RESOURCE cycle=41; generation=6779335884088423274; managed=8671568; private=558854144; handles=490; nodes=6380; objects=12682; orphans=0; inputPending=11; snapshots=20; hostEvents=1024; clientEvents=1024
REMATCH_RESOURCE cycle=42; generation=6779335884088423275; managed=8668816; private=565194752; handles=490; nodes=6380; objects=12682; orphans=0; inputPending=10; snapshots=20; hostEvents=1024; clientEvents=1024
REMATCH_RESOURCE cycle=43; generation=6779335884088423276; managed=8646008; private=564621312; handles=492; nodes=6380; objects=12682; orphans=0; inputPending=8; snapshots=20; hostEvents=1024; clientEvents=1024
REMATCH_RESOURCE cycle=44; generation=6779335884088423277; managed=8679728; private=562933760; handles=486; nodes=6380; objects=12682; orphans=0; inputPending=14; snapshots=20; hostEvents=1024; clientEvents=1024
REMATCH_RESOURCE cycle=45; generation=6779335884088423278; managed=8673592; private=567181312; handles=486; nodes=6380; objects=12682; orphans=0; inputPending=10; snapshots=20; hostEvents=1024; clientEvents=1024
REMATCH_RESOURCE cycle=46; generation=6779335884088423279; managed=8674056; private=561659904; handles=486; nodes=6380; objects=12682; orphans=0; inputPending=11; snapshots=20; hostEvents=1024; clientEvents=1024
REMATCH_RESOURCE cycle=47; generation=6779335884088423280; managed=8674864; private=565768192; handles=486; nodes=6380; objects=12682; orphans=0; inputPending=10; snapshots=20; hostEvents=1024; clientEvents=1024
REMATCH_RESOURCE cycle=48; generation=6779335884088423281; managed=8649240; private=566099968; handles=489; nodes=6380; objects=12682; orphans=0; inputPending=8; snapshots=20; hostEvents=1024; clientEvents=1024
REMATCH_RESOURCE cycle=49; generation=6779335884088423282; managed=8675616; private=569647104; handles=486; nodes=6380; objects=12682; orphans=0; inputPending=9; snapshots=20; hostEvents=1024; clientEvents=1024
REMATCH_RESOURCE cycle=50; generation=6779335884088423283; managed=8676656; private=569651200; handles=486; nodes=6380; objects=12682; orphans=0; inputPending=9; snapshots=20; hostEvents=1024; clientEvents=1024
Post-match integration passed: 2024 assertions.
Post-match verification artifacts: C:\Users\j_gen\Documents\Game Projects\Trackstorm\.godot\post-match-checks\30617b0f686b404fa3931f667e0b0be9
Network soak passed: 1163.78 seconds; ten-minute UDP run and 50 native Finished/rematch cycles. Separate-PC EOS and gameplay voting are not covered.
