C:\Users\orsin\OneDrive\Desktop\ThanTrick\Trackstorm\assets\maps\infield\BuildStructures.py:20: DeprecationWarning: 'Material.use_nodes' is expected to be removed in Blender 6.0
  concrete.use_nodes = True
Info: Saved as "InfieldStructures.blend"
INFO Draco is available, use library at C:\Program Files\Blender Foundation\Blender 5.2\5.2\scripts\addons_core\io_scene_gltf2\bf_intern_draco_bridge.dll
INFO MeshOptimizer is available, use library at C:\Program Files\Blender Foundation\Blender 5.2\5.2\scripts\addons_core\io_scene_gltf2\bf_intern_meshopt_bridge.dll
12:47:07 | INFO: Starting glTF 2.0 export
12:47:07 | INFO: Extracting primitive: DeckPanel00
12:47:07 | INFO: Primitives created: 1
12:47:07 | INFO: Extracting primitive: DeckPanel01
12:47:07 | INFO: Primitives created: 1
12:47:07 | INFO: Extracting primitive: DeckPanel02
12:47:07 | INFO: Primitives created: 1
12:47:07 | INFO: Extracting primitive: DeckPanel03
12:47:07 | INFO: Primitives created: 1
12:47:07 | INFO: Extracting primitive: DeckPanel04
12:47:07 | INFO: Primitives created: 1
12:47:07 | INFO: Extracting primitive: DeckPanel05
12:47:07 | INFO: Primitives created: 1
12:47:07 | INFO: Extracting primitive: DeckPanel06
12:47:07 | INFO: Primitives created: 1
12:47:07 | INFO: Extracting primitive: DeckPanel07
12:47:07 | INFO: Primitives created: 1
12:47:07 | INFO: Extracting primitive: DeckPanel08
12:47:07 | INFO: Primitives created: 1
12:47:07 | INFO: Extracting primitive: EastNorthCapital
12:47:07 | INFO: Primitives created: 1
12:47:07 | INFO: Extracting primitive: EastNorthDrainInvert
12:47:07 | INFO: Primitives created: 1
12:47:07 | INFO: Extracting primitive: EastNorthDrainLip1
12:47:07 | INFO: Primitives created: 1
12:47:07 | INFO: Extracting primitive: EastNorthDrainLip-1
12:47:07 | INFO: Primitives created: 1
12:47:07 | INFO: Extracting primitive: EastNorthFoundation
12:47:07 | INFO: Primitives created: 1
12:47:07 | INFO: Extracting primitive: EastNorthPier
12:47:07 | INFO: Primitives created: 1
12:47:07 | INFO: Extracting primitive: EastNorthRetainingWing
12:47:07 | INFO: Primitives created: 1
12:47:07 | INFO: Extracting primitive: EastSouthCapital
12:47:07 | INFO: Primitives created: 1
12:47:07 | INFO: Extracting primitive: EastSouthDrainInvert
12:47:07 | INFO: Primitives created: 1
12:47:07 | INFO: Extracting primitive: EastSouthDrainLip1
12:47:07 | INFO: Primitives created: 1
12:47:07 | INFO: Extracting primitive: EastSouthDrainLip-1
12:47:07 | INFO: Primitives created: 1
12:47:07 | INFO: Extracting primitive: EastSouthFoundation
12:47:07 | INFO: Primitives created: 1
12:47:07 | INFO: Extracting primitive: EastSouthPier
12:47:07 | INFO: Primitives created: 1
12:47:07 | INFO: Extracting primitive: EastSouthRetainingWing
12:47:07 | INFO: Primitives created: 1
12:47:07 | INFO: Extracting primitive: EastWestEdgeBeam1
12:47:07 | INFO: Primitives created: 1
12:47:07 | INFO: Extracting primitive: EastWestEdgeBeam-1
12:47:07 | INFO: Primitives created: 1
12:47:07 | INFO: Extracting primitive: EastWestParapet1_0
12:47:07 | INFO: Primitives created: 1
12:47:07 | INFO: Extracting primitive: EastWestParapet1_1
12:47:07 | INFO: Primitives created: 1
12:47:07 | INFO: Extracting primitive: EastWestParapet1_2
12:47:07 | INFO: Primitives created: 1
12:47:07 | INFO: Extracting primitive: EastWestParapet1_3
12:47:07 | INFO: Primitives created: 1
12:47:07 | INFO: Extracting primitive: EastWestParapet1_4
12:47:07 | INFO: Primitives created: 1
12:47:07 | INFO: Extracting primitive: EastWestParapet-1_0
12:47:07 | INFO: Primitives created: 1
12:47:07 | INFO: Extracting primitive: EastWestParapet-1_1
12:47:07 | INFO: Primitives created: 1
12:47:07 | INFO: Extracting primitive: EastWestParapet-1_2
12:47:07 | INFO: Primitives created: 1
12:47:07 | INFO: Extracting primitive: EastWestParapet-1_3
12:47:07 | INFO: Primitives created: 1
12:47:07 | INFO: Extracting primitive: EastWestParapet-1_4
12:47:07 | INFO: Primitives created: 1
12:47:07 | INFO: Extracting primitive: NorthSouthEdgeBeam1
12:47:07 | INFO: Primitives created: 1
12:47:07 | INFO: Extracting primitive: NorthSouthEdgeBeam-1
12:47:07 | INFO: Primitives created: 1
12:47:07 | INFO: Extracting primitive: NorthSouthParapet1_0
12:47:07 | INFO: Primitives created: 1
12:47:07 | INFO: Extracting primitive: NorthSouthParapet1_1
12:47:07 | INFO: Primitives created: 1
12:47:07 | INFO: Extracting primitive: NorthSouthParapet1_2
12:47:07 | INFO: Primitives created: 1
12:47:07 | INFO: Extracting primitive: NorthSouthParapet1_3
12:47:07 | INFO: Primitives created: 1
12:47:07 | INFO: Extracting primitive: NorthSouthParapet1_4
12:47:07 | INFO: Primitives created: 1
12:47:07 | INFO: Extracting primitive: NorthSouthParapet-1_0
12:47:07 | INFO: Primitives created: 1
12:47:07 | INFO: Extracting primitive: NorthSouthParapet-1_1
12:47:07 | INFO: Primitives created: 1
12:47:07 | INFO: Extracting primitive: NorthSouthParapet-1_2
12:47:07 | INFO: Primitives created: 1
12:47:07 | INFO: Extracting primitive: NorthSouthParapet-1_3
12:47:07 | INFO: Primitives created: 1
12:47:07 | INFO: Extracting primitive: NorthSouthParapet-1_4
12:47:07 | INFO: Primitives created: 1
12:47:07 | INFO: Extracting primitive: TunnelSoffit
12:47:07 | INFO: Primitives created: 1
12:47:07 | INFO: Extracting primitive: WestNorthCapital
12:47:07 | INFO: Primitives created: 1
12:47:07 | INFO: Extracting primitive: WestNorthDrainInvert
12:47:07 | INFO: Primitives created: 1
12:47:07 | INFO: Extracting primitive: WestNorthDrainLip1
12:47:07 | INFO: Primitives created: 1
12:47:07 | INFO: Extracting primitive: WestNorthDrainLip-1
12:47:07 | INFO: Primitives created: 1
12:47:07 | INFO: Extracting primitive: WestNorthFoundation
12:47:07 | INFO: Primitives created: 1
12:47:07 | INFO: Extracting primitive: WestNorthPier
12:47:07 | INFO: Primitives created: 1
12:47:07 | INFO: Extracting primitive: WestNorthRetainingWing
12:47:07 | INFO: Primitives created: 1
12:47:07 | INFO: Extracting primitive: WestSouthCapital
12:47:07 | INFO: Primitives created: 1
12:47:07 | INFO: Extracting primitive: WestSouthDrainInvert
12:47:07 | INFO: Primitives created: 1
12:47:07 | INFO: Extracting primitive: WestSouthDrainLip1
12:47:07 | INFO: Primitives created: 1
12:47:07 | INFO: Extracting primitive: WestSouthDrainLip-1
12:47:07 | INFO: Primitives created: 1
12:47:07 | INFO: Extracting primitive: WestSouthFoundation
12:47:07 | INFO: Primitives created: 1
12:47:07 | INFO: Extracting primitive: WestSouthPier
12:47:07 | INFO: Primitives created: 1
12:47:07 | INFO: Extracting primitive: WestSouthRetainingWing
12:47:07 | INFO: Primitives created: 1
12:47:08 | INFO: Finished glTF 2.0 export in 0.7580173015594482 s

Production structure exported: 62 editable parts.
Blender 5.2.2 LTS (hash d13f752e3b9c built 2026-09-15 01:37:04)

Blender quit
