Godot Engine v4.7.2.stable.mono.official.ed1daf0bf - https://godotengine.org

ERROR: System.InvalidOperationException: TerrainToBank1: stalled at (158.64452, 1.4420438, 0.41494375), forward (0.9913251, 0.13081965, 0.012682038), up (-0.13140447, 0.9884933, 0.07492557), wheel compression <0.10340595, 0.09004092, 0.084439695, 0.11015159>, steering -0.085475944, speed (-0.020630706, -0.0075754076, 0.063400775).
   at Trackstorm.Client.Verification.InfieldIntegrationChecks.Drive(String name, Vector3[] points, Single width, Single speed, Boolean jump) in C:\Users\orsin\OneDrive\Desktop\ThanTrick\Trackstorm\code\Client\Verification\InfieldIntegrationChecks.cs:line 361
   at Trackstorm.Client.Verification.InfieldIntegrationChecks.Run() in C:\Users\orsin\OneDrive\Desktop\ThanTrick\Trackstorm\code\Client\Verification\InfieldIntegrationChecks.cs:line 213
   at: void Trackstorm.Client.Verification.InfieldIntegrationChecks+<Run>d__26.MoveNext() (res://code/Client/Verification/InfieldIntegrationChecks.cs:213)
   C# backtrace (most recent call first):
       [0] void Godot.GD.PushError(string) (/root/godot/modules/mono/glue/GodotSharp/GodotSharp/Core/GD.cs:366)
       [1] void Trackstorm.Client.Verification.InfieldIntegrationChecks+<Run>d__26.MoveNext() (C:\Users\orsin\OneDrive\Desktop\ThanTrick\Trackstorm\code\Client\Verification\InfieldIntegrationChecks.cs:213)
       [2] void System.Threading.ExecutionContext.RunInternal(System.Threading.ExecutionContext, System.Threading.ContextCallback, object)
       [3] void System.Runtime.CompilerServices.AsyncTaskMethodBuilder`1+AsyncStateMachineBox`1.MoveNext(System.Threading.Thread)
       [4] void System.Threading.Tasks.AwaitTaskContinuation.RunCallback(System.Threading.ContextCallback, object, System.Threading.Tasks.Task&)
       [5] void System.Threading.Tasks.Task.RunContinuations(object)
       [6] void System.Threading.Tasks.Task.FinishSlow(bool)
       [7] bool System.Threading.Tasks.Task.TrySetException(object)
       [8] void System.Runtime.CompilerServices.AsyncTaskMethodBuilder`1.SetException(System.Exception, System.Threading.Tasks.Task`1[TResult]&)
       [9] void Trackstorm.Client.Verification.InfieldIntegrationChecks+<Drive>d__31.MoveNext() (C:\Users\orsin\OneDrive\Desktop\ThanTrick\Trackstorm\code\Client\Verification\InfieldIntegrationChecks.cs:361)
       [10] void System.Threading.ExecutionContext.RunInternal(System.Threading.ExecutionContext, System.Threading.ContextCallback, object)
       [11] void System.Runtime.CompilerServices.AsyncTaskMethodBuilder`1+AsyncStateMachineBox`1.MoveNext(System.Threading.Thread)
       [12] void System.Threading.Tasks.AwaitTaskContinuation.RunCallback(System.Threading.ContextCallback, object, System.Threading.Tasks.Task&)
       [13] void System.Threading.Tasks.Task.RunContinuations(object)
       [14] bool System.Threading.Tasks.Task`1.TrySetResult(TResult)
       [15] void System.Runtime.CompilerServices.AsyncTaskMethodBuilder`1.SetExistingTaskResult(System.Threading.Tasks.Task`1[TResult], TResult)
       [16] void Trackstorm.Client.Verification.InfieldIntegrationChecks+<Frames>d__33.MoveNext() (C:\Users\orsin\OneDrive\Desktop\ThanTrick\Trackstorm\code\Client\Verification\InfieldIntegrationChecks.cs:413)
       [17] void System.Threading.ExecutionContext.RunInternal(System.Threading.ExecutionContext, System.Threading.ContextCallback, object)
       [18] void System.Runtime.CompilerServices.AsyncTaskMethodBuilder`1+AsyncStateMachineBox`1.MoveNext(System.Threading.Thread)
       [19] void Godot.SignalAwaiter.SignalCallback(nint, Godot.NativeInterop.godot_variant**, int, Godot.NativeInterop.godot_bool*) (/root/godot/modules/mono/glue/GodotSharp/GodotSharp/Core/SignalAwaiter.cs:65)
