Godot Engine v4.7.2.stable.mono.official.ed1daf0bf - https://godotengine.org

[   0% ] first_scan_filesystem | Started Project initialization (5 steps)
[   0% ] first_scan_filesystem | Scanning file structure...
[  16% ] first_scan_filesystem | Loading global class names...
[  33% ] first_scan_filesystem | Verifying GDExtensions...
[  50% ] first_scan_filesystem | Creating autoload scripts...
[  66% ] first_scan_filesystem | Initializing plugins...
It was recognized that GdUnit4 is running in a test environment, therefore the GdUnit4 plugin will not be executed!
[  83% ] first_scan_filesystem | Starting file scan...
[ DONE ] first_scan_filesystem

[   0% ] update_scripts_classes | Started Registering global classes... (31 steps)
[   0% ] update_scripts_classes |
[   3% ] update_scripts_classes |
[   6% ] update_scripts_classes |
[   9% ] update_scripts_classes |
[  12% ] update_scripts_classes |
[  15% ] update_scripts_classes |
[  18% ] update_scripts_classes |
[  21% ] update_scripts_classes |
[  25% ] update_scripts_classes |
[  28% ] update_scripts_classes |
[  31% ] update_scripts_classes |
[  34% ] update_scripts_classes |
[  37% ] update_scripts_classes |
[  40% ] update_scripts_classes |
[  43% ] update_scripts_classes |
[  46% ] update_scripts_classes |
[  50% ] update_scripts_classes |
[  53% ] update_scripts_classes |
[  56% ] update_scripts_classes |
[  59% ] update_scripts_classes |
[  62% ] update_scripts_classes |
[  65% ] update_scripts_classes |
[  68% ] update_scripts_classes |
[  71% ] update_scripts_classes |
[  75% ] update_scripts_classes |
[  78% ] update_scripts_classes |
[  81% ] update_scripts_classes |
[  84% ] update_scripts_classes |
[  87% ] update_scripts_classes |
[  90% ] update_scripts_classes |
[  93% ] update_scripts_classes |
[ DONE ] update_scripts_classes

[   0% ] loading_editor_layout | Started Loading editor (5 steps)
[   0% ] loading_editor_layout | Loading editor layout...
[  16% ] loading_editor_layout | Loading docks...
[  33% ] loading_editor_layout | Reopening scenes...
[  50% ] loading_editor_layout | Loading central editor layout...
[  66% ] loading_editor_layout | Loading plugin window layout...
[  83% ] loading_editor_layout | Editor layout ready.
[ DONE ] loading_editor_layout

Godot import exit code: 0; diagnostics: .
