Godot Engine v4.7.2.stable.mono.official.ed1daf0bf - https://godotengine.org

ROCK network-RockCluster-3-0.0: contacts=254 repeat=74 final=0 depth=0.0002 overlapFrames=0 angular=0.267 contactMeanMs=4.397 p95Ms=7.332
ROCK network-RockCluster-3-1.2: contacts=251 repeat=69 final=0 depth=0.0002 overlapFrames=0 angular=0.255 contactMeanMs=3.975 p95Ms=5.652
ROCK network-RockCluster-3-2.4: contacts=248 repeat=71 final=0 depth=0.0002 overlapFrames=0 angular=0.294 contactMeanMs=3.781 p95Ms=4.463
ROCK network-RockCluster-12-0.0: contacts=284 repeat=73 final=0 depth=0.0002 overlapFrames=0 angular=0.165 contactMeanMs=3.829 p95Ms=6.693
ROCK network-RockCluster-12-1.2: contacts=274 repeat=69 final=0 depth=0.0002 overlapFrames=0 angular=0.364 contactMeanMs=3.514 p95Ms=3.840
ROCK network-RockCluster-12-2.4: contacts=274 repeat=69 final=0 depth=0.0002 overlapFrames=0 angular=0.322 contactMeanMs=3.712 p95Ms=4.222
ROCK network-RockCluster-35-0.0: contacts=293 repeat=73 final=0 depth=0.0002 overlapFrames=0 angular=1.162 contactMeanMs=3.733 p95Ms=4.040
ROCK network-RockCluster-35-1.2: contacts=282 repeat=71 final=0 depth=0.0002 overlapFrames=0 angular=0.982 contactMeanMs=3.613 p95Ms=3.974
ROCK network-RockCluster-35-2.4: contacts=285 repeat=72 final=0 depth=0.0002 overlapFrames=0 angular=1.201 contactMeanMs=3.577 p95Ms=3.841
ROCK network-RockLedge-3-0.0: contacts=246 repeat=72 final=0 depth=0.0002 overlapFrames=0 angular=0.398 contactMeanMs=3.413 p95Ms=3.767
ROCK network-RockLedge-3-1.2: contacts=258 repeat=65 final=0 depth=0.0001 overlapFrames=0 angular=0.262 contactMeanMs=3.576 p95Ms=3.812
ROCK network-RockLedge-3-2.4: contacts=250 repeat=72 final=0 depth=0.0002 overlapFrames=0 angular=0.255 contactMeanMs=4.604 p95Ms=6.819
ROCK network-RockLedge-12-0.0: contacts=273 repeat=72 final=0 depth=0.0002 overlapFrames=0 angular=0.612 contactMeanMs=3.592 p95Ms=4.070
ROCK network-RockLedge-12-1.2: contacts=279 repeat=68 final=0 depth=0.0002 overlapFrames=0 angular=0.487 contactMeanMs=3.815 p95Ms=4.644
ROCK network-RockLedge-12-2.4: contacts=276 repeat=72 final=0 depth=0.0002 overlapFrames=0 angular=0.405 contactMeanMs=4.737 p95Ms=6.875
ROCK network-RockLedge-35-0.0: contacts=287 repeat=72 final=0 depth=0.0002 overlapFrames=0 angular=1.199 contactMeanMs=3.473 p95Ms=3.818
ROCK network-RockLedge-35-1.2: contacts=275 repeat=62 final=0 depth=0.0002 overlapFrames=0 angular=1.202 contactMeanMs=3.731 p95Ms=4.075
ROCK network-RockLedge-35-2.4: contacts=291 repeat=72 final=0 depth=0.0002 overlapFrames=0 angular=1.055 contactMeanMs=3.707 p95Ms=4.023
ROCK network-BoulderTall-3-0.0: contacts=246 repeat=72 final=0 depth=0.0001 overlapFrames=0 angular=0.208 contactMeanMs=3.723 p95Ms=4.064
ROCK network-BoulderTall-3-1.2: contacts=249 repeat=72 final=0 depth=0.0002 overlapFrames=0 angular=0.193 contactMeanMs=3.660 p95Ms=3.901
ROCK network-BoulderTall-3-2.4: contacts=242 repeat=71 final=0 depth=0.0002 overlapFrames=0 angular=0.327 contactMeanMs=3.493 p95Ms=3.882
ROCK network-BoulderTall-12-0.0: contacts=277 repeat=72 final=0 depth=0.0001 overlapFrames=0 angular=0.300 contactMeanMs=3.607 p95Ms=3.867
ROCK network-BoulderTall-12-1.2: contacts=273 repeat=72 final=0 depth=0.0002 overlapFrames=0 angular=0.517 contactMeanMs=3.661 p95Ms=3.942
ROCK network-BoulderTall-12-2.4: contacts=270 repeat=68 final=0 depth=0.0002 overlapFrames=0 angular=0.480 contactMeanMs=3.683 p95Ms=3.941
ROCK network-BoulderTall-35-0.0: contacts=287 repeat=72 final=0 depth=0.0002 overlapFrames=0 angular=0.721 contactMeanMs=3.578 p95Ms=3.935
ROCK network-BoulderTall-35-1.2: contacts=288 repeat=72 final=0 depth=0.0002 overlapFrames=0 angular=0.728 contactMeanMs=3.576 p95Ms=3.868
ROCK network-BoulderTall-35-2.4: contacts=281 repeat=71 final=0 depth=0.0002 overlapFrames=0 angular=1.205 contactMeanMs=3.650 p95Ms=3.920
ROCK network-RockSlab-3-0.0: contacts=244 repeat=72 final=0 depth=0.0001 overlapFrames=0 angular=0.236 contactMeanMs=3.486 p95Ms=3.839
ROCK network-RockSlab-3-1.2: contacts=249 repeat=72 final=0 depth=0.0002 overlapFrames=0 angular=0.288 contactMeanMs=4.242 p95Ms=5.299
ROCK network-RockSlab-3-2.4: contacts=238 repeat=68 final=0 depth=0.0002 overlapFrames=0 angular=0.309 contactMeanMs=3.381 p95Ms=3.728
ROCK network-RockSlab-12-0.0: contacts=274 repeat=72 final=0 depth=0.0002 overlapFrames=0 angular=0.397 contactMeanMs=4.075 p95Ms=5.314
ROCK network-RockSlab-12-1.2: contacts=277 repeat=72 final=0 depth=0.0002 overlapFrames=0 angular=0.410 contactMeanMs=3.538 p95Ms=3.812
ROCK network-RockSlab-12-2.4: contacts=268 repeat=70 final=0 depth=0.0002 overlapFrames=0 angular=0.450 contactMeanMs=3.521 p95Ms=3.759
ROCK network-RockSlab-35-0.0: contacts=285 repeat=72 final=0 depth=0.0002 overlapFrames=0 angular=1.108 contactMeanMs=3.535 p95Ms=3.883
ROCK network-RockSlab-35-1.2: contacts=292 repeat=72 final=0 depth=0.0002 overlapFrames=0 angular=1.082 contactMeanMs=3.752 p95Ms=4.777
ROCK network-RockSlab-35-2.4: contacts=282 repeat=72 final=0 depth=0.0002 overlapFrames=0 angular=1.176 contactMeanMs=3.588 p95Ms=3.962
ROCK network-BoulderLow-3-0.0: contacts=247 repeat=75 final=0 depth=0.0002 overlapFrames=0 angular=0.455 contactMeanMs=3.653 p95Ms=3.959
ROCK network-BoulderLow-3-1.2: contacts=259 repeat=76 final=0 depth=0.0004 overlapFrames=0 angular=0.167 contactMeanMs=3.620 p95Ms=3.947
ROCK network-BoulderLow-3-2.4: contacts=242 repeat=72 final=0 depth=0.0002 overlapFrames=0 angular=0.231 contactMeanMs=3.572 p95Ms=3.905
ROCK network-BoulderLow-12-0.0: contacts=285 repeat=76 final=0 depth=0.0002 overlapFrames=0 angular=0.224 contactMeanMs=3.645 p95Ms=4.003
ROCK network-BoulderLow-12-1.2: contacts=290 repeat=76 final=0 depth=0.0004 overlapFrames=0 angular=0.423 contactMeanMs=3.506 p95Ms=3.824
ROCK network-BoulderLow-12-2.4: contacts=276 repeat=72 final=0 depth=0.0002 overlapFrames=0 angular=0.253 contactMeanMs=3.786 p95Ms=4.258
ROCK network-BoulderLow-35-0.0: contacts=300 repeat=75 final=0 depth=0.0002 overlapFrames=0 angular=1.151 contactMeanMs=3.544 p95Ms=3.820
ROCK network-BoulderLow-35-1.2: contacts=306 repeat=76 final=0 depth=0.0004 overlapFrames=0 angular=0.286 contactMeanMs=3.576 p95Ms=3.856
ROCK network-BoulderLow-35-2.4: contacts=283 repeat=72 final=0 depth=0.0002 overlapFrames=0 angular=0.779 contactMeanMs=3.713 p95Ms=4.172
ROCK practice-RockCluster-3-0.0: contacts=291 repeat=77 final=0 depth=0.0056 overlapFrames=0 angular=0.278 contactMeanMs=0.266 p95Ms=0.363
ROCK practice-RockCluster-3-1.2: contacts=264 repeat=70 final=0 depth=0.0046 overlapFrames=0 angular=0.225 contactMeanMs=0.334 p95Ms=0.340
ROCK practice-RockCluster-3-2.4: contacts=259 repeat=71 final=0 depth=0.0058 overlapFrames=0 angular=0.273 contactMeanMs=0.302 p95Ms=0.284
ROCK practice-RockCluster-12-0.0: contacts=334 repeat=81 final=0 depth=0.0130 overlapFrames=0 angular=0.503 contactMeanMs=0.292 p95Ms=0.316
ROCK practice-RockCluster-12-1.2: contacts=291 repeat=70 final=0 depth=0.0048 overlapFrames=0 angular=0.387 contactMeanMs=0.229 p95Ms=0.294
ROCK practice-RockCluster-12-2.4: contacts=287 repeat=70 final=0 depth=0.0233 overlapFrames=1 angular=0.723 contactMeanMs=0.229 p95Ms=0.291
ROCK practice-RockCluster-35-0.0: contacts=323 repeat=72 final=0 depth=0.0066 overlapFrames=0 angular=1.152 contactMeanMs=0.297 p95Ms=0.299
ROCK practice-RockCluster-35-1.2: contacts=298 repeat=70 final=0 depth=0.0098 overlapFrames=0 angular=1.197 contactMeanMs=0.247 p95Ms=0.300
ROCK practice-RockCluster-35-2.4: contacts=295 repeat=70 final=0 depth=0.0375 overlapFrames=1 angular=1.751 contactMeanMs=0.317 p95Ms=0.319
ROCK practice-RockLedge-3-0.0: contacts=261 repeat=70 final=0 depth=0.0087 overlapFrames=0 angular=0.398 contactMeanMs=0.319 p95Ms=0.342
ROCK practice-RockLedge-3-1.2: contacts=277 repeat=70 final=0 depth=0.0076 overlapFrames=0 angular=0.209 contactMeanMs=0.361 p95Ms=0.267
ROCK practice-RockLedge-3-2.4: contacts=267 repeat=70 final=0 depth=0.0063 overlapFrames=0 angular=0.262 contactMeanMs=0.281 p95Ms=0.337
ROCK practice-RockLedge-12-0.0: contacts=292 repeat=70 final=0 depth=0.0266 overlapFrames=1 angular=0.630 contactMeanMs=0.230 p95Ms=0.284
ROCK practice-RockLedge-12-1.2: contacts=301 repeat=70 final=0 depth=0.0072 overlapFrames=0 angular=0.345 contactMeanMs=0.291 p95Ms=0.275
ROCK practice-RockLedge-12-2.4: contacts=294 repeat=70 final=0 depth=0.0155 overlapFrames=0 angular=0.419 contactMeanMs=0.342 p95Ms=0.362
ROCK practice-RockLedge-35-0.0: contacts=311 repeat=71 final=0 depth=0.0441 overlapFrames=2 angular=1.199 contactMeanMs=0.294 p95Ms=0.274
ROCK practice-RockLedge-35-1.2: contacts=305 repeat=70 final=0 depth=0.0616 overlapFrames=2 angular=1.109 contactMeanMs=0.235 p95Ms=0.286
ROCK practice-RockLedge-35-2.4: contacts=306 repeat=70 final=0 depth=0.0566 overlapFrames=1 angular=1.205 contactMeanMs=0.385 p95Ms=0.296
ROCK practice-BoulderTall-3-0.0: contacts=257 repeat=70 final=0 depth=0.0202 overlapFrames=1 angular=0.261 contactMeanMs=0.300 p95Ms=0.304
ROCK practice-BoulderTall-3-1.2: contacts=260 repeat=70 final=0 depth=0.0159 overlapFrames=0 angular=0.179 contactMeanMs=0.288 p95Ms=0.278
ROCK practice-BoulderTall-3-2.4: contacts=259 repeat=70 final=0 depth=0.0151 overlapFrames=0 angular=0.341 contactMeanMs=0.241 p95Ms=0.299
ROCK practice-BoulderTall-12-0.0: contacts=289 repeat=70 final=0 depth=0.0187 overlapFrames=0 angular=0.370 contactMeanMs=0.296 p95Ms=0.283
ROCK practice-BoulderTall-12-1.2: contacts=290 repeat=70 final=0 depth=0.0246 overlapFrames=1 angular=0.304 contactMeanMs=0.294 p95Ms=0.286
ROCK practice-BoulderTall-12-2.4: contacts=291 repeat=70 final=0 depth=0.0249 overlapFrames=1 angular=0.496 contactMeanMs=0.315 p95Ms=0.315
ROCK practice-BoulderTall-35-0.0: contacts=304 repeat=70 final=0 depth=0.0512 overlapFrames=1 angular=1.057 contactMeanMs=0.219 p95Ms=0.264
ROCK practice-BoulderTall-35-1.2: contacts=303 repeat=70 final=0 depth=0.0674 overlapFrames=1 angular=0.978 contactMeanMs=0.291 p95Ms=0.274
ROCK practice-BoulderTall-35-2.4: contacts=306 repeat=70 final=0 depth=0.0108 overlapFrames=0 angular=1.206 contactMeanMs=0.319 p95Ms=0.318
ROCK practice-RockSlab-3-0.0: contacts=253 repeat=70 final=0 depth=0.0048 overlapFrames=0 angular=0.244 contactMeanMs=0.367 p95Ms=0.302
ROCK practice-RockSlab-3-1.2: contacts=257 repeat=70 final=0 depth=0.0029 overlapFrames=0 angular=0.295 contactMeanMs=0.267 p95Ms=0.334
ROCK practice-RockSlab-3-2.4: contacts=272 repeat=72 final=0 depth=0.0077 overlapFrames=0 angular=0.326 contactMeanMs=0.344 p95Ms=0.372
ROCK practice-RockSlab-12-0.0: contacts=285 repeat=70 final=0 depth=0.0085 overlapFrames=0 angular=0.399 contactMeanMs=0.316 p95Ms=0.352
ROCK practice-RockSlab-12-1.2: contacts=288 repeat=70 final=0 depth=0.0074 overlapFrames=0 angular=0.438 contactMeanMs=0.306 p95Ms=0.334
ROCK practice-RockSlab-12-2.4: contacts=303 repeat=73 final=0 depth=0.0264 overlapFrames=1 angular=0.485 contactMeanMs=0.337 p95Ms=0.351
ROCK practice-RockSlab-35-0.0: contacts=301 repeat=70 final=0 depth=0.0121 overlapFrames=0 angular=1.149 contactMeanMs=0.219 p95Ms=0.265
ROCK practice-RockSlab-35-1.2: contacts=302 repeat=70 final=0 depth=0.0097 overlapFrames=0 angular=1.176 contactMeanMs=0.300 p95Ms=0.279
ROCK practice-RockSlab-35-2.4: contacts=323 repeat=73 final=0 depth=0.0296 overlapFrames=1 angular=1.198 contactMeanMs=0.333 p95Ms=0.349
ROCK practice-BoulderLow-3-0.0: contacts=291 repeat=79 final=0 depth=0.0036 overlapFrames=0 angular=0.292 contactMeanMs=0.309 p95Ms=0.307
ROCK practice-BoulderLow-3-1.2: contacts=301 repeat=79 final=0 depth=0.0029 overlapFrames=0 angular=0.305 contactMeanMs=0.227 p95Ms=0.286
ROCK practice-BoulderLow-3-2.4: contacts=270 repeat=73 final=0 depth=0.0126 overlapFrames=0 angular=0.254 contactMeanMs=0.237 p95Ms=0.296
ROCK practice-BoulderLow-12-0.0: contacts=326 repeat=80 final=0 depth=0.0051 overlapFrames=0 angular=0.312 contactMeanMs=0.353 p95Ms=0.387
ROCK practice-BoulderLow-12-1.2: contacts=337 repeat=80 final=0 depth=0.0049 overlapFrames=0 angular=0.413 contactMeanMs=0.313 p95Ms=0.349
ROCK practice-BoulderLow-12-2.4: contacts=302 repeat=73 final=0 depth=0.0068 overlapFrames=0 angular=0.476 contactMeanMs=0.284 p95Ms=0.282
ROCK practice-BoulderLow-35-0.0: contacts=352 repeat=82 final=0 depth=0.0050 overlapFrames=0 angular=1.198 contactMeanMs=0.378 p95Ms=0.343
ROCK practice-BoulderLow-35-1.2: contacts=360 repeat=84 final=0 depth=0.0137 overlapFrames=0 angular=1.021 contactMeanMs=0.226 p95Ms=0.281
ROCK practice-BoulderLow-35-2.4: contacts=346 repeat=81 final=0 depth=0.0585 overlapFrames=2 angular=0.934 contactMeanMs=0.284 p95Ms=0.274
Rock collision checks: failures=0
