Godot Engine v4.7.2.stable.mono.official.ed1daf0bf - https://godotengine.org

QUERY corpus: original=60.945ms bounded=16.713ms ratio=0.274
SCRAPE network-fall-3-0.00--1-0: contacts=291 falling=39 mean=0.858 p99=3.248 max=12.503 p95=1.379 step=0.161
SCRAPE network-fall-3-0.00-1-0: contacts=287 falling=36 mean=1.348 p99=3.277 max=29.295 p95=2.169 step=0.161
SCRAPE network-fall-3-0.45--1-0: contacts=282 falling=37 mean=1.099 p99=2.857 max=17.776 p95=1.841 step=0.161
SCRAPE network-fall-3-0.45-1-0: contacts=285 falling=35 mean=1.315 p99=6.249 max=17.521 p95=3.381 step=0.163
SCRAPE network-fall-3-1.20--1-0: contacts=259 falling=25 mean=1.495 p99=3.023 max=18.141 p95=2.107 step=0.159
SCRAPE network-fall-3-1.20-1-0: contacts=270 falling=31 mean=1.750 p99=4.725 max=21.398 p95=3.439 step=0.186
SCRAPE network-fall-12-0.00--1-0: contacts=294 falling=44 mean=0.833 p99=2.257 max=15.944 p95=1.331 step=0.215
SCRAPE network-fall-12-0.00-1-0: contacts=289 falling=43 mean=1.239 p99=5.457 max=18.495 p95=2.246 step=0.215
SCRAPE network-fall-12-0.45--1-0: contacts=217 falling=14 mean=0.925 p99=2.750 max=2.940 p95=2.112 step=0.215
SCRAPE network-fall-12-0.45-1-0: contacts=261 falling=38 mean=1.651 p99=4.747 max=17.814 p95=3.902 step=0.217
SCRAPE network-fall-12-1.20--1-0: contacts=108 falling=13 mean=1.284 p99=4.965 max=5.524 p95=3.269 step=0.218
SCRAPE network-fall-12-1.20-1-0: contacts=294 falling=50 mean=1.927 p99=5.928 max=8.509 p95=5.133 step=0.270
SCRAPE network-fall-25-0.00--1-0: contacts=300 falling=46 mean=0.927 p99=2.839 max=17.180 p95=1.761 step=0.427
SCRAPE network-fall-25-0.00-1-0: contacts=284 falling=42 mean=1.247 p99=4.626 max=17.713 p95=2.313 step=0.427
SCRAPE network-fall-25-0.45--1-0: contacts=188 falling=8 mean=1.475 p99=2.720 max=2.779 p95=2.416 step=0.427
SCRAPE network-fall-25-0.45-1-0: contacts=223 falling=3 mean=1.138 p99=4.094 max=18.265 p95=1.400 step=0.428
SCRAPE network-fall-25-1.20--1-0: contacts=57 falling=36 mean=2.700 p99=8.484 max=11.040 p95=4.740 step=0.428
SCRAPE network-fall-25-1.20-1-0: contacts=205 falling=23 mean=2.283 p99=8.247 max=20.015 p95=5.311 step=0.456
SCRAPE network-fall-3-0.00--1-1: contacts=291 falling=39 mean=0.809 p99=1.587 max=17.487 p95=1.243 step=0.161
SCRAPE network-fall-3-0.00-1-1: contacts=287 falling=36 mean=1.577 p99=4.477 max=18.699 p95=3.539 step=0.161
SCRAPE network-fall-3-0.45--1-1: contacts=282 falling=37 mean=1.070 p99=2.669 max=17.939 p95=1.916 step=0.161
SCRAPE network-fall-3-0.45-1-1: contacts=285 falling=35 mean=1.308 p99=5.964 max=16.754 p95=3.414 step=0.163
SCRAPE network-fall-3-1.20--1-1: contacts=259 falling=25 mean=1.473 p99=3.288 max=4.670 p95=2.257 step=0.159
SCRAPE network-fall-3-1.20-1-1: contacts=269 falling=31 mean=1.683 p99=4.831 max=8.214 p95=3.505 step=0.185
SCRAPE network-fall-12-0.00--1-1: contacts=294 falling=44 mean=0.838 p99=2.264 max=16.728 p95=1.283 step=0.215
SCRAPE network-fall-12-0.00-1-1: contacts=289 falling=43 mean=1.185 p99=5.360 max=17.303 p95=2.252 step=0.215
SCRAPE network-fall-12-0.45--1-1: contacts=217 falling=14 mean=1.006 p99=2.681 max=18.241 p95=1.933 step=0.215
SCRAPE network-fall-12-0.45-1-1: contacts=261 falling=38 mean=1.678 p99=4.483 max=21.597 p95=3.612 step=0.217
SCRAPE network-fall-12-1.20--1-1: contacts=108 falling=13 mean=1.393 p99=5.315 max=6.081 p95=4.429 step=0.218
SCRAPE network-fall-12-1.20-1-1: contacts=307 falling=29 mean=2.035 p99=6.040 max=18.563 p95=4.887 step=0.268
SCRAPE network-fall-25-0.00--1-1: contacts=300 falling=46 mean=1.161 p99=6.733 max=18.713 p95=2.475 step=0.427
SCRAPE network-fall-25-0.00-1-1: contacts=284 falling=42 mean=1.184 p99=3.064 max=6.462 p95=2.395 step=0.427
SCRAPE network-fall-25-0.45--1-1: contacts=188 falling=8 mean=1.645 p99=2.869 max=16.654 p95=2.404 step=0.427
SCRAPE network-fall-25-0.45-1-1: contacts=223 falling=3 mean=1.033 p99=1.879 max=16.751 p95=1.177 step=0.428
SCRAPE network-fall-25-1.20--1-1: contacts=68 falling=39 mean=2.873 p99=7.565 max=18.661 p95=4.767 step=0.428
SCRAPE network-fall-25-1.20-1-1: contacts=275 falling=22 mean=1.769 p99=6.827 max=18.213 p95=3.668 step=0.453
SCRAPE practice-fall-3-0.00--1-0: contacts=293 falling=27 mean=0.329 p99=0.571 max=15.624 p95=0.363 step=0.161
SCRAPE practice-fall-3-0.00-1-0: contacts=290 falling=27 mean=0.245 p99=0.365 max=0.503 p95=0.324 step=0.162
SCRAPE practice-fall-3-0.45--1-0: contacts=293 falling=30 mean=0.275 p99=0.368 max=16.084 p95=0.286 step=0.161
SCRAPE practice-fall-3-0.45-1-0: contacts=285 falling=56 mean=0.328 p99=0.493 max=15.166 p95=0.373 step=0.162
SCRAPE practice-fall-3-1.20--1-0: contacts=151 falling=25 mean=0.237 p99=0.342 max=0.469 p95=0.294 step=0.162
SCRAPE practice-fall-3-1.20-1-0: contacts=274 falling=36 mean=0.320 p99=0.595 max=16.441 p95=0.385 step=0.163
SCRAPE practice-fall-12-0.00--1-0: contacts=299 falling=49 mean=0.425 p99=1.437 max=21.674 p95=0.730 step=0.217
SCRAPE practice-fall-12-0.00-1-0: contacts=297 falling=47 mean=0.398 p99=0.550 max=16.389 p95=0.403 step=0.217
SCRAPE practice-fall-12-0.45--1-0: contacts=214 falling=7 mean=0.339 p99=0.383 max=16.989 p95=0.346 step=0.217
SCRAPE practice-fall-12-0.45-1-0: contacts=279 falling=104 mean=0.272 p99=0.387 max=15.561 p95=0.281 step=0.219
SCRAPE practice-fall-12-1.20--1-0: contacts=162 falling=44 mean=0.342 p99=0.367 max=15.480 p95=0.344 step=0.220
SCRAPE practice-fall-12-1.20-1-0: contacts=286 falling=61 mean=0.239 p99=0.371 max=0.594 p95=0.316 step=0.235
SCRAPE practice-fall-25-0.00--1-0: contacts=298 falling=70 mean=0.404 p99=1.490 max=22.627 p95=0.361 step=0.428
SCRAPE practice-fall-25-0.00-1-0: contacts=299 falling=51 mean=0.285 p99=0.606 max=0.782 p95=0.384 step=0.428
SCRAPE practice-fall-25-0.45--1-0: contacts=264 falling=34 mean=0.319 p99=0.430 max=19.247 p95=0.347 step=0.428
SCRAPE practice-fall-25-0.45-1-0: contacts=39 falling=3 mean=0.251 p99=0.417 max=0.418 p95=0.386 step=0.429
SCRAPE practice-fall-25-1.20--1-0: contacts=144 falling=38 mean=0.350 p99=0.399 max=15.865 p95=0.350 step=0.428
SCRAPE practice-fall-25-1.20-1-0: contacts=10 falling=7 mean=0.249 p99=0.339 max=0.521 p95=0.339 step=0.422
SCRAPE practice-fall-3-0.00--1-1: contacts=293 falling=27 mean=0.287 p99=0.457 max=0.678 p95=0.390 step=0.161
SCRAPE practice-fall-3-0.00-1-1: contacts=290 falling=27 mean=0.266 p99=0.501 max=1.918 p95=0.355 step=0.162
SCRAPE practice-fall-3-0.45--1-1: contacts=293 falling=30 mean=0.332 p99=0.414 max=17.547 p95=0.286 step=0.161
SCRAPE practice-fall-3-0.45-1-1: contacts=285 falling=56 mean=0.380 p99=0.471 max=16.100 p95=0.352 step=0.162
SCRAPE practice-fall-3-1.20--1-1: contacts=144 falling=26 mean=0.245 p99=0.365 max=0.466 p95=0.324 step=0.162
SCRAPE practice-fall-3-1.20-1-1: contacts=280 falling=45 mean=0.329 p99=0.406 max=16.439 p95=0.341 step=0.163
SCRAPE practice-fall-12-0.00--1-1: contacts=299 falling=49 mean=0.332 p99=0.533 max=17.322 p95=0.361 step=0.217
SCRAPE practice-fall-12-0.00-1-1: contacts=297 falling=47 mean=0.326 p99=0.462 max=15.517 p95=0.364 step=0.217
SCRAPE practice-fall-12-0.45--1-1: contacts=214 falling=7 mean=0.335 p99=0.472 max=15.861 p95=0.368 step=0.217
SCRAPE practice-fall-12-0.45-1-1: contacts=279 falling=104 mean=0.223 p99=0.378 max=0.560 p95=0.294 step=0.219
SCRAPE practice-fall-12-1.20--1-1: contacts=139 falling=39 mean=0.349 p99=0.414 max=15.195 p95=0.340 step=0.220
SCRAPE practice-fall-12-1.20-1-1: contacts=285 falling=71 mean=0.301 p99=0.439 max=16.588 p95=0.325 step=0.235
SCRAPE practice-fall-25-0.00--1-1: contacts=298 falling=70 mean=0.273 p99=0.403 max=15.183 p95=0.294 step=0.428
SCRAPE practice-fall-25-0.00-1-1: contacts=299 falling=51 mean=0.256 p99=0.413 max=0.550 p95=0.330 step=0.428
SCRAPE practice-fall-25-0.45--1-1: contacts=264 falling=34 mean=0.287 p99=0.399 max=15.545 p95=0.305 step=0.428
SCRAPE practice-fall-25-0.45-1-1: contacts=37 falling=3 mean=0.217 p99=0.265 max=0.285 p95=0.261 step=0.429
SCRAPE practice-fall-25-1.20--1-1: contacts=147 falling=47 mean=0.244 p99=0.412 max=0.545 p95=0.316 step=0.428
SCRAPE practice-fall-25-1.20-1-1: contacts=10 falling=7 mean=0.188 p99=0.240 max=0.453 p95=0.240 step=0.422
Tunnel scrape checks: failures=0
