Godot Engine v4.7.2.stable.mono.official.ed1daf0bf - https://godotengine.org

WORLD network-bank-face-3-0.00: contacts=297 final=30 depth=0.0001 deepFrames=0 step=0.1817 lateStep=0.0013 up=0.003 angular=0.133 meanMs=1.531 p95Ms=1.730
WORLD network-bank-face-3-0.45: contacts=341 final=30 depth=0.0002 deepFrames=0 step=0.1824 lateStep=0.0123 up=0.545 angular=0.797 meanMs=1.637 p95Ms=3.531
WORLD network-bank-face-3-1.57: contacts=187 final=0 depth=0.0001 deepFrames=0 step=0.1850 lateStep=0.0007 up=0.167 angular=0.551 meanMs=2.430 p95Ms=3.170
WORLD network-bank-face-12-0.00: contacts=332 final=30 depth=0.0001 deepFrames=0 step=0.2330 lateStep=0.0011 up=0.003 angular=0.133 meanMs=1.405 p95Ms=1.570
WORLD network-bank-face-12-0.45: contacts=345 final=30 depth=0.0003 deepFrames=0 step=0.1824 lateStep=0.0126 up=0.454 angular=0.798 meanMs=1.536 p95Ms=3.383
WORLD network-bank-face-12-1.57: contacts=26 final=0 depth=0.0001 deepFrames=0 step=0.4611 lateStep=0.4425 up=0.185 angular=0.484 meanMs=1.190 p95Ms=1.613
WORLD network-bank-face-35-0.00: contacts=352 final=30 depth=0.0001 deepFrames=0 step=0.5833 lateStep=0.0012 up=0.005 angular=0.254 meanMs=1.327 p95Ms=1.552
WORLD network-bank-face-35-0.45: contacts=305 final=20 depth=0.0002 deepFrames=0 step=0.3239 lateStep=0.0074 up=2.653 angular=1.641 meanMs=1.618 p95Ms=3.093
WORLD network-bank-face-35-1.57: contacts=27 final=0 depth=0.0002 deepFrames=0 step=0.4498 lateStep=0.4308 up=0.127 angular=0.833 meanMs=1.968 p95Ms=2.145
WORLD network-bank-neck-3-0.00: contacts=81 final=0 depth=0.0001 deepFrames=0 step=0.2240 lateStep=0.2172 up=6.810 angular=1.585 meanMs=2.575 p95Ms=4.355
WORLD network-bank-neck-3-0.45: contacts=1 final=0 depth=0.0000 deepFrames=0 step=0.5884 lateStep=0.5778 up=0.851 angular=1.013 meanMs=1.476 p95Ms=1.476
WORLD network-bank-neck-3-1.57: contacts=0 final=0 depth=0.0000 deepFrames=0 step=0.5421 lateStep=0.5421 up=5.008 angular=1.270 meanMs=0.000 p95Ms=0.000
WORLD network-bank-neck-12-0.00: contacts=55 final=30 depth=0.0000 deepFrames=0 step=0.3425 lateStep=0.1523 up=7.645 angular=1.248 meanMs=0.961 p95Ms=1.241
WORLD network-bank-neck-12-0.45: contacts=54 final=0 depth=0.0002 deepFrames=0 step=0.6134 lateStep=0.6049 up=2.059 angular=1.837 meanMs=0.642 p95Ms=1.016
WORLD network-bank-neck-12-1.57: contacts=148 final=0 depth=0.0002 deepFrames=0 step=0.3526 lateStep=0.3526 up=3.343 angular=1.392 meanMs=1.476 p95Ms=1.828
WORLD network-bank-neck-35-0.00: contacts=106 final=0 depth=0.0002 deepFrames=0 step=0.5833 lateStep=0.5256 up=19.314 angular=2.729 meanMs=1.037 p95Ms=1.514
WORLD network-bank-neck-35-0.45: contacts=10 final=0 depth=0.0002 deepFrames=0 step=0.5833 lateStep=0.2628 up=15.151 angular=2.356 meanMs=1.266 p95Ms=2.380
WORLD network-bank-neck-35-1.57: contacts=63 final=0 depth=0.0003 deepFrames=0 step=0.5833 lateStep=0.0648 up=5.327 angular=4.449 meanMs=0.629 p95Ms=1.048
WORLD network-bank-side-3-0.00: contacts=1 final=0 depth=0.0000 deepFrames=0 step=0.3944 lateStep=0.3186 up=8.329 angular=2.353 meanMs=0.919 p95Ms=0.919
WORLD network-bank-side-3-0.45: contacts=74 final=0 depth=0.0003 deepFrames=0 step=0.3479 lateStep=0.3378 up=8.393 angular=1.110 meanMs=1.213 p95Ms=1.305
WORLD network-bank-side-3-1.57: contacts=81 final=0 depth=0.0002 deepFrames=0 step=0.5906 lateStep=0.5828 up=4.525 angular=1.102 meanMs=5.767 p95Ms=9.428
WORLD network-bank-side-12-0.00: contacts=13 final=0 depth=0.0000 deepFrames=0 step=0.3753 lateStep=0.3431 up=8.857 angular=1.762 meanMs=3.727 p95Ms=4.183
WORLD network-bank-side-12-0.45: contacts=107 final=0 depth=0.0001 deepFrames=0 step=0.3421 lateStep=0.3421 up=8.554 angular=1.189 meanMs=1.492 p95Ms=1.804
WORLD network-bank-side-12-1.57: contacts=100 final=0 depth=0.0002 deepFrames=0 step=0.4178 lateStep=0.4178 up=4.225 angular=1.301 meanMs=0.943 p95Ms=1.406
WORLD network-bank-side-35-0.00: contacts=115 final=0 depth=0.0001 deepFrames=0 step=0.5833 lateStep=0.5073 up=19.372 angular=3.018 meanMs=0.968 p95Ms=1.173
WORLD network-bank-side-35-0.45: contacts=1 final=0 depth=0.0000 deepFrames=0 step=0.5833 lateStep=0.5161 up=16.758 angular=2.912 meanMs=0.446 p95Ms=0.446
WORLD network-bank-side-35-1.57: contacts=106 final=0 depth=0.0006 deepFrames=0 step=0.5833 lateStep=0.4216 up=6.702 angular=4.648 meanMs=1.820 p95Ms=3.511
WORLD network-pillar-3-0.00: contacts=301 final=30 depth=0.0001 deepFrames=0 step=0.1793 lateStep=0.0011 up=0.006 angular=0.234 meanMs=0.991 p95Ms=1.305
WORLD network-pillar-3-0.45: contacts=355 final=30 depth=0.0002 deepFrames=0 step=0.1822 lateStep=0.0022 up=0.006 angular=0.553 meanMs=1.175 p95Ms=1.950
WORLD network-pillar-3-1.57: contacts=109 final=0 depth=0.0002 deepFrames=0 step=0.5892 lateStep=0.5787 up=0.043 angular=0.448 meanMs=1.039 p95Ms=1.260
WORLD network-pillar-12-0.00: contacts=336 final=30 depth=0.0001 deepFrames=0 step=0.2310 lateStep=0.0011 up=0.006 angular=0.459 meanMs=0.972 p95Ms=1.185
WORLD network-pillar-12-0.45: contacts=353 final=30 depth=0.0002 deepFrames=0 step=0.1822 lateStep=0.0022 up=0.006 angular=0.624 meanMs=1.092 p95Ms=1.702
WORLD network-pillar-12-1.57: contacts=103 final=0 depth=0.0003 deepFrames=0 step=0.5926 lateStep=0.5823 up=0.043 angular=0.654 meanMs=1.126 p95Ms=1.207
WORLD network-pillar-35-0.00: contacts=355 final=30 depth=0.0001 deepFrames=0 step=0.5833 lateStep=0.0016 up=0.006 angular=1.158 meanMs=0.924 p95Ms=1.117
WORLD network-pillar-35-0.45: contacts=351 final=30 depth=0.0002 deepFrames=0 step=0.2939 lateStep=0.0021 up=0.052 angular=1.190 meanMs=1.014 p95Ms=1.740
WORLD network-pillar-35-1.57: contacts=116 final=0 depth=0.0001 deepFrames=0 step=0.5876 lateStep=0.5769 up=0.043 angular=1.200 meanMs=1.031 p95Ms=1.400
WORLD network-retaining-wing-3-0.00: contacts=40 final=0 depth=0.0005 deepFrames=0 step=0.5886 lateStep=0.5781 up=0.482 angular=1.205 meanMs=2.122 p95Ms=4.556
WORLD network-retaining-wing-3-0.45: contacts=7 final=0 depth=0.0001 deepFrames=0 step=0.5159 lateStep=0.5002 up=0.451 angular=1.235 meanMs=2.667 p95Ms=2.820
WORLD network-retaining-wing-3-1.57: contacts=4 final=0 depth=0.0021 deepFrames=0 step=0.6297 lateStep=0.3224 up=6.256 angular=2.362 meanMs=1.533 p95Ms=2.112
WORLD network-retaining-wing-12-0.00: contacts=109 final=0 depth=0.0011 deepFrames=0 step=0.6517 lateStep=0.6467 up=1.805 angular=1.595 meanMs=1.122 p95Ms=1.476
WORLD network-retaining-wing-12-0.45: contacts=91 final=0 depth=0.0001 deepFrames=0 step=0.6085 lateStep=0.6070 up=1.805 angular=2.066 meanMs=0.856 p95Ms=1.076
WORLD network-retaining-wing-12-1.57: contacts=254 final=30 depth=0.0025 deepFrames=0 step=0.6863 lateStep=0.0011 up=1.802 angular=2.199 meanMs=1.238 p95Ms=1.800
WORLD network-retaining-wing-35-0.00: contacts=78 final=0 depth=0.0002 deepFrames=0 step=0.6952 lateStep=0.6952 up=5.265 angular=1.574 meanMs=0.883 p95Ms=1.155
WORLD network-retaining-wing-35-0.45: contacts=85 final=0 depth=0.0002 deepFrames=0 step=0.7093 lateStep=0.7093 up=5.265 angular=1.267 meanMs=0.848 p95Ms=1.882
WORLD network-retaining-wing-35-1.57: contacts=3 final=0 depth=0.0000 deepFrames=0 step=0.9306 lateStep=0.2918 up=5.255 angular=2.089 meanMs=5.785 p95Ms=3.503
WORLD network-perimeter-3-0.00: contacts=221 final=0 depth=0.0002 deepFrames=0 step=0.1833 lateStep=0.0003 up=0.007 angular=0.495 meanMs=0.924 p95Ms=1.166
WORLD network-perimeter-3-0.45: contacts=284 final=0 depth=0.0002 deepFrames=0 step=0.1833 lateStep=0.0023 up=0.007 angular=0.165 meanMs=0.692 p95Ms=0.751
WORLD network-perimeter-3-1.57: contacts=40 final=0 depth=0.0001 deepFrames=0 step=0.6400 lateStep=0.6283 up=3.169 angular=0.719 meanMs=0.895 p95Ms=1.153
WORLD network-perimeter-12-0.00: contacts=254 final=0 depth=0.0002 deepFrames=0 step=0.2373 lateStep=0.0000 up=0.007 angular=0.495 meanMs=0.929 p95Ms=1.207
WORLD network-perimeter-12-0.45: contacts=284 final=0 depth=0.0002 deepFrames=0 step=0.1833 lateStep=0.0023 up=0.007 angular=0.165 meanMs=0.695 p95Ms=0.838
WORLD network-perimeter-12-1.57: contacts=7 final=0 depth=0.0003 deepFrames=0 step=0.6406 lateStep=0.6284 up=2.496 angular=1.101 meanMs=0.835 p95Ms=1.002
WORLD network-perimeter-35-0.00: contacts=274 final=0 depth=0.0002 deepFrames=0 step=0.5861 lateStep=0.0003 up=0.007 angular=0.773 meanMs=0.832 p95Ms=1.213
WORLD network-perimeter-35-0.45: contacts=284 final=0 depth=0.0002 deepFrames=0 step=0.2939 lateStep=0.0023 up=0.007 angular=0.214 meanMs=0.691 p95Ms=0.781
WORLD network-perimeter-35-1.57: contacts=7 final=0 depth=0.0003 deepFrames=0 step=0.6407 lateStep=0.6285 up=2.430 angular=1.200 meanMs=0.826 p95Ms=0.905
WORLD network-rock-3-0.00: contacts=197 final=0 depth=0.0002 deepFrames=0 step=0.1972 lateStep=0.0025 up=0.007 angular=0.532 meanMs=3.665 p95Ms=4.277
WORLD network-rock-3-0.45: contacts=275 final=0 depth=0.0001 deepFrames=0 step=0.1833 lateStep=0.0026 up=0.024 angular=0.266 meanMs=3.965 p95Ms=6.449
WORLD network-rock-3-1.57: contacts=4 final=0 depth=0.0002 deepFrames=0 step=0.5334 lateStep=0.5182 up=6.198 angular=1.508 meanMs=3.543 p95Ms=3.568
WORLD network-rock-12-0.00: contacts=233 final=0 depth=0.0002 deepFrames=0 step=0.2381 lateStep=0.0023 up=0.007 angular=0.627 meanMs=3.403 p95Ms=3.750
WORLD network-rock-12-0.45: contacts=271 final=0 depth=0.0002 deepFrames=0 step=0.1833 lateStep=0.0026 up=0.024 angular=0.332 meanMs=3.819 p95Ms=6.284
WORLD network-rock-12-1.57: contacts=1 final=0 depth=0.0001 deepFrames=0 step=0.5476 lateStep=0.5334 up=8.305 angular=1.588 meanMs=0.981 p95Ms=0.981
WORLD network-rock-35-0.00: contacts=255 final=0 depth=0.0001 deepFrames=0 step=0.5833 lateStep=0.0023 up=0.007 angular=1.205 meanMs=3.336 p95Ms=3.745
WORLD network-rock-35-0.45: contacts=268 final=0 depth=0.0002 deepFrames=0 step=0.2971 lateStep=0.0026 up=0.031 angular=0.968 meanMs=3.805 p95Ms=6.112
WORLD network-rock-35-1.57: contacts=1 final=0 depth=0.0000 deepFrames=0 step=0.5537 lateStep=0.5403 up=8.064 angular=1.738 meanMs=1.129 p95Ms=1.129
WORLD practice-bank-face-3-0.00: contacts=312 final=30 depth=0.0001 deepFrames=0 step=0.1835 lateStep=0.0002 up=0.005 angular=0.223 meanMs=0.432 p95Ms=0.464
WORLD practice-bank-face-3-0.45: contacts=379 final=30 depth=0.0073 deepFrames=0 step=0.1825 lateStep=0.0020 up=0.053 angular=0.760 meanMs=0.357 p95Ms=0.402
WORLD practice-bank-face-3-1.57: contacts=228 final=0 depth=0.0007 deepFrames=0 step=0.1921 lateStep=0.0013 up=0.203 angular=0.482 meanMs=0.475 p95Ms=0.419
WORLD practice-bank-face-12-0.00: contacts=346 final=30 depth=0.0001 deepFrames=0 step=0.2349 lateStep=0.0001 up=0.004 angular=0.215 meanMs=0.403 p95Ms=0.438
WORLD practice-bank-face-12-0.45: contacts=380 final=30 depth=0.0087 deepFrames=0 step=0.2000 lateStep=0.0020 up=0.051 angular=0.360 meanMs=0.467 p95Ms=0.448
WORLD practice-bank-face-12-1.57: contacts=223 final=0 depth=0.0003 deepFrames=0 step=0.2000 lateStep=0.0042 up=0.250 angular=0.674 meanMs=0.392 p95Ms=0.402
WORLD practice-bank-face-35-0.00: contacts=364 final=30 depth=0.0018 deepFrames=0 step=0.5833 lateStep=0.0005 up=1.387 angular=2.869 meanMs=0.570 p95Ms=0.483
WORLD practice-bank-face-35-0.45: contacts=382 final=30 depth=0.0101 deepFrames=0 step=0.5833 lateStep=0.0026 up=0.123 angular=0.792 meanMs=0.403 p95Ms=0.483
WORLD practice-bank-face-35-1.57: contacts=207 final=0 depth=0.0002 deepFrames=0 step=0.5833 lateStep=0.0090 up=0.512 angular=1.553 meanMs=0.330 p95Ms=0.454
WORLD practice-bank-neck-3-0.00: contacts=158 final=30 depth=0.0015 deepFrames=0 step=0.3385 lateStep=0.2194 up=6.848 angular=1.484 meanMs=0.427 p95Ms=0.427
WORLD practice-bank-neck-3-0.45: contacts=13 final=0 depth=0.0045 deepFrames=0 step=0.5964 lateStep=0.5865 up=1.061 angular=0.914 meanMs=0.254 p95Ms=0.290
WORLD practice-bank-neck-3-1.57: contacts=0 final=0 depth=0.0000 deepFrames=0 step=0.5411 lateStep=0.5411 up=4.990 angular=1.286 meanMs=0.000 p95Ms=0.000
WORLD practice-bank-neck-12-0.00: contacts=146 final=30 depth=0.0030 deepFrames=0 step=0.3533 lateStep=0.3263 up=7.653 angular=1.065 meanMs=0.309 p95Ms=0.372
WORLD practice-bank-neck-12-0.45: contacts=78 final=0 depth=0.0061 deepFrames=0 step=0.6204 lateStep=0.6134 up=2.030 angular=2.244 meanMs=0.275 p95Ms=0.349
WORLD practice-bank-neck-12-1.57: contacts=233 final=30 depth=0.0073 deepFrames=0 step=0.3580 lateStep=0.3580 up=1.099 angular=1.392 meanMs=0.444 p95Ms=0.387
WORLD practice-bank-neck-35-0.00: contacts=114 final=0 depth=0.0012 deepFrames=0 step=0.5833 lateStep=0.5249 up=19.339 angular=4.230 meanMs=0.313 p95Ms=0.398
WORLD practice-bank-neck-35-0.45: contacts=142 final=30 depth=0.0136 deepFrames=0 step=0.5833 lateStep=0.2064 up=10.187 angular=3.765 meanMs=0.520 p95Ms=0.390
WORLD practice-bank-neck-35-1.57: contacts=193 final=30 depth=0.0140 deepFrames=0 step=0.5833 lateStep=0.0438 up=5.458 angular=4.443 meanMs=0.230 p95Ms=0.329
WORLD practice-bank-side-3-0.00: contacts=2 final=0 depth=0.0087 deepFrames=0 step=0.4535 lateStep=0.3095 up=8.330 angular=4.716 meanMs=0.368 p95Ms=0.246
WORLD practice-bank-side-3-0.45: contacts=112 final=0 depth=0.0002 deepFrames=0 step=0.3489 lateStep=0.3375 up=8.423 angular=1.086 meanMs=0.635 p95Ms=0.483
WORLD practice-bank-side-3-1.57: contacts=91 final=0 depth=0.0017 deepFrames=0 step=0.5905 lateStep=0.5819 up=4.544 angular=1.077 meanMs=0.471 p95Ms=0.373
WORLD practice-bank-side-12-0.00: contacts=4 final=0 depth=0.0027 deepFrames=0 step=0.3835 lateStep=0.3512 up=8.859 angular=4.689 meanMs=0.301 p95Ms=0.313
WORLD practice-bank-side-12-0.45: contacts=147 final=0 depth=0.0001 deepFrames=0 step=0.3483 lateStep=0.3483 up=8.573 angular=1.177 meanMs=0.355 p95Ms=0.422
WORLD practice-bank-side-12-1.57: contacts=190 final=30 depth=0.0085 deepFrames=0 step=0.4177 lateStep=0.4177 up=1.653 angular=1.202 meanMs=0.282 p95Ms=0.345
WORLD practice-bank-side-35-0.00: contacts=120 final=0 depth=0.0015 deepFrames=0 step=0.5833 lateStep=0.5090 up=19.268 angular=4.407 meanMs=0.453 p95Ms=0.417
WORLD practice-bank-side-35-0.45: contacts=25 final=0 depth=0.0145 deepFrames=0 step=0.5833 lateStep=0.5178 up=16.620 angular=4.901 meanMs=0.260 p95Ms=0.333
WORLD practice-bank-side-35-1.57: contacts=172 final=0 depth=0.0004 deepFrames=0 step=0.5833 lateStep=0.4211 up=6.732 angular=4.644 meanMs=0.342 p95Ms=0.438
WORLD practice-pillar-3-0.00: contacts=306 final=30 depth=0.0004 deepFrames=0 step=0.1804 lateStep=0.0000 up=0.007 angular=0.378 meanMs=0.441 p95Ms=0.438
WORLD practice-pillar-3-0.45: contacts=365 final=30 depth=0.0166 deepFrames=0 step=0.1816 lateStep=0.0016 up=0.029 angular=0.674 meanMs=0.373 p95Ms=0.372
WORLD practice-pillar-3-1.57: contacts=181 final=0 depth=0.0005 deepFrames=0 step=0.5827 lateStep=0.5715 up=0.044 angular=0.154 meanMs=0.337 p95Ms=0.421
WORLD practice-pillar-12-0.00: contacts=339 final=30 depth=0.0004 deepFrames=0 step=0.2329 lateStep=0.0001 up=0.035 angular=0.362 meanMs=0.457 p95Ms=0.480
WORLD practice-pillar-12-0.45: contacts=367 final=30 depth=0.0137 deepFrames=0 step=0.2000 lateStep=0.0016 up=0.024 angular=0.479 meanMs=0.386 p95Ms=0.453
WORLD practice-pillar-12-1.57: contacts=176 final=0 depth=0.0009 deepFrames=0 step=0.5852 lateStep=0.5742 up=0.044 angular=0.337 meanMs=0.601 p95Ms=0.510
WORLD practice-pillar-35-0.00: contacts=359 final=30 depth=0.0004 deepFrames=0 step=0.5833 lateStep=0.0001 up=0.019 angular=0.566 meanMs=0.396 p95Ms=0.461
WORLD practice-pillar-35-0.45: contacts=367 final=30 depth=0.0134 deepFrames=0 step=0.5833 lateStep=0.0017 up=0.219 angular=1.193 meanMs=0.480 p95Ms=0.477
WORLD practice-pillar-35-1.57: contacts=140 final=0 depth=0.0009 deepFrames=0 step=0.5912 lateStep=0.5806 up=0.058 angular=1.365 meanMs=0.421 p95Ms=0.590
WORLD practice-retaining-wing-3-0.00: contacts=53 final=0 depth=0.0045 deepFrames=0 step=0.5845 lateStep=0.5735 up=0.551 angular=1.699 meanMs=0.349 p95Ms=0.583
WORLD practice-retaining-wing-3-0.45: contacts=185 final=30 depth=0.0047 deepFrames=0 step=0.4567 lateStep=0.4567 up=0.451 angular=1.200 meanMs=0.333 p95Ms=0.396
WORLD practice-retaining-wing-3-1.57: contacts=147 final=30 depth=0.0047 deepFrames=0 step=0.3285 lateStep=0.1372 up=6.201 angular=2.721 meanMs=0.282 p95Ms=0.363
WORLD practice-retaining-wing-12-0.00: contacts=116 final=0 depth=0.0010 deepFrames=0 step=0.6508 lateStep=0.6456 up=1.805 angular=1.517 meanMs=0.484 p95Ms=0.446
WORLD practice-retaining-wing-12-0.45: contacts=110 final=0 depth=0.0017 deepFrames=0 step=0.6189 lateStep=0.6169 up=1.805 angular=1.852 meanMs=0.422 p95Ms=0.335
WORLD practice-retaining-wing-12-1.57: contacts=262 final=30 depth=0.0092 deepFrames=0 step=0.3186 lateStep=0.0042 up=1.808 angular=1.436 meanMs=0.291 p95Ms=0.361
WORLD practice-retaining-wing-35-0.00: contacts=91 final=0 depth=0.0041 deepFrames=0 step=0.7037 lateStep=0.7037 up=5.265 angular=2.547 meanMs=0.297 p95Ms=0.380
WORLD practice-retaining-wing-35-0.45: contacts=119 final=0 depth=0.0048 deepFrames=0 step=0.7046 lateStep=0.7046 up=5.265 angular=1.310 meanMs=0.580 p95Ms=0.427
WORLD practice-retaining-wing-35-1.57: contacts=311 final=30 depth=0.0061 deepFrames=0 step=0.6318 lateStep=0.0003 up=5.272 angular=2.011 meanMs=0.345 p95Ms=0.378
WORLD practice-perimeter-3-0.00: contacts=227 final=0 depth=0.0008 deepFrames=0 step=0.1865 lateStep=0.0001 up=0.022 angular=0.506 meanMs=0.404 p95Ms=0.442
WORLD practice-perimeter-3-0.45: contacts=290 final=0 depth=0.0032 deepFrames=0 step=0.1834 lateStep=0.0017 up=0.031 angular=0.165 meanMs=0.332 p95Ms=0.366
WORLD practice-perimeter-3-1.57: contacts=142 final=7 depth=0.0015 deepFrames=0 step=0.6340 lateStep=0.6217 up=2.291 angular=0.229 meanMs=0.288 p95Ms=0.369
WORLD practice-perimeter-12-0.00: contacts=260 final=0 depth=0.0008 deepFrames=0 step=0.2394 lateStep=0.0001 up=0.033 angular=0.506 meanMs=0.378 p95Ms=0.386
WORLD practice-perimeter-12-0.45: contacts=290 final=0 depth=0.0032 deepFrames=0 step=0.2000 lateStep=0.0017 up=0.032 angular=0.171 meanMs=0.329 p95Ms=0.347
WORLD practice-perimeter-12-1.57: contacts=87 final=0 depth=0.0027 deepFrames=0 step=0.6381 lateStep=0.6263 up=2.957 angular=1.018 meanMs=0.327 p95Ms=0.450
WORLD practice-perimeter-35-0.00: contacts=277 final=0 depth=0.0008 deepFrames=0 step=0.5867 lateStep=0.0001 up=0.038 angular=0.633 meanMs=0.515 p95Ms=0.462
WORLD practice-perimeter-35-0.45: contacts=289 final=0 depth=0.0048 deepFrames=0 step=0.5833 lateStep=0.0017 up=0.155 angular=0.248 meanMs=0.267 p95Ms=0.350
WORLD practice-perimeter-35-1.57: contacts=50 final=0 depth=0.0127 deepFrames=0 step=0.6023 lateStep=0.5864 up=2.237 angular=1.656 meanMs=0.231 p95Ms=0.320
WORLD practice-rock-3-0.00: contacts=206 final=0 depth=0.0166 deepFrames=0 step=0.2000 lateStep=0.0007 up=0.547 angular=0.536 meanMs=0.343 p95Ms=0.419
WORLD practice-rock-3-0.45: contacts=287 final=0 depth=0.0170 deepFrames=0 step=0.1834 lateStep=0.0017 up=0.448 angular=0.447 meanMs=0.454 p95Ms=0.431
WORLD practice-rock-3-1.57: contacts=54 final=0 depth=0.0021 deepFrames=0 step=0.5159 lateStep=0.4997 up=0.914 angular=0.688 meanMs=0.343 p95Ms=0.390
WORLD practice-rock-12-0.00: contacts=248 final=0 depth=0.0172 deepFrames=0 step=0.2399 lateStep=0.0007 up=0.564 angular=0.646 meanMs=0.382 p95Ms=0.398
WORLD practice-rock-12-0.45: contacts=287 final=0 depth=0.0174 deepFrames=0 step=0.2000 lateStep=0.0018 up=0.452 angular=0.426 meanMs=0.480 p95Ms=0.655
WORLD practice-rock-12-1.57: contacts=53 final=0 depth=0.0065 deepFrames=0 step=0.5463 lateStep=0.5320 up=6.659 angular=1.585 meanMs=0.316 p95Ms=0.369
WORLD practice-rock-35-0.00: contacts=273 final=0 depth=0.0335 deepFrames=0 step=0.5833 lateStep=0.0006 up=1.637 angular=1.205 meanMs=0.378 p95Ms=0.396
WORLD practice-rock-35-0.45: contacts=287 final=0 depth=0.0368 deepFrames=0 step=0.5833 lateStep=0.0018 up=2.052 angular=1.239 meanMs=0.443 p95Ms=0.430
WORLD practice-rock-35-1.57: contacts=63 final=0 depth=0.0313 deepFrames=0 step=0.5833 lateStep=0.5235 up=2.177 angular=1.168 meanMs=0.401 p95Ms=0.439
WORLD network-bank-face-12-0.00-steering: contacts=210 final=0 depth=0.0004 deepFrames=0 step=0.2156 lateStep=0.0020 up=0.005 angular=1.975 meanMs=1.893 p95Ms=4.175
WORLD practice-bank-face-12-0.00-steering: contacts=251 final=0 depth=0.0041 deepFrames=0 step=0.2162 lateStep=0.0393 up=0.002 angular=2.043 meanMs=0.395 p95Ms=0.416
World collision checks: failures=0
