  Determining projects to restore...
  All projects are up-to-date for restore.
  Trackstorm.Core -> C:\Users\orsin\OneDrive\Desktop\ThanTrick\Trackstorm\code\Core\bin\Debug\net10.0\Trackstorm.Core.dll
  Epic.OnlineServices -> C:\Users\orsin\OneDrive\Desktop\ThanTrick\Trackstorm\third_party\eos\bin\Debug\net10.0\Epic.OnlineServices.dll
  Trackstorm.Core.Tests -> C:\Users\orsin\OneDrive\Desktop\ThanTrick\Trackstorm\code\Tests\bin\Debug\net10.0\Trackstorm.Core.Tests.dll
  Trackstorm.Client -> C:\Users\orsin\OneDrive\Desktop\ThanTrick\Trackstorm\.godot\mono\temp\bin\Debug\Trackstorm.Client.dll
  Trackstorm.Transport.Tests -> C:\Users\orsin\OneDrive\Desktop\ThanTrick\Trackstorm\code\TransportTests\bin\Debug\net10.0\Trackstorm.Transport.Tests.dll

Build succeeded.
    0 Warning(s)
    0 Error(s)

Time Elapsed 00:00:05.22
Godot Engine v4.7.2.stable.mono.official.ed1daf0bf - https://godotengine.org

Drive check: end=<-5.0092575E-09, 2.3304553, -33.929775>, peak speed=21.67, peak height=4.41, supported ticks=175
Drift check: max handbrake=1, supported=144, drift ticks=107, end=<-9.341731, 1.14188, 11.84264>
Brake check: end velocity=<-6.439248E-10, 0.00034700334, 10.264114>, distance=6.53m
Cornering: low radius=10.98m; fast radius=37.60m; front slip=0.33
Steering onset: first wheel=0.040rad; yaw at 100ms=-0.246rad/s
Recovery: initial side speed=4m/s; final=0.000m/s
Handbrake recovery: entry=6, held=6, peak yaw=0.19, final side=0.000, speed=10.05
Handbrake recovery: entry=6, held=45, peak yaw=0.30, final side=0.000, speed=4.72
Handbrake recovery: entry=16, held=6, peak yaw=0.23, final side=0.000, speed=17.45
Handbrake recovery: entry=16, held=45, peak yaw=0.75, final side=0.000, speed=10.21
Power out: entry=6, held=6, throttle delay=-6, acceleration=7.037, side=0.342, yaw=0.330, recovery=0.350, final side=0.002, peak speed=15.079, peak yaw=0.337
Power out: entry=6, held=6, throttle delay=0, acceleration=6.344, side=0.333, yaw=0.316, recovery=0.350, final side=0.001, peak speed=14.087, peak yaw=0.325
Power out: entry=6, held=6, throttle delay=6, acceleration=6.777, side=0.002, yaw=0.104, recovery=0.050, final side=0.001, peak speed=13.094, peak yaw=0.325
Power out: entry=6, held=45, throttle delay=-6, acceleration=5.944, side=0.034, yaw=0.099, recovery=0.950, final side=0.000, peak speed=15.926, peak yaw=0.330
Power out: entry=6, held=45, throttle delay=0, acceleration=5.944, side=0.032, yaw=0.098, recovery=0.950, final side=0.000, peak speed=15.898, peak yaw=0.330
Power out: entry=6, held=45, throttle delay=6, acceleration=6.684, side=0.001, yaw=0.042, recovery=0.650, final side=0.000, peak speed=15.147, peak yaw=0.330
Power out: entry=16, held=6, throttle delay=-6, acceleration=6.633, side=0.267, yaw=0.708, recovery=0.350, final side=0.002, peak speed=23.884, peak yaw=0.708
Power out: entry=16, held=6, throttle delay=0, acceleration=6.062, side=0.337, yaw=0.732, recovery=0.350, final side=0.002, peak speed=22.543, peak yaw=0.732
Power out: entry=16, held=6, throttle delay=6, acceleration=6.395, side=0.352, yaw=0.284, recovery=0.050, final side=0.002, peak speed=21.240, peak yaw=0.727
Power out: entry=16, held=45, throttle delay=-6, acceleration=3.791, side=1.139, yaw=1.588, recovery=0.950, final side=0.000, peak speed=20.895, peak yaw=1.588
Power out: entry=16, held=45, throttle delay=0, acceleration=3.789, side=1.113, yaw=1.583, recovery=0.950, final side=0.000, peak speed=20.650, peak yaw=1.583
Power out: entry=16, held=45, throttle delay=6, acceleration=4.152, side=1.424, yaw=1.297, recovery=0.650, final side=0.000, peak speed=20.033, peak yaw=1.580
Acceleration: entry=0, final=11.384
Acceleration: entry=4, final=15.367
Acceleration: entry=12, final=23.211
Brake recovery: first drive=5.136, before=6.568, after=14.079
Collision HP: player=61.45, target=61.45
Brush check: contacts=83, player HP=100.00, target HP=100.00
Blast check: max height=2.48, peak angular=2.63, end=<1.22868, 1.1394441, 21.934313>, HP=59.24
Collision shake: intensity=0%, peak=0.000000m, HP=56.902, life=41
Collision shake: intensity=25%, peak=0.065709m, HP=56.902, life=42
Collision shake: intensity=50%, peak=0.131417m, HP=56.902, life=43
Collision shake: intensity=100%, peak=0.262835m, HP=56.902, life=44
Collision shake: intensity=100%, peak=0.262835m, HP=56.902, life=45
Stationary speed: observed=0.0000 m/s, command=0.0019 m/s, HUD=Speed  0 km/h
Reverse speed: observed=5.32 m/s, HUD=Speed  19 km/h
Surface speed after 90 ticks: Concrete=11.38, Mud=4.63
Surface crossings: 6; peak speed=16.10
Live camera playtest passed: mouse orbit/smooth return, two-axis controller orbit/noisy-neutral return, displayed vehicle pose, native life reset.
Vehicle integration passed: 147 assertions.
Godot Engine v4.7.2.stable.mono.official.ed1daf0bf - https://godotengine.org

Drive check: end=<-5.0092575E-09, 2.3304553, -33.929775>, peak speed=21.67, peak height=4.41, supported ticks=175
Drift check: max handbrake=1, supported=144, drift ticks=107, end=<-9.341731, 1.14188, 11.84264>
Brake check: end velocity=<-6.439248E-10, 0.00034700334, 10.264114>, distance=6.53m
Cornering: low radius=10.98m; fast radius=37.60m; front slip=0.33
Steering onset: first wheel=0.040rad; yaw at 100ms=-0.246rad/s
Recovery: initial side speed=4m/s; final=0.000m/s
Handbrake recovery: entry=6, held=6, peak yaw=0.19, final side=0.000, speed=10.05
Handbrake recovery: entry=6, held=45, peak yaw=0.30, final side=0.000, speed=4.72
Handbrake recovery: entry=16, held=6, peak yaw=0.23, final side=0.000, speed=17.45
Handbrake recovery: entry=16, held=45, peak yaw=0.75, final side=0.000, speed=10.21
Power out: entry=6, held=6, throttle delay=-6, acceleration=7.037, side=0.342, yaw=0.330, recovery=0.350, final side=0.002, peak speed=15.079, peak yaw=0.337
Power out: entry=6, held=6, throttle delay=0, acceleration=6.344, side=0.333, yaw=0.316, recovery=0.350, final side=0.001, peak speed=14.087, peak yaw=0.325
Power out: entry=6, held=6, throttle delay=6, acceleration=6.777, side=0.002, yaw=0.104, recovery=0.050, final side=0.001, peak speed=13.094, peak yaw=0.325
Power out: entry=6, held=45, throttle delay=-6, acceleration=5.944, side=0.034, yaw=0.099, recovery=0.950, final side=0.000, peak speed=15.926, peak yaw=0.330
Power out: entry=6, held=45, throttle delay=0, acceleration=5.944, side=0.032, yaw=0.098, recovery=0.950, final side=0.000, peak speed=15.898, peak yaw=0.330
Power out: entry=6, held=45, throttle delay=6, acceleration=6.684, side=0.001, yaw=0.042, recovery=0.650, final side=0.000, peak speed=15.147, peak yaw=0.330
Power out: entry=16, held=6, throttle delay=-6, acceleration=6.633, side=0.267, yaw=0.708, recovery=0.350, final side=0.002, peak speed=23.884, peak yaw=0.708
Power out: entry=16, held=6, throttle delay=0, acceleration=6.062, side=0.337, yaw=0.732, recovery=0.350, final side=0.002, peak speed=22.543, peak yaw=0.732
Power out: entry=16, held=6, throttle delay=6, acceleration=6.395, side=0.352, yaw=0.284, recovery=0.050, final side=0.002, peak speed=21.240, peak yaw=0.727
Power out: entry=16, held=45, throttle delay=-6, acceleration=3.791, side=1.139, yaw=1.588, recovery=0.950, final side=0.000, peak speed=20.895, peak yaw=1.588
Power out: entry=16, held=45, throttle delay=0, acceleration=3.789, side=1.113, yaw=1.583, recovery=0.950, final side=0.000, peak speed=20.650, peak yaw=1.583
Power out: entry=16, held=45, throttle delay=6, acceleration=4.152, side=1.424, yaw=1.297, recovery=0.650, final side=0.000, peak speed=20.033, peak yaw=1.580
Acceleration: entry=0, final=11.384
Acceleration: entry=4, final=15.367
Acceleration: entry=12, final=23.211
Brake recovery: first drive=5.136, before=6.568, after=14.079
Collision HP: player=61.45, target=61.45
Brush check: contacts=83, player HP=100.00, target HP=100.00
Blast check: max height=2.48, peak angular=2.63, end=<1.22868, 1.1394441, 21.934313>, HP=59.24
Collision shake: intensity=0%, peak=0.000000m, HP=56.902, life=41
Collision shake: intensity=25%, peak=0.068314m, HP=56.902, life=42
Collision shake: intensity=50%, peak=0.136629m, HP=56.902, life=43
Collision shake: intensity=100%, peak=0.273257m, HP=56.902, life=44
Collision shake: intensity=100%, peak=0.273257m, HP=56.902, life=45
Stationary speed: observed=0.0000 m/s, command=0.0020 m/s, HUD=Speed  0 km/h
Reverse speed: observed=5.32 m/s, HUD=Speed  19 km/h
Surface speed after 90 ticks: Concrete=11.38, Mud=4.63
Surface crossings: 6; peak speed=16.10
Live camera playtest passed: mouse orbit/smooth return, two-axis controller orbit/noisy-neutral return, displayed vehicle pose, native life reset.
Vehicle integration passed: 147 assertions.
Fixed-step replay matched across 30 and 144 render FPS (0.02 tolerance).
Surface replay matched across 30 and 144 render FPS (0.02 tolerance).
Vehicle verification artifacts: C:\Users\orsin\OneDrive\Desktop\ThanTrick\Trackstorm\.godot\vehicle-checks\faf43e856d15431fa95ee0cc2adad00d
