  Determining projects to restore...
  Restored C:\Users\orsin\OneDrive\Desktop\ThanTrick\Trackstorm\Trackstorm.Client.csproj (in 419 ms).
  Restored C:\Users\orsin\OneDrive\Desktop\ThanTrick\Trackstorm\code\TransportTests\Trackstorm.Transport.Tests.csproj (in 420 ms).
  3 of 5 projects are up-to-date for restore.
  Epic.OnlineServices -> C:\Users\orsin\OneDrive\Desktop\ThanTrick\Trackstorm\third_party\eos\bin\Debug\net10.0\Epic.OnlineServices.dll
  Trackstorm.Core -> C:\Users\orsin\OneDrive\Desktop\ThanTrick\Trackstorm\code\Core\bin\Debug\net10.0\Trackstorm.Core.dll
  Trackstorm.Client -> C:\Users\orsin\OneDrive\Desktop\ThanTrick\Trackstorm\.godot\mono\temp\bin\Debug\Trackstorm.Client.dll
  Trackstorm.Core.Tests -> C:\Users\orsin\OneDrive\Desktop\ThanTrick\Trackstorm\code\Tests\bin\Debug\net10.0\Trackstorm.Core.Tests.dll
  Trackstorm.Transport.Tests -> C:\Users\orsin\OneDrive\Desktop\ThanTrick\Trackstorm\code\TransportTests\bin\Debug\net10.0\Trackstorm.Transport.Tests.dll

Build succeeded.
    0 Warning(s)
    0 Error(s)

Time Elapsed 00:00:08.59
Godot Engine v4.7.2.stable.mono.official.ed1daf0bf - https://godotengine.org

Transport peer 1: Connecting; None;
Transport peer 1: Connecting; None;
Transport peer 1: Connected; None;
Transport peer 1: Connected; None;
Transport peer 1: Disconnected; RemoteRequest; Transport stopped
Developer Options integration passed: write; 694 assertions.
Godot Engine v4.7.2.stable.mono.official.ed1daf0bf - https://godotengine.org

Developer Options integration passed: read; 9 assertions.
Developer Options verification artifacts: C:\Users\orsin\OneDrive\Desktop\ThanTrick\Trackstorm\.godot\developer-options-checks\99dcdab2188440fdb17132ed0bc16850
