Godot Engine v4.7.2.stable.mono.official.ed1daf0bf - https://godotengine.org

FAIL: network-RockCluster-3-0.0 contact step budget: 10.654ms
ROCK network-RockCluster-3-0.0: contacts=365 repeat=166 final=0 depth=0.0002 overlapFrames=0 angular=0.083 contactMeanMs=10.654 p95Ms=31.369
FAIL: network-RockCluster-3-1.2 contact step budget: 9.603ms
ROCK network-RockCluster-3-1.2: contacts=399 repeat=180 final=0 depth=0.0002 overlapFrames=0 angular=0.082 contactMeanMs=9.603 p95Ms=17.688
FAIL: network-RockCluster-3-2.4 contact step budget: 9.691ms
ROCK network-RockCluster-3-2.4: contacts=395 repeat=180 final=0 depth=0.0002 overlapFrames=0 angular=0.082 contactMeanMs=9.691 p95Ms=19.190
FAIL: network-RockLedge-3-0.0 contact step budget: 10.319ms
ROCK network-RockLedge-3-0.0: contacts=394 repeat=172 final=0 depth=0.0002 overlapFrames=0 angular=0.082 contactMeanMs=10.319 p95Ms=16.629
FAIL: network-RockLedge-3-1.2 contact step budget: 10.365ms
ROCK network-RockLedge-3-1.2: contacts=384 repeat=164 final=0 depth=0.0002 overlapFrames=0 angular=0.081 contactMeanMs=10.365 p95Ms=24.841
FAIL: network-RockLedge-3-2.4 contact step budget: 10.259ms
ROCK network-RockLedge-3-2.4: contacts=232 repeat=94 final=0 depth=0.0002 overlapFrames=0 angular=0.085 contactMeanMs=10.259 p95Ms=19.056
ROCK network-BoulderTall-3-0.0: contacts=419 repeat=180 final=0 depth=0.0002 overlapFrames=0 angular=0.084 contactMeanMs=7.460 p95Ms=12.779
ROCK network-BoulderTall-3-1.2: contacts=390 repeat=169 final=0 depth=0.0002 overlapFrames=0 angular=0.082 contactMeanMs=7.879 p95Ms=14.620
FAIL: network-BoulderTall-3-2.4 contact step budget: 8.472ms
ROCK network-BoulderTall-3-2.4: contacts=402 repeat=171 final=0 depth=0.0001 overlapFrames=0 angular=0.083 contactMeanMs=8.472 p95Ms=15.763
FAIL: network-RockSlab-3-0.0 contact step budget: 8.102ms
ROCK network-RockSlab-3-0.0: contacts=386 repeat=177 final=0 depth=0.0002 overlapFrames=0 angular=0.084 contactMeanMs=8.102 p95Ms=14.540
FAIL: network-RockSlab-3-1.2 contact step budget: 8.219ms
ROCK network-RockSlab-3-1.2: contacts=388 repeat=180 final=0 depth=0.0004 overlapFrames=0 angular=0.086 contactMeanMs=8.219 p95Ms=14.659
ROCK network-RockSlab-3-2.4: contacts=394 repeat=179 final=0 depth=0.0002 overlapFrames=0 angular=0.081 contactMeanMs=7.521 p95Ms=14.142
ROCK network-BoulderLow-3-0.0: contacts=389 repeat=180 final=0 depth=0.0002 overlapFrames=0 angular=0.084 contactMeanMs=6.218 p95Ms=11.933
ROCK network-BoulderLow-3-1.2: contacts=406 repeat=180 final=0 depth=0.0002 overlapFrames=0 angular=0.087 contactMeanMs=6.963 p95Ms=11.768
ROCK network-BoulderLow-3-2.4: contacts=401 repeat=180 final=0 depth=0.0001 overlapFrames=0 angular=0.083 contactMeanMs=6.512 p95Ms=10.196
ROCK practice-RockCluster-3-0.0: contacts=402 repeat=176 final=0 depth=0.0013 overlapFrames=0 angular=0.092 contactMeanMs=0.765 p95Ms=1.657
ROCK practice-RockCluster-3-1.2: contacts=413 repeat=180 final=0 depth=0.0013 overlapFrames=0 angular=0.093 contactMeanMs=0.869 p95Ms=2.029
ROCK practice-RockCluster-3-2.4: contacts=403 repeat=177 final=0 depth=0.0003 overlapFrames=0 angular=0.100 contactMeanMs=0.535 p95Ms=1.350
ROCK practice-RockLedge-3-0.0: contacts=409 repeat=173 final=0 depth=0.0005 overlapFrames=0 angular=0.097 contactMeanMs=0.854 p95Ms=1.918
ROCK practice-RockLedge-3-1.2: contacts=418 repeat=178 final=0 depth=0.0007 overlapFrames=0 angular=0.087 contactMeanMs=0.584 p95Ms=1.331
ROCK practice-RockLedge-3-2.4: contacts=365 repeat=147 final=0 depth=0.0006 overlapFrames=0 angular=0.126 contactMeanMs=0.643 p95Ms=1.542
ROCK practice-BoulderTall-3-0.0: contacts=428 repeat=180 final=0 depth=0.0013 overlapFrames=0 angular=0.108 contactMeanMs=0.622 p95Ms=1.504
ROCK practice-BoulderTall-3-1.2: contacts=426 repeat=180 final=0 depth=0.0007 overlapFrames=0 angular=0.094 contactMeanMs=0.787 p95Ms=1.900
ROCK practice-BoulderTall-3-2.4: contacts=424 repeat=180 final=0 depth=0.0010 overlapFrames=0 angular=0.085 contactMeanMs=0.812 p95Ms=1.658
ROCK practice-RockSlab-3-0.0: contacts=398 repeat=180 final=0 depth=0.0008 overlapFrames=0 angular=0.100 contactMeanMs=1.204 p95Ms=1.624
ROCK practice-RockSlab-3-1.2: contacts=396 repeat=180 final=0 depth=0.0004 overlapFrames=0 angular=0.121 contactMeanMs=0.816 p95Ms=1.605
ROCK practice-RockSlab-3-2.4: contacts=407 repeat=180 final=0 depth=0.0004 overlapFrames=0 angular=0.113 contactMeanMs=0.832 p95Ms=1.677
ROCK practice-BoulderLow-3-0.0: contacts=398 repeat=180 final=0 depth=0.0005 overlapFrames=0 angular=0.100 contactMeanMs=0.669 p95Ms=1.323
ROCK practice-BoulderLow-3-1.2: contacts=409 repeat=180 final=0 depth=0.0003 overlapFrames=0 angular=0.106 contactMeanMs=0.698 p95Ms=1.475
ROCK practice-BoulderLow-3-2.4: contacts=404 repeat=180 final=0 depth=0.0005 overlapFrames=0 angular=0.108 contactMeanMs=0.781 p95Ms=1.490
Rock collision checks: failures=9
