Godot Engine v4.7.2.stable.mono.official.ed1daf0bf - https://godotengine.org

FAIL: network-RockCluster-3-0.0 contact step budget: 9.060ms
ROCK network-RockCluster-3-0.0: contacts=421 repeat=180 final=0 depth=0.0002 overlapFrames=0 angular=0.085 contactMeanMs=9.060 p95Ms=15.989
FAIL: network-RockLedge-3-0.0 settled rock pressure: range=0.06164, liftStep=0.00448, repeatedTravel=0.38791
FAIL: network-RockLedge-3-0.0 contact step budget: 16.734ms
ROCK network-RockLedge-3-0.0: contacts=431 repeat=180 final=0 depth=0.0002 overlapFrames=0 angular=0.085 contactMeanMs=16.734 p95Ms=33.640
FAIL: network-BoulderTall-3-0.0 settled rock pressure: range=0.05877, liftStep=0.00288, repeatedTravel=0.14768
FAIL: network-BoulderTall-3-0.0 contact step budget: 12.784ms
ROCK network-BoulderTall-3-0.0: contacts=427 repeat=180 final=0 depth=0.0002 overlapFrames=0 angular=0.087 contactMeanMs=12.784 p95Ms=21.707
FAIL: network-RockSlab-3-0.0 settled rock pressure: range=0.11366, liftStep=0.02307, repeatedTravel=0.22157
FAIL: network-RockSlab-3-0.0 contact step budget: 12.170ms
ROCK network-RockSlab-3-0.0: contacts=404 repeat=180 final=0 depth=0.0013 overlapFrames=0 angular=0.087 contactMeanMs=12.170 p95Ms=20.923
FAIL: network-BoulderLow-3-0.0 settled rock pressure: range=0.12348, liftStep=0.00426, repeatedTravel=0.07110
FAIL: network-BoulderLow-3-0.0 contact step budget: 12.025ms
ROCK network-BoulderLow-3-0.0: contacts=431 repeat=180 final=0 depth=0.0002 overlapFrames=0 angular=0.084 contactMeanMs=12.025 p95Ms=20.471
ROCK practice-RockCluster-3-0.0: contacts=433 repeat=180 final=0 depth=0.0013 overlapFrames=0 angular=0.207 contactMeanMs=0.647 p95Ms=1.159
ROCK practice-RockLedge-3-0.0: contacts=440 repeat=180 final=0 depth=0.0008 overlapFrames=0 angular=0.216 contactMeanMs=0.947 p95Ms=1.649
ROCK practice-BoulderTall-3-0.0: contacts=426 repeat=180 final=0 depth=0.0013 overlapFrames=0 angular=0.065 contactMeanMs=0.709 p95Ms=1.404
FAIL: practice-RockSlab-3-0.0 settled rock pressure: range=0.08741, liftStep=0.00565, repeatedTravel=0.00572
ROCK practice-RockSlab-3-0.0: contacts=437 repeat=180 final=0 depth=0.0032 overlapFrames=0 angular=0.324 contactMeanMs=0.550 p95Ms=1.169
FAIL: practice-BoulderLow-3-0.0 settled rock pressure: range=0.09994, liftStep=0.00056, repeatedTravel=0.04251
ROCK practice-BoulderLow-3-0.0: contacts=440 repeat=180 final=0 depth=0.0005 overlapFrames=0 angular=0.430 contactMeanMs=0.543 p95Ms=1.116
Rock collision checks: failures=11
