Test run for C:\Users\orsin\OneDrive\Desktop\ThanTrick\Trackstorm\code\TransportTests\bin\Release\net10.0\Trackstorm.Transport.Tests.dll (.NETCoreApp,Version=v10.0)
A total of 1 test files matched the specified pattern.
NUnit Adapter 5.0.0.0: Test execution started
Running selected tests in C:\Users\orsin\OneDrive\Desktop\ThanTrick\Trackstorm\code\TransportTests\bin\Release\net10.0\Trackstorm.Transport.Tests.dll
   NUnit3TestExecutor discovered 15 of 16 NUnit test cases using Current Discovery mode, Non-Explicit run
Reliable=100/100; unreliable=73/100; ping=76ms; incoming loss=0.24242425; outgoing loss=

  Passed AdversePacketsPreserveReliableOrderAndExposeDiagnostics [5 s]
  Passed ConnectionAndEstablishedTimeoutsReleaseResources [12 s]
  Passed HostAndSevenClientsRejectExcessAndReconnect [93 ms]
  Passed OccupiedListenerReportsBindErrorAndCanRecoverAfterOwnerCloses [4 ms]
  Passed RejectsInvalidOperationsAndBoundsReceiveQueue [79 ms]
  Passed RepeatedHostJoinAndStopReleasesListenerAndPeers [231 ms]
CORRECTION tick=68; vehicle=2; error=0.1076; scheduleLag=0.0003; age=0.0005; pending=9; clientAck=47; authorityAck=50; hostTick=69; snapshotTick=66
CORRECTION tick=117; vehicle=4; error=0.2241; scheduleLag=0.0005; age=0.0001; pending=10; clientAck=95; authorityAck=99; hostTick=118; snapshotTick=114
CORRECTION tick=129; vehicle=3; error=0.2150; scheduleLag=0.0009; age=0.0000; pending=10; clientAck=107; authorityAck=111; hostTick=130; snapshotTick=126
prediction-limited client ticks=0; during probe window plus 0.5s drain=0; elsewhere=0
delivered stale probes=60; controlled dropped snapshots=4; native loss is configured, not individually observable
delivered stale probes=60; controlled dropped snapshots=4; native loss is configured, not individually observable
delivered stale probes=60; controlled dropped snapshots=4; native loss is configured, not individually observable
delivered stale probes=60; controlled dropped snapshots=4; native loss is configured, not individually observable
delivered stale probes=60; controlled dropped snapshots=4; native loss is configured, not individually observable
delivered stale probes=60; controlled dropped snapshots=4; native loss is configured, not individually observable
delivered stale probes=60; controlled dropped snapshots=4; native loss is configured, not individually observable
startup max=0.2241m; steady p99=0.0000m; steady max=0.2150m; steady >1cm=1; max pending at completion=14
players=8; outbound delay=30ms; jitter=10ms; loss=0%; corrections=1625; p99=0.0000m; max=0.2241m; snapshots/client=232; stale packets rejected

TenMinuteEightPlayerImpairmentSoak: Sustained native soak; run separately from the ordinary fast gate.
  Passed EightPlayerControlledSnapshotLossConverges [12 s]
  Skipped TenMinuteEightPlayerImpairmentSoak [1 ms]
prediction-limited client ticks=0; during probe window plus 0.5s drain=0; elsewhere=0
delivered stale probes=60; controlled dropped snapshots=0; native loss is configured, not individually observable
startup max=0.0000m; steady p99=0.0000m; steady max=0.0830m; steady >1cm=1; max pending at completion=5
players=2; outbound delay=0ms; jitter=0ms; loss=0%; corrections=238; p99=0.0000m; max=0.0830m; snapshots/client=239; stale packets rejected

  Passed VehicleLoopConvergesAcrossNetworkConditions(2,0,0,0.0f,0.0f) [12 s]
CORRECTION tick=462; vehicle=2; error=0.1626; scheduleLag=0.0191; age=0.0000; pending=4; clientAck=449; authorityAck=450; hostTick=463; snapshotTick=462
prediction-limited client ticks=0; during probe window plus 0.5s drain=0; elsewhere=0
delivered stale probes=60; controlled dropped snapshots=0; native loss is configured, not individually observable
startup max=0.0000m; steady p99=0.0000m; steady max=0.1626m; steady >1cm=2; max pending at completion=8
players=2; outbound delay=30ms; jitter=0ms; loss=0%; corrections=237; p99=0.0000m; max=0.1626m; snapshots/client=238; stale packets rejected

  Passed VehicleLoopConvergesAcrossNetworkConditions(2,30,0,0.0f,0.0f) [12 s]
prediction-limited client ticks=0; during probe window plus 0.5s drain=0; elsewhere=0
delivered stale probes=60; controlled dropped snapshots=0; native loss is configured, not individually observable
startup max=0.0000m; steady p99=0.0000m; steady max=0.0000m; steady >1cm=0; max pending at completion=6
players=2; outbound delay=25ms; jitter=5ms; loss=0%; corrections=237; p99=0.0000m; max=0.0000m; snapshots/client=238; stale packets rejected

  Passed VehicleLoopConvergesAcrossNetworkConditions(2,25,5,0.0f,0.0f) [12 s]
prediction-limited client ticks=0; during probe window plus 0.5s drain=0; elsewhere=0
delivered stale probes=60; controlled dropped snapshots=0; native loss is configured, not individually observable
startup max=0.0000m; steady p99=0.0000m; steady max=0.0000m; steady >1cm=0; max pending at completion=11
players=2; outbound delay=50ms; jitter=10ms; loss=0%; corrections=234; p99=0.0000m; max=0.0000m; snapshots/client=235; stale packets rejected

  Passed VehicleLoopConvergesAcrossNetworkConditions(2,50,10,0.0f,0.0f) [12 s]
CORRECTION tick=153; vehicle=2; error=0.1527; scheduleLag=0.0020; age=0.0000; pending=2; clientAck=149; authorityAck=150; hostTick=154; snapshotTick=153
prediction-limited client ticks=0; during probe window plus 0.5s drain=0; elsewhere=0
delivered stale probes=58; controlled dropped snapshots=0; native loss is configured, not individually observable
startup max=0.0000m; steady p99=0.0000m; steady max=0.1527m; steady >1cm=1; max pending at completion=5
players=2; outbound delay=0ms; jitter=0ms; loss=2%; corrections=231; p99=0.0000m; max=0.1527m; snapshots/client=232; stale packets rejected

  Passed VehicleLoopConvergesAcrossNetworkConditions(2,0,0,2.0f,0.0f) [12 s]
CORRECTION tick=107; vehicle=4; error=0.2168; scheduleLag=0.0016; age=0.0001; pending=7; clientAck=87; authorityAck=90; hostTick=108; snapshotTick=105
CORRECTION tick=116; vehicle=5; error=0.2182; scheduleLag=0.0018; age=0.0000; pending=7; clientAck=96; authorityAck=99; hostTick=117; snapshotTick=114
CORRECTION tick=140; vehicle=4; error=0.1841; scheduleLag=0.0004; age=0.0001; pending=8; clientAck=119; authorityAck=122; hostTick=141; snapshotTick=138
prediction-limited client ticks=0; during probe window plus 0.5s drain=0; elsewhere=0
delivered stale probes=57; controlled dropped snapshots=0; native loss is configured, not individually observable
delivered stale probes=57; controlled dropped snapshots=0; native loss is configured, not individually observable
delivered stale probes=58; controlled dropped snapshots=0; native loss is configured, not individually observable
delivered stale probes=56; controlled dropped snapshots=0; native loss is configured, not individually observable
delivered stale probes=58; controlled dropped snapshots=0; native loss is configured, not individually observable
delivered stale probes=57; controlled dropped snapshots=0; native loss is configured, not individually observable
delivered stale probes=59; controlled dropped snapshots=0; native loss is configured, not individually observable
startup max=0.2182m; steady p99=0.0000m; steady max=0.1841m; steady >1cm=2; max pending at completion=12
players=8; outbound delay=30ms; jitter=10ms; loss=2%; corrections=1552; p99=0.0000m; max=0.2182m; snapshots/client=214; stale packets rejected

  Passed VehicleLoopConvergesAcrossNetworkConditions(8,30,10,2.0f,0.0f) [12 s]
CORRECTION tick=451; vehicle=2; error=0.1734; scheduleLag=0.0012; age=0.0000; pending=7; clientAck=432; authorityAck=434; hostTick=452; snapshotTick=450
prediction-limited client ticks=0; during probe window plus 0.5s drain=0; elsewhere=0
delivered stale probes=58; controlled dropped snapshots=0; native loss is configured, not individually observable
startup max=0.0242m; steady p99=0.0000m; steady max=0.1734m; steady >1cm=1; max pending at completion=12
players=2; outbound delay=30ms; jitter=10ms; loss=2%; corrections=232; p99=0.0000m; max=0.1734m; snapshots/client=233; stale packets rejected

  Passed VehicleLoopConvergesAcrossNetworkConditions(2,30,10,2.0f,10.0f) [11 s]
CORRECTION tick=303; vehicle=7; error=0.3480; scheduleLag=0.0006; age=0.0000; pending=10; clientAck=280; authorityAck=284; hostTick=304; snapshotTick=300
CORRECTION tick=511; vehicle=8; error=0.1294; scheduleLag=0.0002; age=0.0001; pending=10; clientAck=485; authorityAck=490; hostTick=512; snapshotTick=507
prediction-limited client ticks=0; during probe window plus 0.5s drain=0; elsewhere=0
delivered stale probes=58; controlled dropped snapshots=0; native loss is configured, not individually observable
delivered stale probes=59; controlled dropped snapshots=0; native loss is configured, not individually observable
delivered stale probes=58; controlled dropped snapshots=0; native loss is configured, not individually observable
delivered stale probes=57; controlled dropped snapshots=0; native loss is configured, not individually observable
delivered stale probes=59; controlled dropped snapshots=0; native loss is configured, not individually observable
delivered stale probes=59; controlled dropped snapshots=0; native loss is configured, not individually observable
delivered stale probes=57; controlled dropped snapshots=0; native loss is configured, not individually observable
startup max=0.0406m; steady p99=0.0000m; steady max=0.3480m; steady >1cm=4; max pending at completion=13
players=8; outbound delay=30ms; jitter=10ms; loss=2%; corrections=1587; p99=0.0000m; max=0.3480m; snapshots/client=220; stale packets rejected

NUnit Adapter 5.0.0.0: Test execution complete
  Passed VehicleLoopConvergesAcrossNetworkConditions(8,30,10,2.0f,10.0f) [12 s]

Test Run Successful.
Total tests: 15
     Passed: 15
 Total time: 2.1196 Minutes
