Godot Engine v4.7.2.stable.mono.official.ed1daf0bf - https://godotengine.org

Repeated vehicle contact: frames=513, travelError=0.004115, speedChange=0.076719
Repeated vehicle contact checks passed.
Godot Engine v4.7.2.stable.mono.official.ed1daf0bf - https://godotengine.org

ROCK network-RockCluster-3-0.0: contacts=365 repeat=166 final=0 depth=0.0002 overlapFrames=0 angular=0.083 contactMeanMs=3.943 p95Ms=5.882
ROCK network-RockLedge-3-0.0: contacts=397 repeat=176 final=0 depth=0.0001 overlapFrames=0 angular=0.081 contactMeanMs=6.441 p95Ms=9.262
ROCK network-BoulderTall-3-0.0: contacts=419 repeat=180 final=0 depth=0.0002 overlapFrames=0 angular=0.085 contactMeanMs=4.046 p95Ms=4.689
ROCK network-RockSlab-3-0.0: contacts=386 repeat=177 final=0 depth=0.0002 overlapFrames=0 angular=0.084 contactMeanMs=4.411 p95Ms=6.962
ROCK network-BoulderLow-3-0.0: contacts=389 repeat=180 final=0 depth=0.0002 overlapFrames=0 angular=0.084 contactMeanMs=3.829 p95Ms=6.210
ROCK practice-RockCluster-3-0.0: contacts=402 repeat=176 final=0 depth=0.0013 overlapFrames=0 angular=0.092 contactMeanMs=0.330 p95Ms=0.461
ROCK practice-RockLedge-3-0.0: contacts=404 repeat=167 final=0 depth=0.0005 overlapFrames=0 angular=0.097 contactMeanMs=0.398 p95Ms=0.443
ROCK practice-BoulderTall-3-0.0: contacts=428 repeat=180 final=0 depth=0.0013 overlapFrames=0 angular=0.108 contactMeanMs=0.326 p95Ms=0.466
ROCK practice-RockSlab-3-0.0: contacts=398 repeat=180 final=0 depth=0.0008 overlapFrames=0 angular=0.100 contactMeanMs=0.295 p95Ms=0.475
ROCK practice-BoulderLow-3-0.0: contacts=398 repeat=180 final=0 depth=0.0005 overlapFrames=0 angular=0.100 contactMeanMs=0.339 p95Ms=0.502
Rock collision checks: failures=0
Godot Engine v4.7.2.stable.mono.official.ed1daf0bf - https://godotengine.org

ROCK network-RockCluster-3-0.0: contacts=117 repeat=0 final=0 depth=0.0000 overlapFrames=0 angular=0.057 contactMeanMs=3.869 p95Ms=5.469
ROCK network-RockLedge-3-0.0: contacts=128 repeat=0 final=0 depth=0.0002 overlapFrames=0 angular=0.057 contactMeanMs=2.118 p95Ms=2.782
ROCK network-BoulderTall-3-0.0: contacts=109 repeat=0 final=0 depth=0.0002 overlapFrames=0 angular=0.057 contactMeanMs=2.929 p95Ms=5.331
ROCK network-RockSlab-3-0.0: contacts=94 repeat=0 final=0 depth=0.0001 overlapFrames=0 angular=0.057 contactMeanMs=2.401 p95Ms=4.351
ROCK network-BoulderLow-3-0.0: contacts=72 repeat=0 final=0 depth=0.0000 overlapFrames=0 angular=0.088 contactMeanMs=4.566 p95Ms=5.969
ROCK practice-RockCluster-3-0.0: contacts=121 repeat=0 final=0 depth=0.0024 overlapFrames=0 angular=0.057 contactMeanMs=0.412 p95Ms=0.436
ROCK practice-RockLedge-3-0.0: contacts=126 repeat=0 final=0 depth=0.0002 overlapFrames=0 angular=0.057 contactMeanMs=0.459 p95Ms=0.456
ROCK practice-BoulderTall-3-0.0: contacts=113 repeat=0 final=0 depth=0.0021 overlapFrames=0 angular=0.057 contactMeanMs=0.421 p95Ms=0.470
ROCK practice-RockSlab-3-0.0: contacts=102 repeat=0 final=0 depth=0.0035 overlapFrames=0 angular=0.057 contactMeanMs=0.301 p95Ms=0.516
ROCK practice-BoulderLow-3-0.0: contacts=76 repeat=0 final=0 depth=0.0004 overlapFrames=0 angular=0.089 contactMeanMs=0.297 p95Ms=0.461
Rock collision checks: failures=0
Godot Engine v4.7.2.stable.mono.official.ed1daf0bf - https://godotengine.org

FAIL: network-RockCluster-3-0.0 contact step budget: 9.597ms
ROCK network-RockCluster-3-0.0: contacts=114 repeat=0 final=0 depth=0.0002 overlapFrames=0 angular=3.729 contactMeanMs=9.597 p95Ms=15.258
ROCK network-RockLedge-3-0.0: contacts=211 repeat=17 final=30 depth=0.0002 overlapFrames=0 angular=3.329 contactMeanMs=3.446 p95Ms=6.841
ROCK network-BoulderTall-3-0.0: contacts=250 repeat=17 final=28 depth=0.0001 overlapFrames=0 angular=3.077 contactMeanMs=4.355 p95Ms=6.170
ROCK network-RockSlab-3-0.0: contacts=2 repeat=0 final=0 depth=0.0000 overlapFrames=0 angular=1.524 contactMeanMs=4.756 p95Ms=3.972
ROCK network-BoulderLow-3-0.0: contacts=58 repeat=0 final=0 depth=0.0002 overlapFrames=0 angular=1.968 contactMeanMs=4.960 p95Ms=5.781
ROCK practice-RockCluster-3-0.0: contacts=123 repeat=0 final=0 depth=0.0238 overlapFrames=1 angular=3.837 contactMeanMs=0.286 p95Ms=0.463
ROCK practice-RockLedge-3-0.0: contacts=136 repeat=80 final=0 depth=0.0051 overlapFrames=0 angular=3.358 contactMeanMs=0.430 p95Ms=0.456
ROCK practice-BoulderTall-3-0.0: contacts=224 repeat=26 final=30 depth=0.0140 overlapFrames=0 angular=2.627 contactMeanMs=0.349 p95Ms=0.426
ROCK practice-RockSlab-3-0.0: contacts=2 repeat=0 final=0 depth=0.0002 overlapFrames=0 angular=1.467 contactMeanMs=0.249 p95Ms=0.233
ROCK practice-BoulderLow-3-0.0: contacts=271 repeat=75 final=0 depth=0.0301 overlapFrames=1 angular=2.082 contactMeanMs=0.252 p95Ms=0.387
Rock collision checks: failures=1
