Godot Engine v4.7.2.stable.mono.official.ed1daf0bf - https://godotengine.org

ROCK network-RockCluster-3-0.0: contacts=224 repeat=58 final=0 depth=0.0002 overlapFrames=0 angular=0.267 contactMeanMs=4.115 p95Ms=5.328
ROCK network-RockCluster-3-1.2: contacts=124 repeat=31 final=0 depth=0.0002 overlapFrames=0 angular=0.209 contactMeanMs=7.176 p95Ms=12.236
ROCK network-RockCluster-3-2.4: contacts=214 repeat=58 final=0 depth=0.0002 overlapFrames=0 angular=0.294 contactMeanMs=4.844 p95Ms=9.992
ROCK network-RockCluster-12-0.0: contacts=252 repeat=57 final=0 depth=0.0002 overlapFrames=0 angular=0.165 contactMeanMs=4.462 p95Ms=6.390
ROCK network-RockCluster-12-1.2: contacts=176 repeat=31 final=0 depth=0.0002 overlapFrames=0 angular=0.364 contactMeanMs=4.071 p95Ms=7.294
ROCK network-RockCluster-12-2.4: contacts=245 repeat=58 final=0 depth=0.0002 overlapFrames=0 angular=0.322 contactMeanMs=4.244 p95Ms=6.711
ROCK network-RockCluster-35-0.0: contacts=257 repeat=56 final=0 depth=0.0002 overlapFrames=0 angular=1.162 contactMeanMs=3.885 p95Ms=5.351
ROCK network-RockCluster-35-1.2: contacts=185 repeat=36 final=0 depth=0.0002 overlapFrames=0 angular=0.982 contactMeanMs=3.758 p95Ms=6.044
ROCK network-RockCluster-35-2.4: contacts=269 repeat=63 final=0 depth=0.0002 overlapFrames=0 angular=1.201 contactMeanMs=3.974 p95Ms=5.210
ROCK network-RockLedge-3-0.0: contacts=215 repeat=65 final=0 depth=0.0003 overlapFrames=0 angular=0.398 contactMeanMs=3.945 p95Ms=5.847
ROCK network-RockLedge-3-1.2: contacts=174 repeat=39 final=0 depth=0.0002 overlapFrames=0 angular=0.285 contactMeanMs=4.113 p95Ms=7.469
ROCK network-RockLedge-3-2.4: contacts=218 repeat=63 final=0 depth=0.0002 overlapFrames=0 angular=0.255 contactMeanMs=4.527 p95Ms=7.569
ROCK network-RockLedge-12-0.0: contacts=258 repeat=63 final=0 depth=0.0002 overlapFrames=0 angular=0.612 contactMeanMs=3.914 p95Ms=5.402
ROCK network-RockLedge-12-1.2: contacts=195 repeat=46 final=0 depth=0.0001 overlapFrames=0 angular=0.487 contactMeanMs=4.677 p95Ms=8.478
ROCK network-RockLedge-12-2.4: contacts=229 repeat=66 final=0 depth=0.0002 overlapFrames=0 angular=0.405 contactMeanMs=4.551 p95Ms=8.646
ROCK network-RockLedge-35-0.0: contacts=258 repeat=63 final=0 depth=0.0002 overlapFrames=0 angular=1.199 contactMeanMs=3.492 p95Ms=4.556
ROCK network-RockLedge-35-1.2: contacts=201 repeat=48 final=0 depth=0.0000 overlapFrames=0 angular=1.202 contactMeanMs=3.951 p95Ms=7.415
ROCK network-RockLedge-35-2.4: contacts=201 repeat=51 final=0 depth=0.0002 overlapFrames=0 angular=1.055 contactMeanMs=4.031 p95Ms=5.235
ROCK network-BoulderTall-3-0.0: contacts=222 repeat=61 final=0 depth=0.0002 overlapFrames=0 angular=0.208 contactMeanMs=3.126 p95Ms=4.621
ROCK network-BoulderTall-3-1.2: contacts=232 repeat=67 final=0 depth=0.0002 overlapFrames=0 angular=0.193 contactMeanMs=3.894 p95Ms=5.059
ROCK network-BoulderTall-3-2.4: contacts=206 repeat=50 final=0 depth=0.0002 overlapFrames=0 angular=0.327 contactMeanMs=3.837 p95Ms=4.889
ROCK network-BoulderTall-12-0.0: contacts=239 repeat=59 final=0 depth=0.0002 overlapFrames=0 angular=0.300 contactMeanMs=3.156 p95Ms=4.559
ROCK network-BoulderTall-12-1.2: contacts=259 repeat=68 final=0 depth=0.0001 overlapFrames=0 angular=0.517 contactMeanMs=3.830 p95Ms=4.855
ROCK network-BoulderTall-12-2.4: contacts=227 repeat=53 final=0 depth=0.0002 overlapFrames=0 angular=0.480 contactMeanMs=3.875 p95Ms=5.330
ROCK network-BoulderTall-35-0.0: contacts=259 repeat=60 final=0 depth=0.0002 overlapFrames=0 angular=0.721 contactMeanMs=3.016 p95Ms=4.544
ROCK network-BoulderTall-35-1.2: contacts=275 repeat=69 final=0 depth=0.0002 overlapFrames=0 angular=0.728 contactMeanMs=3.938 p95Ms=4.741
ROCK network-BoulderTall-35-2.4: contacts=239 repeat=49 final=0 depth=0.0002 overlapFrames=0 angular=1.205 contactMeanMs=3.834 p95Ms=5.807
ROCK network-RockSlab-3-0.0: contacts=220 repeat=60 final=0 depth=0.0002 overlapFrames=0 angular=0.236 contactMeanMs=3.104 p95Ms=4.388
ROCK network-RockSlab-3-1.2: contacts=236 repeat=64 final=0 depth=0.0002 overlapFrames=0 angular=0.288 contactMeanMs=3.974 p95Ms=4.924
ROCK network-RockSlab-3-2.4: contacts=164 repeat=38 final=0 depth=0.0002 overlapFrames=0 angular=0.309 contactMeanMs=3.872 p95Ms=7.469
ROCK network-RockSlab-12-0.0: contacts=253 repeat=63 final=0 depth=0.0002 overlapFrames=0 angular=0.397 contactMeanMs=3.342 p95Ms=4.566
ROCK network-RockSlab-12-1.2: contacts=261 repeat=65 final=0 depth=0.0001 overlapFrames=0 angular=0.410 contactMeanMs=3.851 p95Ms=4.815
ROCK network-RockSlab-12-2.4: contacts=184 repeat=38 final=0 depth=0.0002 overlapFrames=0 angular=0.450 contactMeanMs=3.736 p95Ms=7.470
ROCK network-RockSlab-35-0.0: contacts=264 repeat=65 final=0 depth=0.0001 overlapFrames=0 angular=1.108 contactMeanMs=3.628 p95Ms=4.527
ROCK network-RockSlab-35-1.2: contacts=267 repeat=64 final=0 depth=0.0001 overlapFrames=0 angular=1.082 contactMeanMs=3.915 p95Ms=4.698
ROCK network-RockSlab-35-2.4: contacts=203 repeat=43 final=0 depth=0.0002 overlapFrames=0 angular=1.176 contactMeanMs=3.333 p95Ms=4.417
ROCK network-BoulderLow-3-0.0: contacts=221 repeat=58 final=0 depth=0.0001 overlapFrames=0 angular=0.455 contactMeanMs=4.191 p95Ms=5.482
ROCK network-BoulderLow-3-1.2: contacts=213 repeat=51 final=0 depth=0.0007 overlapFrames=0 angular=0.167 contactMeanMs=3.553 p95Ms=4.710
ROCK network-BoulderLow-3-2.4: contacts=213 repeat=54 final=0 depth=0.0002 overlapFrames=0 angular=0.231 contactMeanMs=3.572 p95Ms=4.573
ROCK network-BoulderLow-12-0.0: contacts=249 repeat=60 final=0 depth=0.0001 overlapFrames=0 angular=0.224 contactMeanMs=3.999 p95Ms=5.128
ROCK network-BoulderLow-12-1.2: contacts=231 repeat=52 final=0 depth=0.0005 overlapFrames=0 angular=0.423 contactMeanMs=3.736 p95Ms=4.858
ROCK network-BoulderLow-12-2.4: contacts=243 repeat=59 final=0 depth=0.0002 overlapFrames=0 angular=0.253 contactMeanMs=3.781 p95Ms=5.012
ROCK network-BoulderLow-35-0.0: contacts=250 repeat=57 final=0 depth=0.0002 overlapFrames=0 angular=1.151 contactMeanMs=3.897 p95Ms=4.794
ROCK network-BoulderLow-35-1.2: contacts=252 repeat=52 final=0 depth=0.0004 overlapFrames=0 angular=0.286 contactMeanMs=3.634 p95Ms=4.590
ROCK network-BoulderLow-35-2.4: contacts=247 repeat=54 final=0 depth=0.0002 overlapFrames=0 angular=0.779 contactMeanMs=3.995 p95Ms=5.700
ROCK practice-RockCluster-3-0.0: contacts=279 repeat=74 final=0 depth=0.0065 overlapFrames=0 angular=0.273 contactMeanMs=0.339 p95Ms=0.433
ROCK practice-RockCluster-3-1.2: contacts=235 repeat=60 final=0 depth=0.0008 overlapFrames=0 angular=0.225 contactMeanMs=0.372 p95Ms=0.479
ROCK practice-RockCluster-3-2.4: contacts=259 repeat=71 final=0 depth=0.0119 overlapFrames=0 angular=0.273 contactMeanMs=0.347 p95Ms=0.434
ROCK practice-RockCluster-12-0.0: contacts=312 repeat=74 final=0 depth=0.0130 overlapFrames=0 angular=0.503 contactMeanMs=0.351 p95Ms=0.450
ROCK practice-RockCluster-12-1.2: contacts=258 repeat=59 final=0 depth=0.0031 overlapFrames=0 angular=0.387 contactMeanMs=0.371 p95Ms=0.447
ROCK practice-RockCluster-12-2.4: contacts=286 repeat=71 final=0 depth=0.0233 overlapFrames=1 angular=0.717 contactMeanMs=0.338 p95Ms=0.405
ROCK practice-RockCluster-35-0.0: contacts=320 repeat=72 final=0 depth=0.0058 overlapFrames=0 angular=1.152 contactMeanMs=0.344 p95Ms=0.445
ROCK practice-RockCluster-35-1.2: contacts=293 repeat=70 final=0 depth=0.0098 overlapFrames=0 angular=1.197 contactMeanMs=0.342 p95Ms=0.412
ROCK practice-RockCluster-35-2.4: contacts=25 repeat=0 final=0 depth=0.0375 overlapFrames=1 angular=1.887 contactMeanMs=0.000 p95Ms=0.000
ROCK practice-RockLedge-3-0.0: contacts=259 repeat=70 final=0 depth=0.0087 overlapFrames=0 angular=0.398 contactMeanMs=0.363 p95Ms=0.441
ROCK practice-RockLedge-3-1.2: contacts=276 repeat=70 final=0 depth=0.0102 overlapFrames=0 angular=0.235 contactMeanMs=0.436 p95Ms=0.439
ROCK practice-RockLedge-3-2.4: contacts=262 repeat=70 final=0 depth=0.0063 overlapFrames=0 angular=0.262 contactMeanMs=0.315 p95Ms=0.515
ROCK practice-RockLedge-12-0.0: contacts=291 repeat=70 final=0 depth=0.0266 overlapFrames=1 angular=0.630 contactMeanMs=0.377 p95Ms=0.602
ROCK practice-RockLedge-12-1.2: contacts=298 repeat=70 final=0 depth=0.0089 overlapFrames=0 angular=0.345 contactMeanMs=0.391 p95Ms=0.488
ROCK practice-RockLedge-12-2.4: contacts=285 repeat=70 final=0 depth=0.0155 overlapFrames=0 angular=0.419 contactMeanMs=0.309 p95Ms=0.439
ROCK practice-RockLedge-35-0.0: contacts=305 repeat=70 final=0 depth=0.0441 overlapFrames=2 angular=1.199 contactMeanMs=0.275 p95Ms=0.426
ROCK practice-RockLedge-35-1.2: contacts=296 repeat=70 final=0 depth=0.0616 overlapFrames=2 angular=1.109 contactMeanMs=0.275 p95Ms=0.394
ROCK practice-RockLedge-35-2.4: contacts=298 repeat=70 final=0 depth=0.0566 overlapFrames=1 angular=1.205 contactMeanMs=0.382 p95Ms=0.456
ROCK practice-BoulderTall-3-0.0: contacts=257 repeat=70 final=0 depth=0.0202 overlapFrames=1 angular=0.261 contactMeanMs=0.419 p95Ms=0.414
ROCK practice-BoulderTall-3-1.2: contacts=259 repeat=70 final=0 depth=0.0159 overlapFrames=0 angular=0.179 contactMeanMs=0.339 p95Ms=0.393
ROCK practice-BoulderTall-3-2.4: contacts=257 repeat=70 final=0 depth=0.0151 overlapFrames=0 angular=0.341 contactMeanMs=0.362 p95Ms=0.475
ROCK practice-BoulderTall-12-0.0: contacts=289 repeat=70 final=0 depth=0.0187 overlapFrames=0 angular=0.370 contactMeanMs=0.273 p95Ms=0.443
ROCK practice-BoulderTall-12-1.2: contacts=289 repeat=70 final=0 depth=0.0246 overlapFrames=1 angular=0.304 contactMeanMs=0.280 p95Ms=0.427
ROCK practice-BoulderTall-12-2.4: contacts=288 repeat=70 final=0 depth=0.0249 overlapFrames=1 angular=0.496 contactMeanMs=0.352 p95Ms=0.448
ROCK practice-BoulderTall-35-0.0: contacts=304 repeat=70 final=0 depth=0.0512 overlapFrames=1 angular=1.057 contactMeanMs=0.338 p95Ms=0.405
ROCK practice-BoulderTall-35-1.2: contacts=302 repeat=70 final=0 depth=0.0674 overlapFrames=1 angular=0.974 contactMeanMs=0.346 p95Ms=0.412
ROCK practice-BoulderTall-35-2.4: contacts=304 repeat=70 final=0 depth=0.0108 overlapFrames=0 angular=1.206 contactMeanMs=0.361 p95Ms=0.461
ROCK practice-RockSlab-3-0.0: contacts=251 repeat=70 final=0 depth=0.0049 overlapFrames=0 angular=0.244 contactMeanMs=0.362 p95Ms=0.440
ROCK practice-RockSlab-3-1.2: contacts=254 repeat=70 final=0 depth=0.0042 overlapFrames=0 angular=0.295 contactMeanMs=0.370 p95Ms=0.589
ROCK practice-RockSlab-3-2.4: contacts=249 repeat=70 final=0 depth=0.0055 overlapFrames=0 angular=0.326 contactMeanMs=0.400 p95Ms=0.541
ROCK practice-RockSlab-12-0.0: contacts=285 repeat=70 final=0 depth=0.0085 overlapFrames=0 angular=0.399 contactMeanMs=0.397 p95Ms=0.496
ROCK practice-RockSlab-12-1.2: contacts=286 repeat=70 final=0 depth=0.0074 overlapFrames=0 angular=0.438 contactMeanMs=0.345 p95Ms=0.405
ROCK practice-RockSlab-12-2.4: contacts=284 repeat=70 final=0 depth=0.0264 overlapFrames=1 angular=0.485 contactMeanMs=0.468 p95Ms=0.599
ROCK practice-RockSlab-35-0.0: contacts=301 repeat=70 final=0 depth=0.0121 overlapFrames=0 angular=1.149 contactMeanMs=0.313 p95Ms=0.435
ROCK practice-RockSlab-35-1.2: contacts=300 repeat=70 final=0 depth=0.0097 overlapFrames=0 angular=1.176 contactMeanMs=0.346 p95Ms=0.795
ROCK practice-RockSlab-35-2.4: contacts=311 repeat=71 final=0 depth=0.0296 overlapFrames=1 angular=1.198 contactMeanMs=0.388 p95Ms=0.523
ROCK practice-BoulderLow-3-0.0: contacts=274 repeat=74 final=0 depth=0.0036 overlapFrames=0 angular=0.244 contactMeanMs=0.390 p95Ms=0.593
ROCK practice-BoulderLow-3-1.2: contacts=286 repeat=74 final=0 depth=0.0035 overlapFrames=0 angular=0.305 contactMeanMs=0.413 p95Ms=0.682
ROCK practice-BoulderLow-3-2.4: contacts=260 repeat=71 final=0 depth=0.0126 overlapFrames=0 angular=0.245 contactMeanMs=0.374 p95Ms=0.541
ROCK practice-BoulderLow-12-0.0: contacts=309 repeat=74 final=0 depth=0.0039 overlapFrames=0 angular=0.250 contactMeanMs=0.324 p95Ms=0.542
ROCK practice-BoulderLow-12-1.2: contacts=322 repeat=75 final=0 depth=0.0049 overlapFrames=0 angular=0.413 contactMeanMs=0.484 p95Ms=0.932
ROCK practice-BoulderLow-12-2.4: contacts=284 repeat=71 final=0 depth=0.0064 overlapFrames=0 angular=0.476 contactMeanMs=0.402 p95Ms=0.453
ROCK practice-BoulderLow-35-0.0: contacts=331 repeat=75 final=0 depth=0.0050 overlapFrames=0 angular=1.198 contactMeanMs=0.377 p95Ms=0.524
ROCK practice-BoulderLow-35-1.2: contacts=348 repeat=79 final=0 depth=0.0137 overlapFrames=0 angular=1.021 contactMeanMs=0.336 p95Ms=0.472
ROCK practice-BoulderLow-35-2.4: contacts=326 repeat=77 final=0 depth=0.0585 overlapFrames=2 angular=0.934 contactMeanMs=0.475 p95Ms=0.610
Rock collision checks: failures=0
