Godot Engine v4.7.2.stable.mono.official.ed1daf0bf - https://godotengine.org

Eight native peers assigned and initialized.
Keyboard X/controller D-pad Left switch then discard the second physical slot on eight native UDP peers.
Empty/repeated discard is harmless; switch then discard first slot preserves empty second slot.
Both physical slots remain deleted on all eight peers; preparing existing item regression scenarios.
E and controller X switch all eight players; immediate use selects Wrench in slot two.
All eight use Wrench at full HP, including repeated requests.
Every full-health use consumed once and replicated; preparing damaged Wrench use.
All eight damaged players use Wrench.
Damaged Wrench outcomes match on all eight peers.
Remote client requested missile scenario 0; host owns creation.
Remote client requested missile scenario 1; host owns creation.
Remote client requested missile scenario 2; host owns creation.
Remote client requested missile scenario 3; host owns creation.
Item integration passed: Eight native peers assigned and initialized.
Keyboard X/controller D-pad Left switch then discard the second physical slot on eight native UDP peers.
Empty/repeated discard is harmless; switch then discard first slot preserves empty second slot.
Both physical slots remain deleted on all eight peers; preparing existing item regression scenarios.
E and controller X switch all eight players; immediate use selects Wrench in slot two.
All eight use Wrench at full HP, including repeated requests.
Every full-health use consumed once and replicated; preparing damaged Wrench use.
All eight damaged players use Wrench.
Damaged Wrench outcomes match on all eight peers.
Remote client requested missile scenario 0; host owns creation.
Scenario 0: one remote launch/impact on every peer at <-40, 1.9909976, -2.521462>; host-only damage/impulse.
Remote client requested missile scenario 1; host owns creation.
Scenario 1: one remote launch/impact on every peer at <8, 1.987942, -5.399998>; host-only damage/impulse.
Remote client requested missile scenario 2; host owns creation.
Scenario 2: one remote launch/impact on every peer at <-17, 1.987942, 2>; host-only damage/impulse.
Remote client requested missile scenario 3; host owns creation.
Scenario 3: one remote launch/impact on every peer at <-45, 1.987942, -50>; host-only damage/impulse.
Vehicles, movable prop, static container and arena boundary all stop missiles. VFX consume replicated events only.
REPLICATION_TRAFFIC {"seconds":4.8377555,"note":"Native-send application payloads including connection/chunk envelopes; excludes UDP/GNS overhead/retransmissions. Full harness lifecycle, not a steady-state window.","sent":[{"peer":1,"protocol":"TC","delivery":"Reliable","bytes":1813,"messages":1,"peak":1813},{"peer":1,"protocol":"TI","delivery":"Reliable","bytes":79802,"messages":27,"peak":3288},{"peer":1,"protocol":"TJ","delivery":"Unreliable","bytes":680,"messages":10,"peak":68},{"peer":1,"protocol":"TM","delivery":"Reliable","bytes":9523,"messages":10,"peak":1327},{"peer":1,"protocol":"TS","delivery":"Reliable","bytes":1857,"messages":2,"peak":1837},{"peer":1,"protocol":"TS","delivery":"Unreliable","bytes":160830,"messages":158,"peak":2182},{"peer":2,"protocol":"TC","delivery":"Reliable","bytes":1813,"messages":1,"peak":1813},{"peer":2,"protocol":"TI","delivery":"Reliable","bytes":79802,"messages":27,"peak":3288},{"peer":2,"protocol":"TJ","delivery":"Unreliable","bytes":680,"messages":10,"peak":68},{"peer":2,"protocol":"TM","delivery":"Reliable","bytes":9523,"messages":10,"peak":1327},{"peer":2,"protocol":"TS","delivery":"Reliable","bytes":1857,"messages":2,"peak":1837},{"peer":2,"protocol":"TS","delivery":"Unreliable","bytes":160830,"messages":158,"peak":2182},{"peer":3,"protocol":"TC","delivery":"Reliable","bytes":1813,"messages":1,"peak":1813},{"peer":3,"protocol":"TI","delivery":"Reliable","bytes":79802,"messages":27,"peak":3288},{"peer":3,"protocol":"TJ","delivery":"Unreliable","bytes":680,"messages":10,"peak":68},{"peer":3,"protocol":"TM","delivery":"Reliable","bytes":9523,"messages":10,"peak":1327},{"peer":3,"protocol":"TS","delivery":"Reliable","bytes":1857,"messages":2,"peak":1837},{"peer":3,"protocol":"TS","delivery":"Unreliable","bytes":160830,"messages":158,"peak":2182},{"peer":4,"protocol":"TC","delivery":"Reliable","bytes":1813,"messages":1,"peak":1813},{"peer":4,"protocol":"TI","delivery":"Reliable","bytes":79802,"messages":27,"peak":3288},{"peer":4,"protocol":"TJ","delivery":"Unreliable","bytes":680,"messages":10,"peak":68},{"peer":4,"protocol":"TM","delivery":"Reliable","bytes":9523,"messages":10,"peak":1327},{"peer":4,"protocol":"TS","delivery":"Reliable","bytes":1857,"messages":2,"peak":1837},{"peer":4,"protocol":"TS","delivery":"Unreliable","bytes":160830,"messages":158,"peak":2182},{"peer":5,"protocol":"TC","delivery":"Reliable","bytes":1813,"messages":1,"peak":1813},{"peer":5,"protocol":"TI","delivery":"Reliable","bytes":79802,"messages":27,"peak":3288},{"peer":5,"protocol":"TJ","delivery":"Unreliable","bytes":680,"messages":10,"peak":68},{"peer":5,"protocol":"TM","delivery":"Reliable","bytes":9523,"messages":10,"peak":1327},{"peer":5,"protocol":"TS","delivery":"Reliable","bytes":1857,"messages":2,"peak":1837},{"peer":5,"protocol":"TS","delivery":"Unreliable","bytes":160830,"messages":158,"peak":2182},{"peer":6,"protocol":"TC","delivery":"Reliable","bytes":1813,"messages":1,"peak":1813},{"peer":6,"protocol":"TI","delivery":"Reliable","bytes":79802,"messages":27,"peak":3288},{"peer":6,"protocol":"TJ","delivery":"Unreliable","bytes":680,"messages":10,"peak":68},{"peer":6,"protocol":"TM","delivery":"Reliable","bytes":9523,"messages":10,"peak":1327},{"peer":6,"protocol":"TS","delivery":"Reliable","bytes":1857,"messages":2,"peak":1837},{"peer":6,"protocol":"TS","delivery":"Unreliable","bytes":160830,"messages":158,"peak":2182},{"peer":7,"protocol":"TC","delivery":"Reliable","bytes":1813,"messages":1,"peak":1813},{"peer":7,"protocol":"TI","delivery":"Reliable","bytes":79802,"messages":27,"peak":3288},{"peer":7,"protocol":"TJ","delivery":"Unreliable","bytes":680,"messages":10,"peak":68},{"peer":7,"protocol":"TM","delivery":"Reliable","bytes":9523,"messages":10,"peak":1327},{"peer":7,"protocol":"TS","delivery":"Reliable","bytes":1857,"messages":2,"peak":1837},{"peer":7,"protocol":"TS","delivery":"Unreliable","bytes":160830,"messages":158,"peak":2182}]}
REPLICATION_TRAFFIC {"seconds":4.5709665,"note":"Native-send application payloads including connection/chunk envelopes; excludes UDP/GNS overhead/retransmissions. Full harness lifecycle, not a steady-state window.","sent":[{"peer":1,"protocol":"TI","delivery":"Reliable","bytes":481,"messages":15,"peak":36},{"peer":1,"protocol":"TS","delivery":"Unreliable","bytes":32548,"messages":242,"peak":145}]}
REPLICATION_TRAFFIC {"seconds":4.557894,"note":"Native-send application payloads including connection/chunk envelopes; excludes UDP/GNS overhead/retransmissions. Full harness lifecycle, not a steady-state window.","sent":[{"peer":1,"protocol":"TI","delivery":"Reliable","bytes":349,"messages":11,"peak":36},{"peer":1,"protocol":"TS","delivery":"Unreliable","bytes":22119,"messages":234,"peak":145}]}
REPLICATION_TRAFFIC {"seconds":4.5440312,"note":"Native-send application payloads including connection/chunk envelopes; excludes UDP/GNS overhead/retransmissions. Full harness lifecycle, not a steady-state window.","sent":[{"peer":1,"protocol":"TI","delivery":"Reliable","bytes":349,"messages":11,"peak":36},{"peer":1,"protocol":"TS","delivery":"Unreliable","bytes":21561,"messages":234,"peak":145}]}
REPLICATION_TRAFFIC {"seconds":4.5348363,"note":"Native-send application payloads including connection/chunk envelopes; excludes UDP/GNS overhead/retransmissions. Full harness lifecycle, not a steady-state window.","sent":[{"peer":1,"protocol":"TI","delivery":"Reliable","bytes":349,"messages":11,"peak":36},{"peer":1,"protocol":"TS","delivery":"Unreliable","bytes":21158,"messages":234,"peak":145}]}
REPLICATION_TRAFFIC {"seconds":4.5202012,"note":"Native-send application payloads including connection/chunk envelopes; excludes UDP/GNS overhead/retransmissions. Full harness lifecycle, not a steady-state window.","sent":[{"peer":1,"protocol":"TI","delivery":"Reliable","bytes":349,"messages":11,"peak":36},{"peer":1,"protocol":"TS","delivery":"Unreliable","bytes":21003,"messages":234,"peak":145}]}
REPLICATION_TRAFFIC {"seconds":4.5111093,"note":"Native-send application payloads including connection/chunk envelopes; excludes UDP/GNS overhead/retransmissions. Full harness lifecycle, not a steady-state window.","sent":[{"peer":1,"protocol":"TI","delivery":"Reliable","bytes":349,"messages":11,"peak":36},{"peer":1,"protocol":"TS","delivery":"Unreliable","bytes":20817,"messages":234,"peak":145}]}
REPLICATION_TRAFFIC {"seconds":4.5009175,"note":"Native-send application payloads including connection/chunk envelopes; excludes UDP/GNS overhead/retransmissions. Full harness lifecycle, not a steady-state window.","sent":[{"peer":1,"protocol":"TI","delivery":"Reliable","bytes":349,"messages":11,"peak":36},{"peer":1,"protocol":"TS","delivery":"Unreliable","bytes":20662,"messages":234,"peak":145}]}
Item verification artifacts: C:\Users\j_gen\OneDrive\Documents\Game_Projects\Trackstorm\.godot\item-checks\14449abca1c246dc83b76fcfa8d899fc
