Godot Engine v4.7.2.stable.mono.official.ed1daf0bf - https://godotengine.org

Transport peer 1: Connecting; None;
Transport peer 1: Connecting; None;
Transport peer 1: Connected; None;
Transport peer 1: Connected; None;
Driver 0, case 0, closest 1.234 m, inventory Wrench/None: Wrench passed.
Driver 0, case 1, closest 1.234 m, inventory Missile/None: Missile passed.
Driver 0, case 2, closest 1.234 m, inventory Oil/None: Oil passed.
Driver 0, case 3, closest 1.234 m, inventory Nitro/None: Nitro passed.
Driver 0, case 4, closest 1.234 m, inventory ProxyMine/None: ProxyMine passed.
Driver 0, case 5, closest 1.234 m, inventory Salvo/None: Salvo passed.
Driver 0, case 6, closest 1.234 m, inventory MachineGun/None: MachineGun passed.
Driver 0, case 7, closest 1.234 m, inventory Shield/None: Shield passed.
Driver 0, case 8, closest 1.234 m, inventory Wrench/None: Wrench passed.
Driver 0, case 9, closest 1.234 m, inventory Wrench/ProxyMine: ProxyMine passed.
Driver 0, case 10, closest 1.234 m, inventory Wrench/ProxyMine: full rejection passed.
Driver 0, case 11, closest 1.234 m, inventory Missile/ProxyMine: Missile passed.
Driver 1, case 0, closest 1.236 m, inventory Wrench/None: Wrench passed.
Driver 1, case 1, closest 1.236 m, inventory Missile/None: Missile passed.
Driver 1, case 2, closest 1.236 m, inventory Oil/None: Oil passed.
Driver 1, case 3, closest 1.236 m, inventory Nitro/None: Nitro passed.
Driver 1, case 4, closest 1.236 m, inventory ProxyMine/None: ProxyMine passed.
Driver 1, case 5, closest 1.236 m, inventory Salvo/None: Salvo passed.
Driver 1, case 6, closest 1.236 m, inventory MachineGun/None: MachineGun passed.
Driver 1, case 7, closest 1.236 m, inventory Shield/None: Shield passed.
Driver 1, case 8, closest 1.236 m, inventory Wrench/None: Wrench passed.
Driver 1, case 9, closest 1.236 m, inventory Wrench/ProxyMine: ProxyMine passed.
Driver 1, case 10, closest 1.236 m, inventory Wrench/ProxyMine: full rejection passed.
Driver 1, case 11, closest 1.236 m, inventory Missile/ProxyMine: Missile passed.
Pickup drive passed: both application peers acquired every registered item, two sequential slots, full rejection and use/retry.
Transport peer 1: Disconnected; LocalRequest; Local disconnect
Godot Engine v4.7.2.stable.mono.official.ed1daf0bf - https://godotengine.org

Transport peer 1: Connecting; None;
Transport peer 1: Connecting; None;
Transport peer 1: Connected; None;
Transport peer 1: Connected; None;
driver=0 speed=8 offset=0: 10/10
driver=0 speed=8 offset=1.5: 10/10
System.InvalidOperationException: Only geometrically valid crossings count in the reliability sample: driver=0 speed=8 offset=2.6729002, nearest 3.0506 m.
   at Trackstorm.Client.Verification.PickupDriveChecks.Require(Boolean condition, String message) in C:\Users\j_gen\OneDrive\Documents\Game_Projects\Trackstorm\code\Client\Verification\PickupDriveChecks.cs:line 235
   at Trackstorm.Client.Verification.PickupDriveChecks.AdvanceMotion(VehicleSnapshot before) in C:\Users\j_gen\OneDrive\Documents\Game_Projects\Trackstorm\code\Client\Verification\PickupDriveChecks.cs:line 187
   at Trackstorm.Client.Verification.PickupDriveChecks._PhysicsProcess(Double delta) in C:\Users\j_gen\OneDrive\Documents\Game_Projects\Trackstorm\code\Client\Verification\PickupDriveChecks.cs:line 84
Exception: C:\Users\j_gen\OneDrive\Documents\Game_Projects\Trackstorm\check-pickup-drive.ps1:27
Line |
  27 |          throw "Pickup drive verification failed. Artifacts: $outputDi …
     |          ~~~~~~~~~~~~~~~~~~~~~~~~~~~~~~~~~~~~~~~~~~~~~~~~~~~~~~~~~~~~~
     | Pickup drive verification failed. Artifacts:
     | C:\Users\j_gen\OneDrive\Documents\Game_Projects\Trackstorm\.godot\pickup-drive-checks\32c4c456066e48629c24310ad338ce58
