Godot Engine v4.7.2.stable.mono.official.ed1daf0bf - https://godotengine.org

QUERY corpus: original=128.718ms bounded=10.278ms ratio=0.080
SCRAPE network-fall-3-0.00--1-0: contacts=291 falling=39 mean=0.713 p99=3.963 max=8.440 p95=1.154 step=0.161
SCRAPE network-fall-3-0.00-1-0: contacts=287 falling=36 mean=0.872 p99=5.079 max=7.822 p95=1.267 step=0.160
SCRAPE network-fall-3-0.45--1-0: contacts=280 falling=37 mean=1.142 p99=6.296 max=25.718 p95=2.034 step=0.161
SCRAPE network-fall-3-0.45-1-0: contacts=285 falling=35 mean=1.051 p99=8.482 max=25.431 p95=2.011 step=0.163
SCRAPE network-fall-3-1.20--1-0: contacts=256 falling=24 mean=1.234 p99=4.999 max=5.192 p95=1.857 step=0.159
SCRAPE network-fall-3-1.20-1-0: contacts=270 falling=31 mean=1.244 p99=6.989 max=25.865 p95=2.144 step=0.186
SCRAPE network-fall-12-0.00--1-0: contacts=294 falling=44 mean=0.744 p99=3.490 max=26.595 p95=0.934 step=0.215
SCRAPE network-fall-12-0.00-1-0: contacts=289 falling=42 mean=0.841 p99=4.516 max=7.404 p95=1.153 step=0.215
SCRAPE network-fall-12-0.45--1-0: contacts=217 falling=14 mean=0.672 p99=1.557 max=8.032 p95=1.308 step=0.215
SCRAPE network-fall-12-0.45-1-0: contacts=235 falling=2 mean=0.948 p99=2.643 max=27.758 p95=1.125 step=0.217
SCRAPE network-fall-12-1.20--1-0: contacts=276 falling=40 mean=1.111 p99=7.198 max=25.427 p95=3.355 step=0.218
SCRAPE network-fall-12-1.20-1-0: contacts=316 falling=41 mean=1.445 p99=6.224 max=24.647 p95=3.001 step=0.270
SCRAPE network-fall-25-0.00--1-0: contacts=300 falling=46 mean=0.756 p99=5.338 max=24.091 p95=1.609 step=0.427
SCRAPE network-fall-25-0.00-1-0: contacts=287 falling=44 mean=0.794 p99=4.914 max=24.323 p95=1.181 step=0.427
SCRAPE network-fall-25-0.45--1-0: contacts=203 falling=8 mean=1.140 p99=1.936 max=23.660 p95=1.578 step=0.427
SCRAPE network-fall-25-0.45-1-0: contacts=221 falling=3 mean=0.709 p99=2.357 max=24.319 p95=0.754 step=0.428
SCRAPE network-fall-25-1.20--1-0: contacts=59 falling=36 mean=2.413 p99=7.710 max=23.862 p95=6.910 step=0.428
SCRAPE network-fall-25-1.20-1-0: contacts=201 falling=21 mean=1.362 p99=12.406 max=24.587 p95=2.838 step=0.456
SCRAPE network-fall-3-0.00--1-1: contacts=291 falling=39 mean=0.674 p99=3.003 max=23.660 p95=0.945 step=0.161
SCRAPE network-fall-3-0.00-1-1: contacts=287 falling=36 mean=0.773 p99=4.743 max=7.931 p95=1.281 step=0.160
SCRAPE network-fall-3-0.45--1-1: contacts=280 falling=37 mean=0.839 p99=5.007 max=12.025 p95=1.447 step=0.161
SCRAPE network-fall-3-0.45-1-1: contacts=285 falling=35 mean=1.028 p99=7.410 max=25.906 p95=2.071 step=0.163
SCRAPE network-fall-3-1.20--1-1: contacts=256 falling=24 mean=1.199 p99=5.289 max=5.477 p95=1.694 step=0.159
SCRAPE network-fall-3-1.20-1-1: contacts=268 falling=31 mean=1.109 p99=6.204 max=11.229 p95=2.102 step=0.185
SCRAPE network-fall-12-0.00--1-1: contacts=294 falling=44 mean=0.645 p99=3.156 max=8.108 p95=0.887 step=0.215
SCRAPE network-fall-12-0.00-1-1: contacts=289 falling=42 mean=0.934 p99=4.953 max=25.587 p95=1.206 step=0.215
SCRAPE network-fall-12-0.45--1-1: contacts=217 falling=14 mean=0.756 p99=1.680 max=25.148 p95=1.423 step=0.215
SCRAPE network-fall-12-0.45-1-1: contacts=235 falling=2 mean=0.788 p99=1.774 max=5.252 p95=1.121 step=0.217
SCRAPE network-fall-12-1.20--1-1: contacts=276 falling=40 mean=0.924 p99=5.704 max=11.058 p95=2.975 step=0.218
SCRAPE network-fall-12-1.20-1-1: contacts=324 falling=29 mean=1.238 p99=6.136 max=24.260 p95=2.220 step=0.268
SCRAPE network-fall-25-0.00--1-1: contacts=300 falling=46 mean=0.725 p99=5.584 max=24.048 p95=1.425 step=0.427
SCRAPE network-fall-25-0.00-1-1: contacts=287 falling=44 mean=0.814 p99=4.732 max=24.354 p95=1.213 step=0.427
SCRAPE network-fall-25-0.45--1-1: contacts=203 falling=8 mean=1.014 p99=1.665 max=7.383 p95=1.526 step=0.427
SCRAPE network-fall-25-0.45-1-1: contacts=221 falling=3 mean=0.605 p99=0.991 max=6.189 p95=0.763 step=0.428
SCRAPE network-fall-25-1.20--1-1: contacts=69 falling=37 mean=2.106 p99=8.154 max=9.335 p95=4.576 step=0.428
SCRAPE network-fall-25-1.20-1-1: contacts=264 falling=22 mean=1.286 p99=6.075 max=23.324 p95=2.414 step=0.453
SCRAPE practice-fall-3-0.00--1-0: contacts=293 falling=31 mean=0.180 p99=0.363 max=0.503 p95=0.288 step=0.161
SCRAPE practice-fall-3-0.00-1-0: contacts=290 falling=27 mean=0.255 p99=0.333 max=22.224 p95=0.300 step=0.162
SCRAPE practice-fall-3-0.45--1-0: contacts=296 falling=33 mean=0.285 p99=0.352 max=32.735 p95=0.293 step=0.161
SCRAPE practice-fall-3-0.45-1-0: contacts=288 falling=48 mean=0.271 p99=0.346 max=25.737 p95=0.298 step=0.162
SCRAPE practice-fall-3-1.20--1-0: contacts=144 falling=24 mean=0.166 p99=0.301 max=0.364 p95=0.272 step=0.160
SCRAPE practice-fall-3-1.20-1-0: contacts=289 falling=30 mean=0.174 p99=0.343 max=0.444 p95=0.235 step=0.163
SCRAPE practice-fall-12-0.00--1-0: contacts=296 falling=52 mean=0.164 p99=0.310 max=0.356 p95=0.235 step=0.217
SCRAPE practice-fall-12-0.00-1-0: contacts=300 falling=37 mean=0.192 p99=0.360 max=0.451 p95=0.321 step=0.217
SCRAPE practice-fall-12-0.45--1-0: contacts=218 falling=7 mean=0.171 p99=0.312 max=0.414 p95=0.265 step=0.217
SCRAPE practice-fall-12-0.45-1-0: contacts=280 falling=84 mean=0.168 p99=0.353 max=1.796 p95=0.288 step=0.219
SCRAPE practice-fall-12-1.20--1-0: contacts=152 falling=38 mean=0.157 p99=0.323 max=0.356 p95=0.211 step=0.220
SCRAPE practice-fall-12-1.20-1-0: contacts=285 falling=69 mean=0.145 p99=0.257 max=0.364 p95=0.190 step=0.235
SCRAPE practice-fall-25-0.00--1-0: contacts=296 falling=65 mean=0.150 p99=0.278 max=0.322 p95=0.204 step=0.428
SCRAPE practice-fall-25-0.00-1-0: contacts=300 falling=46 mean=0.151 p99=0.304 max=0.370 p95=0.209 step=0.428
SCRAPE practice-fall-25-0.45--1-0: contacts=265 falling=37 mean=0.163 p99=0.322 max=0.509 p95=0.258 step=0.428
SCRAPE practice-fall-25-0.45-1-0: contacts=48 falling=2 mean=0.143 p99=0.179 max=0.275 p95=0.171 step=0.429
SCRAPE practice-fall-25-1.20--1-0: contacts=155 falling=41 mean=0.163 p99=0.311 max=0.373 p95=0.230 step=0.428
SCRAPE practice-fall-25-1.20-1-0: contacts=183 falling=17 mean=0.084 p99=0.144 max=0.270 p95=0.112 step=0.422
SCRAPE practice-fall-3-0.00--1-1: contacts=293 falling=31 mean=0.254 p99=0.358 max=24.130 p95=0.249 step=0.161
SCRAPE practice-fall-3-0.00-1-1: contacts=290 falling=27 mean=0.265 p99=0.436 max=23.717 p95=0.325 step=0.162
SCRAPE practice-fall-3-0.45--1-1: contacts=296 falling=33 mean=0.233 p99=0.340 max=22.616 p95=0.266 step=0.161
SCRAPE practice-fall-3-0.45-1-1: contacts=288 falling=48 mean=0.240 p99=0.360 max=24.437 p95=0.248 step=0.162
SCRAPE practice-fall-3-1.20--1-1: contacts=144 falling=24 mean=0.153 p99=0.251 max=0.267 p95=0.209 step=0.162
SCRAPE practice-fall-3-1.20-1-1: contacts=291 falling=30 mean=0.177 p99=0.373 max=0.457 p95=0.293 step=0.163
SCRAPE practice-fall-12-0.00--1-1: contacts=296 falling=52 mean=0.170 p99=0.393 max=0.442 p95=0.284 step=0.217
SCRAPE practice-fall-12-0.00-1-1: contacts=300 falling=37 mean=0.252 p99=0.411 max=23.234 p95=0.295 step=0.217
SCRAPE practice-fall-12-0.45--1-1: contacts=218 falling=7 mean=0.158 p99=0.314 max=0.416 p95=0.204 step=0.217
SCRAPE practice-fall-12-0.45-1-1: contacts=280 falling=84 mean=0.153 p99=0.292 max=0.448 p95=0.233 step=0.219
SCRAPE practice-fall-12-1.20--1-1: contacts=153 falling=39 mean=0.161 p99=0.284 max=0.322 p95=0.237 step=0.220
SCRAPE practice-fall-12-1.20-1-1: contacts=285 falling=69 mean=0.149 p99=0.279 max=0.288 p95=0.211 step=0.235
SCRAPE practice-fall-25-0.00--1-1: contacts=296 falling=65 mean=0.152 p99=0.313 max=0.497 p95=0.223 step=0.428
SCRAPE practice-fall-25-0.00-1-1: contacts=300 falling=46 mean=0.150 p99=0.292 max=0.377 p95=0.208 step=0.428
SCRAPE practice-fall-25-0.45--1-1: contacts=265 falling=37 mean=0.148 p99=0.223 max=0.484 p95=0.192 step=0.428
SCRAPE practice-fall-25-0.45-1-1: contacts=48 falling=2 mean=0.149 p99=0.250 max=0.281 p95=0.200 step=0.429
SCRAPE practice-fall-25-1.20--1-1: contacts=155 falling=42 mean=0.156 p99=0.252 max=0.294 p95=0.226 step=0.428
SCRAPE practice-fall-25-1.20-1-1: contacts=84 falling=18 mean=0.086 p99=0.200 max=0.272 p95=0.119 step=0.422
Tunnel scrape checks: failures=0
