Godot Engine v4.7.2.stable.mono.official.ed1daf0bf - https://godotengine.org

Three UDP peers initialized
Host tuning applied
Accuracy sample magazine configured
AIM_AT requested=(0, 56.95, -88.14929) firstTargetDrift=(0, -3.8146973E-06, 0) requestedScreen=(640, 400.05237)
200m car acquired: yaw=0, FOV=50
Accuracy fire uses ordinary remote sustained-use request
Half-magazine actual-ray sample collected
Complete authoritative magazine sampled (including non-tracers)
ACCURACY yaw=0 fov=50 shots=2400 inside=1960 outside=440 percent=81.667 nativeVehicleHits=1527 distance=200.000..200.000m spread=0.42deg
200m grouping within statistical tolerance: 1960/2400 (81.67%) yaw=0 FOV=50; collision count 1527 is separate
AIM_AT requested=(0, 56.95, -88.14929) firstTargetDrift=(0, 0, 0) requestedScreen=(640, 400.03177)
200m car acquired: yaw=0, FOV=90
Accuracy fire uses ordinary remote sustained-use request
Half-magazine actual-ray sample collected
Complete authoritative magazine sampled (including non-tracers)
ACCURACY yaw=0 fov=90 shots=2400 inside=1903 outside=497 percent=79.292 nativeVehicleHits=1504 distance=200.000..200.000m spread=0.42deg
200m grouping within statistical tolerance: 1903/2400 (79.29%) yaw=0 FOV=90; collision count 1504 is separate
AIM_AT requested=(0, 56.95, -88.14929) firstTargetDrift=(0, 0, 0) requestedScreen=(640, 400.06653)
200m car acquired: yaw=45, FOV=50
Accuracy fire uses ordinary remote sustained-use request
Half-magazine actual-ray sample collected
Complete authoritative magazine sampled (including non-tracers)
ACCURACY yaw=45 fov=50 shots=2400 inside=1938 outside=462 percent=80.750 nativeVehicleHits=1522 distance=200.000..200.000m spread=0.42deg
200m grouping within statistical tolerance: 1938/2400 (80.75%) yaw=45 FOV=50; collision count 1522 is separate
AIM_AT requested=(0, 56.95, -88.14929) firstTargetDrift=(0, 0, 0) requestedScreen=(640, 400.0309)
200m car acquired: yaw=45, FOV=90
Accuracy fire uses ordinary remote sustained-use request
Half-magazine actual-ray sample collected
Complete authoritative magazine sampled (including non-tracers)
ACCURACY yaw=45 fov=90 shots=2400 inside=1947 outside=453 percent=81.125 nativeVehicleHits=1561 distance=200.000..200.000m spread=0.42deg
200m grouping within statistical tolerance: 1947/2400 (81.12%) yaw=45 FOV=90; collision count 1561 is separate
AIM_AT requested=(0, 56.95, -88.14929) firstTargetDrift=(0, 0, 0) requestedScreen=(640, 400.06293)
200m car acquired: yaw=90, FOV=50
Accuracy fire uses ordinary remote sustained-use request
Half-magazine actual-ray sample collected
Complete authoritative magazine sampled (including non-tracers)
ACCURACY yaw=90 fov=50 shots=2400 inside=1954 outside=446 percent=81.417 nativeVehicleHits=1605 distance=200.000..200.000m spread=0.42deg
200m grouping within statistical tolerance: 1954/2400 (81.42%) yaw=90 FOV=50; collision count 1605 is separate
AIM_AT requested=(0, 56.950005, -88.14929) firstTargetDrift=(0, 0, 0) requestedScreen=(640, 400.02945)
200m car acquired: yaw=90, FOV=90
Accuracy fire uses ordinary remote sustained-use request
Half-magazine actual-ray sample collected
Complete authoritative magazine sampled (including non-tracers)
ACCURACY yaw=90 fov=90 shots=2400 inside=1897 outside=503 percent=79.042 nativeVehicleHits=1542 distance=200.000..200.000m spread=0.42deg
200m grouping within statistical tolerance: 1897/2400 (79.04%) yaw=90 FOV=90; collision count 1542 is separate
AIM_AT requested=(0, 21.949999, 0) firstTargetDrift=(0, 0, 0) requestedScreen=(640, 400)
Sticky acquisition selects a visible living rival car
AIM_AT requested=(0, 21.949999, 0) firstTargetDrift=(0, 0, 0) requestedScreen=(640, 400)
Camera attraction follows a displaced car without input/recentering: 0.00377 -> 0.00000 rad
Attraction improves retention alignment over disabled pull (0.04513 rad unassisted)
Moving target retained through 90 frames of small mouse errors
Small alternating corrections retain aim near the moving body centre
STICKY_BREAK mouse yaw=-0.1335537->0.076446325 held=True target=0 bounds=
Deliberate mouse breakaway promptly restores free aim
Unframed cursor-directed free fire produces actual rounds (40)
AIM_AT requested=(5.56, 21.949999, 0) firstTargetDrift=(0, 0, 0) requestedScreen=(640, 400)
Small controller corrections retain the same framed car
Full controller aim-away releases without trapping input
AIM_AT requested=(5.56, 21.949999, 0) firstTargetDrift=(0, 0, 0) requestedScreen=(640.00006, 400)
Crossing rear car does not cause target switching or bracket flicker
Intervening car breaks retention of the covered car
AIM_AT requested=(5.56, 21.949999, 0) firstTargetDrift=(0, 0, 0) requestedScreen=(639.99994, 400)
Solid non-vehicle cover releases assistance and never acquires brackets
AIM_AT requested=(5.56, 21.949999, 0) firstTargetDrift=(0, 0, 0) requestedScreen=(640, 400)
AIM_AT requested=(0, 21.949999, 0) firstTargetDrift=(0, 0, 0) requestedScreen=(640, 399.99997)
Retained moving-car aim survives 30 FPS, gain 0.25, FOV 50, recenter 3: error=0.00000 rad
RMB release clears assisted feedback at 30 FPS, gain 0.25, FOV 50
Controller camera intent retains assistance without physical RMB
Full controller breakaway remains immediate at 30 FPS and sensitivity gain 0.25
Continuing deliberate input cannot repeatedly reacquire the car
AIM_AT requested=(2, 21.949999, 0) firstTargetDrift=(0, 0, 0) requestedScreen=(640, 400)
Mouse sweep breakaway remains immediate at 30 FPS and sensitivity gain 0.25
AIM_AT requested=(0, 21.949999, 0) firstTargetDrift=(0, 0, 0) requestedScreen=(640, 399.99997)
Retained moving-car aim survives 30 FPS, gain 3, FOV 90, recenter 3: error=0.00000 rad
RMB release clears assisted feedback at 30 FPS, gain 3, FOV 90
Controller camera intent retains assistance without physical RMB
Full controller breakaway remains immediate at 30 FPS and sensitivity gain 3
Continuing deliberate input cannot repeatedly reacquire the car
AIM_AT requested=(2, 21.949999, 0) firstTargetDrift=(0, 0, 0) requestedScreen=(640.0005, 400.00003)
Mouse sweep breakaway remains immediate at 30 FPS and sensitivity gain 3
AIM_AT requested=(0, 21.949999, 0) firstTargetDrift=(0, 0, 0) requestedScreen=(640, 399.99997)
Retained moving-car aim survives 60 FPS, gain 0.25, FOV 50, recenter 3: error=0.00000 rad
RMB release clears assisted feedback at 60 FPS, gain 0.25, FOV 50
Controller camera intent retains assistance without physical RMB
Full controller breakaway remains immediate at 60 FPS and sensitivity gain 0.25
Continuing deliberate input cannot repeatedly reacquire the car
AIM_AT requested=(2, 21.949999, 0) firstTargetDrift=(0, 0, 0) requestedScreen=(640.00006, 400)
Mouse sweep breakaway remains immediate at 60 FPS and sensitivity gain 0.25
AIM_AT requested=(0, 21.949999, 0) firstTargetDrift=(0, 0, 0) requestedScreen=(640, 399.99997)
Retained moving-car aim survives 60 FPS, gain 3, FOV 90, recenter 3: error=0.00000 rad
RMB release clears assisted feedback at 60 FPS, gain 3, FOV 90
Controller camera intent retains assistance without physical RMB
Full controller breakaway remains immediate at 60 FPS and sensitivity gain 3
Continuing deliberate input cannot repeatedly reacquire the car
AIM_AT requested=(2, 21.949999, 0) firstTargetDrift=(0, 0, 0) requestedScreen=(640, 400)
Mouse sweep breakaway remains immediate at 60 FPS and sensitivity gain 3
AIM_AT requested=(0, 21.949999, 0) firstTargetDrift=(0, 0, 0) requestedScreen=(640, 400)
Retained moving-car aim survives 144 FPS, gain 0.25, FOV 50, recenter 3: error=0.00000 rad
RMB release clears assisted feedback at 144 FPS, gain 0.25, FOV 50
Controller camera intent retains assistance without physical RMB
Full controller breakaway remains immediate at 144 FPS and sensitivity gain 0.25
Continuing deliberate input cannot repeatedly reacquire the car
AIM_AT requested=(2, 21.949999, 0) firstTargetDrift=(0, 0, 0) requestedScreen=(640, 400)
Mouse sweep breakaway remains immediate at 144 FPS and sensitivity gain 0.25
AIM_AT requested=(0, 21.949999, 0) firstTargetDrift=(0, 0, 0) requestedScreen=(640, 400)
Retained moving-car aim survives 144 FPS, gain 3, FOV 90, recenter 3: error=0.00000 rad
RMB release clears assisted feedback at 144 FPS, gain 3, FOV 90
Controller camera intent retains assistance without physical RMB
Full controller breakaway remains immediate at 144 FPS and sensitivity gain 3
Continuing deliberate input cannot repeatedly reacquire the car
AIM_AT requested=(2, 21.949999, 0) firstTargetDrift=(0, 0, 0) requestedScreen=(640, 400)
Mouse sweep breakaway remains immediate at 144 FPS and sensitivity gain 3
AIM_AT requested=(2, 21.949999, 0) firstTargetDrift=(0, 0, 0) requestedScreen=(640.00055, 400.00003)
AIM_AT requested=(2, 21.949999, 0) firstTargetDrift=(0, 0, 0) requestedScreen=(640, 400)
Held assistance is active before the accepted-aim blackout
Observer has accepted aim before packet blackout
A bounded real UDP blackout expires accepted aim on shooter and observer
Accepted-aim outage cannot retain a stale assisted car
Fresh accepted aim resumes after packet delivery recovers (not authenticated reconnect)
Held intent reacquires on the shooter only after fresh accepted aim arrives
Camera-intent cursor remains centered after transient packet recovery
Production missile crossing an engaged view never replaces the retained car
Production missile presentation under cursor never becomes an assisted target
Production mine presentation under cursor never becomes an assisted target
Production rock artwork never becomes an assisted target
Production pickup presentation never becomes an assisted target
Non-vehicle objects retain the centred ordinary cursor
Suppression retires acquired identity and HUD
Weapon aiming integration passed: 95 accuracy/retention checks.
Weapon aiming artifacts: C:\Users\j_gen\OneDrive\Documents\Game_Projects\Trackstorm\.godot\aim-checks\25dc4e84bbea4c419e4b42851e79af55
