Diagnostic failure excerpt. Original local log: .godot/acquisition-full-final2.log.
Original lines: 21810. Middle stack frames omitted; exception and call site retained.

  Determining projects to restore...
  All projects are up-to-date for restore.
  Trackstorm.Core -> C:\Users\j_gen\OneDrive\Documents\Game_Projects\Trackstorm\code\Core\bin\Debug\net10.0\Trackstorm.Core.dll
  Epic.OnlineServices -> C:\Users\j_gen\OneDrive\Documents\Game_Projects\Trackstorm\third_party\eos\bin\Debug\net10.0\Epic.OnlineServices.dll
  Trackstorm.Client -> C:\Users\j_gen\OneDrive\Documents\Game_Projects\Trackstorm\.godot\mono\temp\bin\Debug\Trackstorm.Client.dll

Build succeeded.
    0 Warning(s)
    0 Error(s)

Time Elapsed 00:00:02.74
Godot Engine v4.7.2.stable.mono.official.ed1daf0bf - https://godotengine.org
OpenGL API 3.3.0 NVIDIA 591.86 - Compatibility - Using Device: NVIDIA - NVIDIA GeForce RTX 4070 Ti

Three UDP peers initialized
Host tuning applied
AIM_AT requested=(0, 2.25, 0) firstTargetDrift=(0, 0, 0) requestedScreen=(640, 400)
AIM_GEOMETRY forward: lens=(0, 4.205002, 44.205) rotation=(-0.044196982, 0, 0) targetDisplayed=(0, 1.65, 0) targetNative=(0, 1.65, 0) targetScreen=(640, 395.74594) center=(640, 400) bounds=(617.3711, 389.08017), (45.257812, 32.200226)
Machine Gun forward accepted ready
MG_GEOMETRY forward: aim=WeaponAimSolution { Vehicle = 2, Life = 1, Token = 1, Tick = 367, Yaw = 0, Pitch = -0.019140894, Origin = <0, 2.9550014, 36.845>, Direction = <0, -0.019139726, -0.99981683>, Clear = True, Ready = True } target=<0, 1.65, 0> cameraDesired=<0, -0.019139726, -0.99981683>
ERROR: System.InsufficientExecutionStackException: Insufficient stack to continue executing the program safely. This can happen from having too many functions on the call stack or function on the stack using too much stack space.
   at System.Runtime.CompilerServices.RuntimeHelpers.EnsureSufficientExecutionStack()
   at Trackstorm.Core.Items.ItemSlot.PrintMembers(StringBuilder builder)
   at Trackstorm.Core.Items.ItemSlot.ToString()
   at System.Text.StringBuilder.Append(Object value)
   at Trackstorm.Core.Items.ItemSlot.PrintMembers(StringBuilder builder)
   at Trackstorm.Core.Items.ItemSlot.ToString()
   at System.Text.StringBuilder.Append(Object value)
   at Trackstorm.Core.Items.ItemSlot.PrintMembers(StringBuilder builder)
   at Trackstorm.Core.Items.ItemSlot.ToString()
   at System.Text.StringBuilder.Append(Object value)
   at Trackstorm.Core.Items.ItemSlot.PrintMembers(StringBuilder builder)
   at Trackstorm.Core.Items.ItemSlot.ToString()
   at System.Text.StringBuilder.Append(Object value)
   at Trackstorm.Core.Items.ItemSlot.PrintMembers(StringBuilder builder)
   at Trackstorm.Core.Items.ItemSlot.ToString()

[Middle stack frames omitted]

   at Trackstorm.Core.Items.ItemSlot.ToString()
   at System.Text.StringBuilder.Append(Object value)
   at Trackstorm.Core.Items.ItemSlot.PrintMembers(StringBuilder builder)
   at Trackstorm.Core.Items.ItemSlot.ToString()
   at System.Text.StringBuilder.Append(Object value)
   at Trackstorm.Core.Items.ItemSlot.PrintMembers(StringBuilder builder)
   at Trackstorm.Core.Items.ItemSlot.ToString()
   at System.Text.StringBuilder.Append(Object value)
   at Trackstorm.Core.Items.ItemSlot.PrintMembers(StringBuilder builder)
   at Trackstorm.Core.Items.ItemSlot.ToString()
   at System.Text.StringBuilder.Append(Object value)
   at Trackstorm.Core.Items.ItemSlot.PrintMembers(StringBuilder builder)
   at Trackstorm.Core.Items.ItemSlot.ToString()
   at System.Text.StringBuilder.Append(Object value)
   at Trackstorm.Core.Items.ItemSlot.PrintMembers(StringBuilder builder)
   at Trackstorm.Core.Items.ItemSlot.ToString()
   at System.Runtime.CompilerServices.DefaultInterpolatedStringHandler.AppendFormatted[T](T value)
   at Trackstorm.Client.Verification.WeaponAimChecks.CheckMachineGunFire() in C:\Users\j_gen\OneDrive\Documents\Game_Projects\Trackstorm\code\Client\Verification\WeaponAimChecks.MachineGun.cs:line 58
   at Trackstorm.Client.Verification.WeaponAimChecks.Run() in C:\Users\j_gen\OneDrive\Documents\Game_Projects\Trackstorm\code\Client\Verification\WeaponAimChecks.cs:line 125
   at: void Trackstorm.Client.Verification.WeaponAimChecks+<Run>d__25.MoveNext() (res://code/Client/Verification/WeaponAimChecks.cs:125)
   C# backtrace (most recent call first):
       [0] void Godot.GD.PushError(string) (/root/godot/modules/mono/glue/GodotSharp/GodotSharp/Core/GD.cs:366)
       [1] void Trackstorm.Client.Verification.WeaponAimChecks+<Run>d__25.MoveNext() (C:\Users\j_gen\OneDrive\Documents\Game_Projects\Trackstorm\code\Client\Verification\WeaponAimChecks.cs:125)
       [2] void System.Threading.ExecutionContext.RunInternal(System.Threading.ExecutionContext, System.Threading.ContextCallback, object)
       [3] void System.Runtime.CompilerServices.AsyncTaskMethodBuilder`1+AsyncStateMachineBox`1.MoveNext()
       [4] void Godot.GodotSynchronizationContext.ExecutePendingContinuations() (/root/godot/modules/mono/glue/GodotSharp/GodotSharp/Core/GodotSynchronizationContext.cs:51)
       [5] void Godot.GodotTaskScheduler.Activate() (/root/godot/modules/mono/glue/GodotSharp/GodotSharp/Core/GodotTaskScheduler.cs:76)
       [6] void Godot.Bridge.ScriptManagerBridge.FrameCallback() (/root/godot/modules/mono/glue/GodotSharp/GodotSharp/Core/Bridge/ScriptManagerBridge.cs:84)
