Godot Engine v4.7.2.stable.mono.official.ed1daf0bf - https://godotengine.org

Network vehicle metrics: host=True, entry=False, maximum=0, startup=0, steady=0, snaps=0; full report: C:\Users\j_gen\OneDrive\Documents\Game_Projects\Trackstorm\.godot\network-vehicle-checks\33c8f3b3b4be463a81d649f09d5531a7\player-0.json
Live camera playtest passed: mouse orbit/smooth return, two-axis controller orbit/noisy-neutral return, displayed vehicle pose.
Network vehicle integration passed.

Godot Engine v4.7.2.stable.mono.official.ed1daf0bf - https://godotengine.org

Network vehicle metrics: host=False, entry=False, maximum=0.2166415, startup=0.13336795568466187, steady=0.21664150059223175, snaps=0; full report: C:\Users\j_gen\OneDrive\Documents\Game_Projects\Trackstorm\.godot\network-vehicle-checks\33c8f3b3b4be463a81d649f09d5531a7\player-1.json
Live camera playtest passed: mouse orbit/smooth return, two-axis controller orbit/noisy-neutral return, displayed vehicle pose.
Network vehicle integration passed.

Godot Engine v4.7.2.stable.mono.official.ed1daf0bf - https://godotengine.org

Network vehicle metrics: host=False, entry=False, maximum=0.17461646, startup=0.17461645603179932, steady=0.10530151426792145, snaps=0; full report: C:\Users\j_gen\OneDrive\Documents\Game_Projects\Trackstorm\.godot\network-vehicle-checks\33c8f3b3b4be463a81d649f09d5531a7\player-2.json
Live camera playtest passed: mouse orbit/smooth return, two-axis controller orbit/noisy-neutral return, displayed vehicle pose.
Network vehicle integration passed.

Godot Engine v4.7.2.stable.mono.official.ed1daf0bf - https://godotengine.org

Network vehicle metrics: host=False, entry=False, maximum=0.22145772, startup=0.22145771980285645, steady=0.1021062433719635, snaps=0; full report: C:\Users\j_gen\OneDrive\Documents\Game_Projects\Trackstorm\.godot\network-vehicle-checks\33c8f3b3b4be463a81d649f09d5531a7\player-3.json
Live camera playtest passed: mouse orbit/smooth return, two-axis controller orbit/noisy-neutral return, displayed vehicle pose.
Network vehicle integration passed.

Godot Engine v4.7.2.stable.mono.official.ed1daf0bf - https://godotengine.org

Network vehicle metrics: host=False, entry=False, maximum=0.3232201, startup=0.20627924799919128, steady=0.3232201039791107, snaps=0; full report: C:\Users\j_gen\OneDrive\Documents\Game_Projects\Trackstorm\.godot\network-vehicle-checks\33c8f3b3b4be463a81d649f09d5531a7\player-4.json
Live camera playtest passed: mouse orbit/smooth return, two-axis controller orbit/noisy-neutral return, displayed vehicle pose.
Network vehicle integration passed.

Godot Engine v4.7.2.stable.mono.official.ed1daf0bf - https://godotengine.org

Network vehicle metrics: host=False, entry=False, maximum=0.19448356, startup=0.19448356330394745, steady=0.11603899300098419, snaps=0; full report: C:\Users\j_gen\OneDrive\Documents\Game_Projects\Trackstorm\.godot\network-vehicle-checks\33c8f3b3b4be463a81d649f09d5531a7\player-5.json
Live camera playtest passed: mouse orbit/smooth return, two-axis controller orbit/noisy-neutral return, displayed vehicle pose.
Network vehicle integration passed.

Godot Engine v4.7.2.stable.mono.official.ed1daf0bf - https://godotengine.org

Network vehicle metrics: host=False, entry=False, maximum=0.6118755, startup=0.1607414335012436, steady=0.6118754744529724, snaps=0; full report: C:\Users\j_gen\OneDrive\Documents\Game_Projects\Trackstorm\.godot\network-vehicle-checks\33c8f3b3b4be463a81d649f09d5531a7\player-6.json
Live camera playtest passed: mouse orbit/smooth return, two-axis controller orbit/noisy-neutral return, displayed vehicle pose.
Network vehicle integration passed.

Godot Engine v4.7.2.stable.mono.official.ed1daf0bf - https://godotengine.org

Network vehicle metrics: host=False, entry=False, maximum=1.3540875, startup=0.2488989681005478, steady=1.354087471961975, snaps=0; full report: C:\Users\j_gen\OneDrive\Documents\Game_Projects\Trackstorm\.godot\network-vehicle-checks\33c8f3b3b4be463a81d649f09d5531a7\player-7.json

ERROR: System.InvalidOperationException: Network vehicle runtime acceptance checks failed; inspect the recorded metrics.
   at Trackstorm.Client.Verification.NetworkVehicleChecks.Finish() in C:\Users\j_gen\OneDrive\Documents\Game_Projects\Trackstorm\code\Client\Verification\NetworkVehicleChecks.cs:line 438
   at Trackstorm.Client.Verification.NetworkVehicleChecks._PhysicsProcess(Double delta) in C:\Users\j_gen\OneDrive\Documents\Game_Projects\Trackstorm\code\Client\Verification\NetworkVehicleChecks.cs:line 255
   at: void Trackstorm.Client.Verification.NetworkVehicleChecks._PhysicsProcess(double) (res://code/Client/Verification/NetworkVehicleChecks.cs:255)
   C# backtrace (most recent call first):
       [0] void Godot.GD.PushError(string) (/root/godot/modules/mono/glue/GodotSharp/GodotSharp/Core/GD.cs:366)
       [1] void Trackstorm.Client.Verification.NetworkVehicleChecks._PhysicsProcess(double) (C:\Users\j_gen\OneDrive\Documents\Game_Projects\Trackstorm\code\Client\Verification\NetworkVehicleChecks.cs:255)
       [2] bool Godot.Node.InvokeGodotClassMethod(Godot.NativeInterop.godot_string_name&, Godot.NativeInterop.NativeVariantPtrArgs, Godot.NativeInterop.godot_variant&) (/root/godot/modules/mono/glue/GodotSharp/GodotSharp/Generated/GodotObjects/Node.cs:2648)
       [3] bool Trackstorm.Client.Verification.NetworkVehicleChecks.InvokeGodotClassMethod(Godot.NativeInterop.godot_string_name&, Godot.NativeInterop.NativeVariantPtrArgs, Godot.NativeInterop.godot_variant&) (C:\Users\j_gen\OneDrive\Documents\Game_Projects\Trackstorm\.godot\mono\temp\obj\Debug\Godot.SourceGenerators\Godot.SourceGenerators.ScriptMethodsGenerator\Trackstorm.Client.Verification.NetworkVehicleChecks_ScriptMethods.generated.cs:110)
       [4] Godot.NativeInterop.godot_bool Godot.Bridge.CSharpInstanceBridge.Call(nint, Godot.NativeInterop.godot_string_name*, Godot.NativeInterop.godot_variant**, int, Godot.NativeInterop.godot_variant_call_error*, Godot.NativeInterop.godot_variant*) (/root/godot/modules/mono/glue/GodotSharp/GodotSharp/Core/Bridge/CSharpInstanceBridge.cs:24)
WARNING: 68 ObjectDB instances were leaked at exit (run with `--verbose` for details).
   at: cleanup (core/object/object.cpp:2536)
ERROR: 1 resources still in use at exit (run with --verbose for details).
   at: clear (core/io/resource.cpp:822)

Exception: C:\Users\j_gen\OneDrive\Documents\Game_Projects\Trackstorm\check-network-vehicles.ps1:94
Line |
  94 |              throw "Network vehicle instance $index failed. Artifacts: …
     |              ~~~~~~~~~~~~~~~~~~~~~~~~~~~~~~~~~~~~~~~~~~~~~~~~~~~~~~~~~
     | Network vehicle instance 7 failed. Artifacts:
     | C:\Users\j_gen\OneDrive\Documents\Game_Projects\Trackstorm\.godot\network-vehicle-checks\33c8f3b3b4be463a81d649f09d5531a7
