Godot Engine v4.7.2.stable.mono.official.ed1daf0bf - https://godotengine.org

Network vehicle metrics: host=True, entry=False, maximum=0, startup=0, steady=0, snaps=0; full report: C:\Users\j_gen\OneDrive\Documents\Game_Projects\Trackstorm\.godot\network-vehicle-checks\a0a2d8cc463c42479eded66cbf536fc0\player-0.json
Live camera playtest passed: mouse orbit/smooth return, two-axis controller orbit/noisy-neutral return, displayed vehicle pose.
Network vehicle integration passed.

Godot Engine v4.7.2.stable.mono.official.ed1daf0bf - https://godotengine.org

Network vehicle metrics: host=False, entry=False, maximum=0.16048603, startup=0.16048602759838104, steady=0.022834064438939095, snaps=0; full report: C:\Users\j_gen\OneDrive\Documents\Game_Projects\Trackstorm\.godot\network-vehicle-checks\a0a2d8cc463c42479eded66cbf536fc0\player-1.json
Live camera playtest passed: mouse orbit/smooth return, two-axis controller orbit/noisy-neutral return, displayed vehicle pose.
Network vehicle integration passed.

Godot Engine v4.7.2.stable.mono.official.ed1daf0bf - https://godotengine.org

Network vehicle metrics: host=False, entry=False, maximum=0.21419775, startup=0.21419775485992432, steady=0.07653134316205978, snaps=0; full report: C:\Users\j_gen\OneDrive\Documents\Game_Projects\Trackstorm\.godot\network-vehicle-checks\a0a2d8cc463c42479eded66cbf536fc0\player-2.json
Live camera playtest passed: mouse orbit/smooth return, two-axis controller orbit/noisy-neutral return, displayed vehicle pose.
Network vehicle integration passed.

Godot Engine v4.7.2.stable.mono.official.ed1daf0bf - https://godotengine.org

Network vehicle metrics: host=False, entry=False, maximum=0.22131461, startup=0.22131460905075073, steady=0.09824036061763763, snaps=0; full report: C:\Users\j_gen\OneDrive\Documents\Game_Projects\Trackstorm\.godot\network-vehicle-checks\a0a2d8cc463c42479eded66cbf536fc0\player-3.json
Live camera playtest passed: mouse orbit/smooth return, two-axis controller orbit/noisy-neutral return, displayed vehicle pose.
Network vehicle integration passed.

Godot Engine v4.7.2.stable.mono.official.ed1daf0bf - https://godotengine.org

Network vehicle metrics: host=False, entry=False, maximum=0.2760006, startup=0.27600058913230896, steady=0.1289096474647522, snaps=0; full report: C:\Users\j_gen\OneDrive\Documents\Game_Projects\Trackstorm\.godot\network-vehicle-checks\a0a2d8cc463c42479eded66cbf536fc0\player-4.json
Live camera playtest passed: mouse orbit/smooth return, two-axis controller orbit/noisy-neutral return, displayed vehicle pose.
Network vehicle integration passed.

Godot Engine v4.7.2.stable.mono.official.ed1daf0bf - https://godotengine.org

Network vehicle metrics: host=False, entry=False, maximum=0.20468709, startup=0.20468708872795105, steady=0.002678436227142811, snaps=0; full report: C:\Users\j_gen\OneDrive\Documents\Game_Projects\Trackstorm\.godot\network-vehicle-checks\a0a2d8cc463c42479eded66cbf536fc0\player-5.json
Live camera playtest passed: mouse orbit/smooth return, two-axis controller orbit/noisy-neutral return, displayed vehicle pose.
Network vehicle integration passed.

Godot Engine v4.7.2.stable.mono.official.ed1daf0bf - https://godotengine.org

Network vehicle metrics: host=False, entry=False, maximum=0.22131461, startup=0.22131460905075073, steady=0.11517911404371262, snaps=0; full report: C:\Users\j_gen\OneDrive\Documents\Game_Projects\Trackstorm\.godot\network-vehicle-checks\a0a2d8cc463c42479eded66cbf536fc0\player-6.json
Live camera playtest passed: mouse orbit/smooth return, two-axis controller orbit/noisy-neutral return, displayed vehicle pose.
Network vehicle integration passed.

Godot Engine v4.7.2.stable.mono.official.ed1daf0bf - https://godotengine.org

Network vehicle metrics: host=False, entry=False, maximum=0.21881965, startup=0.20354633033275604, steady=0.21881964802742004, snaps=0; full report: C:\Users\j_gen\OneDrive\Documents\Game_Projects\Trackstorm\.godot\network-vehicle-checks\a0a2d8cc463c42479eded66cbf536fc0\player-7.json
Live camera playtest passed: mouse orbit/smooth return, two-axis controller orbit/noisy-neutral return, displayed vehicle pose.
Network vehicle integration passed.

Network vehicle verification artifacts: C:\Users\j_gen\OneDrive\Documents\Game_Projects\Trackstorm\.godot\network-vehicle-checks\a0a2d8cc463c42479eded66cbf536fc0
