Godot Engine v4.7.2.stable.mono.official.ed1daf0bf - https://godotengine.org

Imported native support includes Asphalt
Imported native support includes Grass
Imported native support includes Dirt
Imported native support includes Mud
Imported native support includes DeepMud
Imported native support includes Rock
Imported native support includes Concrete
Imported native support includes Water
Basin (-57, 0, -29): DeepMud; unchanged negative collision -1.796m
Basin (77, 0, -35): Water; unchanged negative collision -1.795m
Basin (-85, 0, 28): DeepMud; unchanged negative collision -1.793m
Basin (85, 0, 28): DeepMud; unchanged negative collision -1.793m
Production practice detects Concrete: Concrete; requested (0, 6.3500004, 0), actual (0, 7.3509183, 0)
Host/prediction native adapter detects Concrete: Concrete
Both adapters apply Concrete handling for Concrete
Production practice detects Grass: Grass; requested (-186, -2.1858501, -6), actual (-185.81993, -1.1334162, -5.9786844)
Host/prediction native adapter detects Grass: Grass
Both adapters apply Grass handling for Grass
Production practice detects Dirt: Dirt; requested (-168, 0.46577263, 0), actual (-168.1351, 1.4806006, 0.081856415)
Host/prediction native adapter detects Dirt: Dirt
Both adapters apply Dirt handling for Dirt
Production practice detects Rock: Rock; requested (-148, 3.0848694, -24), actual (-148.0199, 4.0754886, -23.968733)
Host/prediction native adapter detects Rock: Rock
Both adapters apply Asphalt handling for Rock
Production practice detects Asphalt: Asphalt; requested (-112, 3.221775, -94), actual (-111.94314, 4.237335, -93.77745)
Host/prediction native adapter detects Asphalt: Asphalt
Both adapters apply Asphalt handling for Asphalt
Production practice detects Mud: Mud; requested (-96, -0.2629776, 26), actual (-95.94987, 0.74542737, 26.04198)
Host/prediction native adapter detects Mud: Mud
Both adapters apply Mud handling for Mud
Production practice detects DeepMud: DeepMud; requested (-94, -0.63399315, 28), actual (-93.92117, 0.3956026, 27.998951)
Host/prediction native adapter detects DeepMud: DeepMud
Both adapters apply DeepMud handling for DeepMud
Production practice detects Water: Water; requested (68, -0.6569271, -36), actual (68.09388, 0.40506655, -35.925705)
Host/prediction native adapter detects Water: Water
Both adapters apply Water handling for Water
Driven oval-infield: Asphalt, Dirt; end (1.7489803, 1.1444821, 57.36797); HP 1000
Route retains native support after oval-infield
Driven mud-west: Dirt, Grass, Mud, DeepMud; end (-56.877655, -0.6211335, -29.226637); HP 988.8314
Route retains native support after mud-west
Driven water-northeast: Dirt, Mud, DeepMud, Water; end (77.021454, -0.60870534, -34.6785); HP 774.9989
Route retains native support after water-northeast
Driven grass-shoulder: Dirt, Grass; end (-129.89928, 1.1030693, 14.653792); HP 1000
Route retains native support after grass-shoulder
Driven rock-shoulder: Dirt, Grass, Rock; end (-129.67725, 2.9599473, -23.983088); HP 1000
Route retains native support after rock-shoulder
Driven deck: Dirt, Concrete; end (1.388222, 7.4942417, -1.0245395E-07); HP 1000
Route retains native support after deck
Airborne detection clears instead of inventing current contact
Existing Stats reads the local practice surface as Asphalt: Detected surface: Asphalt
Source: local native support
Surface integration passed: all eight identities, native adapters, driving transitions and Stats.
