Godot Engine v4.7.2.stable.mono.official.ed1daf0bf - https://godotengine.org
OpenGL API 3.3.0 NVIDIA 591.86 - Compatibility - Using Device: NVIDIA - NVIDIA GeForce RTX 4070 Ti

Two UDP peers ready; ordinary host Proxy Mine use requested.
Mine installed on the real flat platform, with terrain clearance and seated timer.
Initial seating remains exactly stable; fresh late admission started.
Late join reconstructed the persistent mine. Outer-radius force trial begins.
Outer pull produced 0.114 m/s after ten native ticks.
Mid pull produced 8.631 m/s after ten native ticks.
Close pull produced 12.154 m/s; moving remote vehicle approaches for contact.
Contact detonated once, applying 60 configured HP and 18000 N.s to the remote vehicle.
Replicated removal/HP and native knockback passed; stationary target trial requested.
Repeated host use magnetically reached a stationary vehicle and detonated without target movement.
Surface 1: authoritative position <49.935104, 20.76575, 4.5>, normal <-0.24740396, 0.9689124, 0>.
Stable terrain seating captured; drive-over contact trial with attraction disabled.
Bank drive-over passed; uneven terrain deployment requested.
Surface 2: authoritative position <99.99831, 20.953537, 4.4995413>, normal <-0.0059848824, 0.99998105, -0.0014115148>.
Stable terrain seating captured; drive-over contact trial with attraction disabled.
Uneven terrain drive-over detonated and consumed the mine once; repeated remote use passed.
Proxy Mine integration passed: Two UDP peers ready; ordinary host Proxy Mine use requested.
Mine installed on the real flat platform, with terrain clearance and seated timer.
Initial seating remains exactly stable; fresh late admission started.
Late join reconstructed the persistent mine. Outer-radius force trial begins.
Outer pull produced 0.114 m/s after ten native ticks.
Mid pull produced 8.631 m/s after ten native ticks.
Close pull produced 12.154 m/s; moving remote vehicle approaches for contact.
Contact detonated once, applying 60 configured HP and 18000 N.s to the remote vehicle.
Repeated host use magnetically reached a stationary vehicle and detonated without target movement.
Surface 1: authoritative position <49.935104, 20.76575, 4.5>, normal <-0.24740396, 0.9689124, 0>.
Stable terrain seating captured; drive-over contact trial with attraction disabled.
Surface 2: authoritative position <99.99831, 20.953537, 4.4995413>, normal <-0.0059848824, 0.99998105, -0.0014115148>.
Stable terrain seating captured; drive-over contact trial with attraction disabled.
Uneven terrain drive-over detonated and consumed the mine once; repeated remote use passed.
Item scoring verified: 2 rival hits, 60 points; host, remote and late-join publications agree.
Sixteen ordinary deployments on three UDP peers; shared meshes, independent beacons and no imported collision. Production chase camera: 180 motion ticks, 2 distinct committed detonations, 14 surviving mines.
