Godot Engine v4.7.2.stable.mono.official.ed1daf0bf - https://godotengine.org

Three UDP peers initialized
Host tuning applied
AIM_AT requested=(13, 36.95, 0) firstTargetDrift=(0, 0, 0) requestedScreen=(640.3462, 400.0528)
ACQUISITION distance=200.000m FOV=50 fps=30 gain=0.25 offset=13.00m initialError=0.06201 acquired=1 angle=0.00000 sight=True hit=(-1.2742094E-06, 36.9674, 1.3311768) lens=(-0.00020025148, 39.684383, 209.20526) target=(0, 36.95, 0) accepted=1 active=True dismissed=0
AIM_AT requested=(0, 36.95, 0) firstTargetDrift=(0, 0, 0) requestedScreen=(640, 400)
Visible centre target established before retention measurement
JOLT_START angle=0.00000 sight=True hit=(-0.0002882369, 36.967724, 1.3312225) lens=(-0.04529695, 39.735474, 209.20459) target=(0, 36.95, 0) accepted=1 active=True dismissed=0 acquired=1
AIM_RELEASE target=1 reason=aim disabled/lifecycle shooterHP=0.00 outside=False lastDamage=out-of-bounds
JOLTS distance=200 retained=127/180 angularLosses=0 releases=target=1 reason=aim disabled/lifecycle
ERROR: System.InvalidOperationException: Repeated visible native/camera jolts do not drop or replace the acquired car
   at Trackstorm.Client.Verification.WeaponAimChecks.Require(Boolean condition, String message) in C:\Users\j_gen\OneDrive\Documents\Game_Projects\Trackstorm\code\Client\Verification\WeaponAimChecks.cs:line 574
   at Trackstorm.Client.Verification.WeaponAimChecks.CheckAimRecovery() in C:\Users\j_gen\OneDrive\Documents\Game_Projects\Trackstorm\code\Client\Verification\WeaponAimChecks.Recovery.cs:line 87
   at Trackstorm.Client.Verification.WeaponAimChecks.Run() in C:\Users\j_gen\OneDrive\Documents\Game_Projects\Trackstorm\code\Client\Verification\WeaponAimChecks.cs:line 118
   at: void Trackstorm.Client.Verification.WeaponAimChecks+<Run>d__25.MoveNext() (res://code/Client/Verification/WeaponAimChecks.cs:118)
   C# backtrace (most recent call first):
       [0] void Godot.GD.PushError(string) (/root/godot/modules/mono/glue/GodotSharp/GodotSharp/Core/GD.cs:366)
       [1] void Trackstorm.Client.Verification.WeaponAimChecks+<Run>d__25.MoveNext() (C:\Users\j_gen\OneDrive\Documents\Game_Projects\Trackstorm\code\Client\Verification\WeaponAimChecks.cs:118)
       [2] void System.Threading.ExecutionContext.RunInternal(System.Threading.ExecutionContext, System.Threading.ContextCallback, object)
       [3] void System.Threading.Tasks.AwaitTaskContinuation.RunCallback(System.Threading.ContextCallback, object, System.Threading.Tasks.Task&)
       [4] void System.Threading.Tasks.Task.RunContinuations(object)
       [5] void System.Threading.Tasks.Task.FinishSlow(bool)
       [6] bool System.Threading.Tasks.Task.TrySetException(object)
       [7] void System.Runtime.CompilerServices.AsyncTaskMethodBuilder`1.SetException(System.Exception, System.Threading.Tasks.Task`1[TResult]&)
       [8] void Trackstorm.Client.Verification.WeaponAimChecks+<CheckAimRecovery>d__51.MoveNext() (C:\Users\j_gen\OneDrive\Documents\Game_Projects\Trackstorm\code\Client\Verification\WeaponAimChecks.Recovery.cs:87)
       [9] void System.Threading.ExecutionContext.RunInternal(System.Threading.ExecutionContext, System.Threading.ContextCallback, object)
       [10] void System.Threading.Tasks.AwaitTaskContinuation.RunCallback(System.Threading.ContextCallback, object, System.Threading.Tasks.Task&)
       [11] void System.Threading.Tasks.Task.RunContinuations(object)
       [12] void System.Runtime.CompilerServices.AsyncTaskMethodBuilder.SetResult()
       [13] void Trackstorm.Client.Verification.WeaponAimChecks+<Frames>d__38.MoveNext() (C:\Users\j_gen\OneDrive\Documents\Game_Projects\Trackstorm\code\Client\Verification\WeaponAimChecks.cs:527)
       [14] void System.Threading.ExecutionContext.RunInternal(System.Threading.ExecutionContext, System.Threading.ContextCallback, object)
       [15] void System.Runtime.CompilerServices.AsyncTaskMethodBuilder`1+AsyncStateMachineBox`1.MoveNext()
       [16] void Godot.SignalAwaiter.SignalCallback(nint, Godot.NativeInterop.godot_variant**, int, Godot.NativeInterop.godot_bool*) (/root/godot/modules/mono/glue/GodotSharp/GodotSharp/Core/SignalAwaiter.cs:65)
