  Determining projects to restore...
  All projects are up-to-date for restore.
  Trackstorm.Core -> C:\Users\j_gen\OneDrive\Documents\Game_Projects\Trackstorm\code\Core\bin\Debug\net10.0\Trackstorm.Core.dll
  Epic.OnlineServices -> C:\Users\j_gen\OneDrive\Documents\Game_Projects\Trackstorm\third_party\eos\bin\Debug\net10.0\Epic.OnlineServices.dll
  Trackstorm.Client -> C:\Users\j_gen\OneDrive\Documents\Game_Projects\Trackstorm\.godot\mono\temp\bin\Debug\Trackstorm.Client.dll

Build succeeded.
    0 Warning(s)
    0 Error(s)

Time Elapsed 00:00:02.57
Godot Engine v4.7.2.stable.mono.official.ed1daf0bf - https://godotengine.org
OpenGL API 3.3.0 NVIDIA 591.86 - Compatibility - Using Device: NVIDIA - NVIDIA GeForce RTX 4070 Ti

Three UDP peers initialized
Host tuning applied
AIM_AT requested=(-112.010086, 2.9188957, 47.999855) firstTargetDrift=(0.0026550293, -0.01591611, 1.1444092E-05) requestedScreen=(639.83594, 399.4308)
ROAD_ACQUIRE distance=8 mode=0 measured=9.302m initialError=0.06298rad ticks=7 elapsed=0.133s
Near-body cursor miss acquires without corrective input on production terrain
ROAD distance=8 mode=0 fps=30 fov=50.003956 acquiredTick=0 retained=360/360 releases=0 reasons= travel=52.914m rise=0.832m heave=2.401m/s maxError=0.00013 finalMeanError=0.00004rad acceptedMeanError=0.11823rad readySamples=22 restricted=338 readyMeanError=0.01525rad
Shooter drove actual production elevation changes
Visible moving rival survives repeated authored rollers and small corrections without replacement
Camera and unrestricted accepted aim recover alignment; self-blocked close aim remains restricted
ROAD_RELEASE distance=8 mode=0 target=1 reason=intent/lifecycle reset angle=0.00380 sight=True hit=(-62.211502, 2.114457, 48.02201) lens=(-75.764694, 6.7704816, 48.1728) target=(-60.307858, 1.4604845, 48.000835) accepted=1 active=False dismissed=0
Release clears immediately after rough-road retention
AIM_AT requested=(-112.00978, 2.919567, 47.99985) firstTargetDrift=(0.0035476685, -0.020583153, 1.5258789E-05) requestedScreen=(639.93317, 399.66562)
ROAD_ACQUIRE distance=8 mode=1 measured=9.578m initialError=0.06194rad ticks=5 elapsed=0.083s
Near-body cursor miss acquires without corrective input on production terrain
ROAD distance=8 mode=1 fps=60 fov=90.00001 acquiredTick=0 retained=360/360 releases=0 reasons= travel=51.722m rise=0.849m heave=2.419m/s maxError=0.02664 finalMeanError=0.00190rad acceptedMeanError=0.10931rad readySamples=21 restricted=339 readyMeanError=0.01171rad
Shooter drove actual production elevation changes
Visible moving rival survives repeated authored rollers and small corrections without replacement
Camera and unrestricted accepted aim recover alignment; self-blocked close aim remains restricted
ROAD_RELEASE distance=8 mode=1 target=1 reason=intent/lifecycle reset angle=0.01577 sight=True hit=(-63.728348, 2.1168306, 48.014114) lens=(-77.02356, 6.910166, 48.113632) target=(-61.912533, 1.4621747, 48.000523) accepted=1 active=False dismissed=0
Release clears immediately after rough-road retention
AIM_AT requested=(-112.0088, 2.9197688, 47.99984) firstTargetDrift=(0.0040359497, -0.008716941, -1.5258789E-05) requestedScreen=(639.93274, 399.6163)
ROAD_ACQUIRE distance=8 mode=2 measured=9.570m initialError=0.06181rad ticks=5 elapsed=0.080s
Near-body cursor miss acquires without corrective input on production terrain
ROAD distance=8 mode=2 fps=144 fov=90.000275 acquiredTick=0 retained=360/360 releases=0 reasons= travel=51.564m rise=0.861m heave=2.437m/s maxError=0.02604 finalMeanError=0.00097rad acceptedMeanError=0.11268rad readySamples=23 restricted=337 readyMeanError=0.01255rad
Shooter drove actual production elevation changes
Visible moving rival survives repeated authored rollers and small corrections without replacement
Camera and unrestricted accepted aim recover alignment; self-blocked close aim remains restricted
ROAD_RELEASE distance=8 mode=2 target=1 reason=intent/lifecycle reset angle=0.03296 sight=True hit=(-63.900463, 2.1169305, 48.02088) lens=(-77.21901, 7.1328716, 48.177868) target=(-62.161213, 1.4619076, 48.00038) accepted=1 active=False dismissed=0
Release clears immediately after rough-road retention
AIM_AT requested=(-85, 2.9750733, 48) firstTargetDrift=(0, 1.1920929E-07, 0) requestedScreen=(639.95636, 399.88315)
ROAD_ACQUIRE distance=35 mode=0 measured=36.567m initialError=0.03024rad ticks=5 elapsed=0.102s
Near-body cursor miss acquires without corrective input on production terrain
ROAD distance=35 mode=0 fps=30 fov=50.04489 acquiredTick=0 retained=360/360 releases=0 reasons= travel=52.115m rise=0.852m heave=2.419m/s maxError=0.00000 finalMeanError=0.00000rad acceptedMeanError=0.01079rad readySamples=280 restricted=80 readyMeanError=0.00172rad
Shooter drove actual production elevation changes
Visible moving rival survives repeated authored rollers and small corrections without replacement
Camera and unrestricted accepted aim recover alignment; self-blocked close aim remains restricted
ROAD_RELEASE distance=35 mode=0 target=1 reason=intent/lifecycle reset angle=0.00039 sight=True hit=(-37.17965, 1.70422, 48.00557) lens=(-75.27327, 4.828413, 48.091164) target=(-34.70111, 1.5009463, 48) accepted=1 active=False dismissed=0
Release clears immediately after rough-road retention
AIM_AT requested=(-85, 2.9750733, 48) firstTargetDrift=(0, 0, 0) requestedScreen=(639.9795, 399.9459)
ROAD_ACQUIRE distance=35 mode=1 measured=36.559m initialError=0.03023rad ticks=5 elapsed=0.083s
Near-body cursor miss acquires without corrective input on production terrain
ROAD distance=35 mode=1 fps=60 fov=90.04484 acquiredTick=0 retained=360/360 releases=0 reasons= travel=52.115m rise=0.852m heave=2.419m/s maxError=0.02664 finalMeanError=0.00180rad acceptedMeanError=0.01199rad readySamples=267 restricted=93 readyMeanError=0.00516rad
Shooter drove actual production elevation changes
Visible moving rival survives repeated authored rollers and small corrections without replacement
Camera and unrestricted accepted aim recover alignment; self-blocked close aim remains restricted
ROAD_RELEASE distance=35 mode=1 target=1 reason=intent/lifecycle reset angle=0.00233 sight=True hit=(-37.272644, 1.7081242, 48.00554) lens=(-75.47227, 4.8717303, 48.090908) target=(-34.794106, 1.5028572, 48) accepted=1 active=False dismissed=0
Release clears immediately after rough-road retention
AIM_AT requested=(-85, 2.9750733, 48) firstTargetDrift=(0, 0, 0) requestedScreen=(639.9793, 399.9457)
ROAD_ACQUIRE distance=35 mode=2 measured=36.565m initialError=0.03022rad ticks=5 elapsed=0.084s
Near-body cursor miss acquires without corrective input on production terrain
ROAD distance=35 mode=2 fps=144 fov=90.04491 acquiredTick=0 retained=360/360 releases=0 reasons= travel=51.564m rise=0.861m heave=2.437m/s maxError=0.00000 finalMeanError=0.00000rad acceptedMeanError=0.01057rad readySamples=281 restricted=79 readyMeanError=0.00190rad
Shooter drove actual production elevation changes
Visible moving rival survives repeated authored rollers and small corrections without replacement
Camera and unrestricted accepted aim recover alignment; self-blocked close aim remains restricted
ROAD_RELEASE distance=35 mode=2 target=1 reason=intent/lifecycle reset angle=0.00186 sight=True hit=(-37.12645, 1.7027714, 48.006428) lens=(-76.06702, 4.8903294, 48.10743) target=(-34.64791, 1.4998858, 48) accepted=1 active=False dismissed=0
Release clears immediately after rough-road retention
AIM_AT requested=(80, 9.445002, 48) firstTargetDrift=(0, 0, 0) requestedScreen=(639.9919, 400.00653)
ROAD_ACQUIRE distance=200 mode=0 measured=201.588m initialError=0.03797rad ticks=7 elapsed=0.131s
Near-body cursor miss acquires without corrective input on production terrain
ROAD distance=200 mode=0 fps=30 fov=50.043846 acquiredTick=0 retained=360/360 releases=0 reasons= travel=51.927m rise=0.851m heave=2.433m/s maxError=0.00000 finalMeanError=0.00000rad acceptedMeanError=0.00014rad readySamples=352 restricted=8 readyMeanError=0.00014rad
Shooter drove actual production elevation changes
Visible moving rival survives repeated authored rollers and small corrections without replacement
Camera and unrestricted accepted aim recover alignment; self-blocked close aim remains restricted
ROAD_RELEASE distance=200 mode=0 target=1 reason=intent/lifecycle reset angle=0.00007 sight=True hit=(128.24379, 1.1404121, 48.000896) lens=(-75.56402, 4.6746874, 48.074493) target=(130.72232, 1.0974314, 48) accepted=1 active=False dismissed=0
Release clears immediately after rough-road retention
Verification restored synthetic focus after a desktop focus change
AIM_AT requested=(80, 9.445002, 48) firstTargetDrift=(0, 0, 0) requestedScreen=(639.9962, 400.00308)
ROAD_ACQUIRE distance=200 mode=1 measured=201.557m initialError=0.03797rad ticks=5 elapsed=0.083s
Near-body cursor miss acquires without corrective input on production terrain
Verification restored synthetic focus after a desktop focus change
ROAD_RELEASE distance=200 mode=1 target=1 reason=intent/lifecycle reset angle=0.01313 sight=True hit=(74.730064, 1.5838895, 48.000874) lens=(-131.74121, 4.0035048, 48.073677) target=(77.208595, 1.5548439, 48) accepted=1 active=True dismissed=0
ROAD distance=200 mode=1 fps=60 fov=90.04484 acquiredTick=0 retained=360/360 releases=1 reasons=target=1 reason=intent/lifecycle reset travel=52.115m rise=0.852m heave=2.419m/s maxError=0.01696 finalMeanError=0.00834rad acceptedMeanError=0.00877rad readySamples=343 restricted=17 readyMeanError=0.00877rad
Shooter drove actual production elevation changes
ERROR: System.InvalidOperationException: Visible moving rival survives repeated authored rollers and small corrections without replacement
   at Trackstorm.Client.Verification.WeaponAimChecks.Require(Boolean condition, String message) in C:\Users\j_gen\OneDrive\Documents\Game_Projects\Trackstorm\code\Client\Verification\WeaponAimChecks.cs:line 574
   at Trackstorm.Client.Verification.WeaponAimChecks.CheckAimRoad() in C:\Users\j_gen\OneDrive\Documents\Game_Projects\Trackstorm\code\Client\Verification\WeaponAimChecks.Road.cs:line 97
   at Trackstorm.Client.Verification.WeaponAimChecks.Run() in C:\Users\j_gen\OneDrive\Documents\Game_Projects\Trackstorm\code\Client\Verification\WeaponAimChecks.cs:line 117
   at: void Trackstorm.Client.Verification.WeaponAimChecks+<Run>d__25.MoveNext() (res://code/Client/Verification/WeaponAimChecks.cs:117)
   C# backtrace (most recent call first):
       [0] void Godot.GD.PushError(string) (/root/godot/modules/mono/glue/GodotSharp/GodotSharp/Core/GD.cs:366)
       [1] void Trackstorm.Client.Verification.WeaponAimChecks+<Run>d__25.MoveNext() (C:\Users\j_gen\OneDrive\Documents\Game_Projects\Trackstorm\code\Client\Verification\WeaponAimChecks.cs:117)
       [2] void System.Threading.ExecutionContext.RunInternal(System.Threading.ExecutionContext, System.Threading.ContextCallback, object)
       [3] void System.Threading.Tasks.AwaitTaskContinuation.RunCallback(System.Threading.ContextCallback, object, System.Threading.Tasks.Task&)
       [4] void System.Threading.Tasks.Task.RunContinuations(object)
       [5] void System.Threading.Tasks.Task.FinishSlow(bool)
       [6] bool System.Threading.Tasks.Task.TrySetException(object)
       [7] void System.Runtime.CompilerServices.AsyncTaskMethodBuilder`1.SetException(System.Exception, System.Threading.Tasks.Task`1[TResult]&)
       [8] void Trackstorm.Client.Verification.WeaponAimChecks+<CheckAimRoad>d__52.MoveNext() (C:\Users\j_gen\OneDrive\Documents\Game_Projects\Trackstorm\code\Client\Verification\WeaponAimChecks.Road.cs:97)
       [9] void System.Threading.ExecutionContext.RunInternal(System.Threading.ExecutionContext, System.Threading.ContextCallback, object)
       [10] void System.Threading.Tasks.AwaitTaskContinuation.RunCallback(System.Threading.ContextCallback, object, System.Threading.Tasks.Task&)
       [11] void System.Threading.Tasks.Task.RunContinuations(object)
       [12] void System.Runtime.CompilerServices.AsyncTaskMethodBuilder.SetResult()
       [13] void Trackstorm.Client.Verification.WeaponAimChecks+<Frames>d__38.MoveNext() (C:\Users\j_gen\OneDrive\Documents\Game_Projects\Trackstorm\code\Client\Verification\WeaponAimChecks.cs:527)
       [14] void System.Threading.ExecutionContext.RunInternal(System.Threading.ExecutionContext, System.Threading.ContextCallback, object)
       [15] void System.Runtime.CompilerServices.AsyncTaskMethodBuilder`1+AsyncStateMachineBox`1.MoveNext()
       [16] void Godot.SignalAwaiter.SignalCallback(nint, Godot.NativeInterop.godot_variant**, int, Godot.NativeInterop.godot_bool*) (/root/godot/modules/mono/glue/GodotSharp/GodotSharp/Core/SignalAwaiter.cs:65)
