C:\Users\orsin\OneDrive\Desktop\ThanTrick\Trackstorm\assets\maps\infield\BuildStructures.py:20: DeprecationWarning: 'Material.use_nodes' is expected to be removed in Blender 6.0
  concrete.use_nodes = True
Info: Saved as "InfieldStructures.blend"
INFO Draco is available, use library at C:\Program Files\Blender Foundation\Blender 5.2\5.2\scripts\addons_core\io_scene_gltf2\bf_intern_draco_bridge.dll
INFO MeshOptimizer is available, use library at C:\Program Files\Blender Foundation\Blender 5.2\5.2\scripts\addons_core\io_scene_gltf2\bf_intern_meshopt_bridge.dll
13:25:10 | INFO: Starting glTF 2.0 export
13:25:10 | INFO: Extracting primitive: DeckPanel00
13:25:10 | INFO: Primitives created: 1
13:25:10 | INFO: Extracting primitive: DeckPanel01
13:25:10 | INFO: Primitives created: 1
13:25:10 | INFO: Extracting primitive: DeckPanel02
13:25:10 | INFO: Primitives created: 1
13:25:10 | INFO: Extracting primitive: DeckPanel03
13:25:10 | INFO: Primitives created: 1
13:25:10 | INFO: Extracting primitive: DeckPanel04
13:25:10 | INFO: Primitives created: 1
13:25:10 | INFO: Extracting primitive: DeckPanel05
13:25:10 | INFO: Primitives created: 1
13:25:10 | INFO: Extracting primitive: DeckPanel06
13:25:10 | INFO: Primitives created: 1
13:25:10 | INFO: Extracting primitive: DeckPanel07
13:25:10 | INFO: Primitives created: 1
13:25:10 | INFO: Extracting primitive: DeckPanel08
13:25:10 | INFO: Primitives created: 1
13:25:10 | INFO: Extracting primitive: DeckRoad
13:25:10 | INFO: Primitives created: 1
13:25:10 | INFO: Extracting primitive: EastNorthCapital
13:25:10 | INFO: Primitives created: 1
13:25:10 | INFO: Extracting primitive: EastNorthDrainInvert
13:25:10 | INFO: Primitives created: 1
13:25:10 | INFO: Extracting primitive: EastNorthDrainLip1
13:25:10 | INFO: Primitives created: 1
13:25:10 | INFO: Extracting primitive: EastNorthDrainLip-1
13:25:10 | INFO: Primitives created: 1
13:25:10 | INFO: Extracting primitive: EastNorthFoundation
13:25:10 | INFO: Primitives created: 1
13:25:10 | INFO: Extracting primitive: EastNorthPier
13:25:10 | INFO: Primitives created: 1
13:25:10 | INFO: Extracting primitive: EastNorthRetainingWing
13:25:10 | INFO: Primitives created: 1
13:25:10 | INFO: Extracting primitive: EastSouthCapital
13:25:10 | INFO: Primitives created: 1
13:25:10 | INFO: Extracting primitive: EastSouthDrainInvert
13:25:10 | INFO: Primitives created: 1
13:25:10 | INFO: Extracting primitive: EastSouthDrainLip1
13:25:10 | INFO: Primitives created: 1
13:25:10 | INFO: Extracting primitive: EastSouthDrainLip-1
13:25:10 | INFO: Primitives created: 1
13:25:10 | INFO: Extracting primitive: EastSouthFoundation
13:25:10 | INFO: Primitives created: 1
13:25:10 | INFO: Extracting primitive: EastSouthPier
13:25:10 | INFO: Primitives created: 1
13:25:10 | INFO: Extracting primitive: EastSouthRetainingWing
13:25:10 | INFO: Primitives created: 1
13:25:10 | INFO: Extracting primitive: EastWestEdgeBeam1
13:25:10 | INFO: Primitives created: 1
13:25:10 | INFO: Extracting primitive: EastWestEdgeBeam-1
13:25:10 | INFO: Primitives created: 1
13:25:10 | INFO: Extracting primitive: EastWestParapet1_0
13:25:10 | INFO: Primitives created: 1
13:25:10 | INFO: Extracting primitive: EastWestParapet1_1
13:25:10 | INFO: Primitives created: 1
13:25:10 | INFO: Extracting primitive: EastWestParapet1_2
13:25:10 | INFO: Primitives created: 1
13:25:10 | INFO: Extracting primitive: EastWestParapet1_3
13:25:10 | INFO: Primitives created: 1
13:25:10 | INFO: Extracting primitive: EastWestParapet1_4
13:25:10 | INFO: Primitives created: 1
13:25:10 | INFO: Extracting primitive: EastWestParapet-1_0
13:25:10 | INFO: Primitives created: 1
13:25:10 | INFO: Extracting primitive: EastWestParapet-1_1
13:25:10 | INFO: Primitives created: 1
13:25:10 | INFO: Extracting primitive: EastWestParapet-1_2
13:25:10 | INFO: Primitives created: 1
13:25:10 | INFO: Extracting primitive: EastWestParapet-1_3
13:25:10 | INFO: Primitives created: 1
13:25:10 | INFO: Extracting primitive: EastWestParapet-1_4
13:25:10 | INFO: Primitives created: 1
13:25:10 | INFO: Extracting primitive: NorthSouthEdgeBeam1
13:25:10 | INFO: Primitives created: 1
13:25:10 | INFO: Extracting primitive: NorthSouthEdgeBeam-1
13:25:10 | INFO: Primitives created: 1
13:25:10 | INFO: Extracting primitive: TunnelSoffit
13:25:10 | INFO: Primitives created: 1
13:25:10 | INFO: Extracting primitive: WestNorthCapital
13:25:10 | INFO: Primitives created: 1
13:25:10 | INFO: Extracting primitive: WestNorthDrainInvert
13:25:10 | INFO: Primitives created: 1
13:25:10 | INFO: Extracting primitive: WestNorthDrainLip1
13:25:10 | INFO: Primitives created: 1
13:25:10 | INFO: Extracting primitive: WestNorthDrainLip-1
13:25:10 | INFO: Primitives created: 1
13:25:10 | INFO: Extracting primitive: WestNorthFoundation
13:25:10 | INFO: Primitives created: 1
13:25:10 | INFO: Extracting primitive: WestNorthPier
13:25:10 | INFO: Primitives created: 1
13:25:10 | INFO: Extracting primitive: WestNorthRetainingWing
13:25:10 | INFO: Primitives created: 1
13:25:10 | INFO: Extracting primitive: WestSouthCapital
13:25:10 | INFO: Primitives created: 1
13:25:10 | INFO: Extracting primitive: WestSouthDrainInvert
13:25:10 | INFO: Primitives created: 1
13:25:10 | INFO: Extracting primitive: WestSouthDrainLip1
13:25:10 | INFO: Primitives created: 1
13:25:10 | INFO: Extracting primitive: WestSouthDrainLip-1
13:25:10 | INFO: Primitives created: 1
13:25:10 | INFO: Extracting primitive: WestSouthFoundation
13:25:10 | INFO: Primitives created: 1
13:25:10 | INFO: Extracting primitive: WestSouthPier
13:25:10 | INFO: Primitives created: 1
13:25:10 | INFO: Extracting primitive: WestSouthRetainingWing
13:25:10 | INFO: Primitives created: 1
13:25:11 | INFO: Finished glTF 2.0 export in 0.5678844451904297 s

Production structure exported: 53 editable parts.
Blender 5.2.2 LTS (hash d13f752e3b9c built 2026-09-15 01:37:04)

Blender quit
