Godot Engine v4.7.2.stable.mono.official.ed1daf0bf - https://godotengine.org

Network vehicle metrics: host=True, entry=True, maximum=0, startup=0, steady=0, snaps=0; full report: C:\Users\j_gen\Documents\Game Projects\Trackstorm\.godot\network-vehicle-checks\163edbc4d882440c82e88ed2659ec839\player-0.json
Live camera playtest passed: mouse orbit/smooth return, two-axis controller orbit/noisy-neutral return, displayed vehicle pose.
Network vehicle integration passed.
REPLICATION_TRAFFIC {"seconds":39.0565311,"note":"Native-send application payloads including connection/chunk envelopes; excludes UDP/GNS overhead/retransmissions. Full harness lifecycle, not a steady-state window.","sent":[{"peer":1,"protocol":"TD","delivery":"Reliable","bytes":2840,"messages":2,"peak":1420},{"peer":1,"protocol":"TE","delivery":"Reliable","bytes":15145,"messages":14,"peak":4316},{"peer":1,"protocol":"TG","delivery":"Reliable","bytes":69061,"messages":73,"peak":9986},{"peer":1,"protocol":"TG","delivery":"Unreliable","bytes":1553643,"messages":627,"peak":5536},{"peer":1,"protocol":"TL","delivery":"Reliable","bytes":1796,"messages":7,"peak":264},{"peer":1,"protocol":"TP","delivery":"Reliable","bytes":3780,"messages":27,"peak":140},{"peer":2,"protocol":"TD","delivery":"Reliable","bytes":2840,"messages":2,"peak":1420},{"peer":2,"protocol":"TE","delivery":"Reliable","bytes":14217,"messages":14,"peak":4316},{"peer":2,"protocol":"TG","delivery":"Reliable","bytes":54255,"messages":65,"peak":9986},{"peer":2,"protocol":"TG","delivery":"Unreliable","bytes":1551546,"messages":626,"peak":5536},{"peer":2,"protocol":"TL","delivery":"Reliable","bytes":2488,"messages":11,"peak":264},{"peer":2,"protocol":"TP","delivery":"Reliable","bytes":3896,"messages":28,"peak":140},{"peer":3,"protocol":"TD","delivery":"Reliable","bytes":2840,"messages":2,"peak":1420},{"peer":3,"protocol":"TE","delivery":"Reliable","bytes":13969,"messages":14,"peak":4316},{"peer":3,"protocol":"TG","delivery":"Reliable","bytes":54255,"messages":65,"peak":9986},{"peer":3,"protocol":"TG","delivery":"Unreliable","bytes":1551546,"messages":626,"peak":5536},{"peer":3,"protocol":"TL","delivery":"Reliable","bytes":2488,"messages":11,"peak":264},{"peer":3,"protocol":"TP","delivery":"Reliable","bytes":3896,"messages":28,"peak":140},{"peer":4,"protocol":"TD","delivery":"Reliable","bytes":2840,"messages":2,"peak":1420},{"peer":4,"protocol":"TE","delivery":"Reliable","bytes":15957,"messages":16,"peak":4316},{"peer":4,"protocol":"TG","delivery":"Reliable","bytes":69061,"messages":73,"peak":9986},{"peer":4,"protocol":"TG","delivery":"Unreliable","bytes":1553643,"messages":627,"peak":5536},{"peer":4,"protocol":"TL","delivery":"Reliable","bytes":3016,"messages":13,"peak":264},{"peer":4,"protocol":"TP","delivery":"Reliable","bytes":3896,"messages":28,"peak":140},{"peer":5,"protocol":"TD","delivery":"Reliable","bytes":2840,"messages":2,"peak":1420},{"peer":5,"protocol":"TE","delivery":"Reliable","bytes":13439,"messages":13,"peak":4316},{"peer":5,"protocol":"TG","delivery":"Reliable","bytes":54255,"messages":65,"peak":9986},{"peer":5,"protocol":"TG","delivery":"Unreliable","bytes":1551546,"messages":626,"peak":5536},{"peer":5,"protocol":"TL","delivery":"Reliable","bytes":2328,"messages":10,"peak":264},{"peer":5,"protocol":"TP","delivery":"Reliable","bytes":3896,"messages":28,"peak":140},{"peer":6,"protocol":"TD","delivery":"Reliable","bytes":2840,"messages":2,"peak":1420},{"peer":6,"protocol":"TE","delivery":"Reliable","bytes":14851,"messages":14,"peak":4316},{"peer":6,"protocol":"TG","delivery":"Reliable","bytes":61658,"messages":69,"peak":9986},{"peer":6,"protocol":"TG","delivery":"Unreliable","bytes":1553643,"messages":627,"peak":5536},{"peer":6,"protocol":"TL","delivery":"Reliable","bytes":2592,"messages":11,"peak":264},{"peer":6,"protocol":"TP","delivery":"Reliable","bytes":3896,"messages":28,"peak":140},{"peer":7,"protocol":"TD","delivery":"Reliable","bytes":2840,"messages":2,"peak":1420},{"peer":7,"protocol":"TE","delivery":"Reliable","bytes":15980,"messages":14,"peak":4316},{"peer":7,"protocol":"TG","delivery":"Reliable","bytes":76464,"messages":77,"peak":9986},{"peer":7,"protocol":"TG","delivery":"Unreliable","bytes":1612946,"messages":652,"peak":5536},{"peer":7,"protocol":"TL","delivery":"Reliable","bytes":1584,"messages":6,"peak":264},{"peer":7,"protocol":"TP","delivery":"Reliable","bytes":4060,"messages":29,"peak":140}]}

Godot Engine v4.7.2.stable.mono.official.ed1daf0bf - https://godotengine.org
OpenGL API 3.3.0 NVIDIA 610.78 - Compatibility - Using Device: NVIDIA - NVIDIA GeForce RTX 4070 Laptop GPU

Network vehicle metrics: host=False, entry=True, maximum=0.14584836, startup=0.016631722450256348, steady=0.1458483636379242, snaps=0; full report: C:\Users\j_gen\Documents\Game Projects\Trackstorm\.godot\network-vehicle-checks\163edbc4d882440c82e88ed2659ec839\player-1.json
Live camera playtest passed: mouse orbit/smooth return, two-axis controller orbit/noisy-neutral return, displayed vehicle pose.
Network vehicle integration passed.
REPLICATION_TRAFFIC {"seconds":31.0602076,"note":"Native-send application payloads including connection/chunk envelopes; excludes UDP/GNS overhead/retransmissions. Full harness lifecycle, not a steady-state window.","sent":[{"peer":1,"protocol":"TG","delivery":"Reliable","bytes":78,"messages":2,"peak":39},{"peer":1,"protocol":"TG","delivery":"Unreliable","bytes":186922,"messages":1264,"peak":148},{"peer":1,"protocol":"TL","delivery":"Reliable","bytes":1533,"messages":10,"peak":154}]}

Godot Engine v4.7.2.stable.mono.official.ed1daf0bf - https://godotengine.org

Network vehicle metrics: host=False, entry=True, maximum=0.18858403, startup=0.01576709747314453, steady=0.18858402967453003, snaps=0; full report: C:\Users\j_gen\Documents\Game Projects\Trackstorm\.godot\network-vehicle-checks\163edbc4d882440c82e88ed2659ec839\player-2.json
Live camera playtest passed: mouse orbit/smooth return, two-axis controller orbit/noisy-neutral return, displayed vehicle pose.
Network vehicle integration passed.
REPLICATION_TRAFFIC {"seconds":30.6085591,"note":"Native-send application payloads including connection/chunk envelopes; excludes UDP/GNS overhead/retransmissions. Full harness lifecycle, not a steady-state window.","sent":[{"peer":1,"protocol":"TG","delivery":"Reliable","bytes":78,"messages":2,"peak":39},{"peer":1,"protocol":"TG","delivery":"Unreliable","bytes":186774,"messages":1263,"peak":148},{"peer":1,"protocol":"TL","delivery":"Reliable","bytes":9541,"messages":62,"peak":154}]}

Godot Engine v4.7.2.stable.mono.official.ed1daf0bf - https://godotengine.org

Network vehicle metrics: host=False, entry=True, maximum=0.22767733, startup=0.2276773303747177, steady=0.05217524617910385, snaps=0; full report: C:\Users\j_gen\Documents\Game Projects\Trackstorm\.godot\network-vehicle-checks\163edbc4d882440c82e88ed2659ec839\player-3.json
Live camera playtest passed: mouse orbit/smooth return, two-axis controller orbit/noisy-neutral return, displayed vehicle pose.
Network vehicle integration passed.
REPLICATION_TRAFFIC {"seconds":30.6244658,"note":"Native-send application payloads including connection/chunk envelopes; excludes UDP/GNS overhead/retransmissions. Full harness lifecycle, not a steady-state window.","sent":[{"peer":1,"protocol":"TG","delivery":"Reliable","bytes":78,"messages":2,"peak":39},{"peer":1,"protocol":"TG","delivery":"Unreliable","bytes":186922,"messages":1264,"peak":148},{"peer":1,"protocol":"TL","delivery":"Reliable","bytes":3997,"messages":26,"peak":154}]}

Godot Engine v4.7.2.stable.mono.official.ed1daf0bf - https://godotengine.org

Network vehicle metrics: host=False, entry=True, maximum=0.06160763, startup=0.012395501136779785, steady=0.06160762906074524, snaps=0; full report: C:\Users\j_gen\Documents\Game Projects\Trackstorm\.godot\network-vehicle-checks\163edbc4d882440c82e88ed2659ec839\player-4.json
Live camera playtest passed: mouse orbit/smooth return, two-axis controller orbit/noisy-neutral return, displayed vehicle pose.
Network vehicle integration passed.
REPLICATION_TRAFFIC {"seconds":30.5816009,"note":"Native-send application payloads including connection/chunk envelopes; excludes UDP/GNS overhead/retransmissions. Full harness lifecycle, not a steady-state window.","sent":[{"peer":1,"protocol":"TG","delivery":"Reliable","bytes":78,"messages":2,"peak":39},{"peer":1,"protocol":"TG","delivery":"Unreliable","bytes":186774,"messages":1263,"peak":148},{"peer":1,"protocol":"TL","delivery":"Reliable","bytes":7385,"messages":48,"peak":154}]}

Godot Engine v4.7.2.stable.mono.official.ed1daf0bf - https://godotengine.org

Network vehicle metrics: host=False, entry=True, maximum=0.094094634, startup=0.011372685432434082, steady=0.09409463405609131, snaps=0; full report: C:\Users\j_gen\Documents\Game Projects\Trackstorm\.godot\network-vehicle-checks\163edbc4d882440c82e88ed2659ec839\player-5.json
Live camera playtest passed: mouse orbit/smooth return, two-axis controller orbit/noisy-neutral return, displayed vehicle pose.
Network vehicle integration passed.
REPLICATION_TRAFFIC {"seconds":30.6112943,"note":"Native-send application payloads including connection/chunk envelopes; excludes UDP/GNS overhead/retransmissions. Full harness lifecycle, not a steady-state window.","sent":[{"peer":1,"protocol":"TG","delivery":"Reliable","bytes":117,"messages":3,"peak":39},{"peer":1,"protocol":"TG","delivery":"Unreliable","bytes":186922,"messages":1264,"peak":148},{"peer":1,"protocol":"TL","delivery":"Reliable","bytes":7693,"messages":50,"peak":154}]}

Godot Engine v4.7.2.stable.mono.official.ed1daf0bf - https://godotengine.org

Network vehicle metrics: host=False, entry=True, maximum=0.08722956, startup=0.008997797966003418, steady=0.08722955733537674, snaps=0; full report: C:\Users\j_gen\Documents\Game Projects\Trackstorm\.godot\network-vehicle-checks\163edbc4d882440c82e88ed2659ec839\player-6.json
Live camera playtest passed: mouse orbit/smooth return, two-axis controller orbit/noisy-neutral return, displayed vehicle pose.
Network vehicle integration passed.
REPLICATION_TRAFFIC {"seconds":30.5936869,"note":"Native-send application payloads including connection/chunk envelopes; excludes UDP/GNS overhead/retransmissions. Full harness lifecycle, not a steady-state window.","sent":[{"peer":1,"protocol":"TG","delivery":"Reliable","bytes":78,"messages":2,"peak":39},{"peer":1,"protocol":"TG","delivery":"Unreliable","bytes":186922,"messages":1264,"peak":148},{"peer":1,"protocol":"TL","delivery":"Reliable","bytes":7847,"messages":51,"peak":154}]}

Godot Engine v4.7.2.stable.mono.official.ed1daf0bf - https://godotengine.org

Network vehicle metrics: host=False, entry=True, maximum=0.06891018, startup=0.006613254547119141, steady=0.06891018152236938, snaps=0; full report: C:\Users\j_gen\Documents\Game Projects\Trackstorm\.godot\network-vehicle-checks\163edbc4d882440c82e88ed2659ec839\player-7.json
Live camera playtest passed: mouse orbit/smooth return, two-axis controller orbit/noisy-neutral return, displayed vehicle pose.
Network vehicle integration passed.
REPLICATION_TRAFFIC {"seconds":30.5954127,"note":"Native-send application payloads including connection/chunk envelopes; excludes UDP/GNS overhead/retransmissions. Full harness lifecycle, not a steady-state window.","sent":[{"peer":1,"protocol":"TG","delivery":"Reliable","bytes":78,"messages":2,"peak":39},{"peer":1,"protocol":"TG","delivery":"Unreliable","bytes":186922,"messages":1264,"peak":148},{"peer":1,"protocol":"TL","delivery":"Reliable","bytes":7385,"messages":48,"peak":154}]}

Network vehicle verification artifacts: C:\Users\j_gen\Documents\Game Projects\Trackstorm\.godot\network-vehicle-checks\163edbc4d882440c82e88ed2659ec839
