Godot Engine v4.7.2.stable.mono.official.ed1daf0bf - https://godotengine.org
OpenGL API 3.3.0 NVIDIA 610.78 - Compatibility - Using Device: NVIDIA - NVIDIA GeForce RTX 4070 Laptop GPU

Eight native peers assigned and initialized.
E and D-pad Right switch all eight players; immediate use selects Wrench in slot two.
All eight use Wrench at full HP, including repeated requests.
Every full-health use consumed once and replicated; preparing damaged Wrench use.
All eight damaged players use Wrench.
Damaged Wrench outcomes match on all eight peers.
Remote client requested missile scenario 0; host owns creation.
Remote client requested missile scenario 1; host owns creation.
Remote client requested missile scenario 2; host owns creation.
Remote client requested missile scenario 3; host owns creation.
Item integration passed: Eight native peers assigned and initialized.
E and D-pad Right switch all eight players; immediate use selects Wrench in slot two.
All eight use Wrench at full HP, including repeated requests.
Every full-health use consumed once and replicated; preparing damaged Wrench use.
All eight damaged players use Wrench.
Damaged Wrench outcomes match on all eight peers.
Remote client requested missile scenario 0; host owns creation.
Scenario 0: one remote launch/impact on every peer at <-40, 1.01363, -2.6469328>; host-only damage/impulse.
Remote client requested missile scenario 1; host owns creation.
Scenario 1: one remote launch/impact on every peer at <8, 1.0186131, -5.400002>; host-only damage/impulse.
Remote client requested missile scenario 2; host owns creation.
Scenario 2: one remote launch/impact on every peer at <-17, 1.0186131, 2>; host-only damage/impulse.
Remote client requested missile scenario 3; host owns creation.
Scenario 3: one remote launch/impact on every peer at <-45, 1.0186131, -50>; host-only damage/impulse.
Vehicles, movable prop, static container and arena boundary all stop missiles. VFX consume replicated events only.
REPLICATION_TRAFFIC {"seconds":7.1826706,"note":"Native-send application payloads including connection/chunk envelopes; excludes UDP/GNS overhead/retransmissions. Full harness lifecycle, not a steady-state window.","sent":[{"peer":1,"protocol":"TC","delivery":"Reliable","bytes":4167,"messages":3,"peak":1389},{"peer":1,"protocol":"TI","delivery":"Reliable","bytes":80906,"messages":29,"peak":3199},{"peer":1,"protocol":"TJ","delivery":"Unreliable","bytes":1632,"messages":24,"peak":68},{"peer":1,"protocol":"TM","delivery":"Reliable","bytes":2467,"messages":5,"peak":527},{"peer":1,"protocol":"TS","delivery":"Reliable","bytes":4664,"messages":4,"peak":1765},{"peer":1,"protocol":"TS","delivery":"Unreliable","bytes":221811,"messages":232,"peak":2110},{"peer":2,"protocol":"TC","delivery":"Reliable","bytes":4167,"messages":3,"peak":1389},{"peer":2,"protocol":"TI","delivery":"Reliable","bytes":80906,"messages":29,"peak":3199},{"peer":2,"protocol":"TJ","delivery":"Unreliable","bytes":1632,"messages":24,"peak":68},{"peer":2,"protocol":"TM","delivery":"Reliable","bytes":2467,"messages":5,"peak":527},{"peer":2,"protocol":"TS","delivery":"Reliable","bytes":4664,"messages":4,"peak":1765},{"peer":2,"protocol":"TS","delivery":"Unreliable","bytes":221811,"messages":232,"peak":2110},{"peer":3,"protocol":"TC","delivery":"Reliable","bytes":4167,"messages":3,"peak":1389},{"peer":3,"protocol":"TI","delivery":"Reliable","bytes":80906,"messages":29,"peak":3199},{"peer":3,"protocol":"TJ","delivery":"Unreliable","bytes":1632,"messages":24,"peak":68},{"peer":3,"protocol":"TM","delivery":"Reliable","bytes":2467,"messages":5,"peak":527},{"peer":3,"protocol":"TS","delivery":"Reliable","bytes":4664,"messages":4,"peak":1765},{"peer":3,"protocol":"TS","delivery":"Unreliable","bytes":221811,"messages":232,"peak":2110},{"peer":4,"protocol":"TC","delivery":"Reliable","bytes":4167,"messages":3,"peak":1389},{"peer":4,"protocol":"TI","delivery":"Reliable","bytes":80906,"messages":29,"peak":3199},{"peer":4,"protocol":"TJ","delivery":"Unreliable","bytes":1632,"messages":24,"peak":68},{"peer":4,"protocol":"TM","delivery":"Reliable","bytes":2467,"messages":5,"peak":527},{"peer":4,"protocol":"TS","delivery":"Reliable","bytes":4664,"messages":4,"peak":1765},{"peer":4,"protocol":"TS","delivery":"Unreliable","bytes":221811,"messages":232,"peak":2110},{"peer":5,"protocol":"TC","delivery":"Reliable","bytes":4167,"messages":3,"peak":1389},{"peer":5,"protocol":"TI","delivery":"Reliable","bytes":80906,"messages":29,"peak":3199},{"peer":5,"protocol":"TJ","delivery":"Unreliable","bytes":1632,"messages":24,"peak":68},{"peer":5,"protocol":"TM","delivery":"Reliable","bytes":2467,"messages":5,"peak":527},{"peer":5,"protocol":"TS","delivery":"Reliable","bytes":4664,"messages":4,"peak":1765},{"peer":5,"protocol":"TS","delivery":"Unreliable","bytes":221811,"messages":232,"peak":2110},{"peer":6,"protocol":"TC","delivery":"Reliable","bytes":2778,"messages":2,"peak":1389},{"peer":6,"protocol":"TI","delivery":"Reliable","bytes":79265,"messages":28,"peak":3199},{"peer":6,"protocol":"TJ","delivery":"Unreliable","bytes":1632,"messages":24,"peak":68},{"peer":6,"protocol":"TM","delivery":"Reliable","bytes":2052,"messages":4,"peak":527},{"peer":6,"protocol":"TS","delivery":"Reliable","bytes":3333,"messages":3,"peak":1765},{"peer":6,"protocol":"TS","delivery":"Unreliable","bytes":203727,"messages":208,"peak":2110},{"peer":7,"protocol":"TC","delivery":"Reliable","bytes":1389,"messages":1,"peak":1389},{"peer":7,"protocol":"TI","delivery":"Reliable","bytes":77407,"messages":27,"peak":3199},{"peer":7,"protocol":"TJ","delivery":"Unreliable","bytes":1632,"messages":24,"peak":68},{"peer":7,"protocol":"TM","delivery":"Reliable","bytes":1581,"messages":3,"peak":527},{"peer":7,"protocol":"TS","delivery":"Reliable","bytes":1785,"messages":2,"peak":1765},{"peer":7,"protocol":"TS","delivery":"Unreliable","bytes":202003,"messages":206,"peak":2110}]}
REPLICATION_TRAFFIC {"seconds":6.8608539,"note":"Native-send application payloads including connection/chunk envelopes; excludes UDP/GNS overhead/retransmissions. Full harness lifecycle, not a steady-state window.","sent":[{"peer":1,"protocol":"TI","delivery":"Reliable","bytes":353,"messages":11,"peak":33},{"peer":1,"protocol":"TS","delivery":"Unreliable","bytes":37239,"messages":309,"peak":121}]}
REPLICATION_TRAFFIC {"seconds":6.8373397,"note":"Native-send application payloads including connection/chunk envelopes; excludes UDP/GNS overhead/retransmissions. Full harness lifecycle, not a steady-state window.","sent":[{"peer":1,"protocol":"TI","delivery":"Reliable","bytes":221,"messages":7,"peak":33},{"peer":1,"protocol":"TS","delivery":"Unreliable","bytes":40990,"messages":340,"peak":121}]}
REPLICATION_TRAFFIC {"seconds":6.8256713,"note":"Native-send application payloads including connection/chunk envelopes; excludes UDP/GNS overhead/retransmissions. Full harness lifecycle, not a steady-state window.","sent":[{"peer":1,"protocol":"TI","delivery":"Reliable","bytes":221,"messages":7,"peak":33},{"peer":1,"protocol":"TS","delivery":"Unreliable","bytes":36876,"messages":306,"peak":121}]}
REPLICATION_TRAFFIC {"seconds":6.8069718,"note":"Native-send application payloads including connection/chunk envelopes; excludes UDP/GNS overhead/retransmissions. Full harness lifecycle, not a steady-state window.","sent":[{"peer":1,"protocol":"TI","delivery":"Reliable","bytes":221,"messages":7,"peak":33},{"peer":1,"protocol":"TS","delivery":"Unreliable","bytes":40990,"messages":340,"peak":121}]}
REPLICATION_TRAFFIC {"seconds":6.7921957,"note":"Native-send application payloads including connection/chunk envelopes; excludes UDP/GNS overhead/retransmissions. Full harness lifecycle, not a steady-state window.","sent":[{"peer":1,"protocol":"TI","delivery":"Reliable","bytes":221,"messages":7,"peak":33},{"peer":1,"protocol":"TS","delivery":"Unreliable","bytes":40990,"messages":340,"peak":121}]}
REPLICATION_TRAFFIC {"seconds":6.7799887,"note":"Native-send application payloads including connection/chunk envelopes; excludes UDP/GNS overhead/retransmissions. Full harness lifecycle, not a steady-state window.","sent":[{"peer":1,"protocol":"TI","delivery":"Reliable","bytes":221,"messages":7,"peak":33},{"peer":1,"protocol":"TS","delivery":"Unreliable","bytes":40990,"messages":340,"peak":121}]}
REPLICATION_TRAFFIC {"seconds":6.7696399,"note":"Native-send application payloads including connection/chunk envelopes; excludes UDP/GNS overhead/retransmissions. Full harness lifecycle, not a steady-state window.","sent":[{"peer":1,"protocol":"TI","delivery":"Reliable","bytes":221,"messages":7,"peak":33},{"peer":1,"protocol":"TS","delivery":"Unreliable","bytes":36997,"messages":307,"peak":121}]}
Item verification artifacts: C:\Users\j_gen\Documents\Game Projects\Trackstorm\.godot\item-checks\7cfd6db181e4404cb69ca931eff2813f
