Godot Engine v4.7.2.stable.mono.official.ed1daf0bf - https://godotengine.org

Transport peer 1: Connecting; None;
Transport peer 1: Connecting; None;
Transport peer 1: Connected; None;
Transport peer 1: Connected; None;
REMATCH_RESOURCE cycle=1; generation=3895696304273375448; managed=7220312; private=525144064; handles=482; nodes=5933; objects=11772; orphans=0; inputPending=12; snapshots=20; hostEvents=66; clientEvents=66
REMATCH_RESOURCE cycle=2; generation=3895696304273375449; managed=7504520; private=551440384; handles=484; nodes=6380; objects=12685; orphans=0; inputPending=10; snapshots=20; hostEvents=131; clientEvents=134
REMATCH_RESOURCE cycle=3; generation=3895696304273375450; managed=7535928; private=556363776; handles=484; nodes=6380; objects=12685; orphans=0; inputPending=9; snapshots=20; hostEvents=195; clientEvents=202
REMATCH_RESOURCE cycle=4; generation=3895696304273375451; managed=7577288; private=551579648; handles=484; nodes=6380; objects=12685; orphans=0; inputPending=10; snapshots=20; hostEvents=259; clientEvents=269
REMATCH_RESOURCE cycle=5; generation=3895696304273375452; managed=7610208; private=554885120; handles=482; nodes=6380; objects=12685; orphans=0; inputPending=10; snapshots=20; hostEvents=323; clientEvents=335
REMATCH_RESOURCE cycle=6; generation=3895696304273375453; managed=7645064; private=556064768; handles=482; nodes=6380; objects=12685; orphans=0; inputPending=9; snapshots=20; hostEvents=387; clientEvents=405
REMATCH_RESOURCE cycle=7; generation=3895696304273375454; managed=7684032; private=555147264; handles=482; nodes=6380; objects=12685; orphans=0; inputPending=13; snapshots=20; hostEvents=451; clientEvents=470
REMATCH_RESOURCE cycle=8; generation=3895696304273375455; managed=7733160; private=555200512; handles=482; nodes=6380; objects=12685; orphans=0; inputPending=8; snapshots=20; hostEvents=514; clientEvents=535
REMATCH_RESOURCE cycle=9; generation=3895696304273375456; managed=7760288; private=556163072; handles=482; nodes=6380; objects=12685; orphans=0; inputPending=8; snapshots=20; hostEvents=577; clientEvents=601
REMATCH_RESOURCE cycle=10; generation=3895696304273375457; managed=7796296; private=552976384; handles=482; nodes=6380; objects=12685; orphans=0; inputPending=9; snapshots=20; hostEvents=640; clientEvents=667
REMATCH_RESOURCE cycle=11; generation=3895696304273375458; managed=7830816; private=553484288; handles=482; nodes=6380; objects=12685; orphans=0; inputPending=10; snapshots=20; hostEvents=703; clientEvents=732
REMATCH_RESOURCE cycle=12; generation=3895696304273375459; managed=7866488; private=552833024; handles=478; nodes=6380; objects=12685; orphans=0; inputPending=10; snapshots=20; hostEvents=767; clientEvents=798
REMATCH_RESOURCE cycle=13; generation=3895696304273375460; managed=7901864; private=551227392; handles=476; nodes=6380; objects=12685; orphans=0; inputPending=10; snapshots=20; hostEvents=830; clientEvents=863
REMATCH_RESOURCE cycle=14; generation=3895696304273375461; managed=7940400; private=553013248; handles=476; nodes=6380; objects=12685; orphans=0; inputPending=9; snapshots=20; hostEvents=894; clientEvents=929
REMATCH_RESOURCE cycle=15; generation=3895696304273375462; managed=7976544; private=557490176; handles=476; nodes=6380; objects=12685; orphans=0; inputPending=10; snapshots=20; hostEvents=958; clientEvents=996
REMATCH_RESOURCE cycle=16; generation=3895696304273375463; managed=8000024; private=554913792; handles=476; nodes=6380; objects=12685; orphans=0; inputPending=8; snapshots=20; hostEvents=1021; clientEvents=1024
REMATCH_RESOURCE cycle=17; generation=3895696304273375464; managed=8002304; private=557236224; handles=476; nodes=6380; objects=12685; orphans=0; inputPending=10; snapshots=20; hostEvents=1024; clientEvents=1024
REMATCH_RESOURCE cycle=18; generation=3895696304273375465; managed=8002864; private=552419328; handles=473; nodes=6380; objects=12685; orphans=0; inputPending=10; snapshots=20; hostEvents=1024; clientEvents=1024
REMATCH_RESOURCE cycle=19; generation=3895696304273375466; managed=8003592; private=557936640; handles=476; nodes=6380; objects=12685; orphans=0; inputPending=10; snapshots=20; hostEvents=1024; clientEvents=1024
REMATCH_RESOURCE cycle=20; generation=3895696304273375467; managed=8003960; private=556703744; handles=477; nodes=6380; objects=12685; orphans=0; inputPending=9; snapshots=20; hostEvents=1024; clientEvents=1024
REMATCH_RESOURCE cycle=21; generation=3895696304273375468; managed=8004288; private=556314624; handles=477; nodes=6380; objects=12685; orphans=0; inputPending=9; snapshots=20; hostEvents=1024; clientEvents=1024
REMATCH_RESOURCE cycle=22; generation=3895696304273375469; managed=8004872; private=552693760; handles=474; nodes=6380; objects=12685; orphans=0; inputPending=9; snapshots=20; hostEvents=1024; clientEvents=1024
REMATCH_RESOURCE cycle=23; generation=3895696304273375470; managed=8005824; private=555139072; handles=474; nodes=6380; objects=12685; orphans=0; inputPending=10; snapshots=20; hostEvents=1024; clientEvents=1024
REMATCH_RESOURCE cycle=24; generation=3895696304273375471; managed=8005944; private=553562112; handles=478; nodes=6380; objects=12685; orphans=0; inputPending=9; snapshots=20; hostEvents=1024; clientEvents=1024
REMATCH_RESOURCE cycle=25; generation=3895696304273375472; managed=8006328; private=554229760; handles=475; nodes=6380; objects=12685; orphans=0; inputPending=8; snapshots=20; hostEvents=1024; clientEvents=1024
REMATCH_RESOURCE cycle=26; generation=3895696304273375473; managed=8673896; private=552603648; handles=480; nodes=6380; objects=12685; orphans=0; inputPending=10; snapshots=20; hostEvents=1024; clientEvents=1024
REMATCH_RESOURCE cycle=27; generation=3895696304273375474; managed=8664152; private=553328640; handles=483; nodes=6380; objects=12685; orphans=0; inputPending=10; snapshots=20; hostEvents=1024; clientEvents=1024
REMATCH_RESOURCE cycle=28; generation=3895696304273375475; managed=8664384; private=559722496; handles=480; nodes=6380; objects=12685; orphans=0; inputPending=9; snapshots=20; hostEvents=1024; clientEvents=1024
REMATCH_RESOURCE cycle=29; generation=3895696304273375476; managed=8665248; private=557101056; handles=480; nodes=6380; objects=12685; orphans=0; inputPending=10; snapshots=20; hostEvents=1024; clientEvents=1024
REMATCH_RESOURCE cycle=30; generation=3895696304273375477; managed=8665960; private=559161344; handles=480; nodes=6380; objects=12685; orphans=0; inputPending=11; snapshots=20; hostEvents=1024; clientEvents=1024
REMATCH_RESOURCE cycle=31; generation=3895696304273375478; managed=8673632; private=562802688; handles=480; nodes=6380; objects=12685; orphans=0; inputPending=8; snapshots=20; hostEvents=1024; clientEvents=1024
REMATCH_RESOURCE cycle=32; generation=3895696304273375479; managed=8667440; private=557604864; handles=479; nodes=6380; objects=12685; orphans=0; inputPending=10; snapshots=20; hostEvents=1024; clientEvents=1024
REMATCH_RESOURCE cycle=33; generation=3895696304273375480; managed=8666864; private=562163712; handles=479; nodes=6380; objects=12685; orphans=0; inputPending=8; snapshots=20; hostEvents=1024; clientEvents=1024
REMATCH_RESOURCE cycle=34; generation=3895696304273375481; managed=8642328; private=557670400; handles=479; nodes=6380; objects=12685; orphans=0; inputPending=11; snapshots=20; hostEvents=1024; clientEvents=1024
REMATCH_RESOURCE cycle=35; generation=3895696304273375482; managed=8668704; private=558014464; handles=485; nodes=6380; objects=12685; orphans=0; inputPending=11; snapshots=20; hostEvents=1024; clientEvents=1024
REMATCH_RESOURCE cycle=36; generation=3895696304273375483; managed=8669544; private=558702592; handles=485; nodes=6380; objects=12685; orphans=0; inputPending=12; snapshots=20; hostEvents=1024; clientEvents=1024
REMATCH_RESOURCE cycle=37; generation=3895696304273375484; managed=8669248; private=559452160; handles=485; nodes=6380; objects=12685; orphans=0; inputPending=9; snapshots=20; hostEvents=1024; clientEvents=1024
REMATCH_RESOURCE cycle=38; generation=3895696304273375485; managed=8678424; private=557826048; handles=485; nodes=6380; objects=12685; orphans=0; inputPending=9; snapshots=20; hostEvents=1024; clientEvents=1024
REMATCH_RESOURCE cycle=39; generation=3895696304273375486; managed=8670664; private=557989888; handles=485; nodes=6380; objects=12685; orphans=0; inputPending=10; snapshots=20; hostEvents=1024; clientEvents=1024
REMATCH_RESOURCE cycle=40; generation=3895696304273375487; managed=8671392; private=558592000; handles=485; nodes=6380; objects=12685; orphans=0; inputPending=10; snapshots=20; hostEvents=1024; clientEvents=1024
REMATCH_RESOURCE cycle=41; generation=3895696304273375488; managed=8669088; private=562540544; handles=486; nodes=6380; objects=12685; orphans=0; inputPending=10; snapshots=20; hostEvents=1024; clientEvents=1024
REMATCH_RESOURCE cycle=42; generation=3895696304273375489; managed=8679800; private=558764032; handles=487; nodes=6380; objects=12685; orphans=0; inputPending=8; snapshots=20; hostEvents=1024; clientEvents=1024
REMATCH_RESOURCE cycle=43; generation=3895696304273375490; managed=8672680; private=562044928; handles=484; nodes=6380; objects=12685; orphans=0; inputPending=10; snapshots=20; hostEvents=1024; clientEvents=1024
REMATCH_RESOURCE cycle=44; generation=3895696304273375491; managed=8672856; private=562003968; handles=483; nodes=6380; objects=12685; orphans=0; inputPending=9; snapshots=20; hostEvents=1024; clientEvents=1024
REMATCH_RESOURCE cycle=45; generation=3895696304273375492; managed=8673376; private=558141440; handles=483; nodes=6380; objects=12685; orphans=0; inputPending=10; snapshots=20; hostEvents=1024; clientEvents=1024
REMATCH_RESOURCE cycle=46; generation=3895696304273375493; managed=8674080; private=562470912; handles=483; nodes=6380; objects=12685; orphans=0; inputPending=10; snapshots=20; hostEvents=1024; clientEvents=1024
REMATCH_RESOURCE cycle=47; generation=3895696304273375494; managed=8674528; private=558297088; handles=483; nodes=6380; objects=12685; orphans=0; inputPending=10; snapshots=20; hostEvents=1024; clientEvents=1024
REMATCH_RESOURCE cycle=48; generation=3895696304273375495; managed=8675712; private=562413568; handles=483; nodes=6380; objects=12685; orphans=0; inputPending=12; snapshots=20; hostEvents=1024; clientEvents=1024
REMATCH_RESOURCE cycle=49; generation=3895696304273375496; managed=8675704; private=558551040; handles=483; nodes=6380; objects=12685; orphans=0; inputPending=11; snapshots=20; hostEvents=1024; clientEvents=1024
REMATCH_RESOURCE cycle=50; generation=3895696304273375497; managed=8672080; private=558489600; handles=483; nodes=6380; objects=12685; orphans=0; inputPending=9; snapshots=20; hostEvents=1024; clientEvents=1024
Post-match integration passed: 2024 assertions.
Post-match verification artifacts: C:\Users\j_gen\Documents\Game Projects\Trackstorm\.godot\post-match-checks\813ed4015a394fe8abaa30f72b3eba6b
