Godot Engine v4.7.2.stable.mono.official.ed1daf0bf - https://godotengine.org
OpenGL API 3.3.0 NVIDIA 610.78 - Compatibility - Using Device: NVIDIA - NVIDIA GeForce RTX 4070 Laptop GPU

Transport peer 1: Connecting; None;
Transport peer 2: Connecting; None;
Transport peer 3: Connecting; None;
Transport peer 4: Connecting; None;
Transport peer 5: Connecting; None;
Transport peer 6: Connecting; None;
Transport peer 7: Connecting; None;
Transport peer 1: Connecting; None;
Transport peer 1: Connected; None;
Transport peer 1: Connecting; None;
Transport peer 1: Connected; None;
Transport peer 1: Connecting; None;
Transport peer 1: Connected; None;
Transport peer 1: Connecting; None;
Transport peer 1: Connected; None;
Transport peer 1: Connecting; None;
Transport peer 1: Connected; None;
Transport peer 1: Connecting; None;
Transport peer 1: Connected; None;
Transport peer 1: Connecting; None;
Transport peer 1: Connected; None;
Transport peer 1: Connected; None;
Transport peer 2: Connected; None;
Transport peer 3: Connected; None;
Transport peer 4: Connected; None;
Transport peer 5: Connected; None;
Transport peer 6: Connected; None;
Transport peer 7: Connected; None;
Standings integration passed: eight UDP sessions; TAB/controller hold and release; host-published ping; synchronized changing ranks/HP HUD; winner/final results; five rendered sizes; return cleanup.
Transport peer 1: Disconnected; LocalRequest; Local disconnect
Transport peer 1: Disconnected; LocalRequest; Local disconnect
Transport peer 1: Disconnected; LocalRequest; Local disconnect
Transport peer 1: Disconnected; LocalRequest; Local disconnect
Transport peer 1: Disconnected; LocalRequest; Local disconnect
Transport peer 1: Disconnected; LocalRequest; Local disconnect
Transport peer 1: Disconnected; LocalRequest; Local disconnect
