Test run for C:\Users\j_gen\Documents\Game Projects\Trackstorm\code\TransportTests\bin\Release\net10.0\Trackstorm.Transport.Tests.dll (.NETCoreApp,Version=v10.0)
A total of 1 test files matched the specified pattern.
NUnit Adapter 5.0.0.0: Test execution started
Running selected tests in C:\Users\j_gen\Documents\Game Projects\Trackstorm\code\TransportTests\bin\Release\net10.0\Trackstorm.Transport.Tests.dll
   NUnit3TestExecutor discovered 15 of 16 NUnit test cases using Current Discovery mode, Non-Explicit run
Reliable=100/100; unreliable=75/100; ping=81ms; incoming loss=0.22580647; outgoing loss=

  Passed AdversePacketsPreserveReliableOrderAndExposeDiagnostics [5 s]
  Passed ConnectionAndEstablishedTimeoutsReleaseResources [12 s]
CORRECTION tick=59; vehicle=3; error=0.1281; scheduleLag=0.0010; age=0.0005; pending=7; clientAck=39; authorityAck=42; hostTick=60; snapshotTick=57
  Passed HostAndSevenClientsRejectExcessAndReconnect [95 ms]
  Passed OccupiedListenerReportsBindErrorAndCanRecoverAfterOwnerCloses [2 ms]
  Passed RejectsInvalidOperationsAndBoundsReceiveQueue [59 ms]
  Passed RepeatedHostJoinAndStopReleasesListenerAndPeers [197 ms]
prediction-limited client ticks=0; during probe window plus 0.5s drain=0; elsewhere=0
delivered stale probes=60; controlled dropped snapshots=5; native loss is configured, not individually observable
delivered stale probes=60; controlled dropped snapshots=5; native loss is configured, not individually observable
delivered stale probes=60; controlled dropped snapshots=5; native loss is configured, not individually observable
delivered stale probes=60; controlled dropped snapshots=5; native loss is configured, not individually observable
delivered stale probes=60; controlled dropped snapshots=5; native loss is configured, not individually observable
delivered stale probes=60; controlled dropped snapshots=5; native loss is configured, not individually observable
delivered stale probes=60; controlled dropped snapshots=5; native loss is configured, not individually observable
startup max=0.1281m; steady p99=0.0000m; steady max=0.0000m; steady >1cm=0; max pending at completion=11
players=8; outbound delay=30ms; jitter=10ms; loss=0%; corrections=1682; p99=0.0000m; max=0.1281m; snapshots/client=244; stale packets rejected

TenMinuteEightPlayerImpairmentSoak: Sustained native soak; run separately from the ordinary fast gate.
  Passed EightPlayerControlledSnapshotLossConverges [12 s]
  Skipped TenMinuteEightPlayerImpairmentSoak [< 1 ms]
prediction-limited client ticks=0; during probe window plus 0.5s drain=0; elsewhere=0
delivered stale probes=60; controlled dropped snapshots=0; native loss is configured, not individually observable
startup max=0.0000m; steady p99=0.0000m; steady max=0.0000m; steady >1cm=0; max pending at completion=4
players=2; outbound delay=0ms; jitter=0ms; loss=0%; corrections=238; p99=0.0000m; max=0.0000m; snapshots/client=239; stale packets rejected

  Passed VehicleLoopConvergesAcrossNetworkConditions(2,0,0,0.0f,0.0f) [11 s]
CORRECTION tick=109; vehicle=2; error=0.2643; scheduleLag=0.0018; age=0.0000; pending=4; clientAck=96; authorityAck=98; hostTick=110; snapshotTick=108
prediction-limited client ticks=0; during probe window plus 0.5s drain=0; elsewhere=0
delivered stale probes=60; controlled dropped snapshots=0; native loss is configured, not individually observable
startup max=0.2643m; steady p99=0.0000m; steady max=0.0000m; steady >1cm=0; max pending at completion=6
players=2; outbound delay=30ms; jitter=0ms; loss=0%; corrections=237; p99=0.0000m; max=0.2643m; snapshots/client=238; stale packets rejected

  Passed VehicleLoopConvergesAcrossNetworkConditions(2,30,0,0.0f,0.0f) [11 s]
prediction-limited client ticks=0; during probe window plus 0.5s drain=0; elsewhere=0
delivered stale probes=60; controlled dropped snapshots=0; native loss is configured, not individually observable
startup max=0.0186m; steady p99=0.0000m; steady max=0.0000m; steady >1cm=0; max pending at completion=6
players=2; outbound delay=25ms; jitter=5ms; loss=0%; corrections=237; p99=0.0000m; max=0.0186m; snapshots/client=238; stale packets rejected

  Passed VehicleLoopConvergesAcrossNetworkConditions(2,25,5,0.0f,0.0f) [12 s]
prediction-limited client ticks=0; during probe window plus 0.5s drain=0; elsewhere=0
delivered stale probes=60; controlled dropped snapshots=0; native loss is configured, not individually observable
startup max=0.0298m; steady p99=0.0000m; steady max=0.0000m; steady >1cm=0; max pending at completion=10
players=2; outbound delay=50ms; jitter=10ms; loss=0%; corrections=248; p99=0.0000m; max=0.0298m; snapshots/client=256; stale packets rejected

  Passed VehicleLoopConvergesAcrossNetworkConditions(2,50,10,0.0f,0.0f) [12 s]
prediction-limited client ticks=0; during probe window plus 0.5s drain=0; elsewhere=0
delivered stale probes=59; controlled dropped snapshots=0; native loss is configured, not individually observable
startup max=0.0000m; steady p99=0.0000m; steady max=0.0111m; steady >1cm=1; max pending at completion=5
players=2; outbound delay=0ms; jitter=0ms; loss=2%; corrections=231; p99=0.0000m; max=0.0111m; snapshots/client=232; stale packets rejected

  Passed VehicleLoopConvergesAcrossNetworkConditions(2,0,0,2.0f,0.0f) [11 s]
CORRECTION tick=63; vehicle=6; error=0.1367; scheduleLag=0.0010; age=0.0001; pending=8; clientAck=41; authorityAck=45; hostTick=64; snapshotTick=60
CORRECTION tick=68; vehicle=4; error=0.1508; scheduleLag=0.0003; age=0.0000; pending=7; clientAck=47; authorityAck=50; hostTick=69; snapshotTick=66
CORRECTION tick=82; vehicle=8; error=0.1898; scheduleLag=0.0010; age=0.0001; pending=8; clientAck=60; authorityAck=64; hostTick=83; snapshotTick=79
CORRECTION tick=104; vehicle=3; error=0.2504; scheduleLag=0.0020; age=0.0000; pending=8; clientAck=82; authorityAck=85; hostTick=105; snapshotTick=102
CORRECTION tick=108; vehicle=5; error=0.2579; scheduleLag=0.0016; age=0.0000; pending=8; clientAck=86; authorityAck=90; hostTick=109; snapshotTick=105
CORRECTION tick=296; vehicle=2; error=0.1562; scheduleLag=0.0010; age=0.0001; pending=7; clientAck=277; authorityAck=280; hostTick=297; snapshotTick=294
CORRECTION tick=312; vehicle=8; error=0.1303; scheduleLag=0.0015; age=0.0000; pending=9; clientAck=289; authorityAck=293; hostTick=313; snapshotTick=309
prediction-limited client ticks=0; during probe window plus 0.5s drain=0; elsewhere=0
delivered stale probes=59; controlled dropped snapshots=0; native loss is configured, not individually observable
delivered stale probes=58; controlled dropped snapshots=0; native loss is configured, not individually observable
delivered stale probes=56; controlled dropped snapshots=0; native loss is configured, not individually observable
delivered stale probes=59; controlled dropped snapshots=0; native loss is configured, not individually observable
delivered stale probes=59; controlled dropped snapshots=0; native loss is configured, not individually observable
delivered stale probes=59; controlled dropped snapshots=0; native loss is configured, not individually observable
delivered stale probes=59; controlled dropped snapshots=0; native loss is configured, not individually observable
startup max=0.2579m; steady p99=0.0000m; steady max=0.1562m; steady >1cm=5; max pending at completion=12
players=8; outbound delay=30ms; jitter=10ms; loss=2%; corrections=1624; p99=0.0000m; max=0.2579m; snapshots/client=232; stale packets rejected

  Passed VehicleLoopConvergesAcrossNetworkConditions(8,30,10,2.0f,0.0f) [12 s]
prediction-limited client ticks=0; during probe window plus 0.5s drain=0; elsewhere=0
delivered stale probes=60; controlled dropped snapshots=0; native loss is configured, not individually observable
startup max=0.0409m; steady p99=0.0000m; steady max=0.0000m; steady >1cm=0; max pending at completion=8
players=2; outbound delay=30ms; jitter=10ms; loss=2%; corrections=238; p99=0.0000m; max=0.0409m; snapshots/client=247; stale packets rejected

  Passed VehicleLoopConvergesAcrossNetworkConditions(2,30,10,2.0f,10.0f) [12 s]
CORRECTION tick=51; vehicle=7; error=0.1027; scheduleLag=0.0010; age=0.0000; pending=8; clientAck=28; authorityAck=32; hostTick=52; snapshotTick=48
CORRECTION tick=51; vehicle=6; error=0.1055; scheduleLag=0.0010; age=0.0000; pending=8; clientAck=30; authorityAck=34; hostTick=52; snapshotTick=48
CORRECTION tick=59; vehicle=3; error=0.1282; scheduleLag=0.0018; age=0.0000; pending=7; clientAck=39; authorityAck=42; hostTick=60; snapshotTick=57
HOLD tick=713; vehicle=2; scheduleLag=0.0009; age=0.1329; pending=19; clientAck=682; authorityAck=694; hostTick=714; snapshotTick=702
prediction-limited client ticks=1; during probe window plus 0.5s drain=0; elsewhere=1
delivered stale probes=56; controlled dropped snapshots=0; native loss is configured, not individually observable
delivered stale probes=59; controlled dropped snapshots=0; native loss is configured, not individually observable
delivered stale probes=58; controlled dropped snapshots=0; native loss is configured, not individually observable
delivered stale probes=59; controlled dropped snapshots=0; native loss is configured, not individually observable
delivered stale probes=58; controlled dropped snapshots=0; native loss is configured, not individually observable
delivered stale probes=56; controlled dropped snapshots=0; native loss is configured, not individually observable
delivered stale probes=56; controlled dropped snapshots=0; native loss is configured, not individually observable
startup max=0.1282m; steady p99=0.0000m; steady max=0.0843m; steady >1cm=8; max pending at completion=12
players=8; outbound delay=30ms; jitter=10ms; loss=2%; corrections=1670; p99=0.0000m; max=0.1282m; snapshots/client=238; stale packets rejected

NUnit Adapter 5.0.0.0: Test execution complete
  Failed VehicleLoopConvergesAcrossNetworkConditions(8,30,10,2.0f,10.0f) [12 s]
  Error Message:
     Supported WAN conditions must not exhaust the speculative horizon.
Assert.That(limitedFrames, Is.Zero)
  Expected: 0
  But was:  1

  Stack Trace:
     at Trackstorm.Transport.Tests.NativeVehicleReplicationTests.RunVehicleLoop(Int32 players, Int32 latency, Int32 jitter, Single loss, Single reorder, Int32 durationTicks, Boolean controlledLoss) in C:\Users\j_gen\Documents\Game Projects\Trackstorm\code\TransportTests\NativeVehicleReplicationTests.cs:line 180
   at Trackstorm.Transport.Tests.NativeVehicleReplicationTests.VehicleLoopConvergesAcrossNetworkConditions(Int32 players, Int32 latency, Int32 jitter, Single loss, Single reorder) in C:\Users\j_gen\Documents\Game Projects\Trackstorm\code\TransportTests\NativeVehicleReplicationTests.cs:line 34
   at InvokeStub_NativeVehicleReplicationTests.VehicleLoopConvergesAcrossNetworkConditions(Object, Span`1)

1)    at Trackstorm.Transport.Tests.NativeVehicleReplicationTests.<>c__DisplayClass3_0.<RunVehicleLoop>b__0() in C:\Users\j_gen\Documents\Game Projects\Trackstorm\code\TransportTests\NativeVehicleReplicationTests.cs:line 184
   at NUnit.Framework.Assert.Multiple(TestDelegate testDelegate)
   at Trackstorm.Transport.Tests.NativeVehicleReplicationTests.RunVehicleLoop(Int32 players, Int32 latency, Int32 jitter, Single loss, Single reorder, Int32 durationTicks, Boolean controlledLoss) in C:\Users\j_gen\Documents\Game Projects\Trackstorm\code\TransportTests\NativeVehicleReplicationTests.cs:line 180
   at Trackstorm.Transport.Tests.NativeVehicleReplicationTests.VehicleLoopConvergesAcrossNetworkConditions(Int32 players, Int32 latency, Int32 jitter, Single loss, Single reorder) in C:\Users\j_gen\Documents\Game Projects\Trackstorm\code\TransportTests\NativeVehicleReplicationTests.cs:line 34
   at InvokeStub_NativeVehicleReplicationTests.VehicleLoopConvergesAcrossNetworkConditions(Object, Span`1)


  Standard Output Messages:
 prediction-limited client ticks=1; during probe window plus 0.5s drain=0; elsewhere=1
 delivered stale probes=56; controlled dropped snapshots=0; native loss is configured, not individually observable
 delivered stale probes=59; controlled dropped snapshots=0; native loss is configured, not individually observable
 delivered stale probes=58; controlled dropped snapshots=0; native loss is configured, not individually observable
 delivered stale probes=59; controlled dropped snapshots=0; native loss is configured, not individually observable
 delivered stale probes=58; controlled dropped snapshots=0; native loss is configured, not individually observable
 delivered stale probes=56; controlled dropped snapshots=0; native loss is configured, not individually observable
 delivered stale probes=56; controlled dropped snapshots=0; native loss is configured, not individually observable
 startup max=0.1282m; steady p99=0.0000m; steady max=0.0843m; steady >1cm=8; max pending at completion=12
 players=8; outbound delay=30ms; jitter=10ms; loss=2%; corrections=1670; p99=0.0000m; max=0.1282m; snapshots/client=238; stale packets rejected



Total tests: 15
     Passed: 14
     Failed: 1
Test Run Failed.
 Total time: 2.1188 Minutes
