START final-vehicles-baseline 2026-09-26T22:52:45.7258151Z
END final-vehicles-baseline pass=True
START final-vehicles-50ms 2026-09-26T22:53:17.9532112Z
END final-vehicles-50ms pass=True
START final-vehicles-100ms 2026-09-26T22:53:50.1553467Z
END final-vehicles-100ms pass=True
START final-vehicles-loss 2026-09-26T22:54:22.4234977Z
END final-vehicles-loss pass=True
START final-vehicles-eight 2026-09-26T22:54:54.7503208Z
END final-vehicles-eight pass=True
START final-items 2026-09-26T22:55:27.7730650Z
END final-items pass=True
START final-oil 2026-09-26T22:55:36.3966602Z
END final-oil pass=True
START final-nitro 2026-09-26T22:55:44.8955192Z
END final-nitro pass=True
START final-circus 2026-09-26T22:56:17.3922669Z
END final-circus pass=True
START final-match 2026-09-26T22:56:44.9046462Z
END final-match pass=True
START final-salvo 2026-09-26T22:57:24.7306488Z
END final-salvo pass=True
START final-spawns 2026-09-26T22:57:42.7567327Z
END final-spawns pass=True
START final-entry 2026-09-26T22:58:10.9752295Z
END final-entry pass=True
START final-lobby 2026-09-26T22:59:32.5931128Z
END final-lobby pass=True
START final-reconnect 2026-09-26T22:59:56.0631549Z
END final-reconnect pass=True
START final-migration-three 2026-09-26T23:02:18.4277975Z
END final-migration-three pass=True
START final-migration-two 2026-09-26T23:02:32.1836750Z
END final-migration-two pass=True
START final-migration-process 2026-09-26T23:02:42.6748531Z
END final-migration-process pass=True
START final-standings 2026-09-26T23:02:56.5509782Z
END final-standings pass=True
START final-events 2026-09-26T23:03:10.5690102Z
END final-events pass=True
START final-godot-transport 2026-09-26T23:03:21.9164174Z
END final-godot-transport pass=True
START final-eos-lifecycle 2026-09-26T23:03:22.3810076Z
END final-eos-lifecycle pass=True
START final-eos-authenticated 2026-09-26T23:03:23.9621584Z
END final-eos-authenticated pass=True
START final-startup 2026-09-26T23:04:38.0567612Z
END final-startup pass=True
