Test run for C:\Users\j_gen\Documents\Game Projects\Trackstorm\code\TransportTests\bin\Release\net10.0\Trackstorm.Transport.Tests.dll (.NETCoreApp,Version=v10.0)
A total of 1 test files matched the specified pattern.
NUnit Adapter 5.0.0.0: Test execution started
Running selected tests in C:\Users\j_gen\Documents\Game Projects\Trackstorm\code\TransportTests\bin\Release\net10.0\Trackstorm.Transport.Tests.dll
   NUnit3TestExecutor discovered 1 of 1 NUnit test cases using Current Discovery mode, Explicit run
CORRECTION tick=95; vehicle=2; error=0.2298; scheduleLag=0.0010; age=0.0004; pending=8; clientAck=75; authorityAck=78; hostTick=96; snapshotTick=93
CORRECTION tick=792; vehicle=3; error=0.1622; scheduleLag=0.0017; age=0.0001; pending=9; clientAck=771; authorityAck=775; hostTick=793; snapshotTick=789
CORRECTION tick=825; vehicle=6; error=0.2505; scheduleLag=0.0012; age=0.0000; pending=9; clientAck=804; authorityAck=808; hostTick=826; snapshotTick=822
CORRECTION tick=1032; vehicle=4; error=0.1303; scheduleLag=0.0006; age=0.0001; pending=9; clientAck=999; authorityAck=1003; hostTick=1033; snapshotTick=1029
HOLD tick=2820; vehicle=8; scheduleLag=0.0003; age=0.1484; pending=19; clientAck=2790; authorityAck=2803; hostTick=2821; snapshotTick=2808
HOLD tick=2821; vehicle=8; scheduleLag=0.0008; age=0.1653; pending=20; clientAck=2790; authorityAck=2804; hostTick=2822; snapshotTick=2808
HOLD tick=2822; vehicle=8; scheduleLag=0.0005; age=0.1817; pending=21; clientAck=2790; authorityAck=2805; hostTick=2823; snapshotTick=2808
CORRECTION tick=2823; vehicle=8; error=0.1521; scheduleLag=0.0005; age=0.0001; pending=9; clientAck=2802; authorityAck=2806; hostTick=2824; snapshotTick=2820
SOAK seconds=59.99; tick=3600; managed=16351880; private=35569664; working=95051776; handles=426; threads=20; peakPending=21; peakSnapshotAge=0.3853; received=8060; staleDelivered=2020; controlledDrops=0; gc2=1
HOLD tick=3713; vehicle=6; scheduleLag=0.0008; age=0.1174; pending=19; clientAck=3683; authorityAck=3695; hostTick=3714; snapshotTick=3702
CORRECTION tick=3714; vehicle=6; error=0.2489; scheduleLag=0.0003; age=0.0000; pending=10; clientAck=3692; authorityAck=3696; hostTick=3715; snapshotTick=3711
HOLD tick=3965; vehicle=6; scheduleLag=0.0014; age=0.1338; pending=19; clientAck=3935; authorityAck=3947; hostTick=3966; snapshotTick=3954
HOLD tick=4946; vehicle=6; scheduleLag=0.0009; age=0.1177; pending=19; clientAck=4916; authorityAck=4928; hostTick=4947; snapshotTick=4935
SOAK seconds=119.98; tick=7200; managed=6976080; private=35753984; working=95838208; handles=427; threads=20; peakPending=19; peakSnapshotAge=0.1513; received=16107; staleDelivered=4032; controlledDrops=0; gc2=1
HOLD tick=7953; vehicle=4; scheduleLag=0.0014; age=0.1514; pending=19; clientAck=7911; authorityAck=7924; hostTick=7954; snapshotTick=7941
HOLD tick=8463; vehicle=2; scheduleLag=0.0011; age=0.1508; pending=19; clientAck=8433; authorityAck=8446; hostTick=8464; snapshotTick=8451
HOLD tick=9234; vehicle=4; scheduleLag=0.0000; age=0.1319; pending=19; clientAck=9192; authorityAck=9205; hostTick=9235; snapshotTick=9222
HOLD tick=9235; vehicle=4; scheduleLag=0.0004; age=0.1490; pending=20; clientAck=9192; authorityAck=9206; hostTick=9236; snapshotTick=9222
HOLD tick=9236; vehicle=4; scheduleLag=0.0007; age=0.1659; pending=21; clientAck=9192; authorityAck=9207; hostTick=9237; snapshotTick=9222
CORRECTION tick=9237; vehicle=4; error=0.2070; scheduleLag=0.0001; age=0.0000; pending=9; clientAck=9204; authorityAck=9208; hostTick=9238; snapshotTick=9234
HOLD tick=10233; vehicle=4; scheduleLag=0.0020; age=0.1521; pending=19; clientAck=10191; authorityAck=10204; hostTick=10234; snapshotTick=10221
HOLD tick=10234; vehicle=4; scheduleLag=0.0016; age=0.1682; pending=20; clientAck=10191; authorityAck=10205; hostTick=10235; snapshotTick=10221
CORRECTION tick=10235; vehicle=4; error=0.3858; scheduleLag=0.0008; age=0.0001; pending=8; clientAck=10203; authorityAck=10206; hostTick=10236; snapshotTick=10233
SOAK seconds=179.98; tick=10800; managed=11863040; private=37888000; working=97964032; handles=425; threads=18; peakPending=21; peakSnapshotAge=0.1683; received=24177; staleDelivered=6046; controlledDrops=0; gc2=2
CORRECTION tick=11676; vehicle=4; error=0.1885; scheduleLag=0.0016; age=0.0001; pending=10; clientAck=11642; authorityAck=11646; hostTick=11677; snapshotTick=11673
HOLD tick=13197; vehicle=5; scheduleLag=0.0001; age=0.1502; pending=19; clientAck=13167; authorityAck=13180; hostTick=13198; snapshotTick=13185
HOLD tick=13365; vehicle=2; scheduleLag=0.0002; age=0.1657; pending=19; clientAck=13335; authorityAck=13348; hostTick=13366; snapshotTick=13353
SOAK seconds=239.99; tick=14400; managed=15279096; private=37478400; working=97640448; handles=425; threads=18; peakPending=19; peakSnapshotAge=0.1658; received=32197; staleDelivered=8057; controlledDrops=0; gc2=2
HOLD tick=14808; vehicle=2; scheduleLag=0.0001; age=0.1490; pending=19; clientAck=14778; authorityAck=14791; hostTick=14809; snapshotTick=14796
HOLD tick=16938; vehicle=7; scheduleLag=0.0016; age=0.1669; pending=19; clientAck=16908; authorityAck=16921; hostTick=16939; snapshotTick=16926
HOLD tick=17370; vehicle=8; scheduleLag=0.0009; age=0.1498; pending=19; clientAck=17340; authorityAck=17353; hostTick=17371; snapshotTick=17358
HOLD tick=17371; vehicle=8; scheduleLag=0.0002; age=0.1657; pending=20; clientAck=17340; authorityAck=17354; hostTick=17372; snapshotTick=17358
HOLD tick=17372; vehicle=8; scheduleLag=0.0006; age=0.1827; pending=21; clientAck=17340; authorityAck=17355; hostTick=17373; snapshotTick=17358
HOLD tick=17373; vehicle=8; scheduleLag=0.0004; age=0.1993; pending=22; clientAck=17340; authorityAck=17356; hostTick=17374; snapshotTick=17358
CORRECTION tick=17374; vehicle=8; error=0.8620; scheduleLag=0.0013; age=0.0000; pending=10; clientAck=17352; authorityAck=17357; hostTick=17375; snapshotTick=17370
HOLD tick=17579; vehicle=6; scheduleLag=0.0008; age=0.1342; pending=19; clientAck=17549; authorityAck=17561; hostTick=17580; snapshotTick=17568
CORRECTION tick=17580; vehicle=6; error=0.1646; scheduleLag=0.0020; age=0.0000; pending=10; clientAck=17558; authorityAck=17562; hostTick=17581; snapshotTick=17577
HOLD tick=17876; vehicle=6; scheduleLag=0.0021; age=0.1347; pending=19; clientAck=17846; authorityAck=17858; hostTick=17877; snapshotTick=17865
HOLD tick=17877; vehicle=6; scheduleLag=0.0005; age=0.1498; pending=20; clientAck=17846; authorityAck=17859; hostTick=17878; snapshotTick=17865
CORRECTION tick=17878; vehicle=6; error=0.1370; scheduleLag=0.0000; age=0.0000; pending=11; clientAck=17855; authorityAck=17860; hostTick=17879; snapshotTick=17874
HOLD tick=17922; vehicle=3; scheduleLag=0.0007; age=0.1338; pending=19; clientAck=17892; authorityAck=17905; hostTick=17923; snapshotTick=17910
SOAK seconds=299.98; tick=18000; managed=8034896; private=37928960; working=98910208; handles=425; threads=20; peakPending=22; peakSnapshotAge=0.1993; received=40262; staleDelivered=10068; controlledDrops=0; gc2=2
HOLD tick=18051; vehicle=7; scheduleLag=0.0017; age=0.1506; pending=19; clientAck=18021; authorityAck=18034; hostTick=18052; snapshotTick=18039
CORRECTION tick=18052; vehicle=7; error=0.1029; scheduleLag=0.0000; age=0.0000; pending=10; clientAck=18030; authorityAck=18035; hostTick=18053; snapshotTick=18048
HOLD tick=19106; vehicle=4; scheduleLag=0.0003; age=0.1324; pending=19; clientAck=19064; authorityAck=19076; hostTick=19107; snapshotTick=19095
HOLD tick=19127; vehicle=4; scheduleLag=0.0004; age=0.1491; pending=19; clientAck=19085; authorityAck=19097; hostTick=19128; snapshotTick=19116
CORRECTION tick=19752; vehicle=3; error=0.1303; scheduleLag=0.0012; age=0.0000; pending=10; clientAck=19730; authorityAck=19734; hostTick=19753; snapshotTick=19749
SOAK seconds=359.98; tick=21600; managed=12252136; private=37908480; working=99045376; handles=425; threads=20; peakPending=19; peakSnapshotAge=0.1507; received=48334; staleDelivered=12084; controlledDrops=0; gc2=3
HOLD tick=22701; vehicle=7; scheduleLag=0.0006; age=0.1334; pending=19; clientAck=22671; authorityAck=22684; hostTick=22702; snapshotTick=22689
CORRECTION tick=22795; vehicle=8; error=0.2410; scheduleLag=0.0019; age=0.0001; pending=12; clientAck=22771; authorityAck=22776; hostTick=22796; snapshotTick=22791
HOLD tick=22834; vehicle=8; scheduleLag=0.0006; age=0.1169; pending=19; clientAck=22804; authorityAck=22815; hostTick=22835; snapshotTick=22824
HOLD tick=22835; vehicle=8; scheduleLag=0.0009; age=0.1339; pending=20; clientAck=22804; authorityAck=22816; hostTick=22836; snapshotTick=22824
CORRECTION tick=22836; vehicle=8; error=0.1990; scheduleLag=0.0015; age=0.0000; pending=11; clientAck=22813; authorityAck=22817; hostTick=22837; snapshotTick=22833
CORRECTION tick=23229; vehicle=8; error=0.1093; scheduleLag=0.0014; age=0.0000; pending=10; clientAck=23207; authorityAck=23211; hostTick=23230; snapshotTick=23226
HOLD tick=23237; vehicle=8; scheduleLag=0.0001; age=0.1321; pending=19; clientAck=23207; authorityAck=23219; hostTick=23238; snapshotTick=23226
HOLD tick=23744; vehicle=8; scheduleLag=0.0002; age=0.1321; pending=19; clientAck=23714; authorityAck=23726; hostTick=23745; snapshotTick=23733
HOLD tick=24354; vehicle=5; scheduleLag=0.0006; age=0.1672; pending=19; clientAck=24324; authorityAck=24337; hostTick=24355; snapshotTick=24342
SOAK seconds=419.98; tick=25200; managed=4256128; private=37445632; working=98717696; handles=422; threads=17; peakPending=20; peakSnapshotAge=0.1673; received=56387; staleDelivered=14107; controlledDrops=0; gc2=3
HOLD tick=25205; vehicle=6; scheduleLag=0.0018; age=0.1179; pending=19; clientAck=25175; authorityAck=25187; hostTick=25206; snapshotTick=25194
HOLD tick=25206; vehicle=6; scheduleLag=0.0012; age=0.1338; pending=20; clientAck=25175; authorityAck=25188; hostTick=25207; snapshotTick=25194
HOLD tick=25364; vehicle=6; scheduleLag=0.0012; age=0.1491; pending=19; clientAck=25334; authorityAck=25346; hostTick=25365; snapshotTick=25353
CORRECTION tick=25365; vehicle=6; error=0.1728; scheduleLag=0.0016; age=0.0000; pending=10; clientAck=25343; authorityAck=25347; hostTick=25366; snapshotTick=25362
HOLD tick=25571; vehicle=8; scheduleLag=0.0001; age=0.1162; pending=19; clientAck=25541; authorityAck=25553; hostTick=25572; snapshotTick=25560
HOLD tick=25572; vehicle=8; scheduleLag=0.0012; age=0.1340; pending=20; clientAck=25541; authorityAck=25554; hostTick=25573; snapshotTick=25560
HOLD tick=25573; vehicle=8; scheduleLag=0.0011; age=0.1505; pending=21; clientAck=25541; authorityAck=25555; hostTick=25574; snapshotTick=25560
HOLD tick=25574; vehicle=8; scheduleLag=0.0000; age=0.1662; pending=22; clientAck=25541; authorityAck=25556; hostTick=25575; snapshotTick=25560
HOLD tick=25575; vehicle=8; scheduleLag=0.0004; age=0.1832; pending=23; clientAck=25541; authorityAck=25557; hostTick=25576; snapshotTick=25560
CORRECTION tick=25576; vehicle=8; error=0.1362; scheduleLag=0.0008; age=0.0000; pending=11; clientAck=25553; authorityAck=25558; hostTick=25577; snapshotTick=25572
HOLD tick=25613; vehicle=6; scheduleLag=0.0017; age=0.1336; pending=19; clientAck=25583; authorityAck=25595; hostTick=25614; snapshotTick=25602
HOLD tick=25781; vehicle=6; scheduleLag=0.0002; age=0.1335; pending=19; clientAck=25751; authorityAck=25763; hostTick=25782; snapshotTick=25770
HOLD tick=26081; vehicle=8; scheduleLag=0.0003; age=0.1329; pending=19; clientAck=26051; authorityAck=26063; hostTick=26082; snapshotTick=26070
CORRECTION tick=26082; vehicle=8; error=0.1790; scheduleLag=0.0006; age=0.0000; pending=10; clientAck=26060; authorityAck=26064; hostTick=26083; snapshotTick=26079
HOLD tick=26225; vehicle=6; scheduleLag=0.0000; age=0.1490; pending=19; clientAck=26195; authorityAck=26207; hostTick=26226; snapshotTick=26214
HOLD tick=26226; vehicle=6; scheduleLag=0.0006; age=0.1661; pending=20; clientAck=26195; authorityAck=26208; hostTick=26227; snapshotTick=26214
HOLD tick=26227; vehicle=6; scheduleLag=0.0006; age=0.1827; pending=21; clientAck=26195; authorityAck=26209; hostTick=26228; snapshotTick=26214
CORRECTION tick=26228; vehicle=6; error=0.4475; scheduleLag=0.0007; age=0.0000; pending=9; clientAck=26207; authorityAck=26210; hostTick=26229; snapshotTick=26226
HOLD tick=26636; vehicle=6; scheduleLag=0.0019; age=0.1501; pending=19; clientAck=26606; authorityAck=26618; hostTick=26637; snapshotTick=26625
HOLD tick=26637; vehicle=6; scheduleLag=0.0003; age=0.1653; pending=20; clientAck=26606; authorityAck=26619; hostTick=26638; snapshotTick=26625
HOLD tick=26638; vehicle=6; scheduleLag=0.0003; age=0.1818; pending=21; clientAck=26606; authorityAck=26620; hostTick=26639; snapshotTick=26625
HOLD tick=26639; vehicle=6; scheduleLag=0.0011; age=0.1994; pending=22; clientAck=26606; authorityAck=26621; hostTick=26640; snapshotTick=26625
CORRECTION tick=26640; vehicle=6; error=0.1558; scheduleLag=0.0003; age=0.0000; pending=10; clientAck=26618; authorityAck=26622; hostTick=26641; snapshotTick=26637
HOLD tick=28013; vehicle=8; scheduleLag=0.0018; age=0.1182; pending=19; clientAck=27983; authorityAck=27995; hostTick=28014; snapshotTick=28002
HOLD tick=28634; vehicle=8; scheduleLag=0.0005; age=0.1329; pending=19; clientAck=28604; authorityAck=28616; hostTick=28635; snapshotTick=28623
SOAK seconds=479.98; tick=28800; managed=9574608; private=38641664; working=99971072; handles=422; threads=17; peakPending=23; peakSnapshotAge=0.1994; received=64432; staleDelivered=16126; controlledDrops=0; gc2=4
HOLD tick=30746; vehicle=3; scheduleLag=0.0004; age=0.1488; pending=19; clientAck=30716; authorityAck=30728; hostTick=30747; snapshotTick=30735
CORRECTION tick=30747; vehicle=3; error=0.1045; scheduleLag=0.0008; age=0.0001; pending=10; clientAck=30725; authorityAck=30729; hostTick=30748; snapshotTick=30744
HOLD tick=30887; vehicle=8; scheduleLag=0.0018; age=0.1339; pending=19; clientAck=30857; authorityAck=30869; hostTick=30888; snapshotTick=30876
HOLD tick=30888; vehicle=8; scheduleLag=0.0012; age=0.1498; pending=20; clientAck=30857; authorityAck=30870; hostTick=30889; snapshotTick=30876
HOLD tick=30889; vehicle=8; scheduleLag=0.0004; age=0.1658; pending=21; clientAck=30857; authorityAck=30871; hostTick=30890; snapshotTick=30876
CORRECTION tick=30890; vehicle=8; error=0.1616; scheduleLag=0.0012; age=0.0000; pending=9; clientAck=30869; authorityAck=30872; hostTick=30891; snapshotTick=30888
HOLD tick=31343; vehicle=6; scheduleLag=0.0002; age=0.1484; pending=19; clientAck=31313; authorityAck=31325; hostTick=31344; snapshotTick=31332
HOLD tick=31538; vehicle=4; scheduleLag=0.0006; age=0.1488; pending=19; clientAck=31496; authorityAck=31508; hostTick=31539; snapshotTick=31527
SOAK seconds=539.98; tick=32400; managed=14463880; private=39751680; working=100638720; handles=422; threads=17; peakPending=21; peakSnapshotAge=0.1658; received=72465; staleDelivered=18131; controlledDrops=0; gc2=4
HOLD tick=33455; vehicle=6; scheduleLag=0.0016; age=0.1334; pending=19; clientAck=33425; authorityAck=33437; hostTick=33456; snapshotTick=33444
HOLD tick=34058; vehicle=8; scheduleLag=0.0002; age=0.1483; pending=19; clientAck=34028; authorityAck=34040; hostTick=34059; snapshotTick=34047
HOLD tick=34338; vehicle=2; scheduleLag=0.0011; age=0.1674; pending=19; clientAck=34308; authorityAck=34321; hostTick=34339; snapshotTick=34326
CORRECTION tick=34339; vehicle=2; error=0.1085; scheduleLag=0.0020; age=0.0001; pending=10; clientAck=34317; authorityAck=34322; hostTick=34340; snapshotTick=34335
HOLD tick=34379; vehicle=3; scheduleLag=0.0002; age=0.1499; pending=19; clientAck=34349; authorityAck=34361; hostTick=34380; snapshotTick=34368
HOLD tick=34808; vehicle=8; scheduleLag=0.0019; age=0.1502; pending=19; clientAck=34778; authorityAck=34790; hostTick=34809; snapshotTick=34797
HOLD tick=34809; vehicle=8; scheduleLag=0.0020; age=0.1670; pending=20; clientAck=34778; authorityAck=34791; hostTick=34810; snapshotTick=34797
HOLD tick=34810; vehicle=8; scheduleLag=0.0011; age=0.1826; pending=21; clientAck=34778; authorityAck=34792; hostTick=34811; snapshotTick=34797
HOLD tick=34811; vehicle=8; scheduleLag=0.0006; age=0.1993; pending=22; clientAck=34778; authorityAck=34793; hostTick=34812; snapshotTick=34797
CORRECTION tick=34812; vehicle=8; error=0.1006; scheduleLag=0.0010; age=0.0000; pending=10; clientAck=34790; authorityAck=34794; hostTick=34813; snapshotTick=34809
HOLD tick=35069; vehicle=4; scheduleLag=0.0014; age=0.1179; pending=19; clientAck=35027; authorityAck=35039; hostTick=35070; snapshotTick=35058
CORRECTION tick=35070; vehicle=4; error=0.1031; scheduleLag=0.0012; age=0.0000; pending=10; clientAck=35036; authorityAck=35040; hostTick=35071; snapshotTick=35067
HOLD tick=35348; vehicle=8; scheduleLag=0.0002; age=0.1320; pending=19; clientAck=35318; authorityAck=35330; hostTick=35349; snapshotTick=35337
CORRECTION tick=35349; vehicle=8; error=0.1509; scheduleLag=0.0009; age=0.0001; pending=10; clientAck=35327; authorityAck=35331; hostTick=35350; snapshotTick=35346
HOLD tick=35603; vehicle=4; scheduleLag=0.0005; age=0.1493; pending=19; clientAck=35561; authorityAck=35573; hostTick=35604; snapshotTick=35592
HOLD tick=35604; vehicle=4; scheduleLag=0.0007; age=0.1662; pending=20; clientAck=35561; authorityAck=35574; hostTick=35605; snapshotTick=35592
SOAK seconds=599.98; tick=36000; managed=6816224; private=39403520; working=100646912; handles=425; threads=20; peakPending=22; peakSnapshotAge=0.1993; received=80512; staleDelivered=20163; controlledDrops=0; gc2=5
prediction-limited client ticks=72; during probe window plus 0.5s drain=16; elsewhere=56
delivered stale probes=2895; controlled dropped snapshots=0; native loss is configured, not individually observable
delivered stale probes=2865; controlled dropped snapshots=0; native loss is configured, not individually observable
delivered stale probes=2895; controlled dropped snapshots=0; native loss is configured, not individually observable
delivered stale probes=2882; controlled dropped snapshots=0; native loss is configured, not individually observable
delivered stale probes=2875; controlled dropped snapshots=0; native loss is configured, not individually observable
delivered stale probes=2876; controlled dropped snapshots=0; native loss is configured, not individually observable
delivered stale probes=2875; controlled dropped snapshots=0; native loss is configured, not individually observable
startup max=0.2298m; steady p99=0.0000m; steady max=0.8620m; steady >1cm=56; max pending at completion=13
players=8; outbound delay=30ms; jitter=10ms; loss=2%; corrections=80485; p99=0.0000m; max=0.8620m; snapshots/client=11475; stale packets rejected

NUnit Adapter 5.0.0.0: Test execution complete
  Failed TenMinuteEightPlayerImpairmentSoak [10 m]
  Error Message:
   Multiple failures or warnings in test:
  1)   Supported WAN conditions must not exhaust the speculative horizon.
Assert.That(limitedFrames, Is.Zero)
  Expected: 0
  But was:  72

  2)   A percentile must not hide an isolated ordinary-driving correction.
Assert.That(steady.Max(), Is.LessThan(0.5))
  Expected: less than 0.5d
  But was:  0.861989081f


  Stack Trace:
     at Trackstorm.Transport.Tests.NativeVehicleReplicationTests.RunVehicleLoop(Int32 players, Int32 latency, Int32 jitter, Single loss, Single reorder, Int32 durationTicks, Boolean controlledLoss) in C:\Users\j_gen\Documents\Game Projects\Trackstorm\code\TransportTests\NativeVehicleReplicationTests.cs:line 188
   at Trackstorm.Transport.Tests.NativeVehicleReplicationTests.TenMinuteEightPlayerImpairmentSoak() in C:\Users\j_gen\Documents\Game Projects\Trackstorm\code\TransportTests\NativeVehicleReplicationTests.cs:line 43

1)    at Trackstorm.Transport.Tests.NativeVehicleReplicationTests.<>c__DisplayClass3_0.<RunVehicleLoop>b__0() in C:\Users\j_gen\Documents\Game Projects\Trackstorm\code\TransportTests\NativeVehicleReplicationTests.cs:line 192
   at NUnit.Framework.Assert.Multiple(TestDelegate testDelegate)
   at Trackstorm.Transport.Tests.NativeVehicleReplicationTests.RunVehicleLoop(Int32 players, Int32 latency, Int32 jitter, Single loss, Single reorder, Int32 durationTicks, Boolean controlledLoss) in C:\Users\j_gen\Documents\Game Projects\Trackstorm\code\TransportTests\NativeVehicleReplicationTests.cs:line 188
   at Trackstorm.Transport.Tests.NativeVehicleReplicationTests.TenMinuteEightPlayerImpairmentSoak() in C:\Users\j_gen\Documents\Game Projects\Trackstorm\code\TransportTests\NativeVehicleReplicationTests.cs:line 43

2)    at Trackstorm.Transport.Tests.NativeVehicleReplicationTests.<>c__DisplayClass3_0.<RunVehicleLoop>b__0() in C:\Users\j_gen\Documents\Game Projects\Trackstorm\code\TransportTests\NativeVehicleReplicationTests.cs:line 217
   at NUnit.Framework.Assert.Multiple(TestDelegate testDelegate)
   at Trackstorm.Transport.Tests.NativeVehicleReplicationTests.RunVehicleLoop(Int32 players, Int32 latency, Int32 jitter, Single loss, Single reorder, Int32 durationTicks, Boolean controlledLoss) in C:\Users\j_gen\Documents\Game Projects\Trackstorm\code\TransportTests\NativeVehicleReplicationTests.cs:line 188
   at Trackstorm.Transport.Tests.NativeVehicleReplicationTests.TenMinuteEightPlayerImpairmentSoak() in C:\Users\j_gen\Documents\Game Projects\Trackstorm\code\TransportTests\NativeVehicleReplicationTests.cs:line 43


  Standard Output Messages:
 prediction-limited client ticks=72; during probe window plus 0.5s drain=16; elsewhere=56
 delivered stale probes=2895; controlled dropped snapshots=0; native loss is configured, not individually observable
 delivered stale probes=2865; controlled dropped snapshots=0; native loss is configured, not individually observable
 delivered stale probes=2895; controlled dropped snapshots=0; native loss is configured, not individually observable
 delivered stale probes=2882; controlled dropped snapshots=0; native loss is configured, not individually observable
 delivered stale probes=2875; controlled dropped snapshots=0; native loss is configured, not individually observable
 delivered stale probes=2876; controlled dropped snapshots=0; native loss is configured, not individually observable
 delivered stale probes=2875; controlled dropped snapshots=0; native loss is configured, not individually observable
 startup max=0.2298m; steady p99=0.0000m; steady max=0.8620m; steady >1cm=56; max pending at completion=13
 players=8; outbound delay=30ms; jitter=10ms; loss=2%; corrections=80485; p99=0.0000m; max=0.8620m; snapshots/client=11475; stale packets rejected



Total tests: 1
     Failed: 1
Test Run Failed.
 Total time: 10.0095 Minutes
ERROR: Failed to open 'user://logs/godot2026-09-26T22.21.46.log'.
   at: copy (core/io/dir_access.cpp:429)
ERROR: Failed to open log file for writing: user://logs/godot.log
   at: rotate_file (core/io/logger.cpp:169)
Godot Engine v4.7.2.stable.mono.official.ed1daf0bf - https://godotengine.org

ERROR: Failed to read the root certificate store.
   at: get_system_ca_certificates (platform/windows/os_windows.cpp:2582)
Transport peer 1: Connecting; None;
Transport peer 1: Connecting; None;
Transport peer 1: Connected; None;
Transport peer 1: Connected; None;
REMATCH_RESOURCE cycle=1; generation=9179402149313335966; managed=7169872; private=520507392; handles=467; nodes=5933; objects=11772; orphans=0; inputPending=11; snapshots=20; hostEvents=66; clientEvents=65
REMATCH_RESOURCE cycle=2; generation=9179402149313335967; managed=7506048; private=552775680; handles=469; nodes=6380; objects=12682; orphans=0; inputPending=10; snapshots=20; hostEvents=130; clientEvents=134
REMATCH_RESOURCE cycle=3; generation=9179402149313335968; managed=7537344; private=561852416; handles=469; nodes=6380; objects=12682; orphans=0; inputPending=9; snapshots=20; hostEvents=194; clientEvents=201
REMATCH_RESOURCE cycle=4; generation=9179402149313335969; managed=7575024; private=564305920; handles=470; nodes=6380; objects=12682; orphans=0; inputPending=7; snapshots=20; hostEvents=257; clientEvents=266
REMATCH_RESOURCE cycle=5; generation=9179402149313335970; managed=7609288; private=563019776; handles=469; nodes=6380; objects=12682; orphans=0; inputPending=9; snapshots=20; hostEvents=321; clientEvents=332
REMATCH_RESOURCE cycle=6; generation=9179402149313335971; managed=7646752; private=562782208; handles=469; nodes=6380; objects=12682; orphans=0; inputPending=10; snapshots=20; hostEvents=385; clientEvents=399
REMATCH_RESOURCE cycle=7; generation=9179402149313335972; managed=7681848; private=564183040; handles=469; nodes=6380; objects=12682; orphans=0; inputPending=10; snapshots=20; hostEvents=449; clientEvents=464
REMATCH_RESOURCE cycle=8; generation=9179402149313335973; managed=7725248; private=559742976; handles=469; nodes=6380; objects=12682; orphans=0; inputPending=9; snapshots=20; hostEvents=513; clientEvents=532
REMATCH_RESOURCE cycle=9; generation=9179402149313335974; managed=7762136; private=566542336; handles=469; nodes=6380; objects=12682; orphans=0; inputPending=13; snapshots=20; hostEvents=577; clientEvents=599
REMATCH_RESOURCE cycle=10; generation=9179402149313335975; managed=7797064; private=563613696; handles=469; nodes=6380; objects=12682; orphans=0; inputPending=11; snapshots=20; hostEvents=641; clientEvents=666
REMATCH_RESOURCE cycle=11; generation=9179402149313335976; managed=7831904; private=563175424; handles=469; nodes=6380; objects=12682; orphans=0; inputPending=10; snapshots=20; hostEvents=704; clientEvents=731
REMATCH_RESOURCE cycle=12; generation=9179402149313335977; managed=7866880; private=561668096; handles=465; nodes=6380; objects=12682; orphans=0; inputPending=9; snapshots=20; hostEvents=768; clientEvents=797
REMATCH_RESOURCE cycle=13; generation=9179402149313335978; managed=7906800; private=566444032; handles=463; nodes=6380; objects=12682; orphans=0; inputPending=9; snapshots=20; hostEvents=832; clientEvents=865
REMATCH_RESOURCE cycle=14; generation=9179402149313335979; managed=7942640; private=562692096; handles=463; nodes=6380; objects=12682; orphans=0; inputPending=9; snapshots=20; hostEvents=896; clientEvents=932
REMATCH_RESOURCE cycle=15; generation=9179402149313335980; managed=7978632; private=563240960; handles=463; nodes=6380; objects=12682; orphans=0; inputPending=10; snapshots=20; hostEvents=960; clientEvents=999
REMATCH_RESOURCE cycle=16; generation=9179402149313335981; managed=7976632; private=563765248; handles=463; nodes=6380; objects=12682; orphans=0; inputPending=12; snapshots=20; hostEvents=1024; clientEvents=1024
REMATCH_RESOURCE cycle=17; generation=9179402149313335982; managed=8002632; private=564682752; handles=460; nodes=6380; objects=12682; orphans=0; inputPending=10; snapshots=20; hostEvents=1024; clientEvents=1024
REMATCH_RESOURCE cycle=18; generation=9179402149313335983; managed=8000408; private=563183616; handles=461; nodes=6380; objects=12682; orphans=0; inputPending=11; snapshots=20; hostEvents=1024; clientEvents=1024
REMATCH_RESOURCE cycle=19; generation=9179402149313335984; managed=8003416; private=563814400; handles=461; nodes=6380; objects=12682; orphans=0; inputPending=9; snapshots=20; hostEvents=1024; clientEvents=1024
REMATCH_RESOURCE cycle=20; generation=9179402149313335985; managed=8004328; private=567603200; handles=464; nodes=6380; objects=12682; orphans=0; inputPending=11; snapshots=20; hostEvents=1024; clientEvents=1024
REMATCH_RESOURCE cycle=21; generation=9179402149313335986; managed=7980144; private=565567488; handles=464; nodes=6380; objects=12682; orphans=0; inputPending=11; snapshots=20; hostEvents=1024; clientEvents=1024
REMATCH_RESOURCE cycle=22; generation=9179402149313335987; managed=8006584; private=567746560; handles=461; nodes=6380; objects=12682; orphans=0; inputPending=10; snapshots=20; hostEvents=1024; clientEvents=1024
REMATCH_RESOURCE cycle=23; generation=9179402149313335988; managed=8006952; private=567582720; handles=462; nodes=6380; objects=12682; orphans=0; inputPending=10; snapshots=20; hostEvents=1024; clientEvents=1024
REMATCH_RESOURCE cycle=24; generation=9179402149313335989; managed=8007400; private=562237440; handles=465; nodes=6380; objects=12682; orphans=0; inputPending=10; snapshots=20; hostEvents=1024; clientEvents=1024
REMATCH_RESOURCE cycle=25; generation=9179402149313335990; managed=8008160; private=564924416; handles=465; nodes=6380; objects=12682; orphans=0; inputPending=10; snapshots=20; hostEvents=1024; clientEvents=1024
REMATCH_RESOURCE cycle=26; generation=9179402149313335991; managed=8664952; private=567271424; handles=466; nodes=6380; objects=12682; orphans=0; inputPending=9; snapshots=20; hostEvents=1024; clientEvents=1024
REMATCH_RESOURCE cycle=27; generation=9179402149313335992; managed=8673784; private=570576896; handles=469; nodes=6380; objects=12682; orphans=0; inputPending=10; snapshots=20; hostEvents=1024; clientEvents=1024
REMATCH_RESOURCE cycle=28; generation=9179402149313335993; managed=8674360; private=566509568; handles=466; nodes=6380; objects=12682; orphans=0; inputPending=10; snapshots=20; hostEvents=1024; clientEvents=1024
REMATCH_RESOURCE cycle=29; generation=9179402149313335994; managed=8666784; private=571363328; handles=466; nodes=6380; objects=12682; orphans=0; inputPending=10; snapshots=20; hostEvents=1024; clientEvents=1024
REMATCH_RESOURCE cycle=30; generation=9179402149313335995; managed=8667336; private=569237504; handles=467; nodes=6380; objects=12682; orphans=0; inputPending=10; snapshots=20; hostEvents=1024; clientEvents=1024
REMATCH_RESOURCE cycle=31; generation=9179402149313335996; managed=8641488; private=567562240; handles=467; nodes=6380; objects=12682; orphans=0; inputPending=8; snapshots=20; hostEvents=1024; clientEvents=1024
REMATCH_RESOURCE cycle=32; generation=9179402149313335997; managed=8668832; private=566517760; handles=466; nodes=6380; objects=12682; orphans=0; inputPending=10; snapshots=20; hostEvents=1024; clientEvents=1024
REMATCH_RESOURCE cycle=33; generation=9179402149313335998; managed=8669360; private=568774656; handles=466; nodes=6380; objects=12682; orphans=0; inputPending=10; snapshots=20; hostEvents=1024; clientEvents=1024
REMATCH_RESOURCE cycle=34; generation=9179402149313335999; managed=8669776; private=566677504; handles=471; nodes=6380; objects=12682; orphans=0; inputPending=10; snapshots=20; hostEvents=1024; clientEvents=1024
REMATCH_RESOURCE cycle=35; generation=9179402149313336000; managed=8670776; private=571498496; handles=472; nodes=6380; objects=12682; orphans=0; inputPending=10; snapshots=20; hostEvents=1024; clientEvents=1024
REMATCH_RESOURCE cycle=36; generation=9179402149313336001; managed=8671088; private=570417152; handles=472; nodes=6380; objects=12682; orphans=0; inputPending=10; snapshots=20; hostEvents=1024; clientEvents=1024
REMATCH_RESOURCE cycle=37; generation=9179402149313336002; managed=8671408; private=571097088; handles=472; nodes=6380; objects=12682; orphans=0; inputPending=9; snapshots=20; hostEvents=1024; clientEvents=1024
REMATCH_RESOURCE cycle=38; generation=9179402149313336003; managed=8672424; private=571162624; handles=472; nodes=6380; objects=12682; orphans=0; inputPending=10; snapshots=20; hostEvents=1024; clientEvents=1024
REMATCH_RESOURCE cycle=39; generation=9179402149313336004; managed=8672664; private=567427072; handles=472; nodes=6380; objects=12682; orphans=0; inputPending=9; snapshots=20; hostEvents=1024; clientEvents=1024
REMATCH_RESOURCE cycle=40; generation=9179402149313336005; managed=8672904; private=572104704; handles=475; nodes=6380; objects=12682; orphans=0; inputPending=8; snapshots=20; hostEvents=1024; clientEvents=1024
REMATCH_RESOURCE cycle=41; generation=9179402149313336006; managed=8673704; private=570736640; handles=472; nodes=6380; objects=12682; orphans=0; inputPending=10; snapshots=20; hostEvents=1024; clientEvents=1024
REMATCH_RESOURCE cycle=42; generation=9179402149313336007; managed=8674176; private=571817984; handles=473; nodes=6380; objects=12682; orphans=0; inputPending=11; snapshots=20; hostEvents=1024; clientEvents=1024
REMATCH_RESOURCE cycle=43; generation=9179402149313336008; managed=8673800; private=567214080; handles=469; nodes=6380; objects=12682; orphans=0; inputPending=8; snapshots=20; hostEvents=1024; clientEvents=1024
REMATCH_RESOURCE cycle=44; generation=9179402149313336009; managed=8675120; private=566423552; handles=470; nodes=6380; objects=12682; orphans=0; inputPending=10; snapshots=20; hostEvents=1024; clientEvents=1024
REMATCH_RESOURCE cycle=45; generation=9179402149313336010; managed=8675840; private=568750080; handles=470; nodes=6380; objects=12682; orphans=0; inputPending=10; snapshots=20; hostEvents=1024; clientEvents=1024
REMATCH_RESOURCE cycle=46; generation=9179402149313336011; managed=8672016; private=566792192; handles=472; nodes=6380; objects=12682; orphans=0; inputPending=9; snapshots=20; hostEvents=1024; clientEvents=1024
REMATCH_RESOURCE cycle=47; generation=9179402149313336012; managed=8676488; private=567386112; handles=472; nodes=6380; objects=12682; orphans=0; inputPending=9; snapshots=20; hostEvents=1024; clientEvents=1024
REMATCH_RESOURCE cycle=48; generation=9179402149313336013; managed=8677032; private=571498496; handles=472; nodes=6380; objects=12682; orphans=0; inputPending=10; snapshots=20; hostEvents=1024; clientEvents=1024
REMATCH_RESOURCE cycle=49; generation=9179402149313336014; managed=8677720; private=566161408; handles=472; nodes=6380; objects=12682; orphans=0; inputPending=11; snapshots=20; hostEvents=1024; clientEvents=1024
REMATCH_RESOURCE cycle=50; generation=9179402149313336015; managed=8678280; private=570712064; handles=473; nodes=6380; objects=12682; orphans=0; inputPending=11; snapshots=20; hostEvents=1024; clientEvents=1024
Post-match integration passed: 2024 assertions.
