Test run for C:\Users\j_gen\Documents\Game Projects\Trackstorm\code\TransportTests\bin\Release\net10.0\Trackstorm.Transport.Tests.dll (.NETCoreApp,Version=v10.0)
A total of 1 test files matched the specified pattern.
NUnit Adapter 5.0.0.0: Test execution started
Running selected tests in C:\Users\j_gen\Documents\Game Projects\Trackstorm\code\TransportTests\bin\Release\net10.0\Trackstorm.Transport.Tests.dll
   NUnit3TestExecutor discovered 1 of 1 NUnit test cases using Current Discovery mode, Explicit run
CORRECTION tick=71; vehicle=6; error=0.1369; scheduleLag=0.0018; age=0.0005; pending=8; clientAck=40; authorityAck=43; hostTick=72; snapshotTick=69
CORRECTION tick=440; vehicle=7; error=0.1216; scheduleLag=0.0002; age=0.0001; pending=8; clientAck=418; authorityAck=421; hostTick=441; snapshotTick=438
CORRECTION tick=457; vehicle=7; error=0.1454; scheduleLag=0.0019; age=0.0000; pending=9; clientAck=434; authorityAck=439; hostTick=458; snapshotTick=453
CORRECTION tick=459; vehicle=8; error=0.1468; scheduleLag=0.0012; age=0.0000; pending=8; clientAck=438; authorityAck=442; hostTick=460; snapshotTick=456
CORRECTION tick=495; vehicle=8; error=0.1089; scheduleLag=0.0002; age=0.0001; pending=9; clientAck=473; authorityAck=477; hostTick=496; snapshotTick=492
CORRECTION tick=1017; vehicle=2; error=0.1563; scheduleLag=0.0013; age=0.0001; pending=8; clientAck=996; authorityAck=1000; hostTick=1018; snapshotTick=1014
CORRECTION tick=1017; vehicle=3; error=0.1563; scheduleLag=0.0013; age=0.0000; pending=8; clientAck=996; authorityAck=1000; hostTick=1018; snapshotTick=1014
CORRECTION tick=1191; vehicle=2; error=0.1259; scheduleLag=0.0010; age=0.0000; pending=8; clientAck=1170; authorityAck=1174; hostTick=1192; snapshotTick=1188
CORRECTION tick=1191; vehicle=3; error=0.1259; scheduleLag=0.0010; age=0.0000; pending=8; clientAck=1170; authorityAck=1174; hostTick=1192; snapshotTick=1188
CORRECTION tick=1497; vehicle=3; error=0.1189; scheduleLag=0.0010; age=0.0001; pending=9; clientAck=1475; authorityAck=1479; hostTick=1498; snapshotTick=1494
CORRECTION tick=1908; vehicle=2; error=0.1248; scheduleLag=0.0013; age=0.0000; pending=9; clientAck=1886; authorityAck=1890; hostTick=1909; snapshotTick=1905
CORRECTION tick=1946; vehicle=3; error=0.1047; scheduleLag=0.0010; age=0.0000; pending=8; clientAck=1925; authorityAck=1928; hostTick=1947; snapshotTick=1944
CORRECTION tick=2253; vehicle=3; error=0.2169; scheduleLag=0.0011; age=0.0001; pending=8; clientAck=2232; authorityAck=2236; hostTick=2254; snapshotTick=2250
HOLD tick=2508; vehicle=5; scheduleLag=0.0012; age=0.1660; pending=19; clientAck=2477; authorityAck=2490; hostTick=2509; snapshotTick=2496
CORRECTION tick=2988; vehicle=2; error=0.2581; scheduleLag=0.0013; age=0.0000; pending=9; clientAck=2966; authorityAck=2970; hostTick=2989; snapshotTick=2985
CORRECTION tick=3345; vehicle=8; error=0.1269; scheduleLag=0.0002; age=0.0001; pending=8; clientAck=3324; authorityAck=3327; hostTick=3346; snapshotTick=3342
CORRECTION tick=3350; vehicle=8; error=0.1240; scheduleLag=0.0017; age=0.0001; pending=8; clientAck=3329; authorityAck=3332; hostTick=3351; snapshotTick=3348
CORRECTION tick=3362; vehicle=3; error=0.1169; scheduleLag=0.0001; age=0.0000; pending=8; clientAck=3341; authorityAck=3344; hostTick=3363; snapshotTick=3360
SOAK seconds=59.99; tick=3600; managed=4933296; private=35995648; working=96477184; handles=444; threads=20; peakPending=19; peakSnapshotAge=0.3685; received=8076; staleDelivered=2006; controlledDrops=0; gc2=1
CORRECTION tick=4370; vehicle=2; error=0.1000; scheduleLag=0.0003; age=0.0000; pending=8; clientAck=4349; authorityAck=4352; hostTick=4371; snapshotTick=4368
HOLD tick=4434; vehicle=8; scheduleLag=0.0010; age=0.1494; pending=19; clientAck=4403; authorityAck=4416; hostTick=4435; snapshotTick=4422
CORRECTION tick=4435; vehicle=8; error=0.2474; scheduleLag=0.0013; age=0.0000; pending=10; clientAck=4412; authorityAck=4417; hostTick=4436; snapshotTick=4431
CORRECTION tick=4451; vehicle=2; error=0.2291; scheduleLag=0.0018; age=0.0000; pending=7; clientAck=4431; authorityAck=4434; hostTick=4452; snapshotTick=4449
