Godot Engine v4.7.2.stable.mono.official.ed1daf0bf - https://godotengine.org
OpenGL API 3.3.0 NVIDIA 582.66 - Compatibility - Using Device: NVIDIA - NVIDIA GeForce GTX 1070

native-wheels-13: firstCrash=0, wheels=0, hits=0, hp=1000.0, rotation=0.00, peakRise=0.00, peakSpin=0.00, finalUp=1.000, maxStep=0.000, forwardFlip=False
native-wheels-25: firstCrash=0, wheels=0, hits=0, hp=1000.0, rotation=0.00, peakRise=0.00, peakSpin=0.00, finalUp=1.000, maxStep=0.000, forwardFlip=False
native-wheels-45: firstCrash=0, wheels=0, hits=0, hp=1000.0, rotation=0.00, peakRise=0.00, peakSpin=0.00, finalUp=1.000, maxStep=0.000, forwardFlip=False
native-nose-fast: firstCrash=6, wheels=88, hits=2, hp=940.0, rotation=5.40, peakRise=2.87, peakSpin=6.33, finalUp=1.000, maxStep=0.103, forwardFlip=True
native-nose-slow: firstCrash=10, wheels=77, hits=1, hp=996.8, rotation=2.06, peakRise=0.65, peakSpin=3.03, finalUp=1.000, maxStep=0.051, forwardFlip=True
native-rear: firstCrash=6, wheels=117, hits=2, hp=936.9, rotation=5.70, peakRise=1.95, peakSpin=4.79, finalUp=1.000, maxStep=0.078, forwardFlip=True
native-side: firstCrash=13, wheels=22, hits=1, hp=969.0, rotation=1.77, peakRise=2.24, peakSpin=3.68, finalUp=1.000, maxStep=0.101, forwardFlip=True
native-roof: firstCrash=11, wheels=141, hits=1, hp=975.8, rotation=3.39, peakRise=1.61, peakSpin=2.93, finalUp=1.000, maxStep=0.047, forwardFlip=True
native-roof-rest: firstCrash=15, wheels=143, hits=0, hp=1000.0, rotation=3.33, peakRise=0.79, peakSpin=2.84, finalUp=1.000, maxStep=0.047, forwardFlip=True
native-awkward: firstCrash=3, wheels=184, hits=4, hp=868.9, rotation=9.26, peakRise=3.49, peakSpin=6.93, finalUp=1.000, maxStep=0.120, forwardFlip=True
native-multi-flip: firstCrash=5, wheels=52, hits=5, hp=796.9, rotation=12.08, peakRise=4.07, peakSpin=8.00, finalUp=1.000, maxStep=0.133, forwardFlip=True
network-wheels-13: firstCrash=0, wheels=0, hits=0, hp=1000.0, rotation=0.00, peakRise=0.00, peakSpin=0.00, finalUp=1.000, maxStep=0.000, forwardFlip=False
network-wheels-25: firstCrash=0, wheels=0, hits=0, hp=1000.0, rotation=0.00, peakRise=0.00, peakSpin=0.00, finalUp=1.000, maxStep=0.000, forwardFlip=False
network-wheels-45: firstCrash=0, wheels=0, hits=0, hp=1000.0, rotation=0.00, peakRise=0.00, peakSpin=0.00, finalUp=1.000, maxStep=0.000, forwardFlip=False
network-nose-fast: firstCrash=4, wheels=88, hits=2, hp=941.6, rotation=5.11, peakRise=3.84, peakSpin=5.77, finalUp=1.000, maxStep=0.095, forwardFlip=True
network-nose-slow: firstCrash=8, wheels=77, hits=1, hp=998.6, rotation=2.11, peakRise=0.83, peakSpin=2.03, finalUp=1.000, maxStep=0.034, forwardFlip=True
network-rear: firstCrash=4, wheels=109, hits=2, hp=937.3, rotation=5.35, peakRise=2.13, peakSpin=4.49, finalUp=1.000, maxStep=0.074, forwardFlip=True
network-side: firstCrash=12, wheels=22, hits=1, hp=969.9, rotation=1.71, peakRise=1.46, peakSpin=3.72, finalUp=1.000, maxStep=0.061, forwardFlip=True
network-roof: firstCrash=9, wheels=111, hits=1, hp=977.7, rotation=3.32, peakRise=2.33, peakSpin=2.64, finalUp=1.000, maxStep=0.044, forwardFlip=True
network-roof-rest: firstCrash=14, wheels=117, hits=0, hp=1000.0, rotation=3.19, peakRise=0.97, peakSpin=2.47, finalUp=1.000, maxStep=0.041, forwardFlip=True
network-awkward: firstCrash=1, wheels=23, hits=4, hp=886.0, rotation=6.83, peakRise=4.47, peakSpin=6.82, finalUp=1.000, maxStep=0.112, forwardFlip=True
network-multi-flip: firstCrash=3, wheels=48, hits=3, hp=910.2, rotation=7.70, peakRise=5.15, peakSpin=8.00, finalUp=1.000, maxStep=0.132, forwardFlip=True
Crash recovery checks passed.
