Godot Engine v4.7.2.stable.mono.official.ed1daf0bf - https://godotengine.org

Two UDP peers ready; ordinary host Proxy Mine use requested.
Mine installed on the real flat platform, with terrain clearance and seated timer.
Initial seating remains exactly stable; fresh late admission started.
Late join reconstructed the persistent mine. Outer-radius force trial begins.
Outer pull produced 0.115 m/s after ten native ticks.
Mid pull produced 8.625 m/s after ten native ticks.
Close pull produced 12.065 m/s; moving remote vehicle approaches for contact.
Contact detonated once, applying 60 configured HP and 18000 N.s to the remote vehicle.
Mine response tick=1, position=<4.848941, 21.747004, 4.5>, velocity=<3.504465, 6.1007996, 0>
Mine response tick=2, position=<4.9073486, 21.845629, 4.5>, velocity=<3.504465, 5.917466, 0>
Mine response tick=3, position=<4.9657564, 21.941198, 4.5>, velocity=<3.504465, 5.734133, 0>
Mine response tick=4, position=<5.024164, 22.033712, 4.5>, velocity=<3.504465, 5.5507994, 0>
Mine response tick=5, position=<5.082572, 22.12317, 4.5>, velocity=<3.504465, 5.367466, 0>
Mine response tick=6, position=<5.14098, 22.209574, 4.5>, velocity=<3.504465, 5.1841326, 0>
Mine response tick=7, position=<5.1993876, 22.292921, 4.5>, velocity=<3.504465, 5.000799, 0>
Mine response tick=8, position=<5.2577953, 22.373213, 4.5>, velocity=<3.504465, 4.817466, 0>
Mine response tick=9, position=<5.316203, 22.450449, 4.5>, velocity=<3.504465, 4.6341324, 0>
Mine response tick=10, position=<5.374611, 22.52463, 4.5>, velocity=<3.504465, 4.450799, 0>
Mine response tick=11, position=<5.4330187, 22.595755, 4.5>, velocity=<3.504465, 4.2674656, 0>
Mine response tick=12, position=<5.4914265, 22.663824, 4.5>, velocity=<3.504465, 4.084132, 0>
Mine response tick=13, position=<5.5498343, 22.728838, 4.5>, velocity=<3.504465, 3.9007988, 0>
Mine response tick=14, position=<5.608242, 22.790796, 4.5>, velocity=<3.504465, 3.7174654, 0>
Mine response tick=15, position=<5.66665, 22.849699, 4.5>, velocity=<3.504465, 3.534132, 0>
Mine response tick=16, position=<5.7250576, 22.905546, 4.5>, velocity=<3.504465, 3.3507986, 0>
Mine response tick=17, position=<5.7834654, 22.958338, 4.5>, velocity=<3.504465, 3.1674652, 0>
Mine response tick=18, position=<5.841873, 23.008074, 4.5>, velocity=<3.504465, 2.9841318, 0>
Mine response tick=19, position=<5.900281, 23.054754, 4.5>, velocity=<3.504465, 2.8007984, 0>
Mine response tick=20, position=<5.9586887, 23.09838, 4.5>, velocity=<3.504465, 2.617465, 0>
Mine response tick=21, position=<6.0170965, 23.138948, 4.5>, velocity=<3.504465, 2.4341316, 0>
System.InvalidOperationException: native knockback motion
   at Trackstorm.Client.Verification.ProxyMineIntegrationChecks.Check(Boolean condition, String message) in C:\Users\orsin\OneDrive\Desktop\ThanTrick\Trackstorm\code\Client\Verification\ProxyMineIntegrationChecks.cs:line 278
   at Trackstorm.Client.Verification.ProxyMineIntegrationChecks._PhysicsProcess(Double delta) in C:\Users\orsin\OneDrive\Desktop\ThanTrick\Trackstorm\code\Client\Verification\ProxyMineIntegrationChecks.cs:line 161
