EXCERPT: first 40 and last 15 lines of initial import-failure run; middle omitted.
Godot Engine v4.7.2.stable.mono.official.ed1daf0bf - https://godotengine.org

ERROR: No loader found for resource: res://assets/hud/CornerAssembly.png (expected type: unknown)
   at: _load (core/io/resource_loader.cpp:332)
   C# backtrace (most recent call first):
       [0] Godot.GodotObject Godot.NativeCalls.godot_icall_3_1268(nint, nint, string, string, int) (/root/godot/modules/mono/glue/GodotSharp/GodotSharp/Generated/NativeCalls.cs:11611)
       [1] Godot.Resource Godot.ResourceLoader.Load(string, string, Godot.ResourceLoader+CacheMode) (/root/godot/modules/mono/glue/GodotSharp/GodotSharp/Generated/GodotObjects/ResourceLoader.cs:120)
       [2] T Godot.ResourceLoader.Load<T>(string, string, Godot.ResourceLoader+CacheMode) (/root/godot/modules/mono/glue/GodotSharp/GodotSharp/Core/Extensions/ResourceLoaderExtensions.cs:27)
       [3] T Trackstorm.Client.Bootstrap.StartupController.LoadResource<T>(string) (C:\Users\orsin\OneDrive\Desktop\ThanTrick\Trackstorm\code\Client\Bootstrap\StartupController.cs:55)
       [4] void Trackstorm.Client.Hud.ItemHudFrame._Ready() (C:\Users\orsin\OneDrive\Desktop\ThanTrick\Trackstorm\code\Client\Hud\ItemHudFrame.cs:24)
       [5] bool Godot.Node.InvokeGodotClassMethod(Godot.NativeInterop.godot_string_name&, Godot.NativeInterop.NativeVariantPtrArgs, Godot.NativeInterop.godot_variant&) (/root/godot/modules/mono/glue/GodotSharp/GodotSharp/Generated/GodotObjects/Node.cs:2660)
       [6] bool Godot.CanvasItem.InvokeGodotClassMethod(Godot.NativeInterop.godot_string_name&, Godot.NativeInterop.NativeVariantPtrArgs, Godot.NativeInterop.godot_variant&) (/root/godot/modules/mono/glue/GodotSharp/GodotSharp/Generated/GodotObjects/CanvasItem.cs:1845)
       [7] bool Godot.Control.InvokeGodotClassMethod(Godot.NativeInterop.godot_string_name&, Godot.NativeInterop.NativeVariantPtrArgs, Godot.NativeInterop.godot_variant&) (/root/godot/modules/mono/glue/GodotSharp/GodotSharp/Generated/GodotObjects/Control.cs:4029)
       [8] bool Godot.TextureRect.InvokeGodotClassMethod(Godot.NativeInterop.godot_string_name&, Godot.NativeInterop.NativeVariantPtrArgs, Godot.NativeInterop.godot_variant&) (/root/godot/modules/mono/glue/GodotSharp/GodotSharp/Generated/GodotObjects/TextureRect.cs:277)
       [9] bool Trackstorm.Client.Hud.ItemHudFrame.InvokeGodotClassMethod(Godot.NativeInterop.godot_string_name&, Godot.NativeInterop.NativeVariantPtrArgs, Godot.NativeInterop.godot_variant&) (C:\Users\orsin\OneDrive\Desktop\ThanTrick\Trackstorm\.godot\mono\temp\obj\Debug\Godot.SourceGenerators\Godot.SourceGenerators.ScriptMethodsGenerator\Trackstorm.Client.Hud.ItemHudFrame_ScriptMethods.generated.cs:50)
       [10] Godot.NativeInterop.godot_bool Godot.Bridge.CSharpInstanceBridge.Call(nint, Godot.NativeInterop.godot_string_name*, Godot.NativeInterop.godot_variant**, int, Godot.NativeInterop.godot_variant_call_error*, Godot.NativeInterop.godot_variant*) (/root/godot/modules/mono/glue/GodotSharp/GodotSharp/Core/Bridge/CSharpInstanceBridge.cs:24)
       [11] void Godot.NativeInterop.NativeFuncs.godotsharp_method_bind_ptrcall(nint, nint, System.Void**, System.Void*) (/root/godot/modules/mono/glue/GodotSharp/GodotSharp/Godot.SourceGenerators.Internal/Godot.SourceGenerators.Internal.UnmanagedCallbacksGenerator/Godot.NativeInterop.NativeFuncs.generated.cs:380)
       [12] void Godot.NativeCalls.godot_icall_3_912(nint, nint, nint, Godot.NativeInterop.godot_bool, int) (/root/godot/modules/mono/glue/GodotSharp/GodotSharp/Generated/NativeCalls.cs:8061)
       [13] void Godot.Node.AddChild(Godot.Node, bool, Godot.Node+InternalMode) (/root/godot/modules/mono/glue/GodotSharp/GodotSharp/Generated/GodotObjects/Node.cs:848)
       [14] void Trackstorm.Client.Hud.CombatHud._Ready() (C:\Users\orsin\OneDrive\Desktop\ThanTrick\Trackstorm\code\Client\Hud\CombatHud.cs:76)
       [15] bool Godot.Node.InvokeGodotClassMethod(Godot.NativeInterop.godot_string_name&, Godot.NativeInterop.NativeVariantPtrArgs, Godot.NativeInterop.godot_variant&) (/root/godot/modules/mono/glue/GodotSharp/GodotSharp/Generated/GodotObjects/Node.cs:2660)
       [16] bool Godot.CanvasLayer.InvokeGodotClassMethod(Godot.NativeInterop.godot_string_name&, Godot.NativeInterop.NativeVariantPtrArgs, Godot.NativeInterop.godot_variant&) (/root/godot/modules/mono/glue/GodotSharp/GodotSharp/Generated/GodotObjects/CanvasLayer.cs:417)
       [17] bool Trackstorm.Client.Hud.CombatHud.InvokeGodotClassMethod(Godot.NativeInterop.godot_string_name&, Godot.NativeInterop.NativeVariantPtrArgs, Godot.NativeInterop.godot_variant&) (C:\Users\orsin\OneDrive\Desktop\ThanTrick\Trackstorm\.godot\mono\temp\obj\Debug\Godot.SourceGenerators\Godot.SourceGenerators.ScriptMethodsGenerator\Trackstorm.Client.Hud.CombatHud_ScriptMethods.generated.cs:100)
       [18] Godot.NativeInterop.godot_bool Godot.Bridge.CSharpInstanceBridge.Call(nint, Godot.NativeInterop.godot_string_name*, Godot.NativeInterop.godot_variant**, int, Godot.NativeInterop.godot_variant_call_error*, Godot.NativeInterop.godot_variant*) (/root/godot/modules/mono/glue/GodotSharp/GodotSharp/Core/Bridge/CSharpInstanceBridge.cs:24)
       [19] void Godot.NativeInterop.NativeFuncs.godotsharp_method_bind_ptrcall(nint, nint, System.Void**, System.Void*) (/root/godot/modules/mono/glue/GodotSharp/GodotSharp/Godot.SourceGenerators.Internal/Godot.SourceGenerators.Internal.UnmanagedCallbacksGenerator/Godot.NativeInterop.NativeFuncs.generated.cs:380)
       [20] void Godot.NativeCalls.godot_icall_3_912(nint, nint, nint, Godot.NativeInterop.godot_bool, int) (/root/godot/modules/mono/glue/GodotSharp/GodotSharp/Generated/NativeCalls.cs:8061)
       [21] void Godot.Node.AddChild(Godot.Node, bool, Godot.Node+InternalMode) (/root/godot/modules/mono/glue/GodotSharp/GodotSharp/Generated/GodotObjects/Node.cs:848)
       [22] void Trackstorm.Client.Verification.NitroIntegrationChecks.AddPeer() (C:\Users\orsin\OneDrive\Desktop\ThanTrick\Trackstorm\code\Client\Verification\NitroIntegrationChecks.cs:70)
       [23] void Trackstorm.Client.Verification.NitroIntegrationChecks._Ready() (C:\Users\orsin\OneDrive\Desktop\ThanTrick\Trackstorm\code\Client\Verification\NitroIntegrationChecks.cs:45)
       [24] bool Godot.Node.InvokeGodotClassMethod(Godot.NativeInterop.godot_string_name&, Godot.NativeInterop.NativeVariantPtrArgs, Godot.NativeInterop.godot_variant&) (/root/godot/modules/mono/glue/GodotSharp/GodotSharp/Generated/GodotObjects/Node.cs:2660)
       [25] bool Trackstorm.Client.Verification.NitroIntegrationChecks.InvokeGodotClassMethod(Godot.NativeInterop.godot_string_name&, Godot.NativeInterop.NativeVariantPtrArgs, Godot.NativeInterop.godot_variant&) (C:\Users\orsin\OneDrive\Desktop\ThanTrick\Trackstorm\.godot\mono\temp\obj\Debug\Godot.SourceGenerators\Godot.SourceGenerators.ScriptMethodsGenerator\Trackstorm.Client.Verification.NitroIntegrationChecks_ScriptMethods.generated.cs:140)
       [26] Godot.NativeInterop.godot_bool Godot.Bridge.CSharpInstanceBridge.Call(nint, Godot.NativeInterop.godot_string_name*, Godot.NativeInterop.godot_variant**, int, Godot.NativeInterop.godot_variant_call_error*, Godot.NativeInterop.godot_variant*) (/root/godot/modules/mono/glue/GodotSharp/GodotSharp/Core/Bridge/CSharpInstanceBridge.cs:24)
ERROR: Error loading resource: 'res://assets/hud/CornerAssembly.png'.
   at: load (core/core_bind.cpp:82)
   C# backtrace (most recent call first):
       [0] Godot.GodotObject Godot.NativeCalls.godot_icall_3_1268(nint, nint, string, string, int) (/root/godot/modules/mono/glue/GodotSharp/GodotSharp/Generated/NativeCalls.cs:11611)
       [1] Godot.Resource Godot.ResourceLoader.Load(string, string, Godot.ResourceLoader+CacheMode) (/root/godot/modules/mono/glue/GodotSharp/GodotSharp/Generated/GodotObjects/ResourceLoader.cs:120)
       [2] T Godot.ResourceLoader.Load<T>(string, string, Godot.ResourceLoader+CacheMode) (/root/godot/modules/mono/glue/GodotSharp/GodotSharp/Core/Extensions/ResourceLoaderExtensions.cs:27)
       [3] T Trackstorm.Client.Bootstrap.StartupController.LoadResource<T>(string) (C:\Users\orsin\OneDrive\Desktop\ThanTrick\Trackstorm\code\Client\Bootstrap\StartupController.cs:55)
       [4] void Trackstorm.Client.Hud.ItemHudFrame._Ready() (C:\Users\orsin\OneDrive\Desktop\ThanTrick\Trackstorm\code\Client\Hud\ItemHudFrame.cs:24)
... omitted ...
Rocket scenario 5: start 0.00, forward -0.00 m/s; charge 79.67%; Circus unchanged.
Rocket scenarios complete; normal-drive and sustained-resource comparison begins.
Normal drive settles at 44.44 m/s; both players request Nitro.
Both peers sustain Nitro; charge drains while Wrench remains in the second slot.
Boost reaches 62.22 m/s; released at 38.67% charge.
Release recovery remains at 60.72 m/s with continuing authoritative overspeed awards.
Recovery reaches normal speed and overspeed scoring stops; reuse begins with retained charge.
Boost VFX activation observed in native peer presentation state.
Second activation drains the same grant tokens, followed by another release.
Boost VFX cutoff observed in native peer presentation state.
Third activation continues until resource exhaustion.
Both Nitro resources reach zero and clear only their physical slots.
Boost VFX cutoff observed in native peer presentation state.
REPLICATION_TRAFFIC {"seconds":33.1072852,"note":"Native-send application payloads including connection/chunk envelopes; excludes UDP/GNS overhead/retransmissions. Full harness lifecycle, not a steady-state window.","sent":[{"peer":1,"protocol":"TC","delivery":"Reliable","bytes":4527,"messages":3,"peak":1509},{"peer":1,"protocol":"TI","delivery":"Reliable","bytes":662938,"messages":692,"peak":1002},{"peer":1,"protocol":"TM","delivery":"Reliable","bytes":371755,"messages":885,"peak":425},{"peer":1,"protocol":"TS","delivery":"Reliable","bytes":1433,"messages":4,"peak":471},{"peer":1,"protocol":"TS","delivery":"Unreliable","bytes":414727,"messages":1282,"peak":471}]}
REPLICATION_TRAFFIC {"seconds":32.426666,"note":"Native-send application payloads including connection/chunk envelopes; excludes UDP/GNS overhead/retransmissions. Full harness lifecycle, not a steady-state window.","sent":[{"peer":1,"protocol":"TI","delivery":"Reliable","bytes":297,"messages":9,"peak":33},{"peer":1,"protocol":"TS","delivery":"Unreliable","bytes":146812,"messages":1922,"peak":121}]}
