Godot Engine v4.7.2.stable.mono.official.ed1daf0bf - https://godotengine.org

Rocket scenario 0: start 0.00, forward 11.40 m/s; charge 79.67%; Circus unchanged.
Rocket scenario 1: start 8.69, forward 17.91 m/s; charge 79.67%; Circus unchanged.
Rocket scenario 2: start 5.70, forward 39.50 m/s; charge 79.67%; Circus unchanged.
Rocket scenario 3: start 1.46, forward 0.83 m/s; charge 79.67%; Circus unchanged.
Rocket scenario 4: start 0.00, forward 13.07 m/s; charge 79.67%; Circus unchanged.
Rocket scenario 5: start 0.00, forward -0.00 m/s; charge 79.67%; Circus unchanged.
Rocket scenarios complete; normal-drive and sustained-resource comparison begins.
Normal drive settles at 44.44 m/s; both players request Nitro.
Both peers sustain Nitro; charge drains while Wrench remains in the second slot.
Boost reaches 62.22 m/s; released at 37.67% charge.
Release recovery remains at 60.72 m/s with continuing authoritative overspeed awards.
Recovery reaches normal speed and overspeed scoring stops; reuse begins with retained charge.
Second activation drains the same grant tokens, followed by another release.
Third activation continues until resource exhaustion.
Both Nitro resources reach zero and clear only their physical slots.
Nitro integration passed: Rocket scenario 0: start 0.00, forward 11.40 m/s; charge 79.67%; Circus unchanged.
Rocket scenario 1: start 8.69, forward 17.91 m/s; charge 79.67%; Circus unchanged.
Rocket scenario 2: start 5.70, forward 39.50 m/s; charge 79.67%; Circus unchanged.
Rocket scenario 3: start 1.46, forward 0.83 m/s; charge 79.67%; Circus unchanged.
Rocket scenario 4: start 0.00, forward 13.07 m/s; charge 79.67%; Circus unchanged.
Rocket scenario 5: start 0.00, forward -0.00 m/s; charge 79.67%; Circus unchanged.
Rocket scenarios complete; normal-drive and sustained-resource comparison begins.
Normal drive settles at 44.44 m/s; both players request Nitro.
Both peers sustain Nitro; charge drains while Wrench remains in the second slot.
Boost reaches 62.22 m/s; released at 37.67% charge.
Release recovery remains at 60.72 m/s with continuing authoritative overspeed awards.
Recovery reaches normal speed and overspeed scoring stops; reuse begins with retained charge.
Boost VFX activation observed in native peer presentation state.
Second activation drains the same grant tokens, followed by another release.
Boost VFX cutoff observed in native peer presentation state.
Third activation continues until resource exhaustion.
Both Nitro resources reach zero and clear only their physical slots.
Boost VFX cutoff observed in native peer presentation state.
REPLICATION_TRAFFIC {"seconds":33.1432559,"note":"Native-send application payloads including connection/chunk envelopes; excludes UDP/GNS overhead/retransmissions. Full harness lifecycle, not a steady-state window.","sent":[{"peer":1,"protocol":"TC","delivery":"Reliable","bytes":4527,"messages":3,"peak":1509},{"peer":1,"protocol":"TI","delivery":"Reliable","bytes":688831,"messages":719,"peak":1002},{"peer":1,"protocol":"TM","delivery":"Reliable","bytes":374052,"messages":891,"peak":425},{"peer":1,"protocol":"TS","delivery":"Reliable","bytes":1433,"messages":4,"peak":471},{"peer":1,"protocol":"TS","delivery":"Unreliable","bytes":415374,"messages":1284,"peak":471}]}
REPLICATION_TRAFFIC {"seconds":32.5038476,"note":"Native-send application payloads including connection/chunk envelopes; excludes UDP/GNS overhead/retransmissions. Full harness lifecycle, not a steady-state window.","sent":[{"peer":1,"protocol":"TI","delivery":"Reliable","bytes":297,"messages":9,"peak":33},{"peer":1,"protocol":"TS","delivery":"Unreliable","bytes":232625,"messages":1925,"peak":121}]}
