Godot Engine v4.7.2.stable.mono.official.ed1daf0bf - https://godotengine.org

practice-scrape: contactTicks=170, speed=8.96, hp=1000.0, peakUp=0.00, peakAngular=0.16, position=<1000.6717, 1.1442462, -58.058273>
practice-direct: contactTicks=90, speed=0.00, hp=900.0, peakUp=0.04, peakAngular=1.20, position=<999.38104, 1.1413316, 0.0068908683>
practice-oblique: contactTicks=108, speed=0.53, hp=903.1, peakUp=0.07, peakAngular=0.90, position=<1000.0451, 1.1402858, -8.757734>
practice-nitro-scrape: contactTicks=154, speed=62.03, hp=1000.0, peakUp=0.04, peakAngular=0.13, position=<1000.6763, 1.1475549, -162.69101>
practice-seams: contactTicks=170, speed=8.96, hp=1000.0, peakUp=0.00, peakAngular=0.16, position=<1000.6743, 1.1442294, -58.05528>
practice-corner: contactTicks=170, speed=0.00, hp=914.7, peakUp=0.02, peakAngular=1.03, position=<1000.6213, 1.1432562, -31.399607>
practice-nitro-corner: contactTicks=154, speed=0.00, hp=900.0, peakUp=0.94, peakAngular=1.23, position=<1000.5804, 1.173045, -31.422718>
practice-exit: contactTicks=4, speed=14.94, hp=1000.0, peakUp=0.00, peakAngular=0.14, position=<1004.14636, 1.1448513, -70.064896>
practice-repeated-direct-0: contactTicks=90, speed=0.00, hp=900.0, peakUp=0.04, peakAngular=1.20, position=<999.38104, 1.1413316, 0.0068908683>
practice-repeated-direct-1: contactTicks=90, speed=0.00, hp=900.0, peakUp=0.04, peakAngular=1.20, position=<999.38104, 1.1413316, 0.0068908683>
practice-repeated-direct-2: contactTicks=90, speed=0.00, hp=900.0, peakUp=0.04, peakAngular=1.20, position=<999.38104, 1.1413316, 0.0068908683>
practice-rock: contactTicks=85, speed=0.00, hp=900.0, peakUp=0.00, peakAngular=0.57, position=<1000.0164, 1.2554876, -8.756263>
practice-pillar: contactTicks=88, speed=0.00, hp=900.0, peakUp=0.02, peakAngular=1.10, position=<1006.3793, 1.142221, -0.009963813>
practice-pillar-offcenter: contactTicks=88, speed=0.00, hp=900.0, peakUp=0.02, peakAngular=1.20, position=<1006.41223, 1.1422349, 0.01176996>
practice-oval: contactTicks=279, sections=381, speed=44.02, hp=1000.0, peakAngular=0.53, peakSupportSpeed=0.46
network-scrape: contactTicks=171, speed=6.84, hp=1000.0, peakUp=0.02, peakAngular=0.20, position=<1000.44604, 1.1400415, -53.6725>
network-direct: contactTicks=27, speed=0.00, hp=900.0, peakUp=0.00, peakAngular=1.20, position=<999.3141, 1.1446244, 0.00046223326>
network-oblique: contactTicks=90, speed=0.03, hp=903.1, peakUp=0.02, peakAngular=1.08, position=<999.6859, 1.1409839, -6.5020704>
network-nitro-scrape: contactTicks=144, speed=62.03, hp=1000.0, peakUp=0.04, peakAngular=0.13, position=<1000.62024, 1.14432, -163.25395>
network-seams: contactTicks=171, speed=6.84, hp=1000.0, peakUp=0.02, peakAngular=0.20, position=<1000.44604, 1.1400414, -53.67171>
network-corner: contactTicks=61, speed=0.00, hp=922.6, peakUp=0.02, peakAngular=1.00, position=<1000.44135, 1.1438881, -31.308067>
network-nitro-corner: contactTicks=145, speed=0.00, hp=900.0, peakUp=0.04, peakAngular=1.23, position=<1000.53503, 1.1715721, -31.41241>
network-exit: contactTicks=4, speed=14.89, hp=1000.0, peakUp=0.00, peakAngular=0.17, position=<1005.63654, 1.1448023, -69.758766>
network-repeated-direct-0: contactTicks=27, speed=0.00, hp=900.0, peakUp=0.00, peakAngular=1.20, position=<999.3141, 1.1446244, 0.00046223326>
network-repeated-direct-1: contactTicks=27, speed=0.00, hp=900.0, peakUp=0.00, peakAngular=1.20, position=<999.3141, 1.1446244, 0.00046223326>
network-repeated-direct-2: contactTicks=27, speed=0.00, hp=900.0, peakUp=0.00, peakAngular=1.20, position=<999.3141, 1.1446244, 0.00046223326>
network-rock: contactTicks=11, speed=0.00, hp=900.0, peakUp=0.00, peakAngular=0.20, position=<999.97046, 1.1456151, -8.062784>
network-pillar: contactTicks=5, speed=0.00, hp=900.0, peakUp=0.07, peakAngular=1.15, position=<1006.39685, 1.1431578, 0.16977775>
network-pillar-offcenter: contactTicks=15, speed=0.00, hp=900.0, peakUp=0.00, peakAngular=0.25, position=<1006.3976, 1.1444972, -4.6527907E-06>
network-oval: contactTicks=231, sections=383, speed=43.52, hp=1000.0, peakAngular=0.58, peakSupportSpeed=0.50
Environment collision checks: failures=0
