Godot Engine v4.7.2.stable.mono.official.ed1daf0bf - https://godotengine.org

Two UDP peers ready; ordinary host Proxy Mine use requested.
Mine installed on the real flat platform, with terrain clearance and seated timer.
Initial seating remains exactly stable; fresh late admission started.
Late join reconstructed the persistent mine. Outer-radius force trial begins.
Outer pull produced 0.115 m/s after ten native ticks.
Mid pull produced 8.625 m/s after ten native ticks.
Close pull produced 12.065 m/s; moving remote vehicle approaches for contact.
Contact detonated once, applying 60 configured HP and 18000 N.s to the remote vehicle.
Replicated removal/HP and native knockback passed; stationary target trial requested.
Repeated host use magnetically reached a stationary vehicle and detonated without target movement.
Surface 1: authoritative position <49.930298, 20.764523, 4.5>, normal <-0.24740396, 0.9689124, 0>.
Stable terrain seating captured; drive-over contact trial with attraction disabled.
Bank drive-over passed; uneven terrain deployment requested.
Surface 2: authoritative position <99.99622, 20.9534, 4.49674>, normal <-0.004620304, 0.9999883, -0.0014207117>.
Stable terrain seating captured; drive-over contact trial with attraction disabled.
Uneven terrain drive-over detonated and consumed the mine once; repeated remote use passed.
Proxy Mine integration passed: Two UDP peers ready; ordinary host Proxy Mine use requested.
Mine installed on the real flat platform, with terrain clearance and seated timer.
Initial seating remains exactly stable; fresh late admission started.
Late join reconstructed the persistent mine. Outer-radius force trial begins.
Outer pull produced 0.115 m/s after ten native ticks.
Mid pull produced 8.625 m/s after ten native ticks.
Close pull produced 12.065 m/s; moving remote vehicle approaches for contact.
Contact detonated once, applying 60 configured HP and 18000 N.s to the remote vehicle.
Mine native response: peak speed=7.466 m/s, displacement=2.140 m before replicated removal.
Mine disturbance peak origin Y=23.290; after six seconds grounded=True, vertical=-0.000 m/s.
Repeated host use magnetically reached a stationary vehicle and detonated without target movement.
Surface 1: authoritative position <49.930298, 20.764523, 4.5>, normal <-0.24740396, 0.9689124, 0>.
Stable terrain seating captured; drive-over contact trial with attraction disabled.
Surface 2: authoritative position <99.99622, 20.9534, 4.49674>, normal <-0.004620304, 0.9999883, -0.0014207117>.
Stable terrain seating captured; drive-over contact trial with attraction disabled.
Uneven terrain drive-over detonated and consumed the mine once; repeated remote use passed.
Item scoring verified: 2 rival hits, 60 points; host, remote and late-join publications agree.
