Godot Engine v4.7.2.stable.mono.official.ed1daf0bf - https://godotengine.org

native-pitch: rotation=3.674 peak=2.520 releaseSpeed=0.0000 lateOrientationDrift=0.0000 landings=0 grounded=False airSeconds=4.517
native-yaw: rotation=3.152 peak=2.160 releaseSpeed=0.0000 lateOrientationDrift=0.0000 landings=0 grounded=False airSeconds=4.517
native-roll: rotation=4.718 peak=3.240 releaseSpeed=0.0000 lateOrientationDrift=0.0000 landings=0 grounded=False airSeconds=4.517
native-combined: rotation=5.979 peak=4.105 releaseSpeed=0.0000 lateOrientationDrift=0.0000 landings=0 grounded=False airSeconds=4.517
native-sustained: rotation=9.038 peak=3.240 releaseSpeed=0.0000 lateOrientationDrift=0.0000 landings=0 grounded=False airSeconds=5.850
native-crooked: rotation=4.322 peak=3.742 releaseSpeed=0.0000 lateOrientationDrift=0.0000 landings=0 grounded=False airSeconds=4.517
native-landing: rotation=0.000 peak=0.000 releaseSpeed=0.0000 lateOrientationDrift=0.0000 landings=1 grounded=True airSeconds=0.000
native-repeat: rotation=0.000 peak=0.000 releaseSpeed=0.0000 lateOrientationDrift=0.0000 landings=1 grounded=True airSeconds=0.000
native-repeat: 4 landing transitions
native-correction: rotation=0.984 peak=3.278 releaseSpeed=0.0001 lateOrientationDrift=0.0012 landings=1 grounded=True airSeconds=0.000
native-heading: rotation=1.146 peak=2.152 releaseSpeed=0.0000 lateOrientationDrift=0.0000 landings=1 grounded=True airSeconds=0.000
network-pitch: rotation=3.674 peak=2.520 releaseSpeed=0.0000 lateOrientationDrift=0.0000 landings=0 grounded=False airSeconds=4.517
network-yaw: rotation=3.152 peak=2.160 releaseSpeed=0.0000 lateOrientationDrift=0.0000 landings=0 grounded=False airSeconds=4.517
network-roll: rotation=4.718 peak=3.240 releaseSpeed=0.0000 lateOrientationDrift=0.0000 landings=0 grounded=False airSeconds=4.517
network-combined: rotation=5.979 peak=4.105 releaseSpeed=0.0000 lateOrientationDrift=0.0000 landings=0 grounded=False airSeconds=4.517
network-sustained: rotation=9.038 peak=3.240 releaseSpeed=0.0000 lateOrientationDrift=0.0000 landings=0 grounded=False airSeconds=5.850
network-crooked: rotation=4.322 peak=3.742 releaseSpeed=0.0000 lateOrientationDrift=0.0000 landings=0 grounded=False airSeconds=4.517
network-landing: rotation=0.000 peak=0.000 releaseSpeed=0.0000 lateOrientationDrift=0.0000 landings=1 grounded=True airSeconds=0.000
network-repeat: rotation=0.000 peak=0.000 releaseSpeed=0.0000 lateOrientationDrift=0.0000 landings=1 grounded=True airSeconds=0.000
network-repeat: 4 landing transitions
network-correction: rotation=0.984 peak=3.278 releaseSpeed=0.0008 lateOrientationDrift=0.0010 landings=1 grounded=True airSeconds=0.000
network-heading: rotation=1.146 peak=2.152 releaseSpeed=0.0007 lateOrientationDrift=0.0007 landings=1 grounded=True airSeconds=0.000
Air control integration passed: 20 production-adapter scenarios.
