Godot Engine v4.7.2.stable.mono.official.ed1daf0bf - https://godotengine.org

practice-Asphalt-0 uses authored support profile
practice-Asphalt-0: from rest progress 285.395 m, speed 44.440 m/s
practice-Asphalt-0 traversable without damage
practice-Asphalt-0 responds to steering
practice-Asphalt-0 recovers upright after handbrake and steering: position=<74.81562, 1.1456733, -400.774>, up=0.999, grounded=True
practice-Asphalt-0 retains drive after release
practice-Asphalt-0 returns to asphalt and accelerates continuously
practice-Asphalt-20 uses authored support profile
practice-Asphalt-20: from rest progress 254.486 m, speed 42.690 m/s
practice-Asphalt-20 traversable without damage
practice-Concrete-0 uses authored support profile
practice-Concrete-0: from rest progress 293.531 m, speed 44.440 m/s
practice-Concrete-0 traversable without damage
practice-Concrete-0 responds to steering
practice-Concrete-0 recovers upright after handbrake and steering: position=<85.981186, 1.1472417, -391.93234>, up=0.999, grounded=True
practice-Concrete-0 retains drive after release
practice-Concrete-0 returns to asphalt and accelerates continuously
practice-Concrete-20 uses authored support profile
practice-Concrete-20: from rest progress 268.703 m, speed 42.668 m/s
practice-Concrete-20 traversable without damage
practice-Dirt-0 uses authored support profile
practice-Dirt-0: from rest progress 282.759 m, speed 43.581 m/s
practice-Dirt-0 traversable without damage
practice-Dirt-0 responds to steering
practice-Dirt-0 recovers upright after handbrake and steering: position=<143.92368, 1.1423634, -372.0529>, up=1.000, grounded=True
practice-Dirt-0 retains drive after release
practice-Dirt-0 returns to asphalt and accelerates continuously
practice-Dirt-20 uses authored support profile
practice-Dirt-20: from rest progress 254.064 m, speed 41.629 m/s
practice-Dirt-20 traversable without damage
practice-Grass-0 uses authored support profile
practice-Grass-0: from rest progress 268.756 m, speed 41.953 m/s
practice-Grass-0 traversable without damage
practice-Grass-0 responds to steering
practice-Grass-0 recovers upright after handbrake and steering: position=<54.122707, 1.1455765, -346.27737>, up=0.999, grounded=True
practice-Grass-0 retains drive after release
practice-Grass-0 returns to asphalt and accelerates continuously
practice-Grass-15 uses authored support profile
practice-Grass-15: from rest progress 246.151 m, speed 40.231 m/s
practice-Grass-15 traversable without damage
practice-Mud-0 uses authored support profile
practice-Mud-0: from rest progress 151.876 m, speed 26.273 m/s
practice-Mud-0 traversable without damage
practice-Mud-0 responds to steering
practice-Mud-0 recovers upright after handbrake and steering: position=<43.424015, 1.1421876, -197.16562>, up=1.000, grounded=True
practice-Mud-0 retains drive after release
practice-Mud-0 returns to asphalt and accelerates continuously
practice-Mud-12 uses authored support profile
practice-Mud-12: from rest progress 119.126 m, speed 20.961 m/s
practice-Mud-12 traversable without damage
practice-DeepMud-0 uses authored support profile
practice-DeepMud-0: from rest progress 61.199 m, speed 8.879 m/s
practice-DeepMud-0 traversable without damage
practice-DeepMud-0 responds to steering
practice-DeepMud-0 recovers upright after handbrake and steering: position=<27.179607, 1.1438559, -72.28982>, up=1.000, grounded=True
practice-DeepMud-0 retains drive after release
practice-DeepMud-0 returns to asphalt and accelerates continuously
practice-DeepMud-10 uses authored support profile
practice-DeepMud-10: from rest progress 48.162 m, speed 7.044 m/s
practice-DeepMud-10 traversable without damage
False: approved drag and drive defaults retain terrain-specific progress
False: split Grass/Asphalt contacts retain all four native wheel materials
False: partial grass creates physical traction yaw -0.0417 rad/s with continuing drive 4.191 m/s
network-Asphalt-0 uses authored support profile
network-Asphalt-0: from rest progress 285.395 m, speed 44.440 m/s
network-Asphalt-0 traversable without damage
network-Asphalt-0 responds to steering
network-Asphalt-0 recovers upright after handbrake and steering: position=<74.81171, 1.1456536, -400.77417>, up=0.999, grounded=True
network-Asphalt-0 retains drive after release
network-Asphalt-0 returns to asphalt and accelerates continuously
network-Asphalt-20 uses authored support profile
network-Asphalt-20: from rest progress 254.488 m, speed 42.690 m/s
network-Asphalt-20 traversable without damage
network-Concrete-0 uses authored support profile
network-Concrete-0: from rest progress 293.531 m, speed 44.440 m/s
network-Concrete-0 traversable without damage
network-Concrete-0 responds to steering
network-Concrete-0 recovers upright after handbrake and steering: position=<85.9701, 1.1472262, -391.9447>, up=0.999, grounded=True
network-Concrete-0 retains drive after release
network-Concrete-0 returns to asphalt and accelerates continuously
network-Concrete-20 uses authored support profile
network-Concrete-20: from rest progress 268.705 m, speed 42.668 m/s
network-Concrete-20 traversable without damage
network-Dirt-0 uses authored support profile
network-Dirt-0: from rest progress 282.760 m, speed 43.581 m/s
network-Dirt-0 traversable without damage
network-Dirt-0 responds to steering
network-Dirt-0 recovers upright after handbrake and steering: position=<143.92766, 1.1423001, -372.05972>, up=1.000, grounded=True
network-Dirt-0 retains drive after release
network-Dirt-0 returns to asphalt and accelerates continuously
network-Dirt-20 uses authored support profile
network-Dirt-20: from rest progress 254.067 m, speed 41.629 m/s
network-Dirt-20 traversable without damage
network-Grass-0 uses authored support profile
network-Grass-0: from rest progress 268.759 m, speed 41.953 m/s
network-Grass-0 traversable without damage
network-Grass-0 responds to steering
network-Grass-0 recovers upright after handbrake and steering: position=<54.108215, 1.145594, -346.27765>, up=0.999, grounded=True
network-Grass-0 retains drive after release
network-Grass-0 returns to asphalt and accelerates continuously
network-Grass-15 uses authored support profile
network-Grass-15: from rest progress 246.156 m, speed 40.231 m/s
network-Grass-15 traversable without damage
network-Mud-0 uses authored support profile
network-Mud-0: from rest progress 151.883 m, speed 26.273 m/s
network-Mud-0 traversable without damage
network-Mud-0 responds to steering
network-Mud-0 recovers upright after handbrake and steering: position=<43.427345, 1.142178, -197.16678>, up=1.000, grounded=True
network-Mud-0 retains drive after release
network-Mud-0 returns to asphalt and accelerates continuously
network-Mud-12 uses authored support profile
network-Mud-12: from rest progress 119.133 m, speed 20.961 m/s
network-Mud-12 traversable without damage
network-DeepMud-0 uses authored support profile
network-DeepMud-0: from rest progress 61.205 m, speed 8.879 m/s
network-DeepMud-0 traversable without damage
network-DeepMud-0 responds to steering
network-DeepMud-0 recovers upright after handbrake and steering: position=<27.18581, 1.1438466, -72.28801>, up=1.000, grounded=True
network-DeepMud-0 retains drive after release
network-DeepMud-0 returns to asphalt and accelerates continuously
network-DeepMud-10 uses authored support profile
network-DeepMud-10: from rest progress 48.168 m, speed 7.044 m/s
network-DeepMud-10 traversable without damage
True: approved drag and drive defaults retain terrain-specific progress
True: split Grass/Asphalt contacts retain all four native wheel materials
True: partial grass creates physical traction yaw -0.0417 rad/s with continuing drive 4.191 m/s
Terrain handling integration passed: both adapters, six surfaces, slope starts, steering, handbrake recovery and transitions.
