  Determining projects to restore...
  All projects are up-to-date for restore.
  Epic.OnlineServices -> C:\Users\orsin\OneDrive\Desktop\ThanTrick\Trackstorm\third_party\eos\bin\Debug\net10.0\Epic.OnlineServices.dll
  Trackstorm.Core -> C:\Users\orsin\OneDrive\Desktop\ThanTrick\Trackstorm\code\Core\bin\Debug\net10.0\Trackstorm.Core.dll
  Trackstorm.Client -> C:\Users\orsin\OneDrive\Desktop\ThanTrick\Trackstorm\.godot\mono\temp\bin\Debug\Trackstorm.Client.dll
  Trackstorm.Transport.Tests -> C:\Users\orsin\OneDrive\Desktop\ThanTrick\Trackstorm\code\TransportTests\bin\Debug\net10.0\Trackstorm.Transport.Tests.dll
  Trackstorm.Core.Tests -> C:\Users\orsin\OneDrive\Desktop\ThanTrick\Trackstorm\code\Tests\bin\Debug\net10.0\Trackstorm.Core.Tests.dll

Build succeeded.
    0 Warning(s)
    0 Error(s)

Time Elapsed 00:00:08.90
Godot Engine v4.7.2.stable.mono.official.ed1daf0bf - https://godotengine.org

Drive check: end=<-2.6303737E-09, 1.1171613, -32.43406>, peak speed=19.60, peak height=4.10, supported ticks=184
Drift check: max handbrake=1, supported=144, drift ticks=53, end=<-13.320383, 1.1398404, 19.381512>
Brake check: end velocity=<9.619577E-11, 0.00073449314, -1.4041313E-19>, distance=2.76m
Cornering: low radius=9.60m; fast radius=15.31m; front slip=0.69
Steering onset: first wheel=0.016rad; yaw at 100ms=-0.143rad/s
Recovery: initial side speed=4m/s; final=0.007m/s
Handbrake recovery: entry=6, held=6, peak yaw=0.16, final side=0.000, speed=11.08
Handbrake recovery: entry=6, held=45, peak yaw=0.36, final side=0.000, speed=3.97
Handbrake recovery: entry=16, held=6, peak yaw=0.42, final side=0.000, speed=19.40
Handbrake recovery: entry=16, held=45, peak yaw=1.30, final side=0.000, speed=10.21
Power out: entry=6, held=6, throttle delay=-6, acceleration=1.087, side=0.452, yaw=0.371, recovery=0.050, final side=0.008, peak speed=16.308, peak yaw=0.371
Power out: entry=6, held=6, throttle delay=0, acceleration=-0.851, side=0.440, yaw=0.362, recovery=0.050, final side=0.009, peak speed=14.959, peak yaw=0.362
Power out: entry=6, held=6, throttle delay=6, acceleration=0.513, side=0.276, yaw=0.269, recovery=0.000, final side=0.010, peak speed=13.630, peak yaw=0.362
Power out: entry=6, held=45, throttle delay=-6, acceleration=-9.018, side=0.112, yaw=0.125, recovery=0.700, final side=0.000, peak speed=21.008, peak yaw=0.438
Power out: entry=6, held=45, throttle delay=0, acceleration=-9.221, side=0.108, yaw=0.123, recovery=0.700, final side=0.000, peak speed=20.127, peak yaw=0.438
Power out: entry=6, held=45, throttle delay=6, acceleration=0.178, side=0.016, yaw=0.036, recovery=0.400, final side=0.000, peak speed=19.104, peak yaw=0.438
Power out: entry=16, held=6, throttle delay=-6, acceleration=-1.880, side=1.029, yaw=1.159, recovery=0.050, final side=0.002, peak speed=24.981, peak yaw=1.201
Power out: entry=16, held=6, throttle delay=0, acceleration=-3.717, side=1.034, yaw=1.152, recovery=0.050, final side=0.002, peak speed=23.515, peak yaw=1.185
Power out: entry=16, held=6, throttle delay=6, acceleration=-0.253, side=0.709, yaw=1.069, recovery=0.000, final side=0.002, peak speed=22.038, peak yaw=1.183
Power out: entry=16, held=45, throttle delay=-6, acceleration=-9.986, side=0.506, yaw=2.216, recovery=0.700, final side=0.005, peak speed=26.165, peak yaw=2.288
Power out: entry=16, held=45, throttle delay=0, acceleration=-9.863, side=0.496, yaw=2.200, recovery=0.700, final side=0.004, peak speed=25.148, peak yaw=2.288
Power out: entry=16, held=45, throttle delay=6, acceleration=-5.440, side=0.422, yaw=1.791, recovery=0.400, final side=0.002, peak speed=23.991, peak yaw=2.288
Acceleration: entry=0, final=13.378
Acceleration: entry=4, final=17.325
Acceleration: entry=12, final=24.933
Brake recovery: first drive=0.383, before=0.042, after=7.276
Collision HP: player=54.35, target=54.35
Brush check: contacts=179, player HP=100.00, target HP=100.00
Blast check: max height=1.26, peak angular=0.76, end=<-19.01312, 1.145302, 17.769053>, HP=59.24
Collision shake: intensity=0%, peak=0.000000m, HP=50.598, life=41
Collision shake: intensity=25%, peak=0.070351m, HP=50.598, life=42
Collision shake: intensity=50%, peak=0.140701m, HP=50.598, life=43
Collision shake: intensity=100%, peak=0.281402m, HP=50.598, life=44
Collision shake: intensity=100%, peak=0.281402m, HP=50.598, life=45
Stationary speed: observed=0.0000 m/s, command=0.0028 m/s, HUD=Speed  0 km/h
Reverse speed: observed=4.79 m/s, HUD=Speed  17 km/h
Surface speed after 90 ticks: Concrete=13.38, Mud=8.12
Surface crossings: 8; peak speed=25.15
Live camera playtest passed: mouse orbit/smooth return, two-axis controller orbit/noisy-neutral return, displayed vehicle pose, native life reset.
Vehicle integration passed: 159 assertions.
Godot Engine v4.7.2.stable.mono.official.ed1daf0bf - https://godotengine.org

Drive check: end=<-2.6303737E-09, 1.1171613, -32.43406>, peak speed=19.60, peak height=4.10, supported ticks=184
Drift check: max handbrake=1, supported=144, drift ticks=53, end=<-13.320383, 1.1398404, 19.381512>
Brake check: end velocity=<9.619577E-11, 0.00073449314, -1.4041313E-19>, distance=2.76m
Cornering: low radius=9.60m; fast radius=15.31m; front slip=0.69
Steering onset: first wheel=0.016rad; yaw at 100ms=-0.143rad/s
Recovery: initial side speed=4m/s; final=0.007m/s
Handbrake recovery: entry=6, held=6, peak yaw=0.16, final side=0.000, speed=11.08
Handbrake recovery: entry=6, held=45, peak yaw=0.36, final side=0.000, speed=3.97
Handbrake recovery: entry=16, held=6, peak yaw=0.42, final side=0.000, speed=19.40
Handbrake recovery: entry=16, held=45, peak yaw=1.30, final side=0.000, speed=10.21
Power out: entry=6, held=6, throttle delay=-6, acceleration=1.087, side=0.452, yaw=0.371, recovery=0.050, final side=0.008, peak speed=16.308, peak yaw=0.371
Power out: entry=6, held=6, throttle delay=0, acceleration=-0.851, side=0.440, yaw=0.362, recovery=0.050, final side=0.009, peak speed=14.959, peak yaw=0.362
Power out: entry=6, held=6, throttle delay=6, acceleration=0.513, side=0.276, yaw=0.269, recovery=0.000, final side=0.010, peak speed=13.630, peak yaw=0.362
Power out: entry=6, held=45, throttle delay=-6, acceleration=-9.018, side=0.112, yaw=0.125, recovery=0.700, final side=0.000, peak speed=21.008, peak yaw=0.438
Power out: entry=6, held=45, throttle delay=0, acceleration=-9.221, side=0.108, yaw=0.123, recovery=0.700, final side=0.000, peak speed=20.127, peak yaw=0.438
Power out: entry=6, held=45, throttle delay=6, acceleration=0.178, side=0.016, yaw=0.036, recovery=0.400, final side=0.000, peak speed=19.104, peak yaw=0.438
Power out: entry=16, held=6, throttle delay=-6, acceleration=-1.880, side=1.029, yaw=1.159, recovery=0.050, final side=0.002, peak speed=24.981, peak yaw=1.201
Power out: entry=16, held=6, throttle delay=0, acceleration=-3.717, side=1.034, yaw=1.152, recovery=0.050, final side=0.002, peak speed=23.515, peak yaw=1.185
Power out: entry=16, held=6, throttle delay=6, acceleration=-0.253, side=0.709, yaw=1.069, recovery=0.000, final side=0.002, peak speed=22.038, peak yaw=1.183
Power out: entry=16, held=45, throttle delay=-6, acceleration=-9.986, side=0.506, yaw=2.216, recovery=0.700, final side=0.005, peak speed=26.165, peak yaw=2.288
Power out: entry=16, held=45, throttle delay=0, acceleration=-9.863, side=0.496, yaw=2.200, recovery=0.700, final side=0.004, peak speed=25.148, peak yaw=2.288
Power out: entry=16, held=45, throttle delay=6, acceleration=-5.440, side=0.422, yaw=1.791, recovery=0.400, final side=0.002, peak speed=23.991, peak yaw=2.288
Acceleration: entry=0, final=13.378
Acceleration: entry=4, final=17.325
Acceleration: entry=12, final=24.933
Brake recovery: first drive=0.383, before=0.042, after=7.276
Collision HP: player=54.35, target=54.35
Brush check: contacts=179, player HP=100.00, target HP=100.00
Blast check: max height=1.26, peak angular=0.76, end=<-19.01312, 1.145302, 17.769053>, HP=59.24
Collision shake: intensity=0%, peak=0.000000m, HP=50.598, life=41
Collision shake: intensity=25%, peak=0.073140m, HP=50.598, life=42
Collision shake: intensity=50%, peak=0.146281m, HP=50.598, life=43
Collision shake: intensity=100%, peak=0.292561m, HP=50.598, life=44
Collision shake: intensity=100%, peak=0.292561m, HP=50.598, life=45
Stationary speed: observed=0.0000 m/s, command=0.0028 m/s, HUD=Speed  0 km/h
Reverse speed: observed=4.79 m/s, HUD=Speed  17 km/h
Surface speed after 90 ticks: Concrete=13.38, Mud=8.12
Surface crossings: 8; peak speed=25.15
Live camera playtest passed: mouse orbit/smooth return, two-axis controller orbit/noisy-neutral return, displayed vehicle pose, native life reset.
Vehicle integration passed: 159 assertions.
Fixed-step replay matched across 30 and 144 render FPS (0.02 tolerance).
Surface replay matched across 30 and 144 render FPS (0.02 tolerance).
Vehicle verification artifacts: C:\Users\orsin\OneDrive\Desktop\ThanTrick\Trackstorm\.godot\vehicle-checks\78671f6412d74f2a8a1f88a4de190512
