  Determining projects to restore...
  All projects are up-to-date for restore.
  Epic.OnlineServices -> C:\Users\orsin\OneDrive\Desktop\ThanTrick\Trackstorm\third_party\eos\bin\Debug\net10.0\Epic.OnlineServices.dll
  Trackstorm.Core -> C:\Users\orsin\OneDrive\Desktop\ThanTrick\Trackstorm\code\Core\bin\Debug\net10.0\Trackstorm.Core.dll
  Trackstorm.Client -> C:\Users\orsin\OneDrive\Desktop\ThanTrick\Trackstorm\.godot\mono\temp\bin\Debug\Trackstorm.Client.dll
  Trackstorm.Core.Tests -> C:\Users\orsin\OneDrive\Desktop\ThanTrick\Trackstorm\code\Tests\bin\Debug\net10.0\Trackstorm.Core.Tests.dll
  Trackstorm.Transport.Tests -> C:\Users\orsin\OneDrive\Desktop\ThanTrick\Trackstorm\code\TransportTests\bin\Debug\net10.0\Trackstorm.Transport.Tests.dll

Build succeeded.
    0 Warning(s)
    0 Error(s)

Time Elapsed 00:00:17.18
Godot Engine v4.7.2.stable.mono.official.ed1daf0bf - https://godotengine.org

Drive check: end=<-0.0036183938, 1.1260759, -36.910866>, peak speed=19.46, peak height=4.09, supported ticks=183
Drift check: max handbrake=1, supported=144, drift ticks=79, end=<-19.634144, 1.1493416, 18.890293>
Brake check: end velocity=<-2.5868868E-10, -0.0022755116, 10.999999>, distance=2.67m
Cornering: low radius=6.89m; fast radius=23.80m; front slip=0.28
Steering onset: first wheel=0.063rad; yaw at 100ms=-0.393rad/s
Recovery: initial side speed=4m/s; final=0.000m/s
Handbrake recovery: entry=6, held=6, peak yaw=0.24, final side=0.000, speed=18.09
Handbrake recovery: entry=6, held=45, peak yaw=0.36, final side=0.000, speed=9.97
Handbrake recovery: entry=16, held=6, peak yaw=0.34, final side=0.000, speed=26.06
Handbrake recovery: entry=16, held=45, peak yaw=1.48, final side=0.000, speed=15.01
Power out: entry=6, held=6, throttle delay=-6, acceleration=19.273, side=0.531, yaw=0.530, recovery=0.750, final side=0.016, peak speed=30.121, peak yaw=0.535
Power out: entry=6, held=6, throttle delay=0, acceleration=18.803, side=0.496, yaw=0.485, recovery=0.750, final side=0.015, peak speed=29.015, peak yaw=0.496
Power out: entry=6, held=6, throttle delay=6, acceleration=20.168, side=0.019, yaw=0.210, recovery=0.450, final side=0.012, peak speed=27.104, peak yaw=0.496
Power out: entry=6, held=45, throttle delay=-6, acceleration=20.133, side=0.075, yaw=0.073, recovery=0.950, final side=0.000, peak speed=38.270, peak yaw=0.510
Power out: entry=6, held=45, throttle delay=0, acceleration=20.133, side=0.075, yaw=0.073, recovery=0.950, final side=0.000, peak speed=38.270, peak yaw=0.510
Power out: entry=6, held=45, throttle delay=6, acceleration=20.163, side=0.050, yaw=0.045, recovery=0.650, final side=0.000, peak speed=37.106, peak yaw=0.510
Power out: entry=16, held=6, throttle delay=-6, acceleration=18.324, side=0.319, yaw=1.290, recovery=0.750, final side=0.002, peak speed=36.752, peak yaw=1.290
Power out: entry=16, held=6, throttle delay=0, acceleration=18.047, side=0.394, yaw=1.321, recovery=0.750, final side=0.000, peak speed=35.892, peak yaw=1.321
Power out: entry=16, held=6, throttle delay=6, acceleration=18.737, side=0.805, yaw=0.879, recovery=0.450, final side=0.004, peak speed=34.346, peak yaw=1.313
Power out: entry=16, held=45, throttle delay=-6, acceleration=15.758, side=4.377, yaw=3.745, recovery=0.950, final side=0.003, peak speed=36.572, peak yaw=3.751
Power out: entry=16, held=45, throttle delay=0, acceleration=15.757, side=4.366, yaw=3.736, recovery=0.950, final side=0.002, peak speed=36.576, peak yaw=3.744
Power out: entry=16, held=45, throttle delay=6, acceleration=16.465, side=4.291, yaw=3.287, recovery=0.650, final side=0.002, peak speed=35.937, peak yaw=3.744
Acceleration: entry=0, final=30.083
Acceleration: entry=4, final=33.299
Acceleration: entry=12, final=38.434
Brake recovery: first drive=19.163, before=0.044, after=20.717
Collision HP: player=54.35, target=54.35
Brush check: contacts=179, player HP=100.00, target HP=100.00
Blast check: max height=1.65, peak angular=1.62, end=<-12.374973, 1.146509, 12.747962>, HP=59.24
Collision shake: intensity=0%, peak=0.000000m, HP=50.598, life=41
Collision shake: intensity=25%, peak=0.070351m, HP=50.598, life=42
Collision shake: intensity=50%, peak=0.140701m, HP=50.598, life=43
Collision shake: intensity=100%, peak=0.281402m, HP=50.598, life=44
Collision shake: intensity=100%, peak=0.281402m, HP=50.598, life=45
Stationary speed: observed=0.0000 m/s, command=0.0028 m/s, HUD=Speed  0 km/h
Reverse speed: observed=4.81 m/s, HUD=Speed  17 km/h
Surface speed after 90 ticks: Concrete=30.08, Mud=13.70
Surface crossings: 8; peak speed=30.71
Live camera playtest passed: mouse orbit/smooth return, two-axis controller orbit/noisy-neutral return, displayed vehicle pose, native life reset.
Vehicle integration passed: 147 assertions.
Godot Engine v4.7.2.stable.mono.official.ed1daf0bf - https://godotengine.org

Drive check: end=<-0.0036183938, 1.1260759, -36.910866>, peak speed=19.46, peak height=4.09, supported ticks=183
Drift check: max handbrake=1, supported=144, drift ticks=79, end=<-19.634144, 1.1493416, 18.890293>
Brake check: end velocity=<-2.5868868E-10, -0.0022755116, 10.999999>, distance=2.67m
Cornering: low radius=6.89m; fast radius=23.80m; front slip=0.28
Steering onset: first wheel=0.063rad; yaw at 100ms=-0.393rad/s
Recovery: initial side speed=4m/s; final=0.000m/s
Handbrake recovery: entry=6, held=6, peak yaw=0.24, final side=0.000, speed=18.09
Handbrake recovery: entry=6, held=45, peak yaw=0.36, final side=0.000, speed=9.97
Handbrake recovery: entry=16, held=6, peak yaw=0.34, final side=0.000, speed=26.06
Handbrake recovery: entry=16, held=45, peak yaw=1.48, final side=0.000, speed=15.01
Power out: entry=6, held=6, throttle delay=-6, acceleration=19.273, side=0.531, yaw=0.530, recovery=0.750, final side=0.016, peak speed=30.121, peak yaw=0.535
Power out: entry=6, held=6, throttle delay=0, acceleration=18.803, side=0.496, yaw=0.485, recovery=0.750, final side=0.015, peak speed=29.015, peak yaw=0.496
Power out: entry=6, held=6, throttle delay=6, acceleration=20.168, side=0.019, yaw=0.210, recovery=0.450, final side=0.012, peak speed=27.104, peak yaw=0.496
Power out: entry=6, held=45, throttle delay=-6, acceleration=20.133, side=0.075, yaw=0.073, recovery=0.950, final side=0.000, peak speed=38.270, peak yaw=0.510
Power out: entry=6, held=45, throttle delay=0, acceleration=20.133, side=0.075, yaw=0.073, recovery=0.950, final side=0.000, peak speed=38.270, peak yaw=0.510
Power out: entry=6, held=45, throttle delay=6, acceleration=20.163, side=0.050, yaw=0.045, recovery=0.650, final side=0.000, peak speed=37.106, peak yaw=0.510
Power out: entry=16, held=6, throttle delay=-6, acceleration=18.324, side=0.319, yaw=1.290, recovery=0.750, final side=0.002, peak speed=36.752, peak yaw=1.290
Power out: entry=16, held=6, throttle delay=0, acceleration=18.047, side=0.394, yaw=1.321, recovery=0.750, final side=0.000, peak speed=35.892, peak yaw=1.321
Power out: entry=16, held=6, throttle delay=6, acceleration=18.737, side=0.805, yaw=0.879, recovery=0.450, final side=0.004, peak speed=34.346, peak yaw=1.313
Power out: entry=16, held=45, throttle delay=-6, acceleration=15.758, side=4.377, yaw=3.745, recovery=0.950, final side=0.003, peak speed=36.572, peak yaw=3.751
Power out: entry=16, held=45, throttle delay=0, acceleration=15.757, side=4.366, yaw=3.736, recovery=0.950, final side=0.002, peak speed=36.576, peak yaw=3.744
Power out: entry=16, held=45, throttle delay=6, acceleration=16.465, side=4.291, yaw=3.287, recovery=0.650, final side=0.002, peak speed=35.937, peak yaw=3.744
Acceleration: entry=0, final=30.083
Acceleration: entry=4, final=33.299
Acceleration: entry=12, final=38.434
Brake recovery: first drive=19.163, before=0.044, after=20.717
Collision HP: player=54.35, target=54.35
Brush check: contacts=179, player HP=100.00, target HP=100.00
Blast check: max height=1.65, peak angular=1.62, end=<-12.374973, 1.146509, 12.747962>, HP=59.24
Collision shake: intensity=0%, peak=0.000000m, HP=50.598, life=41
Collision shake: intensity=25%, peak=0.073140m, HP=50.598, life=42
Collision shake: intensity=50%, peak=0.146281m, HP=50.598, life=43
Collision shake: intensity=100%, peak=0.292561m, HP=50.598, life=44
Collision shake: intensity=100%, peak=0.292561m, HP=50.598, life=45
Stationary speed: observed=0.0000 m/s, command=0.0028 m/s, HUD=Speed  0 km/h
Reverse speed: observed=4.81 m/s, HUD=Speed  17 km/h
Surface speed after 90 ticks: Concrete=30.08, Mud=13.70
Surface crossings: 8; peak speed=30.71
Live camera playtest passed: mouse orbit/smooth return, two-axis controller orbit/noisy-neutral return, displayed vehicle pose, native life reset.
Vehicle integration passed: 147 assertions.
Fixed-step replay matched across 30 and 144 render FPS (0.02 tolerance).
Surface replay matched across 30 and 144 render FPS (0.02 tolerance).
Vehicle verification artifacts: C:\Users\orsin\OneDrive\Desktop\ThanTrick\Trackstorm\.godot\vehicle-checks\de20886b36764a0e92084bcd42234715
