Godot Engine v4.7.2.stable.mono.official.ed1daf0bf - https://godotengine.org
OpenGL API 3.3.0 NVIDIA 582.66 - Compatibility - Using Device: NVIDIA - NVIDIA GeForce GTX 1070

ERROR: System.InvalidOperationException: Dressing impact BoulderTall_001/-0.25: 10 m/s native approach stopped before rock center; closest=7.56 m, approach-side distance=7.39 m, peak speed=9.78 m/s, HP=999.829.
   at Trackstorm.Client.Verification.InfieldIntegrationChecks.Check(Boolean condition, String message) in C:\Users\orsin\OneDrive\Desktop\ThanTrick\Trackstorm\code\Client\Verification\InfieldIntegrationChecks.cs:line 500
   at Trackstorm.Client.Verification.InfieldIntegrationChecks.DressingImpacts(Node3D map) in C:\Users\orsin\OneDrive\Desktop\ThanTrick\Trackstorm\code\Client\Verification\InfieldIntegrationChecks.Dressing.cs:line 45
   at Trackstorm.Client.Verification.InfieldIntegrationChecks.Run() in C:\Users\orsin\OneDrive\Desktop\ThanTrick\Trackstorm\code\Client\Verification\InfieldIntegrationChecks.cs:line 191
   at: void Trackstorm.Client.Verification.InfieldIntegrationChecks+<Run>d__26.MoveNext() (res://code/Client/Verification/InfieldIntegrationChecks.cs:191)
   C# backtrace (most recent call first):
       [0] void Godot.GD.PushError(string) (/root/godot/modules/mono/glue/GodotSharp/GodotSharp/Core/GD.cs:366)
       [1] void Trackstorm.Client.Verification.InfieldIntegrationChecks+<Run>d__26.MoveNext() (C:\Users\orsin\OneDrive\Desktop\ThanTrick\Trackstorm\code\Client\Verification\InfieldIntegrationChecks.cs:191)
       [2] void System.Threading.ExecutionContext.RunInternal(System.Threading.ExecutionContext, System.Threading.ContextCallback, object)
       [3] void System.Threading.Tasks.AwaitTaskContinuation.RunCallback(System.Threading.ContextCallback, object, System.Threading.Tasks.Task&)
       [4] void System.Threading.Tasks.Task.RunContinuations(object)
       [5] void System.Threading.Tasks.Task.FinishSlow(bool)
       [6] bool System.Threading.Tasks.Task.TrySetException(object)
       [7] void System.Runtime.CompilerServices.AsyncTaskMethodBuilder`1.SetException(System.Exception, System.Threading.Tasks.Task`1[TResult]&)
       [8] void Trackstorm.Client.Verification.InfieldIntegrationChecks+<DressingImpacts>d__37.MoveNext() (C:\Users\orsin\OneDrive\Desktop\ThanTrick\Trackstorm\code\Client\Verification\InfieldIntegrationChecks.Dressing.cs:45)
       [9] void System.Threading.ExecutionContext.RunInternal(System.Threading.ExecutionContext, System.Threading.ContextCallback, object)
       [10] void System.Threading.Tasks.AwaitTaskContinuation.RunCallback(System.Threading.ContextCallback, object, System.Threading.Tasks.Task&)
       [11] void System.Threading.Tasks.Task.RunContinuations(object)
       [12] void System.Runtime.CompilerServices.AsyncTaskMethodBuilder.SetResult()
       [13] void Trackstorm.Client.Verification.InfieldIntegrationChecks+<Frames>d__35.MoveNext() (C:\Users\orsin\OneDrive\Desktop\ThanTrick\Trackstorm\code\Client\Verification\InfieldIntegrationChecks.cs:494)
       [14] void System.Threading.ExecutionContext.RunInternal(System.Threading.ExecutionContext, System.Threading.ContextCallback, object)
       [15] void System.Runtime.CompilerServices.AsyncTaskMethodBuilder`1+AsyncStateMachineBox`1.MoveNext()
       [16] void Godot.SignalAwaiter.SignalCallback(nint, Godot.NativeInterop.godot_variant**, int, Godot.NativeInterop.godot_bool*) (/root/godot/modules/mono/glue/GodotSharp/GodotSharp/Core/SignalAwaiter.cs:65)
