Godot Engine v4.7.2.stable.mono.official.ed1daf0bf - https://godotengine.org
OpenGL API 3.3.0 NVIDIA 610.78 - Compatibility - Using Device: NVIDIA - NVIDIA GeForce RTX 4070 Laptop GPU

destructible native network=False stage=1 speed=22 size=1 angle=0.00 tuning=False: up=0.521 angular=0.819 contactCount=1 end=<-2.2864995, 1.1434252, -67.96094> root=EnvironmentRockState { Stage = 4, Damage = 0, ImpactReadyTick = 97, Offset = <-0.8363164, 0, -2.7844162>, Velocity = <0, 0, 0> } pieces=5 finalDepth=6 plant=True
destructible native network=False stage=2 speed=12 size=1 angle=0.00 tuning=False: up=0.071 angular=0.067 contactCount=0 end=<-0.77330774, 1.1436476, -110.99278> root=EnvironmentRockState { Stage = 4, Damage = 0, ImpactReadyTick = 72, Offset = <-0.52385175, 0, -2.7835765>, Velocity = <0, 0, 0> } pieces=5 finalDepth=6 plant=True
destructible native network=False stage=3 speed=12 size=1 angle=0.00 tuning=False: up=0.103 angular=0.067 contactCount=0 end=<1.1129065, 1.1436334, -110.69152> root=EnvironmentRockState { Stage = 6, Damage = 0, ImpactReadyTick = 0, Offset = <0.00028052562, 0, -2.6835768>, Velocity = <0, 0, 0> } pieces=2 finalDepth=6 plant=True
destructible native network=False stage=3 speed=22 size=1 angle=0.00 tuning=False: up=0.110 angular=0.064 contactCount=0 end=<0.9711945, 1.1443745, -133.49149> root=EnvironmentRockState { Stage = 6, Damage = 0, ImpactReadyTick = 0, Offset = <4.4052413E-05, 0, -2.183577>, Velocity = <0, 0, 0> } pieces=2 finalDepth=6 plant=True
destructible native network=False stage=3 speed=35 size=1 angle=0.00 tuning=False: up=0.119 angular=0.046 contactCount=0 end=<0.33407584, 1.1448716, -153.26653> root=EnvironmentRockState { Stage = 6, Damage = 0, ImpactReadyTick = 0, Offset = <9.395665E-06, 0, -1.7835766>, Velocity = <0, 0, 0> } pieces=2 finalDepth=6 plant=True
destructible native network=True stage=1 speed=22 size=1 angle=0.00 tuning=False: up=0.256 angular=0.548 contactCount=2 end=<-3.0105274, 1.1434613, -65.966736> root=EnvironmentRockState { Stage = 5, Damage = 0, ImpactReadyTick = 109, Offset = <-0.85563904, 0, -3.209591>, Velocity = <0, 0, 0> } pieces=5 finalDepth=6 plant=True
destructible native network=True stage=2 speed=12 size=1 angle=0.00 tuning=False: up=0.065 angular=0.067 contactCount=0 end=<-0.771241, 1.143643, -110.99759> root=EnvironmentRockState { Stage = 4, Damage = 0, ImpactReadyTick = 72, Offset = <-0.52385736, 0, -2.7835765>, Velocity = <0, 0, 0> } pieces=5 finalDepth=6 plant=True
destructible native network=True stage=3 speed=12 size=1 angle=0.00 tuning=False: up=0.098 angular=0.067 contactCount=0 end=<1.106982, 1.1436288, -110.69366> root=EnvironmentRockState { Stage = 6, Damage = 0, ImpactReadyTick = 0, Offset = <0.00028028712, 0, -2.6835768>, Velocity = <0, 0, 0> } pieces=2 finalDepth=6 plant=True
destructible native network=True stage=3 speed=22 size=1 angle=0.00 tuning=False: up=0.107 angular=0.064 contactCount=0 end=<0.9714418, 1.1443739, -133.49254> root=EnvironmentRockState { Stage = 6, Damage = 0, ImpactReadyTick = 0, Offset = <4.2214597E-05, 0, -2.183577>, Velocity = <0, 0, 0> } pieces=2 finalDepth=6 plant=True
destructible native network=True stage=3 speed=35 size=1 angle=0.00 tuning=False: up=0.117 angular=0.046 contactCount=0 end=<0.33337253, 1.1448157, -153.26724> root=EnvironmentRockState { Stage = 6, Damage = 0, ImpactReadyTick = 0, Offset = <9.499781E-06, 0, -1.7835766>, Velocity = <0, 0, 0> } pieces=2 finalDepth=6 plant=True
destructible native network=True stage=1 speed=2 size=0.5 angle=0.00 tuning=True: up=0.001 angular=0.036 contactCount=0 end=<-1.300456E-10, 1.1439748, -3.6674242> root=EnvironmentRockState { Stage = 1, Damage = 0, ImpactReadyTick = 0, Offset = <0, 0, 0>, Velocity = <0, 0, 0> } pieces=2 finalDepth=4 plant=True
destructible native network=True stage=1 speed=2 size=0.5 angle=0.79 tuning=True: up=0.001 angular=0.036 contactCount=0 end=<-2.5932634, 1.1439748, -2.5932553> root=EnvironmentRockState { Stage = 1, Damage = 0, ImpactReadyTick = 0, Offset = <0, 0, 0>, Velocity = <0, 0, 0> } pieces=2 finalDepth=4 plant=False
destructible native network=True stage=1 speed=9 size=0.5 angle=0.00 tuning=True: up=0.035 angular=0.102 contactCount=0 end=<0.005823425, 1.1433493, -31.478516> root=EnvironmentRockState { Stage = 4, Damage = 0, ImpactReadyTick = 64, Offset = <-0.36316368, 0, -2.2770584>, Velocity = <0, 0, 0> } pieces=5 finalDepth=4 plant=True
destructible native network=True stage=1 speed=9 size=0.5 angle=0.79 tuning=True: up=0.001 angular=0.036 contactCount=0 end=<-22.255554, 1.1433554, -22.255566> root=EnvironmentRockState { Stage = 4, Damage = 0, ImpactReadyTick = 64, Offset = <-2.044192, 0, -1.6810398>, Velocity = <0, 0, 0> } pieces=5 finalDepth=4 plant=False
destructible native network=True stage=1 speed=22 size=0.5 angle=0.00 tuning=True: up=0.015 angular=0.063 contactCount=0 end=<-1.0648501E-09, 1.1434051, -83.21117> root=EnvironmentRockState { Stage = 3, Damage = 0, ImpactReadyTick = 31, Offset = <-0.3631523, 0, -2.783577>, Velocity = <0, 0, 0> } pieces=5 finalDepth=4 plant=True
destructible native network=True stage=1 speed=22 size=0.5 angle=0.79 tuning=True: up=0.002 angular=0.046 contactCount=0 end=<-58.83125, 1.1433749, -58.831284> root=EnvironmentRockState { Stage = 3, Damage = 0, ImpactReadyTick = 31, Offset = <-2.402149, 0, -2.0389965>, Velocity = <0, 0, 0> } pieces=5 finalDepth=4 plant=False
destructible native network=True stage=1 speed=2 size=1 angle=0.00 tuning=True: up=0.001 angular=0.058 contactCount=184 end=<-0.046249233, 1.2167279, 1.8864102> root=EnvironmentRockState { Stage = 1, Damage = 0, ImpactReadyTick = 0, Offset = <0, 0, 0>, Velocity = <0, 0, 0> } pieces=2 finalDepth=6 plant=True
destructible native network=True stage=1 speed=2 size=1 angle=0.79 tuning=True: up=0.338 angular=0.061 contactCount=135 end=<0.91654104, 1.4089764, 0.9558314> root=EnvironmentRockState { Stage = 1, Damage = 0, ImpactReadyTick = 0, Offset = <0, 0, 0>, Velocity = <0, 0, 0> } pieces=2 finalDepth=6 plant=False
destructible native network=True stage=1 speed=9 size=1 angle=0.00 tuning=True: up=0.000 angular=0.168 contactCount=352 end=<-0.1654327, 1.2236229, 1.867591> root=EnvironmentRockState { Stage = 1, Damage = 154.83447, ImpactReadyTick = 38, Offset = <0, 0, 0>, Velocity = <0, 0, 0> } pieces=2 finalDepth=6 plant=True
destructible native network=True stage=1 speed=9 size=1 angle=0.79 tuning=True: up=0.334 angular=0.169 contactCount=215 end=<0.8617758, 1.4256859, 0.8886734> root=EnvironmentRockState { Stage = 1, Damage = 158.2701, ImpactReadyTick = 38, Offset = <0, 0, 0>, Velocity = <0, 0, 0> } pieces=2 finalDepth=6 plant=False
destructible native network=True stage=1 speed=22 size=1 angle=0.00 tuning=True: up=0.347 angular=0.362 contactCount=3 end=<-0.13862881, 1.143382, -61.47942> root=EnvironmentRockState { Stage = 5, Damage = 0, ImpactReadyTick = 87, Offset = <-0.7632463, 0, -3.1959496>, Velocity = <0, 0, 0> } pieces=5 finalDepth=6 plant=True
destructible native network=True stage=1 speed=22 size=1 angle=0.79 tuning=True: up=0.151 angular=0.649 contactCount=4 end=<-49.17129, 1.1434721, -42.85205> root=EnvironmentRockState { Stage = 5, Damage = 0, ImpactReadyTick = 71, Offset = <-3.4997869, 0, -2.1752887>, Velocity = <0, 0, 0> } pieces=5 finalDepth=6 plant=False
destructible native network=True stage=1 speed=2 size=2 angle=0.00 tuning=True: up=0.001 angular=0.063 contactCount=356 end=<0.010998532, 1.2096628, 3.6096437> root=EnvironmentRockState { Stage = 1, Damage = 0, ImpactReadyTick = 0, Offset = <0, 0, 0>, Velocity = <0, 0, 0> } pieces=2 finalDepth=8 plant=True
destructible native network=True stage=1 speed=2 size=2 angle=0.79 tuning=True: up=0.001 angular=0.081 contactCount=302 end=<2.7285614, 1.2008543, 2.7456584> root=EnvironmentRockState { Stage = 1, Damage = 0, ImpactReadyTick = 0, Offset = <0, 0, 0>, Velocity = <0, 0, 0> } pieces=2 finalDepth=8 plant=False
destructible native network=True stage=1 speed=9 size=2 angle=0.00 tuning=True: up=0.000 angular=0.067 contactCount=653 end=<-0.008105805, 1.2091763, 3.6096337> root=EnvironmentRockState { Stage = 1, Damage = 155.02623, ImpactReadyTick = 40, Offset = <0, 0, 0>, Velocity = <0, 0, 0> } pieces=2 finalDepth=8 plant=True
destructible native network=True stage=1 speed=9 size=2 angle=0.79 tuning=True: up=0.000 angular=0.252 contactCount=535 end=<2.7171786, 1.2001097, 2.758099> root=EnvironmentRockState { Stage = 1, Damage = 156.53154, ImpactReadyTick = 39, Offset = <0, 0, 0>, Velocity = <0, 0, 0> } pieces=2 finalDepth=8 plant=False
destructible native network=True stage=1 speed=22 size=2 angle=0.00 tuning=True: up=0.033 angular=0.155 contactCount=2 end=<-0.07127911, 1.1433846, -59.972164> root=EnvironmentRockState { Stage = 5, Damage = 0, ImpactReadyTick = 91, Offset = <-1.4833671, 0, -4.8293695>, Velocity = <0, 0, 0> } pieces=5 finalDepth=8 plant=True
destructible native network=True stage=1 speed=22 size=2 angle=0.79 tuning=True: up=0.102 angular=1.003 contactCount=2 end=<-38.576756, 1.143336, -45.49803> root=EnvironmentRockState { Stage = 5, Damage = 0, ImpactReadyTick = 84, Offset = <-3.377314, 0, -2.2280307>, Velocity = <0, 0, 0> } pieces=5 finalDepth=8 plant=False
Environment recovery verified: Stage 2 damage 17, final rock and persistent cleared plants.
Environment recovery verified: Stage 2 damage 17, final rock and persistent cleared plants.
Environment UDP convergence: three native worlds, late join, 30ms delay/5ms jitter/2% loss, all 147 rocks and 2447 plants, 600-tick sustained cleared state.
Destructible environment checks: failures=0
