Godot Engine v4.7.2.stable.mono.official.ed1daf0bf - https://godotengine.org

native-short-gap: rotation=0.058 peak=0.508 releaseSpeed=0.0139 lateOrientationDrift=0.0133 landings=1 grounded=True airSeconds=0.000
native-short-gap: maxAir=0.0667s, commandedFrames=4
native-pitch: rotation=4.795 peak=2.520 releaseSpeed=0.0000 lateOrientationDrift=0.0000 landings=0 grounded=False airSeconds=4.017
native-yaw: rotation=4.114 peak=2.160 releaseSpeed=0.0000 lateOrientationDrift=0.0000 landings=0 grounded=False airSeconds=4.017
native-roll: rotation=6.157 peak=3.240 releaseSpeed=0.0000 lateOrientationDrift=0.0000 landings=0 grounded=False airSeconds=4.017
native-combined: rotation=7.804 peak=4.105 releaseSpeed=0.0000 lateOrientationDrift=0.0000 landings=0 grounded=False airSeconds=4.017
native-sustained: rotation=10.477 peak=3.240 releaseSpeed=0.0000 lateOrientationDrift=0.0000 landings=0 grounded=False airSeconds=5.350
native-crooked: rotation=7.546 peak=3.742 releaseSpeed=3.7417 lateOrientationDrift=2.5415 landings=0 grounded=False airSeconds=4.017
native-landing: rotation=0.000 peak=0.000 releaseSpeed=0.0000 lateOrientationDrift=0.0000 landings=1 grounded=True airSeconds=0.000
native-repeat: rotation=0.636 peak=2.157 releaseSpeed=0.0000 lateOrientationDrift=0.0000 landings=1 grounded=True airSeconds=0.000
native-repeat: 4 landing transitions
native-correction: rotation=0.988 peak=1.578 releaseSpeed=0.0002 lateOrientationDrift=0.0027 landings=1 grounded=True airSeconds=0.000
native-heading: rotation=1.183 peak=1.565 releaseSpeed=0.0001 lateOrientationDrift=0.0010 landings=1 grounded=True airSeconds=0.000
native-coast: rotation=6.318 peak=3.319 releaseSpeed=3.3190 lateOrientationDrift=2.9641 landings=0 grounded=False airSeconds=4.017
native-release-command: rotation=4.114 peak=2.160 releaseSpeed=0.0000 lateOrientationDrift=0.0000 landings=0 grounded=False airSeconds=4.017
native-device-key-pitch: rotation=4.795 peak=2.520 releaseSpeed=0.0000 lateOrientationDrift=0.0000 landings=0 grounded=False airSeconds=4.017
device-key-pitch: released angular speed=0.000; attitude change=0.00000; continued travel=48.64m
native-device-key-yaw: rotation=4.114 peak=2.160 releaseSpeed=0.0000 lateOrientationDrift=0.0000 landings=0 grounded=False airSeconds=4.017
device-key-yaw: released angular speed=0.000; attitude change=0.00000; continued travel=48.64m
native-device-key-roll: rotation=6.157 peak=3.240 releaseSpeed=0.0000 lateOrientationDrift=0.0000 landings=0 grounded=False airSeconds=4.017
device-key-roll: released angular speed=0.000; attitude change=0.00000; continued travel=48.64m
native-device-pad-pitch: rotation=2.539 peak=1.334 releaseSpeed=0.0000 lateOrientationDrift=0.0000 landings=0 grounded=False airSeconds=4.017
device-pad-pitch: released angular speed=0.000; attitude change=0.00000; continued travel=48.64m
native-device-pad-yaw: rotation=2.178 peak=1.144 releaseSpeed=0.0000 lateOrientationDrift=0.0000 landings=0 grounded=False airSeconds=4.017
device-pad-yaw: released angular speed=0.000; attitude change=0.00000; continued travel=48.64m
native-device-pad-roll: rotation=3.260 peak=1.715 releaseSpeed=0.0000 lateOrientationDrift=0.0000 landings=0 grounded=False airSeconds=4.017
device-pad-roll: released angular speed=0.000; attitude change=0.00000; continued travel=48.64m
native-hold-wheels: rotation=0.194 peak=1.554 releaseSpeed=0.0000 lateOrientationDrift=0.0000 landings=1 grounded=True airSeconds=0.000
hold-wheels: held=True, nonWheelImpact=False, postContactPeak=0.000
native-hold-roof: rotation=1.883 peak=7.914 releaseSpeed=0.0085 lateOrientationDrift=0.9466 landings=4 grounded=True airSeconds=0.000
hold-roof: held=True, nonWheelImpact=True, postContactPeak=7.914
native-hold-side: rotation=1.573 peak=5.048 releaseSpeed=0.0000 lateOrientationDrift=0.0000 landings=1 grounded=True airSeconds=0.000
hold-side: held=True, nonWheelImpact=True, postContactPeak=5.048
native-hold-nose: rotation=1.566 peak=5.903 releaseSpeed=0.0000 lateOrientationDrift=0.0000 landings=2 grounded=True airSeconds=0.000
hold-nose: held=True, nonWheelImpact=True, postContactPeak=5.903
network-short-gap: rotation=0.058 peak=0.508 releaseSpeed=0.0139 lateOrientationDrift=0.0133 landings=1 grounded=True airSeconds=0.000
network-short-gap: maxAir=0.0667s, commandedFrames=4
network-pitch: rotation=4.795 peak=2.520 releaseSpeed=0.0000 lateOrientationDrift=0.0000 landings=0 grounded=False airSeconds=4.017
network-yaw: rotation=4.114 peak=2.160 releaseSpeed=0.0000 lateOrientationDrift=0.0000 landings=0 grounded=False airSeconds=4.017
network-roll: rotation=6.157 peak=3.240 releaseSpeed=0.0000 lateOrientationDrift=0.0000 landings=0 grounded=False airSeconds=4.017
network-combined: rotation=7.804 peak=4.105 releaseSpeed=0.0000 lateOrientationDrift=0.0000 landings=0 grounded=False airSeconds=4.017
network-sustained: rotation=10.477 peak=3.240 releaseSpeed=0.0000 lateOrientationDrift=0.0000 landings=0 grounded=False airSeconds=5.350
network-crooked: rotation=7.546 peak=3.742 releaseSpeed=3.7417 lateOrientationDrift=2.5415 landings=0 grounded=False airSeconds=4.017
network-landing: rotation=0.000 peak=0.000 releaseSpeed=0.0000 lateOrientationDrift=0.0000 landings=1 grounded=True airSeconds=0.000
network-repeat: rotation=0.639 peak=2.157 releaseSpeed=0.0007 lateOrientationDrift=0.0000 landings=1 grounded=True airSeconds=0.000
network-repeat: 4 landing transitions
network-correction: rotation=0.988 peak=1.578 releaseSpeed=0.0007 lateOrientationDrift=0.0022 landings=1 grounded=True airSeconds=0.000
network-heading: rotation=1.183 peak=1.565 releaseSpeed=0.0001 lateOrientationDrift=0.0007 landings=1 grounded=True airSeconds=0.000
network-coast: rotation=6.318 peak=3.319 releaseSpeed=3.3190 lateOrientationDrift=2.9641 landings=0 grounded=False airSeconds=4.017
network-release-command: rotation=4.114 peak=2.160 releaseSpeed=0.0000 lateOrientationDrift=0.0000 landings=0 grounded=False airSeconds=4.017
network-device-key-pitch: rotation=4.795 peak=2.520 releaseSpeed=0.0000 lateOrientationDrift=0.0000 landings=0 grounded=False airSeconds=4.017
device-key-pitch: released angular speed=0.000; attitude change=0.00000; continued travel=48.64m
network-device-key-yaw: rotation=4.114 peak=2.160 releaseSpeed=0.0000 lateOrientationDrift=0.0000 landings=0 grounded=False airSeconds=4.017
device-key-yaw: released angular speed=0.000; attitude change=0.00000; continued travel=48.64m
network-device-key-roll: rotation=6.157 peak=3.240 releaseSpeed=0.0000 lateOrientationDrift=0.0000 landings=0 grounded=False airSeconds=4.017
device-key-roll: released angular speed=0.000; attitude change=0.00000; continued travel=48.64m
network-device-pad-pitch: rotation=2.539 peak=1.334 releaseSpeed=0.0000 lateOrientationDrift=0.0000 landings=0 grounded=False airSeconds=4.017
device-pad-pitch: released angular speed=0.000; attitude change=0.00000; continued travel=48.64m
network-device-pad-yaw: rotation=2.178 peak=1.144 releaseSpeed=0.0000 lateOrientationDrift=0.0000 landings=0 grounded=False airSeconds=4.017
device-pad-yaw: released angular speed=0.000; attitude change=0.00000; continued travel=48.64m
network-device-pad-roll: rotation=3.260 peak=1.715 releaseSpeed=0.0000 lateOrientationDrift=0.0007 landings=0 grounded=False airSeconds=4.017
device-pad-roll: released angular speed=0.000; attitude change=0.00069; continued travel=48.64m
network-hold-wheels: rotation=0.194 peak=1.555 releaseSpeed=0.0009 lateOrientationDrift=0.0000 landings=1 grounded=True airSeconds=0.000
hold-wheels: held=True, nonWheelImpact=False, postContactPeak=0.000
network-hold-roof: rotation=1.348 peak=2.000 releaseSpeed=0.0015 lateOrientationDrift=0.0043 landings=5 grounded=True airSeconds=0.000
hold-roof: held=True, nonWheelImpact=True, postContactPeak=2.418
network-hold-side: rotation=1.365 peak=2.310 releaseSpeed=0.0001 lateOrientationDrift=0.0000 landings=2 grounded=True airSeconds=0.000
hold-side: held=True, nonWheelImpact=True, postContactPeak=2.310
network-hold-nose: rotation=1.315 peak=3.503 releaseSpeed=0.0009 lateOrientationDrift=0.0000 landings=3 grounded=True airSeconds=0.000
hold-nose: held=True, nonWheelImpact=True, postContactPeak=3.503
Air control integration passed: 46 production-adapter scenarios.
