  Determining projects to restore...
  All projects are up-to-date for restore.
  Trackstorm.Core -> C:\Users\j_gen\OneDrive\Documents\Game_Projects\Trackstorm\code\Core\bin\Debug\net10.0\Trackstorm.Core.dll
  Epic.OnlineServices -> C:\Users\j_gen\OneDrive\Documents\Game_Projects\Trackstorm\third_party\eos\bin\Debug\net10.0\Epic.OnlineServices.dll
  Trackstorm.Client -> C:\Users\j_gen\OneDrive\Documents\Game_Projects\Trackstorm\.godot\mono\temp\bin\Debug\Trackstorm.Client.dll
  Trackstorm.Transport.Tests -> C:\Users\j_gen\OneDrive\Documents\Game_Projects\Trackstorm\code\TransportTests\bin\Debug\net10.0\Trackstorm.Transport.Tests.dll
Test run for C:\Users\j_gen\OneDrive\Documents\Game_Projects\Trackstorm\code\TransportTests\bin\Debug\net10.0\Trackstorm.Transport.Tests.dll (.NETCoreApp,Version=v10.0)
A total of 1 test files matched the specified pattern.
NUnit Adapter 5.0.0.0: Test execution started
Running all tests in C:\Users\j_gen\OneDrive\Documents\Game_Projects\Trackstorm\code\TransportTests\bin\Debug\net10.0\Trackstorm.Transport.Tests.dll
   NUnit3TestExecutor discovered 393 of 393 NUnit test cases using Current Discovery mode, Non-Explicit run
  Passed CombatUsesSharedScoredAttributionAndOneRowPerDeath(ulong.MinValue,"collision",True,"Victim died") [121 ms]
  Passed CombatUsesSharedScoredAttributionAndOneRowPerDeath(2UL,"missile",True,"Victim died") [< 1 ms]
  Passed CombatUsesSharedScoredAttributionAndOneRowPerDeath(1UL,"missile",True,"Killer killed Victim with Missile") [5 ms]
  Passed CombatUsesSharedScoredAttributionAndOneRowPerDeath(1UL,"collision",True,"Killer killed Victim") [< 1 ms]
  Passed CombatUsesSharedScoredAttributionAndOneRowPerDeath(1UL,"missile",False,"Victim died") [< 1 ms]
  Passed ExpiryIsIndependentAndBurstsEvictOldestWithoutWaitingForRendering [6 ms]
  Passed FilteringIsAllowlistedAndNeverLeaksDiagnosticFields [< 1 ms]
  Passed InactiveFeedConsumesNothingAndMatchEndHasPlayerWording [9 ms]
  Passed PresenceUsesCapturedNamesAndOnlyCommittedTransitions [1 ms]
  Passed ReplicaDeduplicationAndRebindingNeverReplayHistory [1 ms]
  Passed CategoriesRouteExplicitly [< 1 ms]
  Passed CooldownConsumesDuplicatesAndFloods [< 1 ms]
  Passed EngineCrossfadeIsContinuous [2 ms]
  Passed ItemsInitializeAndDeduplicate [9 ms]
  Passed MachineGunSoundsEachNewRoundButNeverDuplicateOrSeededPublications [< 1 ms]
  Passed MatchFeedbackUsesAuthoritativeTransitions [< 1 ms]
  Passed PlaylistCyclesAndResets [2 ms]
  Passed SalvoNextShotCapabilityDoesNotSoundLikeAnotherPickup [6 ms]
  Passed SettingsGainBounds [< 1 ms]
  Passed VehicleFeedbackIsOncePerBoundary [1 ms]
  Passed LateRenewalAndServiceOutageFailClosed [4 ms]
  Passed ObserverRequiresFreshReadAfterEveryActivation [< 1 ms]
  Passed RetiredRenewalCannotReviveAndSuccessorRejectsOldToken(0) [< 1 ms]
  Passed RetiredRenewalCannotReviveAndSuccessorRejectsOldToken(2.9d) [< 1 ms]
  Passed RetiredRenewalCannotReviveAndSuccessorRejectsOldToken(3) [< 1 ms]
  Passed RetiredRenewalCannotReviveAndSuccessorRejectsOldToken(10) [< 1 ms]
  Passed OrbitAndReturnAreIndependentOfRenderRate(30) [< 1 ms]
  Passed OrbitAndReturnAreIndependentOfRenderRate(60) [< 1 ms]
  Passed OrbitAndReturnAreIndependentOfRenderRate(144) [< 1 ms]
  Passed OrbitRemainsBoundedAndResetClearsBothAxes [< 1 ms]
  Passed AccelerationAndBrakingHaveOppositeWeight [1 ms]
  Passed RenderRatesAndRotatedHeadingAgree [< 1 ms]
  Passed ResetClearsInertiaAndFeedback [< 1 ms]
  Passed ShakeIsBoundedAndDecays [< 1 ms]
  Passed ShakeTrajectoryIsBoundedAndRenderRateIndependent [< 1 ms]
  Passed TurningAndSlipAreBounded(-1) [< 1 ms]
  Passed TurningAndSlipAreBounded(1) [< 1 ms]
  Passed CircusProjectionUpdatesCategoriesInPlaceAndDoesNotReplayInitialAwards [9 ms]
  Passed HealthFormattingAndNormalization [< 1 ms]
  Passed NonCircusModeClearsCircusPresentationAndNextMatchStartsWithoutFeedback [< 1 ms]
  Passed SalvoShowsIndependentRemainingShotsInBothSlots [1 ms]
  Passed SnapshotChangesAndItemMappingAreReadOnly [< 1 ms]
  Passed SpeedUnitsAndVisualScale [< 1 ms]
  Passed TimerUsesAuthoritativeTimeAcrossCountdownJoinRecoveryAndFinish [9 ms]
  Passed CorrectionDecayIsIndependentOfRenderRate [< 1 ms]
  Passed CorrectionThresholds(0.0f,0.0f,0) [< 1 ms]
  Passed CorrectionThresholds(0.005f,0.0f,0) [< 1 ms]
  Passed CorrectionThresholds(0.01f,0.0f,0) [< 1 ms]
  Passed CorrectionThresholds(0.5f,0.5f,0) [< 1 ms]
  Passed CorrectionThresholds(3.0f,0.0f,1) [< 1 ms]
  Passed CorrectionThresholds(20.0f,0.0f,1) [< 1 ms]
  Passed ApplyRejectsInvalidDraftWithoutMutation("vehicle.mass","not a number") [3 ms]
  Passed ApplyRejectsInvalidDraftWithoutMutation("vehicle.mass","-1") [2 ms]
  Passed ApplyRejectsInvalidDraftWithoutMutation("vehicle.mass","NaN") [< 1 ms]
  Passed ApplyRejectsInvalidDraftWithoutMutation("match.minimum_players","1.5") [< 1 ms]
  Passed CategoryResetAndUnrelatedEditsCommitTogetherThroughAuthority [5 ms]
  Passed CategoryResetPreservesOtherDraftsAndCoversTheWholeCategory [7 ms]
  Passed DefaultsAndDirtyStateUseActualConfigurationValues [1 ms]
  Passed DiscardRestoresCurrentAuthorityWithoutMutationOrPersistence [11 ms]
  Passed HostStorageUsesProductionDefaultsForAbsentAndMissingValues [4 ms]
  Passed MalformedSavedTuningPreservesReleaseFallbacksAndValidOverrides [19 ms]
  Passed ResetDoesNotOmitDefaultsMatchingAnOutdatedEditorBaseline [1 ms]
  Passed ResetStagesProductionDefaultsUntilApplyThenReplacesPersistedTuning [9 ms]
  Passed UnchangedAcceptedSettingsCanRetryFailedPersistence [9 ms]
  Passed UnsupportedSavedTuningPreservesFileAndUsesReleaseDefaults(False) [2 ms]
  Passed UnsupportedSavedTuningPreservesFileAndUsesReleaseDefaults(True) [4 ms]
  Passed AveragesFrameTimeAndHoldsCompletedWindow [1 ms]
  Passed FormatsLifecycle(Connected,0,"Ping  0 ms") [2 ms]
  Passed FormatsLifecycle(Connected,45,"Ping  45 ms") [< 1 ms]
  Passed FormatsLifecycle(Connected,60000,"Ping  60000 ms") [< 1 ms]
  Passed FormatsLifecycle(Connected,int.MaxValue,"Ping  --") [< 1 ms]
  Passed FormatsLifecycle(Connected,null,"Ping  --") [< 1 ms]
  Passed FormatsLifecycle(Connected,-1,"Ping  --") [< 1 ms]
  Passed FormatsLifecycle(Connecting,45,"Ping  connecting") [< 1 ms]
  Passed FormatsLifecycle(Reconnecting,45,"Ping  reconnecting") [< 1 ms]
  Passed FormatsLifecycle(Disconnected,45,"Ping  disconnected") [< 1 ms]
  Passed FormatsLifecycle(Unavailable,45,"Ping  --") [< 1 ms]
  Passed IndependentVisibilityAndFiniteOutput [5 ms]
  Passed SteadyFrames(30) [< 1 ms]
  Passed SteadyFrames(60) [< 1 ms]
  Passed SteadyFrames(144) [< 1 ms]
  Passed ClearsExpiredIdentity [2 ms]
  Passed CreatesEmbeddedClientConfigurationWithoutAFile [1 ms]
  Passed GuardsDuplicateOperationsAndCompletesLogout [< 1 ms]
  Passed HandlesLogoutFailure [< 1 ms]
  Passed HandlesMissingNativeLibrary [< 1 ms]
  Passed InvalidExplicitOverrideIsActionable [< 1 ms]
  Passed KeepsOnlineIdentityOutsideCoreAndRedactsDiagnostics [1 ms]
  Passed RedactsMalformedAndUnknownConfigurationFields [5 ms]
  Passed RejectsInvalidConfiguration("Environment","production") [1 ms]
  Passed RejectsInvalidConfiguration("DeploymentName","unsafe\nlabel") [< 1 ms]
  Passed RejectsInvalidConfiguration("ProductId","") [< 1 ms]
  Passed RejectsInvalidConfiguration("SandboxId","<sandbox>") [< 1 ms]
  Passed RejectsInvalidConfiguration("DeploymentId"," ") [< 1 ms]
  Passed RejectsInvalidConfiguration("ClientId","invalid client") [< 1 ms]
  Passed RejectsInvalidConfiguration("ClientSecret","private\nsecret") [< 1 ms]
  Passed RejectsLateCallbacksAcrossReplacementAndDisposal [< 1 ms]
  Passed RemovesOnlyReleasedOwnersCallbackRegistrations [3 ms]
  Passed TimesOutWithoutRetainingIdentityOrPlatform [< 1 ms]
  Passed ValidatesSdkLimitsAndNulls [< 1 ms]
  Passed ExplicitEnvironmentOverrideWins [2 ms]
  Passed FailuresAndSignedOutStateExplainRecovery [< 1 ms]
  Passed OnlyAuthenticatedCoordinatorEnablesHosting [< 1 ms]
  Passed PendingHandlesSurviveConsumerCancellationAndReleaseExactlyOnce [< 1 ms]
  Passed RepeatedOperationsDoNotDropEarlierPendingOwnership [< 1 ms]
  Passed BoundsPollAndDisconnectsOnUnconsumedQueueOverflow(Reliable) [10 ms]
  Passed BoundsPollAndDisconnectsOnUnconsumedQueueOverflow(Unreliable) [< 1 ms]
  Passed CarriesLobbyReadyStartAndReturn [24 ms]
  Passed DeveloperAuthorityAndConfigurationSurviveSuccessiveMigrations [452 ms]
  Passed EnforcesCapacityAndConnectionDeadline [1 ms]
  Passed EvictsIncompleteUnreliableAssembliesWithoutBlockingProgress [1 ms]
  Passed ExpiresIncompleteMessagesWithoutAllowingLateRestart [1 ms]
  Passed FragmentsReordersDropsAndBoundsPayloads [55 ms]
  Passed FreshActiveJoinUsesEosCheckpointAndActivationPath [19 ms]
  Passed InterleavesMaximumUnreliableMessagesExactlyOnce [97 ms]
  Passed LargeReliableBoundaryUsesProductionEosFramingWithoutExceedingNativeQueue [92 ms]
  Passed MapsCapabilitiesDeliveryAndFailures [2 ms]
FAKE NATIVE, 10 simulated seconds, players=2; host sent=209, received=600, mean packet=485.1B, peak=1170B, peak gateway poll=0.077ms; RTT/loss and SDK Tick NOT measured

FAKE NATIVE, 10 simulated seconds, players=8; host sent=2877, received=4200, mean packet=902.5B, peak=1170B, peak gateway poll=0.421ms; RTT/loss and SDK Tick NOT measured

FAKE NATIVE, 10 simulated seconds, players=2; host sent=409, received=600, mean packet=348.1B, peak=1170B, peak gateway poll=0.080ms; RTT/loss and SDK Tick NOT measured

FAKE NATIVE, 10 simulated seconds, players=8; host sent=4277, received=4200, mean packet=674.2B, peak=1170B, peak gateway poll=0.477ms; RTT/loss and SDK Tick NOT measured

  Passed MeasuresVehicleTrafficThroughEosFraming(2,False) [43 ms]
  Passed MeasuresVehicleTrafficThroughEosFraming(8,False) [242 ms]
  Passed MeasuresVehicleTrafficThroughEosFraming(2,True) [49 ms]
  Passed MeasuresVehicleTrafficThroughEosFraming(8,True) [222 ms]
  Passed MigratesLobbyAndActiveMatchThroughProductionFraming(False,True,False,False,False) [55 ms]
  Passed MigratesLobbyAndActiveMatchThroughProductionFraming(True,True,False,False,False) [296 ms]
  Passed MigratesLobbyAndActiveMatchThroughProductionFraming(True,False,False,False,False) [28 ms]
  Passed MigratesLobbyAndActiveMatchThroughProductionFraming(True,True,True,False,False) [97 ms]
  Passed MigratesLobbyAndActiveMatchThroughProductionFraming(True,True,True,True,False) [123 ms]
  Passed MigratesLobbyAndActiveMatchThroughProductionFraming(False,True,False,False,True) [36 ms]
  Passed MigratesLobbyAndActiveMatchThroughProductionFraming(True,True,False,False,True) [216 ms]
  Passed MigratesLobbyAndActiveMatchThroughProductionFraming(True,False,False,False,True) [28 ms]
  Passed MigrationRestoresCheckpointConfigurationAfterUncheckpointedTuning [123 ms]
  Passed MigrationRoutingRequiresAcceptedCheckpoint("peer") [6 ms]
  Passed MigrationRoutingRequiresAcceptedCheckpoint("unreliable") [2 ms]
  Passed MigrationRoutingRequiresAcceptedCheckpoint("epoch") [3 ms]
  Passed MigrationRoutingRequiresAcceptedCheckpoint("sequence") [3 ms]
  Passed MigrationRoutingRequiresAcceptedCheckpoint("corrupt") [3 ms]
  Passed ReconnectsArenaWithOneVehicleAndFreshCheckpoint [36 ms]
  Passed RejectsStaleCallbacksMembershipAndCredential [< 1 ms]
  Passed RejectsWrongSessionAndMalformedFragments [< 1 ms]
  Passed RepeatedCyclesRejectOldPacketsAndMemberDeparture(Reliable) [2 ms]
  Passed RepeatedCyclesRejectOldPacketsAndMemberDeparture(Unreliable) [< 1 ms]
  Passed ReversedProductionVehicleAndPropMessagesBothAdvance [3 ms]
  Passed SamplesLatencyExpiresAndRejectsRetiredReplies [1 ms]
  Passed TrustedLeaseCrashMigrationAndFormerHostRetention(False) [10 ms]
  Passed TrustedLeaseCrashMigrationAndFormerHostRetention(True) [154 ms]
  Passed TrustedLeaseOutageFailsClosedAtBothPeers [57 ms]
  Passed TrustedLeaseP2pPartitionPreservesHealthyHost [72 ms]
  Passed TwoPlayerArenaRestoresLatestSafeCheckpoint("valid") [43 ms]
  Passed TwoPlayerArenaRestoresLatestSafeCheckpoint("stale") [32 ms]
  Passed TwoPlayerArenaRestoresLatestSafeCheckpoint("future") [33 ms]
  Passed TwoPlayerArenaRestoresLatestSafeCheckpoint("corrupt") [32 ms]
  Passed TwoPlayerArenaRestoresLatestSafeCheckpoint("wrong-epoch") [31 ms]
  Passed TwoPlayerArenaRestoresLatestSafeCheckpoint("finished-observed") [40 ms]
  Passed TwoPlayerFormerHostResumesAndMigratesAgain [179 ms]
  Passed TwoPlayerLobbyMigrationFencesOldHost("leave") [8 ms]
  Passed TwoPlayerLobbyMigrationFencesOldHost("crash") [4 ms]
  Passed TwoPlayerLobbyMigrationFencesOldHost("partition") [5 ms]
  Passed TwoPlayerLobbyMigrationFencesOldHost("pause") [5 ms]
  Passed TwoPlayerLongPartitionThenConfirmedHostLossRejectsExpiredCheckpoint [38 ms]
  Passed TwoPlayerMissingCheckpointFailsClosed [4 ms]
  Passed TwoPlayerP2pPartitionCannotGrantAuthority [100 ms]
  Passed TwoPlayerRosterExpansionCannotLeaveTwoAuthorities(False) [65 ms]
  Passed TwoPlayerRosterExpansionCannotLeaveTwoAuthorities(True) [68 ms]
  Passed TwoPlayerTransientLossRetainsEpoch(False) [62 ms]
  Passed TwoPlayerTransientLossRetainsEpoch(True) [68 ms]
  Passed UnreliableWindowRejectsEvictedDuplicatesAndHandlesWrap(1) [1 ms]
  Passed UnreliableWindowRejectsEvictedDuplicatesAndHandlesWrap(4294967288) [< 1 ms]
  Passed LocalDiagnosticTextIsLiteral [1 ms]
  Passed WordingAndIdentityPositionsRemainExact(Damage,"Applied","Missile took 3.125 damage from Missile (Missile) — HP 96.875/100",2) [< 1 ms]
  Passed WordingAndIdentityPositionsRemainExact(Healing,"Applied","Missile healed 3.125 from Missile — HP 96.875/100",1) [< 1 ms]
  Passed WordingAndIdentityPositionsRemainExact(Developer,"Setting changed","Missile changed speed: 1 → 3.125",1) [< 1 ms]
  Passed WordingAndIdentityPositionsRemainExact(Lifecycle,"Kill","Missile killed Missile from Missile",2) [< 1 ms]
  Passed WordingAndIdentityPositionsRemainExact(Lifecycle,"Dead","Missile dead from Missile (Missile)",2) [< 1 ms]
  Passed WordingAndIdentityPositionsRemainExact(Item,"Used","Missile Used — Missile — Missile — speed (3.125)",2) [< 1 ms]
  Passed BundledAddressAndOverride [< 1 ms]
  Passed InvalidOverrideFailsClosed("") [< 1 ms]
  Passed InvalidOverrideFailsClosed("http://leases.example.test") [< 1 ms]
  Passed InvalidOverrideFailsClosed("https://user:password@leases.example.test") [< 1 ms]
  Passed InvalidOverrideFailsClosed("https://leases.example.test/?credential=x") [< 1 ms]
  Passed InvalidOverrideFailsClosed("https://leases.example.test/#fragment") [< 1 ms]
  Passed InvalidOverrideFailsClosed(" https://leases.example.test") [< 1 ms]
  Passed EmbeddedBundledAddress [< 1 ms]
  Passed EightRowsShareRankAndVisibilityWithHud [6 ms]
  Passed FinishedPresentationUsesFrozenParticipantsRatherThanRebuildingRanks [< 1 ms]
  Passed InvalidDiagnosticsCannotReplaceAcceptedSamples [< 1 ms]
  Passed MigrationRejectsRetiredEpochAndUsesCurrentHost [< 1 ms]
  Passed OfflineRowsSurviveResultsAndReactivateWithoutDuplicateOrReset [1 ms]
  Passed PingPublicationExpiresRejectsOldRosterAndResamplesRebind [1 ms]
  Passed EveryCategoryReturnsThroughSettingsAndGame [1 ms]
  Passed MainMenuSettingsReturnToTheirCallerAndInvalidTransitionsDoNothing [< 1 ms]
Reliable=100/100; unreliable=79/100; ping=73ms; incoming loss=0.22222221; outgoing loss=

  Passed AdversePacketsPreserveReliableOrderAndExposeDiagnostics [5 s]
  Passed ConnectionAndEstablishedTimeoutsReleaseResources [12 s]
  Passed HostAndSevenClientsRejectExcessAndReconnect [117 ms]
  Passed OccupiedListenerReportsBindErrorAndCanRecoverAfterOwnerCloses [14 ms]
  Passed RejectsInvalidOperationsAndBoundsReceiveQueue [88 ms]
  Passed RepeatedHostJoinAndStopReleasesListenerAndPeers [192 ms]
startup max=0.0000m; steady p99=0.0000m; steady max=0.0000m; steady >1cm=0; max pending at completion=4
players=2; outbound delay=0ms; jitter=0ms; loss=0%; corrections=238; p99=0.0000m; max=0.0000m; snapshots/client=239; stale packets rejected

  Passed VehicleLoopConvergesAcrossNetworkConditions(2,0,0,0.0f,0.0f) [12 s]
startup max=0.1951m; steady p99=0.0000m; steady max=0.0000m; steady >1cm=0; max pending at completion=6
players=2; outbound delay=30ms; jitter=0ms; loss=0%; corrections=237; p99=0.0000m; max=0.1951m; snapshots/client=238; stale packets rejected

  Passed VehicleLoopConvergesAcrossNetworkConditions(2,30,0,0.0f,0.0f) [12 s]
startup max=0.0242m; steady p99=0.0000m; steady max=0.0000m; steady >1cm=0; max pending at completion=11
players=2; outbound delay=50ms; jitter=10ms; loss=0%; corrections=234; p99=0.0000m; max=0.0242m; snapshots/client=235; stale packets rejected

  Passed VehicleLoopConvergesAcrossNetworkConditions(2,50,10,0.0f,0.0f) [12 s]
startup max=0.0214m; steady p99=0.0000m; steady max=0.0000m; steady >1cm=0; max pending at completion=5
players=2; outbound delay=0ms; jitter=0ms; loss=2%; corrections=231; p99=0.0000m; max=0.0214m; snapshots/client=232; stale packets rejected

  Passed VehicleLoopConvergesAcrossNetworkConditions(2,0,0,2.0f,0.0f) [12 s]
startup max=0.2532m; steady p99=0.0000m; steady max=0.0920m; steady >1cm=3; max pending at completion=11
players=8; outbound delay=30ms; jitter=10ms; loss=2%; corrections=1592; p99=0.0000m; max=0.2532m; snapshots/client=225; stale packets rejected

  Passed VehicleLoopConvergesAcrossNetworkConditions(8,30,10,2.0f,0.0f) [12 s]
startup max=0.0942m; steady p99=0.0000m; steady max=0.1204m; steady >1cm=1; max pending at completion=9
players=2; outbound delay=30ms; jitter=10ms; loss=2%; corrections=229; p99=0.0000m; max=0.1204m; snapshots/client=231; stale packets rejected

  Passed VehicleLoopConvergesAcrossNetworkConditions(2,30,10,2.0f,10.0f) [12 s]
  Passed ActiveMatchUsesNormalDiscoveryAndAutomaticAccessGate(Public) [12 ms]
  Passed ActiveMatchUsesNormalDiscoveryAndAutomaticAccessGate(Locked) [42 ms]
  Passed ActualMembershipDepartureDisconnectsAdmittedMember(Left,Public) [2 ms]
  Passed ActualMembershipDepartureDisconnectsAdmittedMember(Kicked,Public) [< 1 ms]
  Passed ActualMembershipDepartureDisconnectsAdmittedMember(Disconnected,Public) [< 1 ms]
  Passed ActualMembershipDepartureDisconnectsAdmittedMember(Left,Locked) [41 ms]
  Passed ActualMembershipDepartureDisconnectsAdmittedMember(Kicked,Locked) [41 ms]
  Passed ActualMembershipDepartureDisconnectsAdmittedMember(Disconnected,Locked) [41 ms]
  Passed AdmissionAndRenamePreserveAuthority(Public) [1 ms]
  Passed AdmissionAndRenamePreserveAuthority(Locked) [33 ms]
  Passed BrowserBypassCannotAllocateAuthoritativePlayer(Public) [1 ms]
  Passed BrowserBypassCannotAllocateAuthoritativePlayer(Locked) [33 ms]
  Passed BrowserFiltersOrdersAndReplacesRenames [9 ms]
  Passed BrowserVersionGatePrecedesMembershipAndCredentials(Public) [1 ms]
  Passed BrowserVersionGatePrecedesMembershipAndCredentials(Locked) [16 ms]
  Passed CanceledCreateRetainsFailedCleanupForRetry [< 1 ms]
  Passed CapacityIsEightIncludingHost [< 1 ms]
  Passed ClassifiesNativeMemberStatus(Joined,False,Joined,False) [< 1 ms]
  Passed ClassifiesNativeMemberStatus(Promoted,False,Ownership,False) [< 1 ms]
  Passed ClassifiesNativeMemberStatus(Left,False,Departed,True) [< 1 ms]
  Passed ClassifiesNativeMemberStatus(Kicked,False,Departed,True) [< 1 ms]
  Passed ClassifiesNativeMemberStatus(Disconnected,False,Departed,True) [< 1 ms]
  Passed ClassifiesNativeMemberStatus(Left,True,Closure,True) [< 1 ms]
  Passed ClassifiesNativeMemberStatus(Kicked,True,Closure,True) [< 1 ms]
  Passed ClassifiesNativeMemberStatus(Disconnected,True,Closure,True) [< 1 ms]
  Passed ClassifiesNativeMemberStatus(Closed,False,Closure,False) [< 1 ms]
  Passed ClientRequiresDiscoveredSessionBeforeAssigningPlayerId [< 1 ms]
  Passed CrashedFormerHostResolvesTrustedRouteWhileEosRemainsStale(Public) [109 ms]
  Passed CrashedFormerHostResolvesTrustedRouteWhileEosRemainsStale(Locked) [114 ms]
  Passed CredentialsRemainOutOfPresentationAndDiagnostics [45 ms]
  Passed DelayedSavedLookupPrecedesFreshAdmission(False) [4 ms]
  Passed DelayedSavedLookupPrecedesFreshAdmission(True) [2 ms]
  Passed DirectIpVersionRejectionReachesClientWithoutBootstrap(3) [1 ms]
  Passed DirectIpVersionRejectionReachesClientWithoutBootstrap(5) [< 1 ms]
  Passed EosRetirementFreezesArenaBeforeLeaseRelease [56 ms]
  Passed EosRetirementStopsHealthyLeaseAndAllowsOneSuccessor(False,False) [9 ms]
  Passed EosRetirementStopsHealthyLeaseAndAllowsOneSuccessor(False,True) [9 ms]
  Passed EosRetirementStopsHealthyLeaseAndAllowsOneSuccessor(True,False) [15 ms]
  Passed EosRetirementStopsHealthyLeaseAndAllowsOneSuccessor(True,True) [15 ms]
  Passed ExpiredAuthorityCannotBeRenewedByLateServiceCallback [< 1 ms]
  Passed FailedCloseCanBeRetriedWithoutLeakingLobby [8 ms]
  Passed FirstObservationAfterOutageCannotRestorePrePartitionCheckpoint [20 ms]
  Passed FormerHostResumesThroughProviderAndCoreWithoutPassword(Public,False) [8 ms]
  Passed FormerHostResumesThroughProviderAndCoreWithoutPassword(Public,True) [5 ms]
  Passed FormerHostResumesThroughProviderAndCoreWithoutPassword(Locked,False) [30 ms]
  Passed FormerHostResumesThroughProviderAndCoreWithoutPassword(Locked,True) [30 ms]
  Passed FreshAdmissionWaitsForPendingStartupLookup(True) [2 ms]
  Passed FreshAdmissionWaitsForPendingStartupLookup(False) [2 ms]
  Passed HealthyCompositionRenewsOnlyHostAndRecoversTemporaryCoordinationDelay [34 ms]
  Passed HostKickRemovesBindingPublishesReasonAndRejectsRejoinUntilDisconnect [1 ms]
  Passed IncompleteFreshBootstrapDoesNotSaveResumeLocator [< 1 ms]
  Passed LateCreateAndSearchAreRejected [< 1 ms]
  Passed LateJoinRenameAndDuplicateCompletionAreInert [< 1 ms]
  Passed LateNotificationFromPreviousVisitIsRejected [< 1 ms]
  Passed LockedSessionRemainsStableAcrossProofRefreshesPastThirtySeconds [26 ms]
  Passed MatchLongResumeUsesAuthenticatedIdentityAndRetainsOneMapping(Public) [< 1 ms]
  Passed MatchLongResumeUsesAuthenticatedIdentityAndRetainsOneMapping(Locked) [33 ms]
  Passed MemberLeaveUsesExistingAuthorityRemovalAndRejoinGetsFreshId [< 1 ms]
  Passed MembershipJoinRefreshCannotTearDownUnrelatedAdmittedMember(Public,False) [< 1 ms]
  Passed MembershipJoinRefreshCannotTearDownUnrelatedAdmittedMember(Public,True) [< 1 ms]
  Passed MembershipJoinRefreshCannotTearDownUnrelatedAdmittedMember(Locked,False) [24 ms]
  Passed MembershipJoinRefreshCannotTearDownUnrelatedAdmittedMember(Locked,True) [24 ms]
  Passed MenuAbandonmentRequiresConfirmationAndPreservesHistory(Public,False) [8 ms]
  Passed MenuAbandonmentRequiresConfirmationAndPreservesHistory(Locked,False) [29 ms]
  Passed MenuAbandonmentRequiresConfirmationAndPreservesHistory(Locked,True) [30 ms]
  Passed MetadataRefreshCannotTearDownAdmittedMember(Public) [< 1 ms]
  Passed MetadataRefreshCannotTearDownAdmittedMember(Locked) [25 ms]
  Passed MissingStartupLobbyClearsHintWithoutMembershipOrOfflineStatus [3 ms]
  Passed MissingVersionRemainsVisibleButCannotJoin [< 1 ms]
  Passed NamesValidateAtCreateAndRename [< 1 ms]
  Passed OrdinaryArenaDeparturePreservesManualResumeUntilReturn(False) [3 ms]
  Passed OrdinaryArenaDeparturePreservesManualResumeUntilReturn(True) [2 ms]
  Passed OrdinaryClientRestartsAfterLaterMigrationWithStaleEosRouting(Public) [293 ms]
  Passed OrdinaryClientRestartsAfterLaterMigrationWithStaleEosRouting(Locked) [334 ms]
  Passed ProductionObservationStopsOnRecoveryAndRestartsForTrueCrash [76 ms]
  Passed PromotionRefreshCannotTearDownAdmittedMember(Public) [< 1 ms]
  Passed PromotionRefreshCannotTearDownAdmittedMember(Locked) [24 ms]
  Passed ProviderPromotionDoesNotGrantGameplayAuthority [< 1 ms]
  Passed ProviderUpdatesCannotRegressMigratedAuthorityRouting [1 ms]
  Passed RepeatedLifecycleRejectsLateNotificationsAndExpiresCredential [163 ms]
  Passed RestartLocatorRejoinsKnownSessionAndEmitsResumeInsteadOfNewAdmission(False) [3 ms]
  Passed RestartLocatorRejoinsKnownSessionAndEmitsResumeInsteadOfNewAdmission(True) [2 ms]
  Passed RestartRoutingFailsClosedAndRetriesWithoutAuthority("outage") [3 ms]
  Passed RestartRoutingFailsClosedAndRetriesWithoutAuthority("self") [2 ms]
  Passed RestartRoutingFailsClosedAndRetriesWithoutAuthority("older") [2 ms]
  Passed RestartRoutingFailsClosedAndRetriesWithoutAuthority("conflict") [2 ms]
  Passed RestartRoutingFailsClosedAndRetriesWithoutAuthority("wrong-locator") [2 ms]
  Passed RestartRoutingFailsClosedAndRetriesWithoutAuthority("expired") [2 ms]
  Passed RestartRoutingFailsClosedAndRetriesWithoutAuthority("malformed-holder") [1 ms]
  Passed RestartRoutingFailsClosedAndRetriesWithoutAuthority("invalid-duration") [2 ms]
  Passed RestartRoutingFailsClosedAndRetriesWithoutAuthority("delayed") [2 ms]
  Passed RestartRoutingFailsClosedAndRetriesWithoutAuthority("cancelled") [1 ms]
  Passed ResumeWireMismatchCannotReclaimAuthority(3,False,Resume) [< 1 ms]
  Passed ResumeWireMismatchCannotReclaimAuthority(5,False,Resume) [< 1 ms]
  Passed ResumeWireMismatchCannotReclaimAuthority(3,True,Resume) [< 1 ms]
  Passed ResumeWireMismatchCannotReclaimAuthority(5,True,Resume) [< 1 ms]
  Passed ResumeWireMismatchCannotReclaimAuthority(3,True,InspectReservation) [< 1 ms]
  Passed ResumeWireMismatchCannotReclaimAuthority(5,True,InspectReservation) [< 1 ms]
  Passed ResumeWireMismatchCannotReclaimAuthority(3,True,Abandon) [< 1 ms]
  Passed ResumeWireMismatchCannotReclaimAuthority(5,True,Abandon) [< 1 ms]
  Passed RetirementRequiresServiceEventFreshMembershipAndMatchingCohort(Left) [1 ms]
  Passed RetirementRequiresServiceEventFreshMembershipAndMatchingCohort(Kicked) [< 1 ms]
  Passed RetirementRequiresServiceEventFreshMembershipAndMatchingCohort(Disconnected) [< 1 ms]
  Passed ReusedDisplayNameCreatesFreshLobbyAndSession [33 ms]
  Passed StaleReservationReturnsToBrowserAfterBoundHostResponse(False) [3 ms]
  Passed StaleReservationReturnsToBrowserAfterBoundHostResponse(True) [2 ms]
  Passed StartupWithoutLocatorNeverRequestsRetainedResume [< 1 ms]
  Passed TimeoutsRejectLateResultsAndPermitRecovery [< 1 ms]
  Passed UnavailableRestartOffersRetryWithoutErasingTheReservationHint [2 ms]
  Passed UnjoinableSelectionsFailCleanly [< 1 ms]
  Passed VersionMismatchPreservesLocatorAndCompatibleRetryReclaimsSamePlayer [8 ms]
  Passed WrongCredentialAndUnboundPeerNeverEnterAuthority [32 ms]
  Passed AcceptRequiresSameJoinableRowWithinBoundAndResetsOnSelectionOrRefresh [< 1 ms]
  Passed AllCountsRemainDynamic(0) [1 ms]
  Passed AllCountsRemainDynamic(100) [< 1 ms]
  Passed FiltersCombineWithSearchAndDoNotChangeSource [< 1 ms]
  Passed MouseDoubleClickCannotJoinAReplacementRowOrSurviveRefresh [< 1 ms]
  Passed HandoffKeepsModeOrderAndNamesWhileConnectivityChanges [< 1 ms]
  Passed CompressedBoundariesPreserveExactBytesAcrossSingleAndMultiplePackets(False) [30 ms]
  Passed CompressedBoundariesPreserveExactBytesAcrossSingleAndMultiplePackets(True) [28 ms]
  Passed IncompleteTransfersExpireAndStopClearsContinuation [2 ms]
  Passed InvalidOrInconsistentChunksDisconnectWithoutPublishing(0) [2 ms]
  Passed InvalidOrInconsistentChunksDisconnectWithoutPublishing(1) [2 ms]
  Passed InvalidOrInconsistentChunksDisconnectWithoutPublishing(2) [2 ms]
  Passed InvalidOrInconsistentChunksDisconnectWithoutPublishing(3) [1 ms]
  Passed LargeBoundaryIsAtomicPacedAndPreservesFollowingReliableOrder [16 ms]
  Passed MalformedCompressionCannotPublishOrAllocateBeyondTheBoundary(0) [< 1 ms]
  Passed MalformedCompressionCannotPublishOrAllocateBeyondTheBoundary(1) [< 1 ms]
  Passed MalformedCompressionCannotPublishOrAllocateBeyondTheBoundary(2) [< 1 ms]
  Passed LifeChangesDoNotInterpolate [< 1 ms]
  Passed PresentationClockIsMonotonicAndHoldsAtLatest [< 1 ms]
  Passed SamplesAndClamps(0,0) [< 1 ms]
  Passed SamplesAndClamps(10,0) [< 1 ms]
  Passed SamplesAndClamps(15,5) [< 1 ms]
  Passed SamplesAndClamps(20,10) [< 1 ms]
  Passed SamplesAndClamps(30,10) [< 1 ms]
  Passed StableStreamAvoidsFixedHundredMillisecondDelayAndRecoversAfterStall [< 1 ms]
  Passed LoadsOnlyCurrentBoundedRoutingState [27 ms]
  Passed ApplicationFailureCannotBypassSuccessfulCompletion [< 1 ms]
  Passed FailureRetryReplaysOwningPhase(FrontendDependencies,Preloader) [< 1 ms]
  Passed FailureRetryReplaysOwningPhase(FrontendSetup,FrontendLoading) [< 1 ms]
  Passed FailureRetryReplaysOwningPhase(ApplicationInitialization,FrontendLoading) [< 1 ms]
  Passed InvalidTransitionsAreRejected [< 1 ms]
  Passed StartupUsesRequiredDeterministicOrder [< 1 ms]
  Passed MissingStateAndExpiredDeadlinesAreExplicit [1 ms]
  Passed RefreshReflectsDeathAndRespawnDeadline [< 1 ms]
  Passed ReportsSnapshotWithoutExposingTokensOrDamageContext [< 1 ms]
  Passed SearchPreservesValuesAndMatchesLabelsCategoriesAndUnavailableState [1 ms]
  Passed ConvertsTimeoutRejectionAndUnknownFailures [< 1 ms]
  Passed RoutesReliableAndUnreliableIndependently [< 1 ms]
  Passed HostDoesNotDisplayArbitraryClientPing [< 1 ms]
  Passed HudAndLeaderboardSharePublishedPing(0) [1 ms]
  Passed HudAndLeaderboardSharePublishedPing(123) [< 1 ms]
  Passed HudAndLeaderboardSharePublishedPing(60000) [< 1 ms]
  Passed HudAndLeaderboardSharePublishedPing(null) [< 1 ms]
  Passed ProjectsCurrentSessionAndInvalidatesReplacement("EOS P2P") [< 1 ms]
  Passed ProjectsCurrentSessionAndInvalidatesReplacement("Direct-IP") [< 1 ms]
  Passed ActiveJoinBootstrapsWithoutChangingExistingWorldAndActivatesOnce(False) [14 ms]
  Passed ActiveJoinBootstrapsWithoutChangingExistingWorldAndActivatesOnce(True) [10 ms]
  Passed ApplicationResumeReceivesCurrentPhaseAndAcknowledgesSynchronization(False) [8 ms]
  Passed ApplicationResumeReceivesCurrentPhaseAndAcknowledgesSynchronization(True) [17 ms]
  Passed ConfigurationPublicationsAreOrderedIdempotentAndHostOnly [2 ms]
  Passed DelayedFirstSnapshotAdoptsAcknowledgesAndReplaysQueuedInputs [3 ms]
  Passed DelayedFirstSnapshotHistoryExhaustionStopsSession [< 1 ms]
  Passed DelayedReliableDeathDoesNotRewindRespawn [3 ms]
  Passed DeveloperCapabilitiesAndDiagnosticsExcludeUnsupportedOperationsAndRawIdentity [< 1 ms]
  Passed DisconnectedLoadingParticipantDoesNotBlockCountdown [5 ms]
  Passed DisposalDetachesOnlyOwnedCallbacksAndPreservesReservations [< 1 ms]
  Passed EntryFailureIsAuthenticatedBeforeAndDuringLoading [< 1 ms]
  Passed EventReplicationRejectsDuplicatesForgedSendersAndOldGenerations [1 ms]
  Passed EveryConnectedParticipantMustSynchronizeBeforeOneFiveSecondStart(2,False) [9 ms]
  Passed EveryConnectedParticipantMustSynchronizeBeforeOneFiveSecondStart(4,False) [12 ms]
  Passed EveryConnectedParticipantMustSynchronizeBeforeOneFiveSecondStart(4,True) [11 ms]
  Passed FirstSnapshotWaitsForActualHostConfiguration [< 1 ms]
  Passed HostOwnsMatchAndReliablyInitializesJoiningPlayers [1 ms]
  Passed HostPublishesEveryLifecycleBoundaryReliably [< 1 ms]
  Passed HostSurvivesNativeSendClosure [< 1 ms]
  Passed InitialEntryWaitsForCheckpointAndHostRelease(False) [14 ms]
  Passed InitialEntryWaitsForCheckpointAndHostRelease(True) [11 ms]
  Passed InitialSynchronizationHasABoundedFailure [3 ms]
  Passed InterruptedActiveBootstrapLeavesNoGhost(False) [< 1 ms]
  Passed InterruptedActiveBootstrapLeavesNoGhost(True) [< 1 ms]
  Passed ItemPublicationsRejectForgedStaleAndUnreliableState [3 ms]
  Passed LiveConfigurationReplicatesToExistingAndNewPeersAndClientCannotMutate [2 ms]
  Passed MatchPublicationsRejectForgedStaleUnreliableAndPostFinishState [1 ms]
  Passed PropPublicationsRespectAuthorityGenerationAndOrdering [1 ms]
  Passed ReplacementPeerReceivesReliableCurrentLifecycleAndItems [< 1 ms]
  Passed SnapshotAgeIsClientOnly [1 ms]
  Passed SnapshotBurstReplaysNewestBoundaryAndPreservesReliableOrder(False) [1 ms]
NUnit Adapter 5.0.0.0: Test execution complete
  Passed SnapshotBurstReplaysNewestBoundaryAndPreservesReliableOrder(True) [1 ms]
  Passed SwitchCommandsAreReliableOrderedAndCannotSelectAnotherPlayer [1 ms]
  Passed ThreeFinishedCyclesDisposeMatchStateAndKeepSessionOwnership [35 ms]

Test Run Successful.
Total tests: 393
     Passed: 393
 Total time: 1.6170 Minutes
Godot Engine v4.7.2.stable.mono.official.ed1daf0bf - https://godotengine.org

Transport peer 1: Connecting; None;
Transport peer 1: Connecting; None;
Transport peer 1: Connected; None;
Transport peer 1: Connected; None;
Transport peer 1: Connecting; None;
Transport peer 1: Connecting; None;
Transport peer 1: Connected; None;
Transport peer 1: Connected; None;
Transport peer 1: Connecting; None;
Transport peer 1: Connecting; None;
Transport peer 1: Connected; None;
Transport peer 1: Connected; None;
Transport Godot integration passed: 3 node creation/poll/message/cleanup cycles.
