  Determining projects to restore...
  Restored C:\Users\j_gen\OneDrive\Documents\Game_Projects\Trackstorm\code\TransportTests\Trackstorm.Transport.Tests.csproj (in 160 ms).
  Restored C:\Users\j_gen\OneDrive\Documents\Game_Projects\Trackstorm\Trackstorm.Client.csproj (in 159 ms).
  3 of 5 projects are up-to-date for restore.
  Trackstorm.Core -> C:\Users\j_gen\OneDrive\Documents\Game_Projects\Trackstorm\code\Core\bin\Debug\net10.0\Trackstorm.Core.dll
  Trackstorm.Core.Tests -> C:\Users\j_gen\OneDrive\Documents\Game_Projects\Trackstorm\code\Tests\bin\Debug\net10.0\Trackstorm.Core.Tests.dll
  Epic.OnlineServices -> C:\Users\j_gen\OneDrive\Documents\Game_Projects\Trackstorm\third_party\eos\bin\Debug\net10.0\Epic.OnlineServices.dll
  Trackstorm.Client -> C:\Users\j_gen\OneDrive\Documents\Game_Projects\Trackstorm\.godot\mono\temp\bin\Debug\Trackstorm.Client.dll
  Trackstorm.Transport.Tests -> C:\Users\j_gen\OneDrive\Documents\Game_Projects\Trackstorm\code\TransportTests\bin\Debug\net10.0\Trackstorm.Transport.Tests.dll

Build succeeded.
    0 Warning(s)
    0 Error(s)

Time Elapsed 00:00:01.05
Godot Engine v4.7.2.stable.mono.official.ed1daf0bf - https://godotengine.org

Transport peer 1: Connecting; None;
Transport peer 1: Connecting; None;
Transport peer 1: Connected; None;
Transport peer 1: Connected; None;
Transport peer 1: Disconnected; RemoteRequest; Transport stopped
Transport peer 1: Connecting; None;
Transport peer 1: Connecting; None;
Transport peer 1: Connected; None;
Transport peer 1: Connected; None;
Transport peer 1: Disconnected; RemoteRequest; Transport stopped
Transport peer 1: Connecting; None;
Transport peer 1: Connecting; None;
Transport peer 1: Connected; None;
Transport peer 1: Connected; None;
Transport peer 1: Disconnected; RemoteRequest; Transport stopped
Menu integration passed: 2402 assertions; solo Countdown, navigation, settings, leave and production Quit.
Menu verification artifacts: C:\Users\j_gen\OneDrive\Documents\Game_Projects\Trackstorm\.godot\menu-checks\b11a803879674c08b6660dd746a25107
